I populisti di destra trionfano in Austria, hanno un totale del 29%
Secondo i primi risultati pregiudizi delle prime elezioni parlamentari in Austria hanno comportato un indebolimento percettibile di entrambi i partiti nell'attuale grande coalizione e una spinta significativa per i partiti populisti di destra.
Il Partito del popolo austriaco, dove la posizione dell'attuale testa, Wilhelm Moltere, viene gravemente scossa, subisce perdite particolarmente grandi.
Al contrario, il leader della campagna dell'Alleanza per il futuro dell'aulandese (BZ), il Governatore della Carinthiana Jurg Haider, sta predisponendo un trionfale ritorno alla politica nazionale.
Secondo i risultati pregiudizi, il Partito socialdemocratico (SP) rimane il più forte nel paese con il 29,8 per cento dei voti, tuttavia ha perso il 5,5 per cento dei voti dalle ultime elezioni del 2006.
"VP, che con il 25,6 per cento perde quasi il nove per cento dei voti, è andato ancora peggio.
Questi sono i peggiori risultati di entrambi i grandi partiti nella storia austriaca del dopoguerra, e in particolare per il Partito popolare, che ha esortato le elezioni anticipate, è letteralmente un risultato catastrofico.
All'inizio del mese di luglio, quando l'"VP ha lasciato la coalizione, il Partito popolare aveva ancora un vantaggio significativo sull'SP nei sondaggi.
Gli elettori, a quanto pare, li punirono per aver lasciato che il governo fallisse.
Nelle prime reazioni ai risultati c’erano già delle speculazioni sulle possibili dimissioni del capo del partito e dell’attuale vice-cancelliere Wilhelm Molterer.
Gli osservatori preveniranno che questo potrebbe aver luogo fin dall’incontro straordinario della leadership del partito lunedì.
Tale sviluppo semplificherebbe certamente il viaggio verso la ricorrenza sempre più probabile dai risultati delle elezioni, vale a dire il rinnovo della grande coalizione di SP e ?VP.
Tenuto conto del rafforzamento di entrambi i partiti populisti di destra - il Partito della Libertà (PQ) ha guadagnato un 17 per cento preliminare rispetto all'1 per cento dei voti - tuttavia, allo stesso tempo, i socialdemocratici hanno espresso il timore del ripetersi dell'anno 1999, quando il Partito del popolo era d'accordo con i populisti in quel momento (l'FP è stato ancora unito in quell'epoca, si è staccato da BZ nel 2005) su un governo comune, che alla fine ha provocato sanzioni dall'Unione europea.
L’Haider, che ha già annunciato di essere pronto a collaborare con qualsiasi partito e presume di tornare a Vienna nella politica nazionale, sta evidentemente facendo affidamento su questo sviluppo.
Anche il partito dei Verdi è salito in parlamento, ma ha subito una lieve perdita ed è sceso dal terzo al quinto posto tra i partiti politici austriaci.
Evidentemente nessuno degli altri partiti ha oltrepassato il 4% ed è salito al parlamento.
Schwarzenberg - Le relazioni con l'India potrebbero peggiorare
Secondo il ministro degli Esteri Karel Schwarzenberg, se non sarà possibile risolvere il problema degli scienziati cechi accusati in India della raccolta illegale di coleotteri, un certo peggioramento delle relazioni ceco-indiane potrebbe avvenire.
Il ministro ha fatto questa dichiarazione a New York in seguito all'incontrattenimento odierno del suo omologo indiane Pranab Mukherjee.
"Se non viene risolta, allora sì, un certo peggioramento si occuperebbe di un certo peggioramento", afferma dopo l'incontro iniziato dalla parte ceca.
A seguito dei negoziati, Mukherjee ha detto che è stato difficile per il ramo esecutivo intervenirsi in materia giudiziaria.
Cionononostante, ha detto che nel caso di Petr 'vàcha, che è stato assolto dall'imputazione e penalizzato con un'ammenda, il governo centrale può negoziare con il governo locale di Darjeeling, sotto la cui giurisdizione appartiene la questione.
"Il suo problema potrebbe essere risolto", ha detto il ministro.
Secondo Mukherjee, sarebbe la cosa migliore per Emil Kusera, condannato a tre anni di prigionia, per appellarsi alle autorità superiori.
Può quindi chiedere di essere rilasciato su cauzione e attendere il verdetto al di fuori del carcere, ha spiegato.
Schwarzenberg ha confermato che il suo partner lo ha anche detto durante le trattative.
"Consiglia l'impugnazione a un tribunale superiore, quindi sarebbe possibile perdonarlo", ha detto il capo della diplomazia ceca.
"L'unico modo in cui la parte ceca può essere coinvolta nell'intera questione è fornire agli individui condannati "sostegno legale competente", ha detto il ministro dell'indiano.
Allo stesso tempo, ha detto che la parte indigena sta già fornendo loro un aiuto di questo tipo.
"È nel nostro più grande interesse mantenere le migliori relazioni con l'India, che hanno una lunga tradizione.
Anche gli individani lo riscuotono", ha detto Schwarzenberg.
Allo stesso tempo raccontò all'agenzia di stampa ceca, ha sottolineato di fronte al suo partner che la Repubblica ceca attribuiva grande importanza al problema degli entomologi cechi.
"Crediamo davvero che l'arresto e l'incarichi cechi sia un grave errore", ha dichiarato.
Il ministro evitò di rispondere alla domanda se avesse ricevuto una promessa dalla parte indiana di perseguire la questione.
Dichiarò semplicemente "Ho già ricevuto parecchie promesse".
Gli arbitri cechi lottano sul fondo dell'oceano
Passegge verso la mappa murale elettronica raffigurante l'Australia e le aree del mare circostanti.
Tuttavia, egli non è interessato al continente, ma ad un piccolo punto perso nell’azzurro dell’oceano.
Quest’isola, e con essa il fondale dell’oceano, appartiene all’Australia.
Allo stesso tempo, l'area è grande quanto il continente stesso", dice l'Avvocato italiano Luigi Santosuosso, che fa parte del trentun membro del team di dipendenti della Divisione delle Nazioni Unite per l'Oceania degli Oceani e il Diritto del Mare.
Il suo capo, il direttore della divisione, l'avvocato ceco Vaclav Mikulka, segue quello che sta dicendo e occasionalmente aggiunge qualcosa.
Zest e l'entusiasmo per il lavoro sono dominanti qui.
Il fondale dell'oceano ospita un mondo finora poco conosciuto ricco di risorse naturali.
E 'possibile trovare l'olio, i minerali e gli altri minerali, ma anche finora organismi viventi sconosciuti che detengano la chiave, ad esempio, per lo sviluppo di una cura per il cancro.
Un pavimento più grande del continente
I paesi costieri oggi hanno iniziato a gareggiare con veemenza per il nuovo territorio sottomarino.
Cioè, in base all'accordo delle Nazioni Unite stanno utilizzando i diritti su cui hanno concordato nel 1982 a Montego Bay, in Giama Giamaica.
Si tratta principalmente dell'area della cosiddetta piattaforma continentale, che spesso si estende fino a diverse centinaia di chilometri dalla costa dell'intonaco.
Secondo l'accordo, quel paese ha il diritto esclusivo a tutte le risorse dello scaffale continentale.
“Presa semplicemente, la piattaforma continentale è considerata la parte del fondo dell’oceano che è la continuazione naturale del continente sotto il mare e del suo substrato.
Raggiungò l'al di là dell'oscillazione del mare costiero, spesso anche al di là delle duecento miglia nautiche della cosiddetta zona economica esclusiva.
La richiesta presentata dal paese in merito ai limiti dello scaffalamento continentale deve essere supportata dalla documentazione scientifica e tecnica sulla base di numerose indagini e misurazioni costose.
È il risultato di molti anni di lavori preparatori.
"Uno dei nostri ruoli è quello di fornire alla commissione assistenza tecnica legale e specialistica.
L’Assessore alla Commissione si è finora discussa cinque richieste provenienti da Russia, Brasile, Australia, Irlanda e Nuova Zelanda.
Solo gli ultimi tre di quei paesi hanno avuto successo fino ad ora”, aggiunge Mikulka.
Di recente il successo dell’Australiana, che è stato il primo ad espandere il suo dominio subacqueo, è stato registrato in tutto il mondo.
Ma anche la Nuova Zelanda ha guadagnato - l'area del fondale oceanico che la commissione ha concesso è di circa 1,6 milioni di chilometri quadrati, cioè circa sei volte più grande delle dimensioni del paese stesso.
Entrambi i paesi investono milioni di dollari nell’indagine.
Il profitto derivante dall’utilizzo del fondo dell’oceano in futuro spetterà inestimabile.
Anche gli altri paesi individueranno progressivamente le loro richieste.
Hanno fino a dieci anni dal momento in cui hanno ratificato l'"Acquisto di Montego Bay".
Laddove la scaffalatura continentale termina, l'area del fondale oceanico dichiarata dall'accordo inizia il "patrimonio comune dell'umanità".
Qui nessun paese ha più una posizione esclusiva.
I diritti minerari in questo settore sono concessi attraverso l'accordo stabilito dall'istituzione internazionale.
“Ma il fondo dell’oceano non è Klondike”, dice il direttore Mikulka in modo esagerato, aggiungendo che le sue “aree individuali sono giuridicamente delimitate e il loro regime è ancorato nei contratti”.
Cechi nel Pacifico
Una parte del fondale oceanico appartiene attualmente alla Repubblica ceca.
Condivisa con gli altri paesi dell'ex blocco orientale come parte dell'organizzazione comune "Interoceanmetal".
Per accordo, questa organizzazione, come gli investitori di diversi piccoli altri paesi, ha guadagnato lo status del cosiddetto "investitrice pionionista" nel 1991.
È autorizzato a estrarre nella zona ClarionClipperton nell'Oceano Pacifico, che si trova tra Messico, Hawaii e Kiribati.
L'area indagata dall'investibile dall'investitrice è leggermente più grande dell'ex Cecoslovacchia.
Il fondo dell'oceano c'è robusto, è una sorta di modello subacqueo dei Monti Tatra.
"E 'possibile irruzione su un'area totale di 75.000 chilometri quadrati.
“L’area è una ricca località per la raccolta di concrepe poli-metalliche contenenti nichel, rame, cobalto e manganese”, afferma un altro avvocato, Pakshi Rajan dall’India.
L'avvocato macedone della divisione, Rober Sandev , porta una di queste condutture da manifestare.
Assomiglia una piccola patata o, con un po 'di fantasia, il mitico tosetto, che, secondo la leggenda, ha dato vita al Golem.
Forze Speciali Tedesche Presenti nel Salvataggio degli Hostage
Risolvendo la crisi degli ostaggi, il governo egiziano aveva chiesto aiuto alla Germania - che inviò gli esperti.
Quando la spinta è arrivata a spingere, le forze speciali erano pronte, ma i loro servizi non erano necessari alla fine.
Sempre più i dettagli stanno emergendo sulle circostanze relative alla liberazione degli undici turisti europei rapiti dall’Egitto.
Secondo i Ministeri Federali della Difesa Tesori dell'Inferiore, le Forze Speciali Tedesche presero indirettamente parte alla missione di Soccorso.
Gli specialisti delle Forze Armate Federali (Bundeswehr) e dei membri della Polizia Federale Tedesca (Bpol) e delle sue unità speciali GSG 9 e Air Guard erano presenti al salvataggio, hanno detto i portavoce dei ministeri, così come i membri dell’Ufficio Federale di Polizia Criminale (BKA) e gli Esperti logistici dell’Agenzia di Soccorso Tecnico (THW).
Le forze tedesche non erano necessarie, tuttavia, dicevano, perché i rapitori abbandonarono i loro ostaggi e fuggirono quando divennero a conoscenza del fatto che gli ostaggi stavano per essere liberati con la forza.
Il governo dell'egiziano aveva accettato l'aiuto offerto dalla Germania per affidarsi alle forze tedesche come riserva durante l'operazione.
"Luckily, non è venuto a questo", ha detto un portavoce del Ministero Federale dell'Interno tedesco.
Il gruppo di viaggi composto da cinque tedeschi, cinque italiani, una donna rumena e i loro otto compagni egiziani erano stati attaccati e rapiti il 19 settembre nel sud dell’Egitto.
Dopo il loro rapimento in una regione desertica nel sud dell’Egitto, gli ostaggi erano stati portati avanti e indietro nella regione di confine tra Egitto, Libia, Sudan e Ciad.
Fino ad oggi l'identita' dei rapitori rimane sconosciuta, così come i dettagli sul salvataggio o sui possibili riscatti.
Gli ex oraggi sono arrivati sani e salvi al Cairo, nel frattempo.
Il ministro degli Esteri tedesco Steinmeier ha dichiarato di essere stato affidato alle cure dell’ambasciata tedesca.
Non ha commentato i dettagli del salvataggio.
A Berlino non sono state fornite informazioni immediate sul loro ritorno in Germania.
“I cinque turisti e le forze dello studio stanno abbormendo all’Airbus dell’Aeronautica Tedesca, che si dice arrivi in Germania martedì.
La Camera dei Rappresentanti degli Stati Uniti respinge Bailout
Il pacchetto di salvataggio da 700 miliardi di miliardi di dollari per i mercati finanziari non è riuscito a passare nella prima delle due camere del Congresso degli Stati Uniti.
The Dow Jones ha fatto un tuffo al naso.
Con un voto di 227 a 206 contrari, la Camera dei Rappresentanti degli Stati Uniti respinse il pacchetto di salvataggio del governo per i mercati finanziari.
Tutti gli appelli da parte del presidente George W. Bush e dei principali funzionari di entrambi i partiti, non è stata raggiunta alcuna maggioranza per il programma che doveva contenere il caos nei mercati finanziari.
In una drammatica campagna, i sostenitori avevano fatto disperati tentativi di convincere i critici dei meriti del piano da 700 miliardi di dollari.
Barney Frank, uno dei principali negoziatori democratici, aveva invocato l'approvazione dei rappresentanti, anche se era un piano impopolare.
"E 'difficile ottenere l'approvazione politica per la prevenzione di qualcosa che non è ancora accaduto", ha ammesso.
Mentre i voti erano ancora in corso, il Dow Jones ha visto un calo superiore al 6%, o 600 punti.
È stato causato dall'imparare alle preoccupazioni degli investitori che il salvataggio del governo potrebbe fallire.
Ha recuperato poco prima della fine del voto, solo per prendere un'altra caduta del naso quando il rigetto è stato reso pubblico.
Gli esperti si attendono ora ulteriori turbolenze pesanti nei mercati finanziari internazionali.
Affinché l’attuale sarà attuato, è richiesta l’approvazione della Camera dei Rappresentanti e del Senato.
Agenzie di viaggio Segnal aumento delle prenotazioni
Sarà un buon inverno per le agenzie di viaggio in Germania, evidentemente:
Un'indagine afferma che l'ingravaggio delle prenotazioni per i prossimi mesi è aumentato in modo significativo rispetto all'anno precedente - per la stagione invernale fino al 30 per cento.
Nonostante le prospettive di un'economia debole, l'appetito dei tedeschi per viaggiare rimane incoernato, dice un sondaggio.
Per le prenotazioni durante la stagione invernale, le agenzie di viaggio hanno visto un aumento del fatturato del 31% rispetto allo stesso periodo dell'anno precedente, l'Associazione di viaggio tedesca (DRV) ha riferito lunedì a Berlino.
Secondo l'azienda di ricerche di mercato GfK, c'è stato un aumento delle prenotazioni anche durante i mesi autunnali.
L'agenzia di viaggio aveva visto un aumento del fatturato di circa l'undici per l'ottaccheslavo nell'ottobre rispetto al 2007.
I risultati si riferiscono alle cifre di GfK, che elabora i dati di prenotazione di 1200 agenzie di viaggio tedesche al mese e li utilizza per fare proiezioni per il mercato nel suo complesso.
Incluso sono le prenotazioni di viaggio effettuate fino ad agosto 2008.
A causa di un dollaro debole, in particolare i viaggi negli Stati Uniti erano richiesti, ha detto il DRV.
In quest'area, le prenotazioni erano aumentate di circa un terzo.
A parte questo, ha sottolineato la Spagna, la Turchia e la Grecia come popolari tra i germani, così come le regioni domestiche.
I viaggi All-inclusive erano particolarmente ricercati, ha detto il presidente del DRV Klaus Laepple.
Alla luce dell'aumento dell'aumento dell'energia e dei prezzi dei prodotti alimentari, il loro costo era "più calcolabile per i clienti rispetto alle vacanze organizzate individualmente", ha detto Laepple.
I consumatori potrebbero far risparmiare denaro attraverso gli scollumi dell’uccello precoce o all-inclusive, tra l’uno dall’altro, ha detto Laepple.
Poiché i mesi d'estate erano stati ben prenotati, ci sarebbe stato un altro aumento del fatturato rispetto all'anno precedente - anche se un'altra indagine riferisce che il numero di tedeschi itineranti affondò rispetto all'anno precedente.
La mia prima volta all’Oktoberfest
Sveglia-giorruzione- e après-ski in modalità ripetuta, birra da tazze monolitro e celebrità nel designer Dirndln.
- Un presuposo Wiesn.
Testicamente, Susanne Kronzucker ed io non abbiamo molto in comune.
E' bionda, una conduttrice della TV e indossa una Dirndl su misura.
Io ho i capelli scuri, sono una studentessa e il mio vestito è di seconda mano.
Ma c'è una cosa che ci connette: siamo stati al Wiesn per soli tre minuti, e già i fotografi si affollano intorno a noi e scattano via, riempiendo le loro schede di memoria - molto lusinghiere, ed è la mia prima visita al Wiesn, per l'avvio.
E' cosi' che ti fai degli amici.
L'economico Dirndl sembra fare il suo lavoro.
Per un turista Wiesn di solito con sede a nord dell'equatore "Weisswurst", la sensazione comoda di indossare l'abito tradizionale bavarese aveva lasciato molto da desiderare fino ad oggi.
Ma una volta arrivati a Theresienwiese, non e' cosi' male.
Quasi tutti indossano Dirndl o Lederhosn; nessuno sembra disgustato o imbarazzato - è del tutto del tutto normale.
L'inferiore del mio grembiule Dirndl ha disegnato sguardi strani al venditore di cioccolatino-banana.
Una distituta di Monaco riportò alla mia attenzione il grembiule che avevo legato il grembiule nel modo errato: “Disponibile a sinistra, vergine nel mezzo, commesso a destra, vedova dietro”.
Furtivamente, tolgo il grembiule da dietro alla sinistra.
"Guarda a destra", dice e ride.
Gli altri sono meno interessati alle sottili tecniche di flirt e indossano semplici cappelli di feltro che dicono "Too ubriaca per vestirti" e, senza sollecitare, mostrare alle persone le loro nude.
Il giovanotto dall'atteggiamento esibizionista si chiama Bob, viene dall'Inghilterra ed è anche la sua prima volta all'Oktoberfest.
Lo trova "sporgente", con un "ooooooo a lunga portata".
Lui mi sta dicendo questo subito dopo essersi liberato dall'"Ma" che aveva in precedenza.
Proprio accanto a uno di quei tambulloni che tutti scambiano per le discariche.
Quindi Bob è uno di quei famigerati “Wildbiesler”.
Gli altri non sono abbastanza fortunati da perdere l’alcool in questo modo.
Andando alle otto di notte, decine di paramedici sciarono sulla posizione, assistendo ai poveri bingers.
I medici appaiono sempre nei pacchi - ce ne sono sempre quattro alla volta, portando una barella coperta dalla tenda alla tenda.
Funziona come nella maggior parte dei visitatori di Wiesn: “Quando è vuoto, si disperdono, e quando è pieno, tornano.
- Non vedi chi c'e' all'interno delle bare della BAC.
"Sono quelli che non ce l'hanno più", ha urlato uno dei paramedici quando gliel'ho chiessato, scompaiono tra la folla.
Vittima d'infortunio nominato dalla polizia
Una pedonale di 63 anni che è deceduta all’interno dell’ospedale dopo essere stata investita da un veicolo nell’Essex è stata nominata.
Carole Paulson, di Chelmsford Road a Brentwood, è stata coinvolta nell'incidente venerdì pomeriggio su Shenfield Road nella città.
E' stata portata all'ospedale della Regina, Romford, ma in seguito e' deceduta.
Dopo l’infortunato un uomo di 51 anni è stato arrestato con l’accusa di guida negligente.
Da allora è stato svincolato sulla cauzione della polizia.
L’ampliamento degli orizzonti diplomatici della Turchia
Molto prima che la Turchia cercasse l'adesione all'Unione europea, le potenze europee erano ansiose di penetrare in profondità nell'entroterra della Turchia.
Sul versante orientale del Bosforo, forse a soli 20 passi dall'Asia, si trova una delle più belle reliquie di questa fallimentare ambizione imperialista.
La stazione Ferroviaria di Hydarpasha è stata disegnata da due architetti tedeschi Otto Ritter e Helmut Conu nello stile neorinascimentale.
Almeno questo è quello che ti dicono le guerrilievi.
L'edificio si trova all'estremità delle carrozzine con una tortuosa in ciascuno dei suoi antiri alla ricerca di tutto il mondo come un municipio tedesco di provincia.
- La pietra e' sporcata.
L'intero edificio in leggera decomposizione.
Ma una volta all'interno della biglietteria, non c'è senza dubbio la grandiosità dell'impresa di cui questa era la porta più occidentale.
La stazione è stata inaugurata nell'agosto del 1908 da un consorzio tedesco della Anatolia-Baghdad Corporation.
La Germania, un ritardante del gioco imperiale, intendeva realizzare le sue ambizioni di dominare il Medio Oriente per mezzo di questa ferrovia corrono a Damasco, a Baghdad, e al di là in quello che oggi è l’Arabia Saudita.
Ma l'ambientazione imperialista della Germania svendò durante la prima guerra mondiale.
I suoi binari ferroviari sono stati attaccati da Lawrence d'Arabia e dai suoi irregolari arabi.
L’incirconsionamento relativo dalla sua regione circostante, generato dai confini congelati della Guerra Fredda.
Forze britanniche e di dominio avanzarono dall'Egitto e spinsero i Turchi e i loro alleati tedeschi dalla Palestina e dalla Siria.
C'e' stata una cattiva notizia anche per la stazione di Hyderpasha.
Nel 1917 esplose un trenino le munizioni distruggendone l'elaborato tetto.
Fonti della Turchia dicono che era un sabotaggio.
Da allora si è lentamente modellato, in gran parte bypassato dalla storia.
Ma ancora oggi, questa porta ferroviaria dell'Anatolia all'Anatolia e a tutti i punti dell'oriente, serve - simbolicamente almeno - per evidenziare l'ampliamento degli orizzonti diplomatici della Turchia.
L'opportunitario governamentale per la giustizia e lo sviluppo - l'AKP - ha creato una nuova politica estera per il paese.
L’incircondenza relativa dalla sua regione circostante, generata dai confini congelati della Guerra Fredda, se n’è andata.
Ora c’è una nuova politica d’impegno.
Sorprendentemente il governo turco ha buoni rapporti con Israele e la Siria, con le fazioni palestinesi di Hamas e Fatah, con l’Iradio e l’Iran e, naturalmente, con l’Unione Europea e gli Stati Uniti.
Per valutare i parametri di questa nuova politica estero, sono salito del dormiente notturno nella capitale turca Ankara, per visitare uno dei massimi esperti di politica estera dell'AKP, il deputato turco Suat Kiniklioglu.
La mattina dopo - una decina di ore e mezza più tardi - dopo una corsa scodinzolante lungo i tracciati che hanno prodotto le vecchie cadenze mondiali del famoso documentario The Night Mail, sono arrivato nella capitale turca - proposto come una nuova città per un nuovo stato laico intenzionato a ripiegarsi le spalle al passato ottomano.
Ma l'AKP con le sue ben note radici islamiste rappresenta un cambiamento di paradigma nel consenso turco.
Ha suscitato alcuni sospetti in Occidente, in particolare a Washington.
Un taxi mi ha portato al quartier generale dell'AKP, una modernissima struttura in pietra e acciaio - costruita appositamente - in un sobbor sobborgo in via di sviluppo, circondata da centri commerciali semi-costruiti e piastrifici di pedalitori medi in giacca e cravatta d'affari - entrambi uomini e donne - si sono incontrati per stringere offerte mattutine.
Suat Kiniklioglu avrebbe potuto essere un politico di centro-destra provenienti da quasi tutti gli altri partiti politici in Europa.
Abito, cravatta, sono sicuro che stava impacchettando un Blackberry.
"L'obiettivo della politica estera del partito è ora quello di re-integrare la Turchia nelle sue immediate vicinanze.
"La guerra fredda è stata un'anomalia", mi ha detto.
La tacchiera è stata tagliata fuori dall’entroterra.
Al giorno d’oggi doveva guardarsi verso est e verso l’ovest allo stesso tempo.
Non si trattava dell’una o dell’altra.
- Doveva fare entrambe le cose.
"Ma sicuramente, ad un certo punto", chiesi, "la Turchia potrebbe essere costretta a scegliere?"
"Turchia", ha detto, "non voleva dover affrontare quella scelta".
Ha poi sottolineato il fatto che quasi tutti quelli con cui ho parlato qui hanno recitato quasi a memoria: i legami della Turchia non solo con il Medio Oriente, ma con il Caucaso, e intorno al Mar Nero, sono tanto a beneficio dell'Europa e degli Stati Uniti quanto alla Turchia.
Con la Turchia a portata d’occhio, il messaggio sembra essere, l’Europa nel suo complesso può metaforicamente cavalcare quelle rotaie verso l’esterno verso l’Asia e il Medio Oriente.
Tornato alla stazione di Hydarpasha, dopo un’altra notte in gran parte insonne, ho pensato a quei due gentiluomini tedeschi Herr Ritter e Herr Conu che avevano visto questo edificio in costruzione 100 anni fa.
Com'erano sorpresi di scoprire che le ambizioni dell'Europa mediorientali possono ora, in gran parte, essere nelle mani della Turchia.
E mentre aspettavo al terminal il traghetto per riportarmi dall’altra parte del Bosforo, ho ricordato che in quei giorni la Turchia era sempre stata chiamata “l’uomo malato d’Europa”.
Allora almeno non sembrava esserci molto dubbi su quale continente dovesse rivendicare questo affascinante paese.
Vite ricordate: Vernon Handley e William Woodruff
Mark Brown scrive: Come direttore musicale di Guildford dal 1962, Vernon "Tod" Handley (bambino, 11 settembre) aveva la responsabilità della Guildford Philharmonic Orchestra and Choir.
Nell'ambito del suo schema musicale per il borgo, l'anno successivo fondò il suo meraviglioso coro giovanile Proteus.
Avrebbe dovuto essere per gli under-21, ma nel momento in cui il Proteus ha cantato il suo finale nel 1979, molti di noi avevano vent'anni - ci siamo semplicemente rifiutati di cedere il coro.
Il nome "Proteus" (il mutaforma mitologico) rappresentò la volontà e l'abilitazione del cori ad affrontare qualsiasi musica le fosse stata presentata, se madrigale o Messiaen, non accompagnati o con l'orchestrazione completa.
L’anticipazione musicale prodotta da tale coro giovanile è stata spesso stupefacente, sempre emozionante, ed era tutto dovuto all’irraggiamento di quell’uomo e all’entusiasmo per la musica che è rimasta assolutamente costante nel corso degli anni.
Quante volte ci è stato detto da Tod di “lasciare che la musica parli da sola”.
Direbbe: "Il compositore sa quello che vuole.
C'e' tutto nella musica.
Quindi cantatelo!”.
La sua tecnica era assolutamente chiara e precisa, anche se mai dittatoriale, né florida.
Indipendentemente dallo standard musicale, l'ha sempre rialzato.
John Frayn Turner ha scritto :
Se qualche conduttrice avrebbe dovuto essere cavallerata era Vernon Handley.
L'ho ben conosciuto nel corso dei due deceduti nel corso della Guildford Filarmonica dal 1962 al 1982.
Negli ultimi quarant’anni ho rivisto più di 100 dei suoi concerti e onestamente posso onestamente dire che non sono mai stato deluso con uno solo - e molte volte ispirati da loro.
Tod Handley aveva quella rara combinazione di grandezza e modestia personale.
Odiava i direttori d'orchestra che, nelle sue parole, semplicemente "falsì uno o due famosi cavalli da guerra in tutto il mondo".
Ci mancheranno molti di noi.
Testi di William Woodruff
John Beckett ha scritto :
Il tuo necrologio di William Woodruff (25 settembre) afferma che "nel 1946 riprestò la storia dell'economica a Oxford e nel 1950 divenne un ricercatore Houblon-Norman ... studiando contemporaneamente per una BSc, un MA e un PhD".
Ne conviene dall'immagine dell'autore di Woodruff in Beyond Nab End, ma non è corretto.
Dal 1946 al 1953 fu docente di storia dell'economica all'Università di Nottingham, nel corso del quale completò una tesi di dottorato sull'industria della gomma britannica, supervisionata dal professor J. D. Chambers, e successivamente pubblicata nel 1958 come The British Rubber Industry.
Trasscò 1950-51 negli Stati Uniti per una borsatura Houblon-Norman e l'estate del 1952 nelle università dell'Illinois, Harvard e New York.
Rilasciò a Nottingham in modo stagionario per l'Illinois.
Perché Woodruff ha scelto di sorvolare questa parte della sua carriera è sconosciuto.
J. Vincent Resino alla Facoltà Filosofia
"Consiglio l'esfestazione di José Vicente Resino "Flamenco y vida", perché le sue fotografie in bianco e nero, scattate in stile documentario, sono straordinarie.
Le foto hanno attirato l’attenimento grazie alla loro semplicità e potenza che trasmettono, trattando sempre i soggetti con particolare attenzione.
Esposizione che si svolga una profonda sensazione.
Resino è in grado di immortalare momenti magici”.
Seconda sciocchezza sulla super-vendita di Honda
Il mese di novembre Honda lancerà la commercializzazione della seconda generazione del modello Jazz.
Se l’imbozzo precedente era già caratterizzato dall’altissima abitabilità, questo nuovo minivan ha uno spazio più ampio interno.
Inoltre, è dotato di una meccanica pregordinata che accresce il comfort di guida e consente di risparmiare carburante.
Evoluzione al posto della Rivoluzione.
Questa e' la seconda generazione di Honda Jazz.
Anche se esteticamente il nuovo Jazz assomiglia al modello precedente, i cambiamenti apportati al mini-navano sono numerosi.
Tra l'altro, vale la pena sottolineare il suo design innovativo, la nuova piattaforma, le dimensioni più grandi e una meccanica piuttosto nuova.
Ad ogni modo, prima di passare ad analizzare il nuovo modello, può essere utile a sottolineare che questo nuovo Jazz arriva a soli sei anni dall'ingresso della prima generazione.
Pertanto, una prima osservazione dovrebbe considerare che Honda ha rinnovato questo modello più in fretta rispetto alle altre aziende.
Anche se il modello Jazz è meno noto in Europa che in altri mercati, rimane un fenomeno in termini di vendite.
Questo è il caso del Giappone, in cui Jazz è stata l'auto più venduta nel 2002 e anche nel corso di questo 2008.
Proprio lì, quasi un milione di unità di Jazz sono state vendute dal lancio del modello.
Il secondo mercato era il Vecchio Continente, con circa mezzo milione di unità vendute in sei anni.
Ciononostante, Honda ritiene che questo nuovo Jazz aumenterà ancora di più le sue vendite nel segmento.
Quindi, se nel 2007 l'azienda giapponese ha ceduto un totale di 83.000 unità di questo modello, nel 2009 si stima che sarà di circa 100.000 auto. Ciò prevede un possibile aumento delle vendite del 17% solo sul mercato europeo.
Per quanto riguarda il mercato spagnole, Honda ha ceduto complessivamente 8.000 unità di Jazz dal 2002, pari al 6,7% delle vendite complessive dell’azienda in Spagna.
Con l'arrivo della nuova generazione, il responsabile dell'azienda in Spagna prevede di vendere circa 2.000 unità di Jazz entro un anno.
L'arrivo della nuova Honda Jazz probabilmente lo renderà possibile, riducendo l'abbassamento delle vendite in Spagna in larga misura.
In effetti, i responsabili del marchio si prevedono ad arrivare alla fine dell'anno con un totale di 22.000 unità vendute, ovvero 4.000 unità in meno rispetto al 2007, con una diminuzione del 16%.
Nonostante l’aumento delle saldi, Honda ha anche incrementato la sua quota di mercato in Spagna, raggiungendo l’1,8%, rispetto all’ultimo anno dell’1,6%.
Allo stesso tempo l'azienda giapponese prevede di raggiungere il 2 per cento nel 2010.
A tal fine, Honda è fiduciosa in un’altra sua.
Si tratta di Insight, un'auto compatta a cinque porte, 4,37 metri di lunghezza. L'azienda giapponese spera di vendere circa 200.000 unità di questo modello in tutto il mondo entro un anno.
In base alle stime dei mercati e dei produttori giapponesi, il 50% della vendita dell'Insight arriverà dagli Stati Uniti, mentre il restante 50% verrà sia dal Vecchio continente che dal Giappone.
L’avvincezione commerciale dell’Ingegne Insight è prevista per l’inizio del prossimo anno, poco dopo la presentazione del modello all’interno dell’azienda nel mese di gennaio a Valenza.
Rispetto alla prima generazione, il nuovo Jazz è cresciuto in tutta la sua interezza.
Raggiunge ora la lunghezza di 3,90 metri (cinque centimetri in più), 1,69 metri di larghezza (due centimetri in più) e la sua interax 2,50 metri, con un incremento di cinque centimetri.
L’allungamento dei 1.52 metri è rimasto invariato.
Insieme alle dimensioni, i suoi interni abitabili sono aumentati nello spazio.
Questo vantaggio si sminuisce, prima di tutto dalla nuova pedana, e in secondo luogo dall'introduzione del serbatoio del carburante in una posizione centrale, una soluzione già adottata nel precedente Jazz.
Il bagagliaio, inoltre, sale a 399 litri del bagagliaio della cilindrata di 399 litri, una maggiore capacità di 19 litri rispetto alla prima generazione.
Per essere notati, queste sono le misure della Honda Jazz 1.4, mentre la cilindra celeziale nel modello 1.2 è di soli 379 litri.
Altri miglioramenti - oltre agli elementi esterni, come il led posteriore o la possibilità di alleggerire il vetro panoramico - riguardano l'accesso migliorato ai sedili posteriori.
Porte che consentono l'accesso ai sedili posteriori, aperti ora con un angolo di 80 gradi, rispetto ai 67 gradi nel primo modello.
Inoltre, tutti i motori sono abbastanza nuovi in questa seconda generazione di automobili.
Al momento dell'attività di commercializzazione, questo piccolo modello verrà fornito con motori a benzina di 1,2 o 1,4 litri.
Entrambi i sistemi meccanici includeranno la tecnologia i-VTEC che consente un minore consumo di carburante, produca meno emissioni di anidride carbonica, ottimizzi i perfezionamenti meccanici e, allo stesso tempo, manterrà l'elevato motore di coppia in tutte le sue fasi.
La versione da 1,2 litri raggiunge una potenza di 90 cv a 6000 giri/min con una coppia massima di 114 Nm. a 4900 giri/min.
La pro-propulsione - che in precedenza Jazz ha raggiunto i 78 CV - ha solo bisogno di 5,3 litri di carburante e produce circa 125 grammi di emissioni di CO2.
Rispetto alla propulsione precedente, che nel modello di prima generazione utilizzava 83 CV, il nuovo può usufruire di 100 CV.
L'1,4 Jazz con 100 CV raggiunge una combinazione di 5,4 litri di carburante e 128 grammi di CO2 emessi.
Una "bee-car" per evitare collisioni
Nell’elaborare le tecnologie per la prevenzione degli incinti, Nissan è stata ispirata questa volta, dalla natura e soprattutto dalle api.
L'azienda giapponese ha creato un robot che, imitando l'effettuazione del volo delle api, può evitare gli incidenti.
Si tratta dell’aerocromo Bio-mimetico dell’aerodotto, o BR23C, il primo passo per proiettare tecnologie per la prevenzione delle collisioni.
L’Ingegnere dell’Advanced Technical Centre di Nissan Motor Co. ha sviluppato questo piccolo robot in collaborazione con il Centro per la Ricerca Scientifica e la Tecnologie della prestigiosa Università di Tokyo in Giappone.
Secondo Kazuhiro Doi, direttore generale delle pubbliche relazioni per la tecnologia, la ricerca e lo sviluppo della gestione del marchio, BR23C è un'espansione dello Scudo per la sicurezza delle quattro aree prodotte da Nissan.
Questo robot ha lo scopo di migliorare la capacità di prevenire le collisioni nei veicoli prodotti dall'azienda.
Nel corso del volo, ogni avea crea il proprio spazio ovale personale molto simile allo Scudo della Sicurezza sviluppato da Nissan.
Ma l'elemento più importante è costituito dagli sguardi composti dell'ape, che possono vedere in tutte le direzioni l'angolazione extra di 300 gradi, consentendo all'insetto di volare senza interruzione all'interno del suo spazio personale.
Per ricreare queste caratteristiche visive, gli ingegneri svilupperanno quello che hanno definito un localizzatore laser (Laser Range Finder).
Questo meccanismo ritaglia gli ostacoli all'interno di 2 metri e un raggio fino a 180 gradi davanti al BR23C, calcola la distanza dall'oggetto e invia un segnale al microprocessore a bordo che consente immediatamente di prevenire la collisione.
“Rileva un ostacolo, il piccolo robot imita i movimenti dell’ape e cambia la direzione immediatamente ruotando le ruote ad un’angolazione giusta o più larghe per evitare la collisione.
La disligenza più evidente con qualsiasi sistema esistente è la sua azione evasiva che si trasformi totalmente istintiva.
"Se non fosse così, il robot non sarebbe in grado di reagire abbastanza rapidamente per evitare gli ostacoli", spiega Toshiyuki Andoh, direttore del Laboratorio di Mobilità e ingegnere capo di questo progetto.
Diversamente dall'ape, il robot non può deviare verso l'alto o verso il basso, o anche in modo diagonale. Può muoversi solo in due dimensioni e nella direzione in cui le sue ruote possono ruotare. Ovviamente, non riesce a far scorrere in direzioni infinite e modi come fanno le api.
Per questo, Nissan ha utilizzato una funzione di rotamento oltre alle funzioni di accelerazione e decelerazione, per permettere al piccolo robot di evitare collisioni.
"Questo dispositivo ha solo bisogno di elaborare nuove informazioni ogni pochi secondi e agire da questi dati.
Non richiede di memorizzare alcuna informazione o di utilizzare la logica intuitiva delle manovre pregresse. Per questo motivo può andare senza interruzione fornita solo da poche decine di KB di memoria.
Potrebbe sorprendere, ma non stiamo parlando di gigabyte o mega di memoria”.
“Questo è il primo passo verso lo sviluppo di nuove tecnologie per la prevenzione delle collisioni, una tecnologia che Nissan spera sarà introdotta nelle auto come caratteristica standard entro dieci anni.
Il robot utilizza batterie al litio-polimero, che sono più leggere e più durevoli rispetto alla tipografia agli ioni di litio.
Un'ulteriore applicazione in un potenziale futuro potrebbe essere l'integrazione di questa tecnologia con il navigatore satellitare GPS per portare il guidatore in una destinazione specifica, evitando gli ostacoli lungo il percorso.
Rabbridire prima di richiedere un prestito
Dobbiamo riconoscere che il Dipartimento del Tesoro degli Stati Uniti, possedendo capitali del tutto buoni per agire, certamente non manca del talento.
Dovendo affrontare la crisi e per evitare che gli americani vengano ingannati con i malintenzionati da parte delle banche sotto i dubbi dell'insolvenza, hanno creato un gioco divertente ed educativo per gli utilizzatori di Internet.
In un'altra, l'"Albergo dei cattivi crediti" ... o dei problemi.
L’oscuro aspetto dell’albergatore di questo hotel e, in particolare, della sua ricettività mira a spingere le persone a pensarci non solo una, ma due o addirittura tre volte prima di richiedere un prestito.
E prima di tutto, per pensare con molta attenzione su dove candidarsi. Questo è probabilmente l'obiettivo primario del gioco.
Certamente questo sistema fornisce diverse informazioni utili, ma offre piuttosto pochi dettagli.
E 'quasi più una pagina web per gli adolescenti che un sito per il pubblico in generale.
Che cosa succede se si completa il gioco?
Una camera da sogno appare all'interno dell'hotel.
C'e' ancora qualcosa, perche' l'abbattimento di una casa... è meglio lasciarla.
Morgan Stanley ha aperto la sua capitale al  MUFG
Morgan Stanley ha annunciato l’ingresso alla tavola di Mitsubishi UFJ Financial Group (MUFG), la prima banca del Giappone, che spenderà nove miliardi di dollari per l’ottenere il 21% del suo capitale, notizia che è stata ricevuta da un forte calo dei prezzi delle azioni.
Una settimana dopo aver svelato un accordo provvisorio, le due banche hanno spiegato che MUFG comprerebbe il 9,9% delle azioni di Morgan Stanley al prezzo di 25,25 dollari, per un totale di tre miliardi di dollari.
Il prezzo di venditore è inferiore al 19% del valore dei titoli al 31 agosto.
MUFG investirà altri sei miliardi di dollari nell'acquisizione di titoli convertibili fornendo un rendimento garantito del 10 per cento e con un prezzo di conversione di 31,25 dollari.
Morgan Stanley ha affermato che l'operazione complessiva si sarebbe basata su un prezzo unitario medio di 29 dollari, pari al 28% al di sopra del suo prezzo corrente.
Le azioni di Morgan Stanley persero il 6,79% a 23,07 dollari intorno alle 17:00 GMT.
"Questa alleanza strategica costituisce un'importante opportunità per accelerare la transizione di Morgan Stanley allo stato della holding bancaria", ha dichiarato John Mack, amministratore delegato del gruppo americano.
Morgan Stanley ha adottato questo nuovo status la scorsa settimana, il che dovrebbe consentirgli di diversificare le sue attività ma deve passare attraverso l’autorità della Federal Reserve.
La sua alleanza con il MUFG conferma anche che l’attuale crisi finanziaria costrinse i più grandi nomi di Wall Street ad adottare un atteggiamento molto più cauto rispetto a prima.
Le modalità presentate lunedì mostrano che l’accordo è stato emendato nei giorni sconcertati: l’anno scorso Morgan aveva appena annunciato che avrebbe venduto fino al 20% delle sue azioni ai giapponesi per circa 8,5 miliardi di dollari.
"Una settimana fa, ha spiegato Toshihide Mizuno, direttore esecutivo del MUFG di Tokyo", abbiamo pensato che la partecipazione sarebbe stata interamente composta da azioni ordinarie.
Ma dato l’attuale stato dell’economia e del mercato, abbiamo sperato di ridurre al minimo i rischi e di proteggerci”.
Sulla base della media ponderata del MUFG pagherà i suoi titoli Morgan Stanley 7% al di sotto del loro valore contabile.
La transazione si trasformerà in una diluizione di circa il 20% degli utili per azione.
L'accordo prevede che il MUFG possa convertire annualmente la metà dei suoi titoli preferiti in azioni ordinarie se questi hanno scambiato più del 50% al di sopra del prezzo di conversione, circa $ 47 per un determinato periodo.
Morgan Stanley assicurerà che il capitale fornito dal MUFG gli consentirà di impadronirsi dell’impalcamento delle opportunità d’indagini, rafforzare il proprio bilancio e aumentarne l’innalzamento della liquidità.
Un portavoce del gruppo, tuttavia, ha rifiutato di fornire dettagli sui progetti strategici dei due nuovi alleati.
Dopo l'investimenti del MUFG, Morgan Stanley prevede un coefficiente di capitale Livello Uno di circa il 15%, uno dei migliori del settore.
Morgan ha detto di aver "significativamente" ridotto il suo bilancio dalla fine di agosto.
Le ultime settimane sono state difficili per il gruppo, il che ha visto la metà del prezzo delle sue azioni svanire mentre i costi assicurativi contro il rischio di inadempienza sul suo debito sono aumentati vertiginosamente vertiginosamente.
Questo costo si è rimosso lunedì, ma è rimasto a un nuovo alto livello, intorno al 12 per cento.
La scorsa settimana Goldman Sachs, l’unica grande banca d’investimento sopravvissuta a Wall Street dopo la bancarotta di Bear Stearns and Lehman Brothers and Merrill Lynch, ha annunciato di aver raccolto 15 miliardi di dollari, in parte da Berkshire Hathaway, il gruppo di Warren Buffett.
- Rafael Correa a Quito lunedi'.
Ricostruire intorno alla Repubblica del XXI secolo il socialismo.
Si tratta del progetto congiunto del venezuelano Hugo Chavez, Evo Morales della boliviana e dell’Ecuadoriano Rafael Correa.
Questa domenica, come i suoi omologhi e i suoi amici, è il terzo a mettere ai voti una bozza per una nuova costituzione.
Il 64% dei votanti ha votato "sì" al referendario, secondo i risultati ufficiali sulla base dell'80% dei voti.
Sulla base di questi risultati, il "no" ha ottenuto il 28%, il 7% dei voti non era valido e lo 0,7% erano voti in bianco.
Affinché l'adozione del progetto di Costituzione dovrebbe ottenere la metà dei voti più uno.
Domenica, due sondaggi condotti al di fuori dei seggi elettorali e un'organizzazione non governativa avevano annunciato una grande vittoria per il "sì", dell'intervallo compreso tra il 63% e il 70%.
Rafael Correa aveva rivendicato durante la notte da domenica a lunedì la vittoria della sua bozza di costituzione.
La "Costituzione ha trionfato in modo così schiacciante", assicurò gli ecuadoriani nel quartier generale del governo a Guayaquil, 280 km a sud-ovest di Quito.
Rafael Correa si è congratulato da Chavez e Morales ma anche dalla sua controparte cilelena Michelle Bachelet.
Il sondaggio, che è stato condotto pacistamente nell'esame dell'Organizzazione degli Stati Americani (OAS), trattato nel suo testo 444 punti che hanno consolidato il "nuovo socialismo" sostenuto dal presidente.
La bozza della costituzione sancisce il potere dello stato sull'economia, riservandole la "pianificazione dello sviluppo" di un paese che vive principalmente dall'estrazione del petrolio da parte delle società straniere e il denaro straniero che invidono ai loro emigrati.
Sostenuto da Correa, eletto nel 2006, il progetto fornisce anche maggiori poteri al Capo dello Stato, in grado di portare fino a due mandati consecutivi di quattro anni e sarà in grado di sciogliere l’Assemblea.
Correa ha già annunciato l'uso di tale potere per cercare un nuovo mandato nel febbraio 2009.
La Costituzione congegnò anche il principio dei servizi sanitari e dell'istruzione gratuiti che il presidente ha iniziato a stabilire in questo paese di 13,9 milioni di abitanti, dove il 50 per cento della popolazione vive al di sotto della soglia di poverfisia.
Prevede anche la proibizione della presenza di truffe all’estero, che limiteranno l’accordo tra Quito e Washington per l’utilizzo dell’Ecuador come base di lancio per le operazioni antidroga degli Stati Uniti.
I diciannovetterati in Ciao sono stati consegnati.
Una scuderia di commando egiziano ha lanciato un assalto ai rapitori degli undicdici tutori e le loro otto escort catturate dieci giorni fa.
Loro sono al Cairo.
Gli undici tutori europei e le loro otto accompagnatrici egiziane tenuti prigionieri per dieci giorni nel deserto sono stati restituiti illesi nella capitale egiziana.
Al mattino sono stati rilasciati da un commando egiziano in Ciadio.
Apparentemente, gli ostaggi arrivarono intorno alle 15.30 ore a bordo di un apposito aereo nella base militare di al-Maza, annesso all'aeroporto internazionale del Cairo.
Sono stati immediatamente trasferiti, senza essere in grado di parlare alla stampa, in elicottero all'ospedale di Maadi, un sobbor sobborgo residenziale del Cairo, per sottoporsi agli esami.
Stanno nella "buona salute" e "nessun riscatto è stato versato" ai rapitori", ha dichiarato il ministro egiziano del turismo Zoheir Garanna sull'asfalto.
Catturato il 19 settembre durante un safari nel 4x4 ai piedi del monte Ouanat ai confini con l’Egitto, il Sudan e la Libia, questo gruppo di ostaggi era stato gettato in un nascondiglio all’altro da 35 rapitori sconosciuti.
Comprende 11 turisti - cinque italiani, cinque tedeschi e un rumeno - e anche otto egiziani: due guide, quattro autisti, una guardia di frontiera e il direttore dell'agenzia Aegyptous, organizzatore del safari.
Un funzionario della sicurezza egiziana ha detto che 30 membri delle forze speciali, trasportati a bordo di due elicottero, avevano lanciato l’assalto durante la notte poco prima dell’alba.
"Risconsiamo uno scambio antincendio e la metà dei rapitori sono stati uccisi, l'altra metà è fuggita", ha detto il funzionario che ha chiesto l'anonimato.
Ha detto che 150 membri delle forze speciali egiziane "rapida risposta" sono stati inviati in Sudan nel suo complesso, in cui hanno ricevuto il sostegno dei commando tedeschi e italiani.
Il capo del corpo diplomatico italiano Franco Frattini a Belgrado dove è attualmente, ha menzionato il ruolo svolto dagli agenti segreti italiani e dagli elementi delle forze speciali.
"Dobbiamo renderci riconducibile che abbiamo ottenuto questo risultato attraverso la professionalità e l'efficacia dei nostri uomini dai servizi segreti, dalle forze speciali", ha detto, senza ulteriori dettagli.
Ha anche sbilanciato il pagamento di un riscatto.
L’anno scorso, l’esercito sudanese aveva affermato di aver intercettato un veicolo di pattuglia 4x4 a bordo del quale erano i rapitori, uccidendo sei persone, tra cui la testa ciadiana, e l’arriviazione di due.
L'esercito ha affermato di essere collegato a un gruppo ribelle nel Darfur, il Sudan Liberation Movement-Unity (SLA-U), qualcosa che questo movimento ha immediatamente negato.
Lettere - Maggioranza silenziosa della cultura
Un dibattito sul finanziamento della cultura ha fatto i titoli dei giornali e ha assorto questa campagna elettorale.
- Bene. - Bene. - Bene.
Ma un settore della nostra vita culturale rimane sempre dimenticato.
Chi si farà avanti per dennunciare la miseria che viene concessa ai piccoli saldi, agli archivi, ai siti storici archeologici o nazionali affamati?
Quale politico osa ricordare al governo federale che sta trascurando i suoi monumenti e gli edifici storici?
In Quodebiche, in Canada, non ci sono leggi reali che conservano efficacemente la nostra eredità?
Sapevi che il governo francese destina tre milioni e mezzo di euro solo per il restauro del castello di Chinon nella Valle della Loira?
I nostri vicini americani hanno scritto nella Costituzione del loro paese che la protezione dell'alito fa parte della cultura americana e che tale patrimonio deve essere protetto da tutti i cittadini, da tutti gli eletti e da tutti i dipartimenti del governo, in cooperazione.
In Québec, la Federation of Societies of Québec, almeno 40.000 volontari raggruppati in 211 agenzie per la storia, l'eredità, gli archivi e la genealogia si occupano della ricerca nella ricerca della storia, della conservazione, dell'avere pochi fondi, delle pile di archivi privati e della conservazione dei resti archeologici.
Spesso sono i cani da guardia della nostra eredità, che protestano con l’energia della disperazione quando gli sviluppatori e i costruttori lanceranno i loro bulldozer contro i nostri vecchi edifici e i nostri cimiteri dimenticati.
In che momento ci sarà un forum per la storia e l’eredità?
Fortis banca parzialmente nazionalizzata dai Governi del Benelux
Il Benelux aiuta Fortis, la banca belga-olandese - che è il primo istituto finanziario europeo in difficoltà a causa dell'efseguito dell'effetto successivo della crisi dei prestiti americani - con un riacquistamento parziale dello stato. I tre paesi hanno accettato di iniettare 11,2 miliardi di euro nella compagnia bancaria e assicurativa con interessi ungheresi.
Alla fine di quest'anno, i governi belga, il lussem (lusem (lusemburghese e gli olandesi si sono consultati su questo tema) al più alto livello, coinvolgendo il presidente della Banca centrale europea della Banca centrale europea e il commissario per la concorrenza.
All'interno dell'area dell'euro, Fortis è la prima banca colpita dalla crisi finanziaria internazionale che si sta avvicinando alle ondate negli ultimi 12 mesi. Pertanto, da un certo punto di vista, le decisioni prese possono essere considerate precedenti.
In base alla decisione presa di domenica sera, ogni governo prenderà una partecipazione del 49% nelle banche Fortis nei loro rispettivi paesi.
La banca venderà sicuramente una parte delle sue partecipazioni, in particolare le attività assicurative acquistate dall’olandese ABN Amrose l’anno scorso.
Le azioni Fortis hanno iniziato a immergersi profondamente la scorsa settimana, poi nella seconda parte della settimana sono apparsi i segni di una grave crisi.
Gli Analisti concordano sul fatto che la banca - con i suoi 85 000 dipendenti - è troppo grande per essere lasciata fallimentare.
Le azioni della banca sono scese del 12% di venerdì, che è il livello più basso record degli ultimi 14 anni.
Il valore delle azioni è diminuito di due terzi dal mese di gennaio.
Tenuto conto dell'attuale prezzo delle azioni, l'intero valore dei capitali di mercato del gruppo è di circa 14 miliardi di euro. Tuttavia, gli amministratori delle società affermano che ciò non riflette la realtà.
La direzione incolpa le incertezze all'estero - legate all'accettazione del pacchetto americano di 700 miliardi di dollari - per la caduta delle azioni Fortis.
Gli stock hanno mostrato un leggero aumento di lunedì.
Filip Dierckx è stato nominato il nuovo amministratore delegato della banca venerdì.
L'istituto finanziario era anche alla ricerca di acquirenti privati, ma finora non è stata fatta alcuna offerta sostanziale.
Il governo belga ha dichiarato in precedenza che gli investitori non avevano motivo di preoccuparci, non avrebbero perso i loro soldi.
Nessun panico è esplosito finora tra i clienti della banca; non c'è stata alcuna fretta bancaria.
Fortis ha una propria istituzione bancaria in Ungheria e ha acquistato anche società di leasing.
Scritto da Fox In The Henhouse
Le compagnie di assicurazione sulla vita e l'assistenza sanitaria americane spesso si rifiutano di vendere un'assicurazione ad alcuni cittadini, a causa dei loro dati sull'acquisto di droga.
Esperti per la protezione dei dati hanno paura che il mercato dei dati diventi incontrollabile.
"C'è un programma per la protezione dei dati che richiede l'autorizzazione dell'intestazione dell'interessato al fine di utilizzare i dati sulla prescrizione di farmaci.
Dovrebbe essere indipendente, altrimenti la volpe sarà a guardia del pollaio", il Washington Post cita Richard Dick, lo sviluppatore del programma applicabile per il monitoraggio delle prescrizioni dei farmaci.
Le compagnie di Assissicurazioni detenzionano la tassa assicurativa e l'importo da pagare in caso di danni a seconda delle condizioni di salute del cliente richiedente, e se lo ritengono troppo rischioso, non forniscono un'assicurazione.
I committenti dovevano essere mandati per avere una visita medica eseguita e il contratto è stato stipulato solo alla luce dei risultati dello screening.
Dick sviluppò un metodo molto più economico dieci anni fa: sulla base del numero d'intestazione del cliente il tipo di farmaci acquistati dall'utente negli ultimi 18 mesi possono essere facilmente rilevati, in tal modo il programma può tramontare le sue conseguenze per quanto riguarda le malattie subite dal richiedente e le loro condizioni di salute.
Ad esempio, il caso dell'acquisto regolare di grandi dosi di farmaci che riducono il colesterolo si riferisce praticamente al fatto che l'utente ha un livello di grasso nel sangue inalteratamente elevato, a seguito del quale questa persona verrebbe immediatamente portata in una categoria di rischio più elevato.
Il programma ha varie versioni nel commercio, alcune delle quali addirittura definiscono il fattore di rischio, quindi la compagnia assicurativa non ha nient'altro da fare che le scartoffie, anche se sorgono piccole difficoltà.
Uno degli inconvenienti è il fatto che alcuni farmaci possono essere utilizzati per diversi scopi, ad esempio alcune formule mediche sono per trattare l' emicrania, le ondate di calore o anche la depressione.
Quest'ultimo è un fattore di aumento del rischio significativo dal punto di vista degli assicuratori d'imprenditori, mentre gli altri due non lo sono.
Ci sono aziende specifiche che si occupano dell'ottenimento e dell'elaborazione dei dati e chiedono l'autorizzazione al paziente prima di acquistare le informazioni necessarie dalle farmacie.
Sono già obbligati a farlo, anche se i loro precedenti inadesmissimento non sono stati sanzionati.
Alcune aziende elaborano anche i risultati degli esami di laboratorio e li colleziono ai dati sul consumo di droga. In questo modo possono fornire informazioni più accurate sulle condizioni di salute dei pazienti.
Sempre più aziende accedono ai dati e, parallelamente, il controllo dell’uso diventano sempre più difficili.
C'è un atto specifico sulla protezione dei dati dell'assistenza sanitaria, ma la sua portata include solo i fornitori di assistenza sanitaria e le compagnie assicurative.
Il disegno di legge sulla fornitura del potere di ispezione per le autorità sulle società che si occupano della fornitura dei dati è stato presentato al Congresso.
Dick Richard si rende conto del fatto che non è sufficiente: è per questo che ha ulteriormente sviluppato il suo programma, che ora limiterebbe il trasferimento dei dati rispetto all'espresso consenso dell'indirizzazione della persona interessata.
È un'altra questione, tuttavia, che il richiedente non può realmente negare il consenso, altrimenti le compagnie assicurative non concludono il loro contratto.
Quindi le galline, in una certa misura, continueranno a dipendere dalla benevolenza della volpe.
Menù di Marsiglia del mondo
L'Unione europea e l'India doppi il commercio
Poiché l'Unione europea e l'India sono i principali partner commerciali l'un l'altro, l'ordine del giorno del nono Vertifoglio è stato dominato da questo tema oltre ad altri problemi prevalentemente globali.
Oggi si terrà un Vertice Francia-indisiato, in particolare per quanto riguarda la cooperazione con l'energia nucleare.
Sebbene l'Unione europea riconosca che l'India è una potenza mondiale democratica emergente, a cui dovrebbe essere concessa di più in termini di relazioni internazionali, gli Stati membri non sono ancora stati in grado di raggiungere un accordo per sostenere l'appartenenza permanente a New Delhi nel Consiglio di sicurezza delle Nazioni Unite.
Quindi questa questione non è stata forzata durante la nona vettura, organizzata ieri a Marsiglia.
Il presidente francese Nicolas Sarkozy come presidente rotatorio dell'Unione, il presidente del comitato José Manuel Barroso e il capo della politica estera Javier Solana hanno accolto con favore il primo ministro indiano Manmohan Singh e hanno convenuto di raddoppiare l'aumentare a oltre i 100 miliardi di euro.
Dall'exchange di beni salvati tra i 25 e i 55 miliardi tra il 2000 e il 2007, questo non è un obiettivo eccessivamente ambizioso.
Di conseguenza, sono state legalmente armonizzate 26 convenzioni dell'aviazione civile bilaterale con l'India, il che significa che il traffico aereo può essere alato in futuro.
L'India mira a sottoscrivere l'accordo di libero scambio con l'Unione fino alla fine del 2009.
Sarkozy ha promesso l’accelerazione dell’armonizzazione.
L'obiettivo è quello di ritrovare il saldo mentre l'India è il primo partner commerciale dell'UE, allo stesso tempo New Delhi ha solo il nono posto nell'elenco dei partner dell'UE.
Il Vertice si è concentrato sulle questioni globali:
Sulla situazione dell'Afghanistan e del pakistano e del terrorismo, quest'ultima è stata condannata in ogni sua forma da entrambe le parti e la convocazione della Conferenza dell'ONU.
Anche il completamento di Doha Trade Round è stato accelerato, anche se entrambe le parti sono responsabili del fiasco fino ad ora.
L'UE ha confermato di mantenerne l'energia e l'area climatica, il che significa l'intenzione di ridurre l'emissione di inquinanti atmosferici di almeno il 20 per cento fino al 2020.
L’indirizzazione dell’India è d’accordo con questo e con l’obiettivo di raggiungere l’accordo globale alla conferenza sul clima prevista per l’anno prossimo e di ridurre l’oscuotamento delle emissioni di gas a effetto serra del 50 per cento fino al 2050.
L'un altro obiettivo era quello di prevenire l'accertamento della crescita dei prezzi dei prodotti alimentari ed è stato sostenuto un invito a una conferenza internazionale per la revisione della crisi finanziaria.
“Il primo ministro indiano sta andando ad una riunione bilaterale nella capitale francese oggi, dove intende raggiungere un accordo sull’uso pacifico dell’energia nucleare.
Parigi si aspetta che le società francesi si aggiungano contratti per la costruzione di reattori nucleari nell’indiana per un valore di 20 miliardi di euro.
Secondo l'informazione dell'agenzia di stampa, l'accordo sarebbe in vigore per 15 anni.
Più di trecento redattori italiani a Francoforte
Proprieta presenza dei redattori italiani alla Fiera Internazionale del Libreria di Francoforte.
Più di trecento saranno i redattori d’Italia presenti al sessantesimo anniversario della Buchmesse, l’attesa manifestazione internazionale più importante per lo scambio dei diritti d’autore.
L'International Book Fair di Francoforte si aspetta per l'occasione più di settemila espositori provenienti da 101 diversi paesi che occuperanno i 171 790 metri quadrati della Fiera con più di 403 mila titoli in mostra e la Turchia sarà l'ospite d'onore.
Il Sottosegretario al Ministero dei Beni e delle Attività Culturali rappresenterà l’UrNome della cerimonia di inaugurazione del Padiglione d’Italia: l’Italia infatti sarà presente come un’Istituzione dallo Stand – 264 metri al quadrata dello spazio espositivo.
Di seguito la conferenza stampa presso la Sala Struktur del Padiglione 5.0 della Buchmesse: questa sarà l’occasione in cui verranno presentati i dati, le tendenze e una vista sullo stato dell’editoria italiana.
Secondo i dati c’è un’importanza progressivamente decrescente dei libri da parte degli autori stranieri nella produzione italiana, ed in particolare per adulti e bambini.
L'aeroplano di Steve Fossett il milionario scomparve un anno fa
Il relitto dell'aeroplano di Steve Fossett, il milionario scomparso il 3 settembre 2007 mentre sorvolava il deserto del Nevada.
I relitti sono stati ritrovati su un altopiano a 3000 metri di altitudine, nell'area della Sierra Nevada di Mammoth Lakes, al confine tra California e Nevada.
All'interno dell'aeroplano non c'erano resti umani.
Lo sceriffo della contea di Madera, John Anderson, ha dissipato tutti i dubbi rimanenti: "L'aeroplano è stato localizzato, abbiamo inviato una squadra, e ora abbiamo la conferma che è quello in cui Steve Follett stava volando il giorno in cui scomparve", ha detto in una conferenza stampa.
Successivamente, lo sceriffo ha sottolineato che non sono stati rinvenuti resti umani sull'aereo né nell'area circostante.
Il milionario, 63 anni, è stato ceduto per morto nel mese di febbraio.
L'American National Transport Safety Bureau (NTSB) ha riferito che alcune ore dopo l'invio del relitto è stato avvistato un team investigativo, che ha poi identificato l'aereo: si tratta della Bellanca 8KCAB, scomparsi dal 3 settembre 2007, quando Fossett è decollata da Yerington in Nevada per un volo di tre ore.
Ieri, sempre in California, non lontano dal confine con il Nevada, alcuni effetti personali appartenenti a Fossett sono stati rinvenuti da una coppia nei pressi della loro abitazione in Mammoth Lakes.
Gli articoli sono due documenti a nome di Fossett, entrambi emessi dall'Eniginaria federale dell'Illinois, un po 'di contanti e una felpa.
La ricerca di Fossett è stata annullata un mese dopo la sua scomparve.
Il milionario si era guadagnato un posto nella storia grazie a una serie di record del mondo.
Nel 2002, al suo sesta tentativo, è diventato il primo uomo a completare il giro del mondo in una mongolfiera: un volo solitario di due settimane.
Tre anni più tardi ha fatto il giro del giro del mondo in aereo senza atterrare.
Tra i suoi numerosi record, c'è anche il volo di 15.445 metri, sopra le Ande, ma con un co-pilota.
Glk, la pubblicita' che non ti aspetta
Un SUV al di fuori delle norme con un design originale caratterizzato da linee determinanti, ampie superfici e angoli di taglio puliti.
In breve, si tratta GLK, l'ultima aggiunta ai "compatti" fuoristrada del costruttore stellato, di cui Mercedes-Benz ha cercato di insinuare una ventata d'aria fresca in questo settore.
Proprio perché le sue caratteristiche sono fuori dalle norme tradizionali, anche il messaggio che accompagnerà il trasloco del SUV GLK sarà inaspettato e anticonvenzionale, sarà disponibile negli showroom Mercedes-Benz a partire dal prossimo 17 ottobre.
Così la fiammitalità che accompagnerà l’anteprima del nuovo veicolo partirà un nuovo metodo comunicativo che include anche una campagna futuristica di cartelloni 3D, utilizzati per la prima volta in Italia da un marchio automobilistico.
Proiettime di grandi cartelloni, messo in moto in tre diverse fasi, che dominerà fino al 15 novembre la più centrale via dello shopping milanese, Corso Como.
La prima fase di questo nuovo tipo di comunicazione inizierà con una presentazione dell’auto nella visione stereoscopica, e grazie agli occhiali speciali distribuiti nel quartiere di Corso Como sarà possibile vedere il nuovo SUV in vero e formato 3D.
In effetti, guardando l'immagine si otterrà la sensazione che l'auto sporga dal poster.
Successivamente, attraverso l'uso dell'innovativa tecnologia Elumina 8 tutti i dettagli del nuovo GLK saranno illuminati in vari momenti, per poi ricomporre come un'improvvisa un'unica immagine.
Senza alcun dubbio, Mercedes, attraverso questa pubblicità, sta cercando di introdurre qualcosa di nuovo nel campo convenzionale della pubblicità automobilistica.
Riuscirà con questa formula per provocare l'interesse dei futuri compratori?
Ecco chi sono i teppisti d’italiano
Del Tri-Veneto, suscettibile di essere bandito dall'accompagnamento sportivo (Daspo).
Ma chi sono quei 150-200 dei quali l'Italia ora si vergoglia? Fanno parte del gruppo "Ultras Italia" che da anni sostiene la nazionale di calcio e fino ad oggi, la verità è nota, non ha mai creato grossi problemi.
Né si è mai scontumato con i fan avversari.
L' estrazione del gruppo e' l'ala destra.
I promotori provengono da Tri-Veneto.
Da Verona, Padova, Trieste e Udine.
A questi si unirono alcuni piccoli gruppi (in realtà pochissimi esponenti della Campagnia e pugliese).
Possiedono bandiere tricolori con la città d’origine dei militanti su di loro: il sabato sono stati tolti in modo che non potessero essere identificati.
Prendono le loro idee dai fan dell'italiano.
In bulgari trovarono sostenitori che erano dei veri nazisti, il gruppo Levski.
La FIGC aveva messo a vostra a disposizione dei tifosi italiani 144 biglietti per la partita: tutti personali, quindi facilmente controllabili.
Il Ministero dell’Interno di Viminale li aveva infatti controllati tutti: tra quei gruppi che andavano a Sofia nessuno era bandito, a nessuno era stato proibito di frequentare uno stadi.
Quattro tifosi italiani, che avevano precedenti crimini legati allo stadio, in realtà erano stati rifiutati i biglietti e trattenuti dall’andare.
Ora il Ministero dell’Interno è in attesa di essere in grado di leggere i documenti ufficiali, che dovrebbero arrivare dalla polizia bulgara prima di prendere provvedimenti: in questo caso è possibile bandire per cinque anni almeno i sostenitori che sono stati arrestati o quelli che sono stati identificati durante i disordini.
Un esilio internazionale che proibisce l’appartenenza agli stadi d’Italia ma anche in tutta l’Europa.
I nostri teppisti, in breve, non entrerebbero nell’altro stadio.
- Per fortuna.
Ma ora c’è la paura dell’immacolazione: cioè che gli altri si uniscano a poco più di centocinquanta.
"Dovremmo subito mettere fuori questa conflagrazione e non legittimare quelli che si comportano in questo modo", affermano quelli del Ministero di Viminale.
“Accoglie spalancati soprattutto dal momento che c’è la squadra nazionale che gioca il mercoledì al Lecce”.
In pugliese infatti c'è un piccolo nucleo di sostenitori di Ultras Italia.
Domani l'Osservatorio si riunirà, il CASMS che può contare su una sezione dell'AISE, cioè il servizio segreto, che gestisce esattamente i problemi negli stadi.
"Il ritornello Duce-Duce e il bracciolo stesi durante l'inno di Mameli? In Bulgaria non è un crimine..."
Sono questi i pensieri (espressi con grande disappunto) di Domenico Mazzilli, che da poche settimane fa è il direttore dell’Osservatorio del Viminale (ha raggiunto l’incarico inizialmente detenuto da Francesco Tagliente e poi da Felice Ferlizzi).
Mazzilli era a capo dell’amministrazione poliziesca di Trieste dove c’è un nocciolo di Sostenitori dell’Ultras Italia, fondato nel 2002.
E 'vero, dice Mazzilli, che in Bulgaria non è un crimine cantare gli inni al Duce, ma certamente il comportamento di quei 150-200 fan è stato vergognoso.
“Io non sono un sociologo - aggiunge il n.1 dell’Osservatorio – il crimine dovrebbe essere imputato nel paese in cui si verifica l’accaduto.
Fino ad ora questo gruppo è rimasto all'interno delle linee, ora vedremo cosa è realmente accaduto e lo valuteremo come riferimenti futuri.
Ma parliamo anche del fischio dell'inno dei Mameli: anche questo non è un delitto in bulgaro, ma, se mi è permesso di dirlo, non si tratta delle buone maniere ...".
