Pravicoví populisté triumfovali v Rakousku, celkem mají 29 procent
Podle prvních předběžných výsledků předčasných parlamentních voleb v Rakousku přineslo postřehnatelné oslabování obou stran v současné velké koalici a výrazné vzpruhu pravicových populistických stran.
Rakouská lidová strana (ÖVP), najímž místa současného šéfa Wilhelma Molterera je těžce oškubáváno, utrpěl obzvláště velké prohry, utrpěla obzvlášť velké ztráty.
VůDceka Kampaně Aliance pro budoucnost Rakouska (BZÖ), krmeného gubernátora Jörga Hejder, připravuje triumfální návrat do národní politiky.
Podle předběžných výsledků zůstává Sociálně-demokratická smluvní strana (SPÖ) nejsilnější v zemi se 29,8 procenta hlasů, od posledních voleb v roce 2006 však ztrácí 5,5 procenta hlasů.
ÖVP, která svými 25,6procentním počtem ztrácí téměř devět procent hlasů, dopadlo ještě hůře.
Jedná se o nejhorší výsledky obou velkých stran v rakouských poválečných dějinách, a zejména pro Lidovou Stranu, která nabádala předčasné volby, je to doslova katastrofický výsledek.
Začátkem červencového, když ÖVP koalici odcházel, měla Lidová strana v průzkumech stále významný náskok na SPÖ.
Voliči je však zřejmě potrestali za to, že nechali vládu zvrhnout.
V prvních reakcích na výsledky se již spekulovaly o možné rezignaci šéfa strany a současného vicekancléře Wilhelma Molterera.
Observeři předpokládají, že by k tomu mohlo proběhnout již na mimořádné pondělní schůzce vedení strany.
Takový vývoj jistě zjednoduší cestu směrem ke stále nejpravděpodobnějšímu využití z výsledků volebních lístků, tedy obnovení velké koalice SPÖ a ÖVP.
Vzhledem k posílení obou pravicově populistických stran - Strana svoboda (FPÖ) získat předběžných 18 procent a BZÖ jedenáct procent hlasů - nicméně ve stejnou dobu sociální demokraté vyjádřili strach z opakování roku 1999, kdy lidová strana souhlasila s populisty (FPÖ v té době stále byla jednotná, vypískla z BZÖ v roce 2005) na běžnou vládu, která nakonec vyprovokovala sankce.
Haider, který již oznamoval, že je připraven spolupracovat s jakoukoli stranou a předpokládá, že se do Vídně vrátí do Národní politiky, evidentně spoléhá na tento vývoj.
Strany zelených se také dostaly do parlamentu, ale utrpěly nepatrnou prohru a mezi rakouskými politickými stranami spadla ze třetího na pátá.
Důležitě nikdo z ostatních stran nepřevyšovala čtyřprocentní známku a dostala se do parlamentu.
Schwarzenberg: Vzpomenutí s Indií se může zhoršit
Podle předsedy zahraničního zahraničí Karla Schwarzenmana nebude-li možné vyřešit problém českých vědců obviněných v Indii nezákonným sběrem brouků, mohlo by dojít k jistému zhoršení česko-indických vztahů.
Ministr toto prohlášení projednal v New Yorku po dnešním schůzce se svým indickým protějškem Pranabem Mukherdžíem.
"Pokud se to nevyjasní, pak ano, pak by došlo k určité zhoršování," stojí v návaznosti na schůzce iniciované z české strany.
V návaznosti na jednání Mukherdžej uvedl, že pro exekutinu bylo obtížné zasáhnout do justičních záležitostí.
Přesto uvedl, že v kauze Petra Šváče, který byl zbaven obvinění a penalizován s pokutou, může centrální vláda vyjednávat s městskou vládou v Darjeelingu, s níž věc patří.
"Jeho problém by se dal vyřešit," řekl ministr.
Podle Mukherjee by bylo pro Emila Kučery, odsouzeného ke třem letům do vězení, aby se odvzhotoval k vyšším úřadům.
Poté může požádat o propuštění na kauci a počkat na verdikt mimo vězení, vysvětlil.
Schwarzenenberg potvrdil, že jeho parťáček to během vyjednávání také řekl.
Doporučuje odvolat k vyššímu dvoru, pak by bylo možné omilostnit," řekl šéf české diplomacie.
Jediný způsob, způsobům, na které se česká strana může celou věc zapojit, je poskytnout odsouzeným jednotlivcům "kompetentní právní podporu", uvedl indický ministr.
Ve stejné době řekl, že indická strana mu již také poskytuje pomoc tomuto typu.
Naším největším zajímavostí je udržení nejlepších vztahů s Indií, která má dlouholetou tradici.
Indiáni to také uznávají," řekl Schwarzenenberg.
Ve stejnou ňamži, jak řekl českou tiskové agenturě, zvýraznil před svým parťákem, že Česká republika kladla velký důraz na problém českých entomologů.
Zatčení a obvinění těchto češtínských vědců skutečně považujeme za vážnou chybu," prozradil.
Ministr se vyhýbal zodpovězení otázky, zda obdržel příslib od indické pobočnice, že v této věci bude pokračovat.
Uvedl, že „už už jsem obdržel několik slibů“.
Čeští rozhodčí bojují o délku oceánu
Šlápne na mapu elektronické zdi zachycující Austrálii a okolní mořské oblasti.
Nezajímá ho však kontinentu, ale v malém bodu, který se ztratil v modrém oceánu.
Tento ostrůvek, stejně jako oceánské dno obíhkancované, které ho obklopuje, patří Austrálii.
Současně je oblast tak velká jako samotný kontinent," říká italský právník Luigi Santosuosso, který patří ke třicetičlennému družstvu zaměstnanců divize OSN pro obojživelné záležitosti a mořského práva.
Jeho šéf, ředitel divizní divize, český právník Václav Mikulka, sleduje, o čem mluví a příležitostně něco přidává.
Domanduje zde kůra a nadšení z práce je dominantní.
Délce oceánu ukrývá dosud málo známý svět bohatý na přírodní zdroje.
Je možné najít ropu, rudy a jiné minerály, ale také dosud neznámé živé organismy, které drží klíč například k vývoji léku na rakovinu.
Podlaha větší než kontinent
Pobřehové země dnes vehementně soutěžily o nové podmořské teriské teriské teriské území.
Podle dohody o OSN využívají práva, na kterých se dohodli v roce 1982 v Montegoském zátoce na Jamajce.
Jedná se především o oblast takzvaného kontintního šelfu, který často sáhuje až několik set kilometrů od pobřeží dané země.
Podle dohody má tato země výjimečné právo na všechny zdroje kontinentální šelmy.
Zjednodušeně řečeno, kontinentální šelf je považován za část mořského dna, která je přirozeným pokračováním kontinentu pod mořskou krajinou.
Sáhal za okraj pobřežního mořanského moře, často i za hranicím dvou stovkových námořních mílí takzvané výlučné ekonomické zóny," vysvětluje Mikulka.
Požadavkem, kterou daná země předkládá Komisi o limitech kontintálního šelfu, musí být podpořena vědeckou a technickou doložkou založenou na mnohých nákladných průzkumech a měření.
Je to výsledek dlouholeté přípravné práce.
"Jedna z našich rolí je poskytovat komisi právní a specializovanou technickou pomoc.
Komisařská komise dosud diskutovala o pěti požadavcích z Ruska, Brazílií, Austrálií, Irska a Nového Zélandu.
Dosavadní úspěšní jen poslední tři z těchto zemí," dodává Mikulka.
Úspěší Austrálie, která jako první rozšiřovala svou podmořskou doménu, byl zaznamenaně po celém světě zaznamenaný.
Získal však i Nový Zéland - oblast oceánského dna, kterou mu provize inkasovala kolem 1,6 milionu čtverečních kilometrů čtverečních, to je zhruba šestkrát větší, než je velikost samotné země.
Obě země investovaly miliony dolarů do průzkumu.
Zisk, který v budoucnu vyvolá z využití mořského dna, bude, jak doufají k neocenění.
Své žádosti postupně podají i další země.
Mají čas do deseti let od okamžiku, kdy k tomu ratifikovali "Dohodu v montégickém zástavním zástavě".
Tam, kde kone kone kone kone konečí kontinentální šelf, začíná oblast oceánského dna deklarovaná jako "společné dědictví lidstvu".
Žádná země již nemá žádnou výjimečnou pozici.
těžební práva v této oblasti jsou udělována prostřednictvím dohody, kterou stanovila mezinárodní instituce.
"Oceánské dno však není Klondží", říká přehnaně režisér Mikulka a dodává, že jeho "individuální plochy jsou právně vymezené a jejich režim je ukotvený ve zakázkách."
Češci v Pacifiku
Součást mořského dna v současné době patří České republice.
Sdílí ji s ostatními zeměmi z bývalého východního bloku jako součást společné organizace "Interoceanmetal".
Dohodou tato organizace, stejně jako investoři několika malých dalších zemí, získala status takzvaného "výchozího investora" v roce 1991.
Má oprávnění těhotovat v zóně ClarionClipperton v Tichém Oceánu, která leží mezi Mexikem, Havanou a Kiribati.
Oblast vyšetřovaná investorem je o něco větší než bývalé československé.
Dno oceánu je drsné, je jakýmsi podvodním modelem Tater.
Bylo možné těžit v celkové rozloze 75.000 čtverečních kilometrů.
Tato oblast je bohatou lokalitou pro sbírku konstrukcí z poly-metal obsahující nikl, měď, kobalst a mangan," říká další právník Pakshi Rajan z Indií.
Makedonský právník z divize Rober Sandev přináší jeden takový konkrétek k prokázání.
Vypadá jako malý kabajt nebo s trochou fantazii básnický lemy, která podle legendy Golema oživila.
Německé speciální jednotky přítomny na Záchraně rukojmích
Egypťánská vláda při řešení krize s rukojmími vyžádala o pomůcku od Německa, která znalce vyslala.
Když přišel tlačit, speciální jednotky byly připravené, ale jejich služby nakonec nebyly potřeba.
Stále více a více podrobností se vynořuje o okolnostech osvobozování jedenáctých evropských turistů unesených v Egyptě.
Záchrané mise německé spolkové stísněny obrany a vnitrozemského ministerstva vnitra se podle německých státních jednoložných sborů nepřímo zúčastnily.
Specialisté Spolkových ozbrojených sil (Bundeswehr) a příslušníci německé spolkové policie (Bpole) a jejích speciálních jednotek GSG 9 a Air Guard byli přítomni na záchraně, uvedli v pondělí v noci Mluvčí ministerstev, stejně jako členové Spolkového Úřadu pro kriminální policejní policii (BKA) a logističtí znalci Agentury technické údržby (THW).
Německé jednotky však nebyly požadovány, protože věznitelé své rukojmí opustili a utekli, když se dozvěděli, že rukojmí budou osvobozováni násilím.
Egypťánská vláda přijala pomoc nabízenou Německem, aby se během této operace spoléhala na německé sily jako na zálohu.
"Naštěstí k tomu nedošlo," řekl mluvčí německého spolkového ministerstva vnitrozemského.
Cestovní skupina spočívající z pěti Němců, pět Itálek, Rumunské a jejich osmi egypťánských společníků byla přepadena a unesena 19. září na jihu Egypta.
Poté, co unášeli v pouštní oblasti na jih egyptských egypťan, byli rukojmí převezeni tam a zpět v přímeckém regionu mezi egyptem, Libyí, SúNem a Čchádem.
K dnešnímu dni zůstává totožnost věznitelinů neznámá, stejně jako podrobnosti o vyslancování nebo o možných výpočincích.
Bývalí rukojmí mezitím bezpečně a zdravě dorazili do Káhiry.
Německý ministr zahraničí Steinmeier uvedl, že byli svěřeni do péče německé ambasády.
K podrobnostem záchranné služby se nevyjádřil.
V Berlíně nebyly poskytnuty žádné okamžité informace o jejich návratu do Německa.
Podle německého deníku 'Bild má pět turistů a se speciálními jednotkami navštěvovat Airbus německého letectva, který prý připlouvá do Německa v úterý.
Sněmovna reprezentantů Spojených států odmítla záchrannou pomoc
Záchraný balítek ve výši 700 miliard dolarů pro finanční trhy těsně neprošl v první ze dvou komor amerického Kongresu.
The Dow Jones ponořil do nosorožčího ponoření.
S 227 až 206 hlasů 227 až 206 zamítla Sněmovna reprezentantů vládě záchranný balíček pro finanční trhy.
Veškerých výzvách prezidenta George W. Bushe a bez ohledu na přední představitelé obou zúčastněných stran nebyly dosaženy žádné většinové pro program, který měl zadržet chaos na finančních trzích.
Příznivci v dramatické kampani podnikli zoufalé pokusy přesvědčit kritičům o zásluhách plánu za 700 miliard.
Barney Frank, jeden z hlavních demokratických vyjednavačů, vyzval zastupitele ke schůzce, i když to byl nepopulární plán.
"Je těžké získat politický schůzce k prevencí něčeho, co se ještě nestalo," připustil.
Zatímco hlasování stále probíhalo, Dow Jones zaznamenal pokles o více než šest procent, tedy o 600 bodů.
To bylo způsobeno obavami investorů, že vládní záchrana může ztroskotat.
Obnovila se krátce před ukončením hlasovacího lískání, jen aby se znovu ponořil do nosního ponoření, když bylo odmítnutí zveřejněno.
Odborníci nyní očekávají další těžké turbulence na mezinárodních finančních trzích.
Aby byl tento plán realizován, je vyžadován souhlas Sněmovny reprezentantů i Senátu.
Zprávy cestovních kanceláří Zvýšily rezervací
Bude dobrá zima pro německé cestovatelské agentury evidentně:
Průzkum říká, že fluktuace rezervací v nadcházejících měsících se výrazně zvýšila oproti předchozímu roku - pro zimní sezónu až o 30 procent.
Navzdory vyhlídkám na slabou hospodárnost zůstává chuť Němců na cestování nedotčená, uvádí průzkum.
Pro rezervace během zimní sezony zaznamenaly cestovatelské agentury nárůst obratu o 31 procent oproti stejnému období z předchozího roku, hlásil německý cestovní asocionál (DRV) v pondělí v Berlíně.
Podle obchodní společnosti GfK došlo k nárůstu rezervací i během podzimních měsíců.
Cestovní kanceláře zaznamenaly za říj říjn 2007 nárůst obratu o přibližně jedenáctiprocentní.
Výsledky jsou založeny na ležitostech společnosti GfK, která každý měsíc zpracuje rezervační údaje 1200 německých cestovních kanceláří a používá je k vytváření projekcí pro trh jako celku.
Zahrnuty jsou cestovní rezervace provedené do srpna 2008.
Vzhledem ke slabému dolaru byly žádané zejména cesty do Spojených států žádané, uvedla DRV.
V této oblasti se rezervací zvýšil přibližně o jednu třetinu.
Kromě toho poukázala na Španělsko, Turec a Řecké Řeckstvo jako populární mezi Němci, stejně jako domácími oblastmi.
Všeobecně žádané cesty byly obzvláště žádané, řekl prezident DRV Klaus Laepple.
Ve světle zvyšujících se cen energií a potravin byly pro klienty jejich náklady vypočitat "více vypočitatelné než pro jednotlivě uspořádané dovolenky," řekl Laepple.
Spotřebitelé by mimo jiné ušetřili peníze prostřednictvím předčasně ptačích nebo všech inkluzivních schodek, řekl Laepple.
Vzhledem k tomu, že letní měsíce byly velmi dobře zarezervované, došlo také k dalšímu nárůstu obratu ve srovnání s předchozím rokem, řekl - i když jiný průzkum zveřejňuje, ve srovnání s uplynulým lejmáratem popílený počátkem popílený ve srovnání s minulým rokem.
Poprvé na Oktoberfestu
Prudké překážkové a après-syčové hitpony v opakovaném módu, pivo z hrnků na jednolitrové a celebrity ve návrháři Dirndlnu.
Oženený Dempromit.
Technicky vzpřízněně, Susanne Kronzucker a já nemáme moc společného.
Je blonďatá, televizní moderátorka a obléká Dirndla na míru.
Mám tmavé vrstev, jsem studentka a moje šaty jsou z druhé ruky.
Ale je tu jedna věc, která nás propojuje: Jsme ve Wiesnu sotva tři minuty a fotografové už se tísní kolem nás a fokují, zaskakují své vzpomínkové kartičky - velmi lichotivé, a je to moje první návštěva Wiesnu, abych nastartovala.
Takhle si spřátelíte.
Zdá se, že levný Dirndl odvádí svou svou práci.
Pro turistu ve Wiesnu, který obvykle sídlí severně od rábkového ráči "Weisswurst", že pohodlný pocit nošení tradičního bavorského hávu zůstalo tolik, o čem by bylo třeba dříve toužit.
Ale jakmile přišel do Theresienwiese, není to tak zlé, jako to je všechno špatné.
Téměř každý nosí Dirndl nebo Lederhos; nikdo nevypadá znechuceně nebo v roztápení - je to všechno naprosto normální.
Jedině moje zástěrka Dirndla vykreslila podivné pohledy na prodavače kolábího banánu.
Kamioňská žena mě upozorňovala, že jsem zástěru uvázal špatným způsobem: "Dostupná doleva, panna ve středu, spáchaná na pravačce, ovdovělá".
Přísně táhnu zástěru zpoza levačkou.
"Podívejte se na pravdu," říká a smrdíš.
Jiní se méně obávají jemných koktajících technik a nosí jednoduché plstěné klobásové klobouky, z nichž se řeknou „Příliš opívané“, aby se oblékali“ a aniž by byli vyzváni, ukážou lidem své nahé pozadu
Mládenec s exhibicionistickým postojem se jmenuje Bob, je z Anglického, a je to také jeho poprvé na Oktoberfestu.
Připadá mu "náboženečné", s dávno napjatým "ooooo".
Říká mi to hned poté, co se zřítil o "Maß", který měl dříve.
Hned hned vedle jednoho z těch záblesků, které si každý zaměňuje za skládky odpadu.
Bob je jedním z těch nechvalně proslulých 'Wildbiesler.
Jiní nemají to velké poštědní ztratit alkohol v této módě.
Osmá hodina v noci se desítky záchranářů hedvábné lokality, kteří se věnují chudinským trápení.
Zdravotníci se vždy objevují ve smečkách - vždy existují čtyři v kauze, nést zastřešené nosítky od stanu ke stanu ke stanu.
Půluje to jako u většiny Wiesnských návštěvníků: Když je to prázdná, míří ven, a když je to plné, tak se vracejí.
Necháte, kdo je uvnitř rakví BAC.
Vykřičel jeden ze záchranných pracovníků, kteří na něj zmizeli v davu," vykřičel jeden ze záchranných záchrankářů a zmizel v davu.
Oběť nepokoje pojmenovaná policií
63-letá chodkyně, která zemřela v nemocnici poté, co byla sražena vozidlem v Essexu, byla pojmenována.
Carole Paulsonová z Chelmsfordské cesty v Brentwoodu se do nehody stala v pátek odpoledních Hodnocencátými letišti Shenfield Road ve zdejším městečku.
Byla převezena do královniny nemocnice v Romfordu, ale později zemřela.
Po havárii byl 51letý muž zatkveen pro podezření z neopatrné jízdy.
Od té doby byl provestěn na policejní kauci.
Rozšiřující diplomatické obzory Turce
Dlouhé předtím, než Turecko usilovalo vstoupit do Evropské unie, evropské mocenské mocnosti dychtily proniknout hluboko do tureckého vnitrozemského vnitrozemského spolku.
Na východní Straně Bosfory, možná pouhých 20 schůzců do Asie, stojí jedna z nejlepších relikvií této zkreslené imperiální ambicí.
Nádražní stanice Hydarpasha byla navržena dvěma německými strůjci Otto Ritter a Helmut Conu v novorezinesančním stylu.
Přinejmenším je to, k néujícím vám říkají.
Budova leží na konci nástupiských nástupitek s věží na každém ze svých předních rohů, která vyhlíží celý svět jako nějaká provinční německá městekárná.
Kámen je špetý.
Celá budova se mírně rozkládá.
Ale jakmile je to uvnitř klenuté pokladniční pobočnice, není pochyb o vznešenosti, jejímž bylo nejzárovnější bránou.
Nádraží bylo otevřeno v srpnu roku 1908 němečtí konsorcium Anatolia-Baghdad Korporací.
Němec, pozůstalec imporické hry, měl v úmyslu realizovat své ambice ovládnout Blízký východ prostřednictvím této železnice, která vede do Damašského tcháfíku a dále do toho, co dnes je Saúdská Aráida.
Impozantní imperiální ambicí Německa ztroskotaly během první světové války.
Jeho železniční tratě byly napadnuty Lawrem z Aráhovin a jeho arabskými neregulérkami.
Re relativní izolovanost ze svého okolního regionu, poháněná zamrzlými hranicemi studené války, je pryč
Britské a domorodé síly postoupily z egypgaše a vytlačily Turce a své německé spojence z Palestiny a Sýrií.
Špatnou novinku pro stanici Hyderpaša byly také špatné zprávy.
V roce 1917 muniční vlak vybuchl a zničil svou propracovanou střehu.
Turecké zdroje tvrdí, že to byla sabotáž.
Od té doby se pomalu formoval, z velké části obchážená historií.
Tato železniční brána do Anatolii a dnes však tato železniční brána do Anatomilie na východ, poslouževá - přinejmenším symbolicky - ke zdůraznění rozšiřovacích diplomatických obmerků Tureckem.
Vládnoucí Strana pro spravedlnost a rozvoj AKP - vytvořila pro tuto zemi zcela novou zabezpečovací politiku.
Relativní izolovanost ze svého okolního regionu, poháněná zamrzlými hranicemi studené války, odešla.
Nyní existuje nová angažovanost.
Pozoruhodná je turecká vláda dobré vztahy s Izraelem a Sýrií s palestinskými frakcemi Hamásu a Fazáme, s Irákem a írkem a samozřejmě s Evropskou unií a Spojenými státy.
Abychom změřili parametry této nové zahraničněpolitické politiky, nasedl jsem nočnímu pražci do tureckého hlavního města Ankary, abych navštívil jednoho z předních zahraničně-politizačních znalců AKP, turecká poslankyně Suat Kiniklioglu.
Dříve dopoledního dopoledního dopoledního dopoledního dopoledního dopoledního času - po rušné jízdě podél tratí, která produkovala staré světové kadence slavného dokumentu The Night Mail, jsem přijel do tureckého hlavnímu městečku - jsem navrhl jako nové městečka pro nový světský záměr otočit se zády k osmanské minulosti.
AKP se svými dobře známými islamistickými kořeny ale představuje změnu paradigmatu tureckého konsensu.
Vyjádřilo to určité podezřívavé podezřelé na Západě, nejpozoruhodněji ve Washingtonu.
Taxíka mě odvezl do ústředí AKP, ultramoderní kamenné a ocelové konstrukce - účelově vybudované - na rozvojovém předměstském předměstí, obklopené napůl postavenými nákupními středisky a energetickými cukrovinkami, kde se střední manažeři v obchodních oblecích - muži i ženy - sešli, aby uzavřeli brzké dopolední docházkové smlouvy.
Suat Kiniklioglu mohl být středopravicovým politikem z téměř každé jiné politické strany v Evropě.
Obličeme, kravatu, jsem si jistý, že dokonce sbalil Blackberry.
„Cílem zastupitelské politiky strany nyní je znovu začlenit Turecko do jejího bezprostředního sousedství.
Studená válka byla anomálie," řekl.
Tureckem bylo odříznuto ze svého vnitrozemského vnitrozemského vnitrozemí.
Dnešek se dnes musel dívat směrem na východ a na západ ve stejnou dobu.
Nešlo o případ jednoho nebo toho druhého.
Bylo to muset udělat obojí.
"Ale v určitém okamžiku," otázal jsem se: "Turecko by mohlo být donuceno k výběru?"
"Turecko," řekl, "chtěl čelit této volbě."
Pak zdůraznil okamžik, že téměř každý, s kým jsem zde mluvil, recidoval téměř sólem: kravata Turía nejen na Blízký východ, ale na Kaukás a kolem Černého moří jsou ve prospěch Evropy a Spojených Států stejně ve prospěch Evropy a Spojených států, stejně jako k Turisku.
Vzhledem k tomu, že Turecko na palubu, zdá se, se zdá, Evropa jako celek může metaforicky jet tyto železniční tratě směrem k Asii a na Blízký východiska.
Zpátky na nádraží Hydarpasha, po další prospěšné noci jsme si vzpomněli na ty dva německé pány Herra Rittera a Herra Conu, kteří sledovali tuto budovu postavenou před 100 lety.
To, jak byli překvapeni, kdyby zjistili, že evropské blízkovýchodní ambice mohou být z velké části v rukou Turecka.
A jak jsem na terminálu počkal, až mě trajekt odveze zpět přes Bospoforu, vzpomínil jsem si, že v té doby bylo Turecko vždy nazýváno "nemocným mužem Evropy".
Přinejmenším se nezdálo být mnoho pochyb o tom, o jakému kontinentu by měl tato fascinující země vzbuzovat.
Přebavily si: Vernon Handley a William Woodruff
Mark Brown píší: Jako Guildfordův muzikálová režisér z roku 1962, Vernon "Tod" Handley (nekrolog, 11. Září) se obořil za Guildfordskou filharmonický orchestr a chůzi.
Jako součást svého hudebního schématu pro městskou čtvrť v příštím roce založil svého úžasného mládežnického bližního, Proteuse.
To mělo být pro do 21 let do 21 let, ale ve chvíli, kdy Proteus zpíval své finále v roce 1979, několik z nás bylo ve svých pozdních dvacátých letech - jen jsme odmítli dát dohromady.
Jméno "Proteus" (temologická změna tvaru) reprezentovalo ochotu a schopnost sboru vypořádat se s jakoukoli murobovanou hudbou, ať už madigná nebo Messiaen, ať už bez doprovázené nebo s plným ordinací.
Muzejní univerzálnost vyprodukovaná takovým mládežnickým pěveckým pěvkem byla často udivující, vždy vzrušující, a to vše bylo způsobeno inspirací tohoto jednoho muže a nadšení pro hudbu, která v průběhu posledních lét let zůstávala naprosto konstantní.
Jak často nám Tod řekl, abychom "nechali hudbu mluvit sami za své".
"Společvatel ví, o čem chce.
Je to všechno v hudbě.
Tak pěšku to!“
Technika obušku byla naprosto čirá a precizná, i když nikdy diktadlatvizní, ani floridská.
Bez ohledu na muzikálový standard ji vždy vychoval ještě výš.
John Frayn Turner píše:
Pokud nějaký diriginant měl být přijat na rytíř, byl to Vernon Handley. Byl to Vernon Handley.
Znal jsem ho dobře během dvou dekád, kdy dirigoval Guildfordskou filharmonii od roku 1962 do roku 1982.
Během uplynulých 40 let jsem recenzoval více než 100 z jeho koncertů a mohu upřímně říci, že jsem nikdy nebyla zklamána ani jedním - a mnohokrát jsem byla inspirována.
Tod Handley měl tu vzácnou kombinování velikosti plus osobní skromnosti.
Nenáviděl dirigentské dirigenty, kteří ve svých slovech jednoduše "tvrdili jeden nebo dva dobře známé válečné koně po celém světě".
Bude chybět tolik z nás.
Viléř Woodruff (rozcestníky)
Profesor John Beckett píše:
Váš nekrolog William Woodruff ( 25. Září) uvádí, že "v roce 1946 obnovil ekonomickou anamnézu v Oxfordu a v roce 1950 se stal Houblon-Normanovým výzkumným Fellow... při současném studiu pro BSc, magisterský a doktorský titul".
Vyplývá to z Woodruffovy autogramiérské poznámky v Beyond Nab End, ale to není správné.
Od roku 1946 do roku 1953 lnášel ekonomické anamnézy na univerzitě v Nottinghamu, během té doby dokončil disertační pracovenku o britském kaučucovním průmyslu, dohlíženou profesorem J. D. Chambersem a následně publikoval v roce 1958 jako The British Rubber Industry.
Utrácel 1950-51 v USA za Houblon-Normanovo stipendium a v létě 1952 na univerzitách v Illinois, Harvardu a v New Yorku.
V Roce 1953 opustil Nottingham natrvalo do Illinois.
Proč Woodruff rozhodl glosovat tuto část své kariéry, není neznámé.
J. Vincent Resino na Filologické Fakultě
Doporučuji exhibici José Vicente Resina "Flamenco vida", protože jeho černobílé fotografie pořízené v dokumentárním stylu jsou neobyčejné.
Fotky upoutaly mou pozornost kvůli jejich myšlence a síle, která vysílala a vždy zacházela s subjekty se zvláštní pozorností.
Výstavba, která předvádí hluboký cítění.
Resino je schopno zachycovat kouzelné okamžiky."
Druhý útoč na superprodanění Hondy
Příští listopad Honda spustí marketing druhé generace modelu Jazz.
Pokud byl předchozí model již vyznačován vysokou obydleností, tento nový minivan má vnitřní širší prostor.
Kromě toho je vybaven jemnými mechanikou, která zvyšuje jízdní pohodlí a umožňuje šetřit pohonné hmoty.
Evoluce namísto revoluce.
Jedná se o druhou generaci Honda Jazz.
Ettenciálně nový jazz vypadá jako předchozí model, změny přinesené do minivanu jsou četné.
Mimo jiné stojí za poukázat na jeho inovativní design, novou platformu, větší velikost a hezkou novou mechanickou.
V každém případě, než přejde k analografii nového modelu, může být užitečné poukázat na to, že tento nový Jazz přichází jen šest let po vstupu první generace.
Proto by první pozorování mělo vzít v úvahu, že Honda obnovila tento model rychleji, než to obvykle dělají ostatní společnosti.
I když je jazzový model v Evropě méně známý než na jiných trzích, z hlediska tržeb zůstává jevem z hlediska tržeb.
Jedná se v případě Japonska, kde byl jazz nejprodávanějším vozem v roce 2002 a také během tohoto roku 2008.
Právě tam bylo z uvedení modelu prodáno téměř milion kusů jazzu.
Druhým trhem byl starý kontinent s asi půlmilionem prodaných kusů za posledních šest let.
Navzdory těmto počtovým Řadám Honda věří, že tento nový Jazz ještě více zvětší své tržby v tomto segmentu.
Pokud tedy japonská společnost v roce 2007 prodala celkem 83.000 kusů tohoto modelu, v roce 2009, odhaduje, že to bude kolem 100.000 automobilů. To předpokládá možný nárůst tržeb o 17% jen na evropském trhu.
Pokud jde o španělský tržiště, Honda od roku 2002 prodala od roku 2002 celkem 8.000 kusů Jazz, což představuje 6,7% celkových tržeb společnosti ve Španělsku.
S příchodem nové dávné generace očekává zodpovědná za společnost ve Španělsku během jednoho roku přibližně 2,000 kusů Jazz.
Příchod nové Hondy Jazz to pravděpodobně do značné míry umožní tím, že do značné míry zmírní snížení prodeje ve Španělsku.
Ve skutečnosti osoby, které mají značku naúčty, očekávají, že se dostanou do konce tohoto roku s celkovým počtem 22.000 prodávaných jednotek, což je o 4.000 kusů méně než v roce 2007, s poklesem o 16 %.
Navzdory nárůstu tržeb Honda rovněž zvýšila svůj tržní poměrný poměrný poměrný podíl ve Španělsku o 1,8 % ve srovnání s 1,6 %.
Japonská společnost zároveň očekává, že v roce 2010 dosáhne 2 %.
Za tímto účelem je Honda sebevědomá v dalším jejím novém modelu.
Toto je Insight, hybridní pětidveřový kompaktní vůz o délce 4,3,7 metru. Japonská společnost doufá, že během jednoho jednoho roku prodá asi 200.000 kusů tohoto modelu po celém světě.
Podle odhadů japonských a japonských hvězdičkových výrobců potrvá 50% prodeje Insight ze Spojených států, zatímco zbylých 50% potrvá ze starého kontinentního kontinentu a Japonska.
Komerční spuštění Insight je chystané na počátkem příštího roku, krátce po prezentaci modelu uvnitř společnosti v lednu ve Valenzě.
Ve srovnání s první dávná generací se nový jazz rostl v celé své celistice.
Dosáhne nyní délky o 3,90 metru (o pět centimetrů více), šířce 1,69 metru (další o další dva centimetry) a jejího rozmezí 2,500 metrů, s přírůstkem pět centimetrů.
Výška 1,52 měřičů stále zůstávala nezměněna.
Společně s velikostí zvyšoval jeho záviděný vnitřek v prostoru.
Tato výhoda shrnuje především z nové nástupiné platformy a zadruhé ze zavlečení palivové cisterny v centrálním umístění, což je řešení, které bylo již přijato v předchozím jazzu.
Navíc kapacita kufru - dvojitý spodní objem - stoupá na 399 o litr, což je o 19 litrů větší kapacita pro první generovanou generaci.
Je třeba povšimnout, jedná se o měřítko společnosti Honda Jazz 1.4, zatímco kapacita kufru modelu 1.2 je pouhých 379 o litrů.
Další vylepšení - kromě externích živlů, jako je zadní vedení nebo možnost namontovat panoramatické sklo - se týkat zlepšeného přístupu ke zadním sedadlům.
Dveře, které umožňují přístup ke zadním sedadlovým sedadlům, jsou nyní otevřené s úhnutím 80 stupňů ve srovnání s 67 stupními stupními v prvním modelu.
Kromě toho jsou všechny motorky v této druhé generační generaci automobilů docela nové.
V době uvádění na trh přijde tento malý model se zážehovými stroji o velikosti 1,2 nebo 1,4 litru.
Obě mechanické systémy zahrnou technologii i-VTEC, která povoluje nižší spotřebu pohonné hmoty, produkuje menší emise oxidu uhličitého, optimalizuje mechanické zvyšování a zároveň udržuje motor s vysokým točmovým výkonem ve všech svých fázích.
Verze o objemu 1,2 litru dosahuje výkonu 90 koní při 6000 otočkách s maximálním točivem 114 Nm při 4900 ot/min.
Požadavek - který v předchozích Džuzbech dosáhl 78 koní, jen potřebuje 5,3 litru pohonného paliva a vyprodukuje přibližně 125 gramů ekvivalentu emisí CO2.
Ve srovnání s předchozím hnacím hřídelem, který v modelu první generace použil 83 koní, může nový využít 100 koní.
Model 1, 1.4 Jazz se výkonem 100 koní dosáhne kombinace 5,4 litru pohonného paliva a vyvezených 128 gramů CO2.
"Životní auto", aby se zabránilo stávce
Při vyvíjení technologií pro prevenci úrazových havárií byl Nissan inspirován touto dobou, přírodou a zejména včelami.
Japonská společnost vytvořila robota, který napodobující útěk včel se může vyhnout nehodám.
Jedná se o Bio-mimetický automobilový robotový pohon nebo BR23C, prvním krokem k projektovým technologiím pro prevenci kolizí.
Inženýři pokročilého Technického centra Nissan Motor Co. vyvinuli tohoto malého robota ve spolupráci s Centrem pro vědecký výzkum a technologie prestižní Tokijské univerzity v Japonsku.
Podle Kazuhira Doi, generálního Ředitele Public Relations pro technologie, výzkum a vývoj značkového řízení, je BR23C expanzou bezpečnostního štítu ze čtyř oblastí vyráběných společností Nissan.
Tento robot je určen ke zlepšení schopnosti zabránit kolizi ve vozidlům, které společnost vyrábí.
Během útěku každá včela vytváří svůj oválný osobní prostor, který je velmi podobný Štítu zabezpečení vyvinutému společností Nissan.
Nejdůležitější prvek však upřednostňují složené očky včely, které vidí ve všech směrech s úhnutím dalších 300 stupů, což umožňuje hmyzu létnout bez přerušení uvnitř svého osobního prostoru.
Chcete-li znovuvytvořit tyto vizuální funkce, inženýři vytvořili to, co definovali laserový lokátor (Laser Range Finder).
Tento mechanismus detekuje překážky v rozmezí 2 metry a poloměr až o 180 stupňů před BR23C, vypočítá vzdálenost k objektu a vysílá signál do mikroprocesoru na palubě, což okamžitě umožňuje zabránit srážce.
Když detekoval překážku, malý robot napodobuje pohyby včely a okamžitě změní směr tím, že otáčí kola v pravém nebo širším úhnutí, abyste zabránili srážce.
Nejzřetelnějším rozlišováním s každým existujícím systémem je vyhýbavá akce, která má za následek naprosto instinktivní.
"Pokud tomu tak nebylo, robot by nebyl schopen zareagovat dostatečně rychle, aby se vyhnul překážkám," vysvětluje Toshiyuki Andoh, ředitel Laboratoře pro mobilitu a hlavní inženýr tohoto projektu.
Na rozdíl od včely se robot nemůže odchýlit směrem nahoru nebo směrem dolů, nebo dokonce diagonálně. Může se pohybovat pouze ve dvou dimenzích a ve směru, na který se jeho kola mohou otočit. Je zřejmé, že nemůže běžet nekonečnými směry a způsoby, jako jsou včely.
Z tohoto důvodu Nissan použil funkci otáčení kromě akcelerací a zkažlovacích funkcí, k tomu, aby umožnil, že malý robot se vyhne kolizím.
Toto zařízení musí zpracovat nové informace jen každých několik sekund a jednat z těchto údajů.
Nevyžaduje neukládat žádné informace nebo používat intuitivní logiku předchozích manévrů. Z tohoto důvodu se může obejít bez přerušení, které dodalo jen několik desítek KB pamětního vzpomínek.
Může to přečkat, ale neříkáme o gigabajmech nebo o megapaměti."
Jedná se o první krok k vývoji nových technologií pro prevenci kolizí, technologii, o níž Nissan doufá, že bude do deseti roků zaveden ve všech standardních rysech.
Robot používá lithium-polymerové baterie, které jsou světlejší a trvanlivější než lithiová typologická typologie.
Dodatečnou aplikací v potencové budoucnosti by mohla být integrace této technologie se satelitní naváděčem GPS s cílem přivést řidiče ke specifickému cíli a vyhnout se překážkám podél cesty.
Před podáním žádosti o půjčku se chvějte
Musíme si uznamovat, že ministerstvem financí Spojených států, které vlastní poměrně dobré metropole, aby jednalo, rozhodně postrádá talent.
Muset čelit krizitě a zabránit tomu, aby byli Američané podvedeni s povodňovými půjčovnami bankami pod pochybnostmi o insolvenci, vytvořila zábavnou a význačnou hru pro uživatele na internetu.
Jinými slovy "Místo špatných kreditů" ... nebo o problémech.
Chmurný aspekt tohoto hotelu a zejména jeho rekrealizace si nutí tlačit lidi, aby před podáním žádosti o půjčku přemýšli nejen jednou, ale dvakrát nebo dokonce třikrát.
A především pečlivě pomýšlet o tom, kde o to se léčit. To je pravděpodobně herní primární cíl.
Určitě tento systém poskytuje několik užitečných informací, ale nabízí poměrně málo podrobností.
Je to mnohem větší webová stránka pro dospívající než web pro širokou veřejnost.
Co se stane, když hru dokončíte?
Uvnitř hotelu se objeví vysněný pokoj.
Pořád je to něco, kvůli koupi domku... lepší ho nechat.
Morgan Stanley ovládla své hlavní město MUFG
Společnost Morgan Stanley oznámila svůj zápis do tabulkového kola Mitsubishi UFJ Financial Group (MUFG), první japonské bécké bécké, která utratí devět miliard dolarů za získání 21% svého základního kapitálu, zprávy, která byla přijata prudkým poklesem cen akcií.
Týdně poté, co dvě banky představily provizorní dohodu, vysvětlily, že MUFG nakoupí 9,9% akcií Morgan Stanley za cenu 25,25 dolaru v celkovém objemu tři miliardy.
Prodejní cena je méně než 19% z hodnoty cenných papírů dne 31. srpna.
MUFG investuje dalších šest miliard dolarů do akvizice konvertibilních titulů, které poskytnou zajištěný výtěžek ve výši 10% a s přepočítkovou cenou 31,25 dolarů.
Morgan Stanley potvrzovala, že celková operace bude založena z průměrné jednotkové ceny ve výši 29 dolarů, tedy 28% nad svou současnou cenou.
Akcie Morgan Stanley však ztratily 6,79% na 23,07 dolaru kolem 17:00 GMT.
"Tato strategická aliancie představuje důležitou příležitost k urychlení přechodu Morgan Stanley ke statusu držící banky," řekl John Mack, generální ředitel americké skupiny.
Morgan Stanley přijala tento nový status minulý týden, což by mu mělo umožnit diverzifikovat své aktivity, ale musí projít autoritou Federálního rezervního systému.
Své spojenecké spojenecké spojenectví s MUFG také potvrzuje, že současná finanční krize donutila největší jména na Wall Street zaujmout mnohem opatrnější postoj než dříve.
Modrality prezentované v pondělí ukazují, že dohoda byla změněna v posledních dnech: předchozí pondělní Morgan právě oznámila, že prodá až 20% svých akcií Japoncům za zhruba 8,5 miliardy dolarů.
"Před týdnem, vysvětlil Toshihide Mizuno, výkonná ředitel MUFG v Tokiu," domnívali jsme, že účast bude zcela složena z běžných akcií.
Ale vzhledem k současnému stavu ekonomiky a trhu jsme doufali, že minimalizujeme rizika a šíříme naše záda."
Na základě vážené vážené průměrné cenové ceny MUFG zaplatí cenné cenné papíry Morgan Stanley 7% pod jejich knižní hodnotou.
Transakce bude mít za následek rozmělnění kolem 20% zisku na akcii.
Dohoda předpokládka stanoví, že MUFG může ročně převést polovinu svých preferovaných cenných papírů na kmenové akcie, pokud se obchodují o více než 50% nad přepočítací cenu, asi 47 dolarů za dané období.
Morgan Stanley ujišťuje, že kapitál poskytovaný MUFG mu umožní zmocnit se investičních příležitostí, posílit svou bilanci a zvýšit svou likviditu.
Mluvčí skupiny však odmítl uvést podrobnosti ke strategickým projektům dvou nových spojenců.
Po investici MUFG předpokládá Morgan Stanley kapitálové pomůcce Tier jedna z asi 15%, jeden z nejlepších v oboru.
Morgan prý od konce srpna "výrazně" snížil svou bilanční bilanci.
V posledních několika přísných týdnech bylo pro skupinu, která způsobila, že se polovina ceny akcií rozptýlila, zatímco pojišťovací náklady proti riziku nesplaceného prodlužení jejího dluhu prudce vzlétly.
Tyto náklady se v pondělí snižovaly, ale zůsly na nové vysoké hladině přibližně o 12%.
Minulý týden Goldman Sachs, jediná další přeživší velká investiční banka na Wall Street po konkurzu společnosti Bear Stearns and Lehman Brothers a Merrill Lynch, oznámila, že získala 15 až 15 miliard dolarů, což je částečně od Berkshire Hathaway, skupiny Warren Buffetta.
Rafael Corea v pondělním Quitu.
Obnova kolem Republiky jednadvacátého Století socialismu.
Jedná se o společný projekt venezuelského Huga Cháveze, Eva Moralese z Bolívie a ekvádorského Rafaela Correy.
Tuto neděli, stejně jako její protějšky a přátelé, je to třetina, která hlasovala o návrhu nové ústavy.
Poslankyně splněna, protože 64% voličů odhlasovalo "ano" k referendu podle oficiálních výsledků založených na 80% hlasů.
Na základě těchto výsledků "ne" získali 28%, 7% hlasů bylo neplatné a 0,7% byly stejnojmenné.
Aby byl návrh ústavy přijat, měl by získat polovinu hlasů plus jeden.
Neděle dvě anpublikové ankety provedené před volebními místnostmi a jedna nevládní organizace vyhlásily velké vítězství "ano" v rozmezí mezi 63% a 70%.
Rafael Correa během noci od neděle do pondělí tvrdil vítězství svého návrhu ústavy.
"Údolí triumfálně v drtivé rovinatě," ujišťoval a chválil Ekváťany ve sídle vlády v Guayaquilu, 280 km jihozápadně od Quitu.
Rafále Correovi samozřejmě poblahopřáli Chávez a Morales, ale také jeho chilský protějšek Michelle Bachelet.
Anketa, která probíhala mírumilovně pod dohledem Organizace amerických států (OAS), který se zachycuje ve svém textu 444, které konsolidují "nový socialismus" prosazovaný panem prezidentem.
Návrh ústavy zakotvuje moc státu nad ekonomikou tím, že jí vyhradí "rozvojové plánování" země, která žije hlavně z těžby ropy zahraničními firmami a cizími penězi, které posílají svým emigrantům.
Povzbuzen společností Correou, zvolenou v roce 2006, projekt také poskytuje větší pravomoci Hlavě státu, která může nést až dvě posuzované čtyři volební termíny čtyři roky a bude možná rozpoutat Shromáždní sněmovnu.
Correa již oznámil, že tuto moc využije k hledání nového pověření v únoru 2009.
Úmluva také konsoliduje princip svobodných zdravotnických služeb a vzdělávání, který prezident začal zřizovat v této zemi 13,9 milionu obyvatel, kde 50% obyvatel žije pod hranicí chudoby.
Upřednostňuje také zákaz přítomnosti cizích vojáků, která vypnutí dohodu mezi Quitem a Washingtonem o využití Ekvádoru jako odpalovací základny pro americké protidrogové operace.
19 rukojmích bylo vypuštěno v Čadu
Egypťanské komerční komedie odstartovalo před desítkovými desítkami lidí útok proti únosníkům jedenácti turistů a jejich osmi eskopů zachyceným.
Jsou v Káhiře.
Jedenáct evropských turistů a jejich osm egyptských eskopů držených v zajadřených deset dní v pustině bylo v pondělních odpoledních hodinách navráceno do egyptské metropolity.
Dopoledne byli propuštěni egyptským komediálním v Čadu.
Rukojmí připluli kolem 1530hodinového letadla na vojenskou nábřeží Al-Mazy, připojeného k mezinárodnímu letovisku v Káhiře.
Byli okamžitě převezeni, aniž by byli schopni mluvit s tiskem, přes helikoptéru do nemocnice Maadi, obytné předměstí Káhiry, aby se podrobili prohlídkám.
Jsou ve "dobrém zdravotním stavu" a "žádné výkupní výpovědi nebyly placeny" únoscům", prohlásil egyptská ministryně cestovního cestovního cestovního ruchu Zoheir Garanna o asfaltu.
Obcená 19.září během safari na úpatí hory Ouanat na hranicích s egyptem, Súdánským a Libyjcem byla skupina rukojmích házen z jednoho úschopě do druhého 35 neznámými únosníky.
Zahrnuje 11 turistů - pět Italů, pět Němců a Rumunka - a také osm Egypťanů: dva průvodci, čtyři řidiči, pohraniční stráž a ředitelka agentury Aegyptous, organizátor safari.
Egypťanský bezpečnostní činitel uvedl, že 30 příslušníků speciálních sil, které byly přepraveny na palubě dvou helikoptéry, zahájilo útok během noci těsně před úsvitem.
Následovala požární burza a polovina únosců byla usmrcena, druhá polovina zbyla," řekl úředník, který si vyžádal anonymitu.
Uvedl, že 150 příslušníků egyptského speciálního jednotce speciálních jednotek bylo vysláno do SúDádu jako celku, kde získali podporu od německých a italských komand.
Šéf italského diplomatického pracovnice Franco Frattini v Bělehradě, zmiňoval o úloze, kterou hrají italští tajní agenti a prvky speciálních jednotek.
"Musíme si uvěznit, že jsme tohoto výsledku dosáhli prostřednictvím profesionality a efektivity našich mužů z tajných složek ze speciálních sil," řekl bez dalších podrobností.
Odmítl také zaplacení vý výkupného.
Den předtím súdánská armáda tvrdila, že zachytila hlídací vozidlo 4x4 na palubu věznitelé, kteří zabili šest, včetně čadské hlavy a zatkly dva.
Armáda uvedla, že byli napojeni na pobuřující skupinu v Dárfúru, Súdánské osvobozenecké Hněhistické jednotě (SLA-U), něco, co toto hnutí okamžitě popíralo.
Dopisy - mlčící většina kultury
Debata o financování kultury se dostala do titulních titulků a tato volební kampaň posílila.
Dobrý. Dobrý.
Jedna odvětví našeho kultovního národorozene vždy zůstává zapomínané.
Koho se přihoučí k odsoudit tísni, která je udělena malým muzeím, archivům, archeologickým či národním historickým místům, která vyhladoví pro finanční financování?
Který policista se odváží připomínat spolkové vládě, že opomíjí své památky a pamětní budovy?
V Québecu v kanadsku nemáme žádné skutečné zákony, které by účinně zachovala naše památka?
Znala jste, že francouzská vláda věnuje tři a půl milionu eur jen restaurování zárodečného zárodeku Chinon v údolí Loiry?
Naši američtí Sousedé v ústavě své země napsali, že památková ochrana je součástí americké kultury a že takové památka musí být chráněno všemi občany, všemi zvolenými a všemi ministerstvenou vládou, jakož i ve soukrooperaci.
V quebecké federaci společenstev quebecké historie se nejméně 40 000 dobrovolníků seskupit 211 zprostředkovatelských agentur pro historii, památrání, archiv a genealogii se zabývá zkoumáním historie, zachováním, malým množstvím soukromých archivů a uchováváním archeologických pozůstatků.
Často jsou hlídacími psány našeho dědictví, kteří protestují s energetikou zoufalé, když developeři a konstruktéři spouštějí své buldozery proti našim starým budovám a našim zapomenutelným hřbitovům.
Kdy vznikne fórum pro historii a dědictví?
Banka Fortis byla částečně znázorněna vládami Beneluxu
Státy Beneluxu pomáhají Fortis, belgicko-nizozemské blízce - která je prvním evropským finančním institutem v nesnázích kvůli následnému efektu americké úvěrové krize - částečným státním odkupem. Tyto tři země se dohodly, že do bankovní a pojišťovné spolkové společnosti mají maďarské zájmy vloží 11,2 mld.
Na konci tohoto týdne belgická, Lucemburská a nizozemská vláda konzultovaly tuto otázku na nejvyšší úrovni, do které se zapojil předseda Evropské centrální banky a Komisaře pro hospodářskou soutěž Evropskou komisí.
V rámci eurozóny je Fortis první bankou zasaženou mezinárodní finanční krizikou blížící se ve vlnách za posledních 12 měsíců. Z určitého pohledu tak mohou být učiněná rozhodnutí považována za precedent.
Podle nedělního rozhodnutí převléká každá vláda 49proprocentní populační podíl ve svých příslušných členských jednotkách.
Brnka určitě prodá některé části svých podílů, zejména pojišťovací činnosti, které loni koupila od nizozemského ABN Amro.
Akcie Fortise začaly minulý týden hluboce klesat, ve druhé části týdne se ve firmě objevily známky vážné kriziky.
Analýzi se shodují na tom, že bance - se svými 85 000 zaměstnankyněmi - je příliš velká, než aby si dala zkrachovat.
Akcie bance v pátek poklesly o 12%, což je za posledních 14 let zaznamenaná nejnižší.
Hodnota akcií od ledna klesla o dvě třetiny.
Vezmememe-li vzhledem k současným cenám akcií, celá tržní kapitálová hodnota skupiny se pohybuje kolem 14 mld. Ředitelé společností však tvrdí, že to nereflektuje realitu.
Vedení obviňuje nejté z nejejasností v zámoří - které jsou spojeny s přijetím amerického balíčku ve výši 700 mldných zlaru ve výši 700 miliard USD - za pád akcií Fortis.
Akcie vykácely nepatrný pondělní prudký nárůst.
Filip Dierck byl v pátek jmenován novým generálním ředitelem básnické banky.
Finanční instanž také usiloval o soukromé kupce, ale dosud nebyla učiněna žádná podstatná nabídková.
Bengótská vláda již dříve uvedla, že investoři nemají důvod se obávat, neztrácejí své peníze.
Mezi samotnými odběrateli bance se zatím neoblékla žádná panika; neuskutečnil žádný bankovní hádek.
Fortis má v Maďarsku vlastní bankovní zařízení a také vykoupil leasingové společnosti.
Liška V The Henhouse
Americké životní a zdravotní pojišťovny často odmítají prodávat pojištění některým občanům kvůli svým údajům o nákupu drog.
Odborníci na ochranu osobních údajů se obávají, že se datový trh stane nekontrolovatelným.
"Existuje program ochrany osobních údajů, který vyžaduje povolení dotčené osoby k použití údajů o předpisu na léčivého přípravku.
Měla by být nezávislá, jinak liška bude střežit slepičím dom," cituje The Washington Post Richarda Dick, vývojáře programu platného ke sledování receptů na léky.
Pojišťovny rozhodují o pojišťovacím poplatku a hodnotě, která má být zaplacena v případě náhrady škody v závislosti na zdravotnímu stavu uplatňovaného zákazníka, a pokud jej považují za příliš riskantní, neposkytují pojištění.
Uplatňovaní zákazníci dříve byli odesíLÁni k lékařské prohlídce a smlouva byla uzavřena pouze ve s ohledem na výsledky promítání.
Dick před deseti lety vyvinul mnohem levnější metodu: na základě identifikačního čísla zákazníka může být snadno detekován typ léků zakoupených zákazníkem za posledních 18 měsíců, takže program může čerpat důsledky, pokud jde o nemoci, u kterých žadatel utrpí, stejně jako jejich zdravotní stav.
Například případ pravidelného nákupu velkých dávkových lécích snižujících hladinu cholesterolu prakticky odkazuje na skutečnost, že zákazník má neuvěřitelně vysokou hladinu krevních tuků, v důsledku které by tato osoba byla okamžitě zařazena do kategorie s vyšším Rizikem.
Program má v obchodě různé verze, některé z nich dokonce definují rizikový faktor, takže pojišťovna nemá nic jiného na práci než papírování, i když dochází k menším potížím.
Jednou z nevýhod je skutečnost, že některé léky mohou být použity k několika účelům, například některé lékařské formule jsou léčit migrénu, vlny veder nebo dokonce deprimátu.
Ten je významný faktor zvyšující se rizika z pohledu obchodních pojišťoven, zatímco ostatní dva nejsou.
Konkrétní společnosti, které se zabývají získáváním a zpracováním údajů a před získáním potřebných informací z lékáren požádají od pacienta o povolení.
Jsou již povinni tak uskutečňovat, i když jejich předchozí selhání nebyla penalizována.
Některé společnosti zpracovávají dokonce výsledky laboratorních vyšetření a propojují ty s údaji o konzumaci drog. Tímto způsobem mohou poskytnout přesnější informace o zdravotním stavu pacientů.
Stále více společností získává přístup k údajům a paralelně je stále obsažitelná kontrola jejich použití stále náročná.
Dochází ke zvláštnímu jednání o ochraně údajů o zdravotní péči, ale její rozsah zahrnuje pouze poskytovatele zdravotní péče a pojišťovací společnosti.
Návrh zákona o poskytování inspekční pravomoci úřadů nad společnostmi, které se zabývají poskytováním osobních údajů, byl předložen Kongresu.
Dick Richard si uvědomuje, že to nestačí: proto dále rozvinul svůj program, který by nyní omezil předávání údajů s ohledem na požadavek vyjádřeného souhlasu dotčené éčené.
Je však jen další otázkou, že žalobkyně nemůže souhlas skutečně odmítat, jinak pojišťovny s nimi neuzavřou.
Do jisté dávné ňauky tedy budou nadále záviset na benevolenci lišky.
Celoplošné Marseille Menu
Evropskou unii a Indií zdvojují obchod
Vzhledem k tomu, že Evropskou a Indii jsou předními obchodními partnery jeden druhému vzájemnému obchodním partnerům, programu devatňského souvisejského summitu dožadovala i tato otázka kromě dalších, převážně globálních problémů.
Dnes se bude konstatovat ani francouzsko-indický schůzkový schůzce, zejména o spolupráci s jadernou energetkou.
I když Evropská unie uznává, že Indie je vznikající demokratickou světovou velmocí, která by měla být v mezinárodních říších udělena více, členské státy zatím nebyly schopny dosáhnou dohody, zda podporovat trvalé členství Nové Dillí v Radě bezpečnosti OSN, nebo .
Tato hmota tedy nebyla vynucena během devátého vrcholného summitu, zorganizovaného ve včerejškovském vlámsku.
francouzský prezident Nicolas Sarko-zy ve funkci rotujícího předsedy odborového svazového prezidenta Josého Manuela Barrosa a šéf zahraničně pro zahraniční Policii Javier Solana uvítali indického premiéra Manmohana Singha a souhlasili s zdvojnásobením, tj. zvýšením o více než 100 miliard eur, obchodní tok za posledních 5 let.
Vzhledem k tomu, že mezi lety v letech 2000 až 2007 byla zveřejněna směna zboží ze 25 až 55 mld, není to přehnaně ambitivním cílem.
V důsledku toho 26 stávajících bila bilaterálních konvencí civilního leteckého letectví s Indií bylo legálně harmonizované, což znamená, že letecká přeprava může v budoucnu křídlově křídlově.
Indie si kladla podepisovat dohodu o volném obchodu s Unií až do konce roku 2009.
Sarkozy přislíbil, že urychluje harmonizaci.
CÍ cílem je najít bilanci, zatímco Indie je hlavním obchodním partnerem Evropské unie, ve stejnou hloubkou, ve stejné době má Nové Dillí jen deváté místo na seznamu partnerů z Evropské unie.
Schéna se soustředila na celosvětové otázky:
Pokud jde o situaci v Afghánistánu a pákistánském i v oblasti teridorství. Ten byl odsuzován ve všech formách oběma stranami a bylo naléhavé svolání Konference OSN.
Dokončení obchodního kola Dauhá se také urychlilo, i když za fiasko zatím zodpovědnou obě strany.
Evropská unie potvrdila zachování svého energetického a stejnosměrného programu, což má za cíl snížit emise leteckých znečišťujících léčiv nejméně o 20 procent do roku 2020.
Indie s tím souhlasila i s cílem dosáhnout celosvětovou dohodu na klimatických konferenci, která by měla přijít příští rok, snížit emise skleníkových plynů o 50 až do roku roku 20.
Dalším úkolem bylo zabránit růstu cen potravin a byla podpořena mezinárodní konference k přezkoumání finanční krize.
Indický ministerský předsevzetí se dnes chystá bilaterální schůzce ve francouzském hlavním městě, kde hodlá dosáhnout dohody o mírovém využití jaderné energie.
Paříž očekává, že francouzským společnostem získají zakázky na výstavbu jaderných reaktorů v Indii v hodnotě 20 miliard eur.
Podle informátorské agentury bude dohoda v platnosti po dobu 15 let.
Více než tři stovkové redakce ve Frankfurtu
Silná přísnost italských redaktorů Mezinárodního knižního jargu ve frankfurtském.
Více než tři stovkami budou italská redakce prezentovaná k šedesátému výročí Buchmesse, nejdůkladnější mezinárodní události pro výměnu autorských práv.
Mezinárodní knírenský veletržní knírenský výběžek ve Frankfurtu očekává pro tuto příležitost více než sedm tisíc vystavovatelů ze 101 různých zemí, které obsáhnou 171 790 metrů čtverečních půdy s více než 403 Tisícovými tituly, a Turito bude ctěným hostem.
Francesco Maria Giro, náměstek ministra kulturního památního dědictví a aktivit, bude reprezentovat italskou vládu při inauguračním ceremoniálu italského pavilonu: ve skutečnosti bude Itálie přítomna jako instituce s italským stájí – 264 metrů čtverečních exhibičních ploch.
Následuje tisková konference v Místnosti zlomenkového pavilonu 5,0 Buchmesse: to bude příležitost, kdy budou prezentovány údaje, trendy a pohled na status italského vydavatelského průmyslu.
Podle těchto údajů existuje postupně klesavý význam knih zahraničních autorů v italské inscenaci, a to zejména u dospělých a dětí.
Našla letoun Steva Fossetta milionáře zmizela před rokem
Byl nalezen vloják letounu Steva Fossetta, milionáře, který zmizel 3. září 2007 při přelétávání nad nevadskou pustinou.
Troská voda byla nalezena na náhorní desítce v nadmořské nadmořské nadmořské výšce 3000 metrů v Sierra Nevadě oblasti Mammothských jezeříčků na hranici mezi Kalifornií a Nevadou.
Uvnitř leteckého letounu však nebyly lidské pozůstatky.
Šerif okresu Madera John Anderson rozptýlil veškeré přetrvávající pochyby: "Letadlo se lokalizoval, vyslalo jsme tým a nyní máme potvrzení, že to je ten, na kterém Steve Follett letěl v den, kdy zmeškal," řekl na tiskové konferenci na tiskové konferenci.
Šerif poté poukázal na to, že žádné lidské pozůstatky nebyly nalezeny žádné lidské pozůstatky ani v okolí.
Milionář ve věku 63. let byl v únoru vzdělán k trestu smrti.
Americký národní úřad pro bezpečnost do dopravy (NTSB) hlásí, že některé hodiny poté, co byl vrak spatřen vyslán vyšetřovací tým, který pak identifikoval letadlo: je to Bellanca 8KCAB, která je pohřešována od 3. září 2007, kdy Fossett vzlétl z Yeringtonu v Nevadě na třeťaletý let.
Včerejšek, vždy v Kalibrii daleko od hranic s Nevadou, některé osobní efekty, které patřily Fossettovi, našel pár poblíž jejich domu v Mammothských jeslích.
Tyto položky jsou dva dokumenty na jméno Fossetta, oba vydané Federálním Úřadem pro letectví v Illinois, některé hotovosti a mikinu.
Pátrání po Fossettovi bylo odvoláno měsíc poté, co zmeškal.
Milionář si získal místo v historii díky sérii světových nahrávek.
V Roce 2002, při svém šestém pokusu, se stal prvním mužem, který dokončoval kolem světového výletu horkovzdušným balónem: dvoutý-týdenní sólový úprk.
O tři roky později podnikl celou světovou cestu letadlem bez přistání.
Mezi jeho mnoha nahrávkami také létá 15,445 m, nad Andami, ale s druhým pilotem.
Glk, inzerce, která vás neočekává
SUV, které je mimo normy s originálním designem definovaným rozhodnými čarami, rozsáhlými plochami a čistými broušenými zatáčkami.
Stručně řečeno, jedná se o GLK, nejnovější přídavkový přídavek "kompactních" terénních vozidel od hvězdného výrobce, s nímž se Mercedes-Benz pokusil vstoupit do tohoto sektoru závan čerstvého vzduchu.
Právě proto, že jeho vlastnosti jsou mimo tradiční normy, zpráva doprovázející spuštění SUV GLK bude také nečekaná a nekonvenční, bude k dispozici ve výstavních místnostech Mercedes-Benz od příštího sedmnáctého října.
Takže propagační kampaň, která bude doprovázet debut nového vozidla, spustí novou komunikační metodu, která také zahrnuje futuristickou kampaň 3D billboardů, používaná v Itálii značkou automobilů.
Projekt velkých billboardů, odeslaný do pohybu ve třech různých fázích, které dosvědčují nejcentrálnější milánské nákupní ulici Corso Como až do patnáctého Listopadu.
První fáze tohoto nového typu komunikace bude začít s prezentací vozu ve stereoscopickém vididle a díky speciálních brýlí nynějškům distribuovaným v okolí Corso Como bude možné vidět nové SUV ve skutečné velikosti a 3D formátu.
Podíváme-li se na ten obrázek, dostane pocit, že auto vyčnívá z plakátu.
Náhledána použitím inovativní technologie Elumina 8 budou všechny detaily nového GLK osvíceny v různých časech a poté budou znovu sestaveny jako jediný obrázek.
Bez jakýchkoli podrobností se Mercedes prostřednictvím této inzeráty snaží zavést do konvenční oblasti automobilové publicity něco nového.
Uspěje s touto formulí, aby vyprovokoval zájem budoucích kupců? Uvidíme.
Zde je, jatejské chuligánci
z Tri-Veneto může mít zakázáno navštěvovat sportovní zařízení (Daspo).
Ale kdo jsou lidé ze 150-200, s nimiž se Itálie nyní stydí? Tvoří součást skupiny Ultras Italia", která po léta podporovala národní fotbalový reprezentaci a až doponě, pravda, nikdy nevytvářely velké problémy.
Ani to se nikdy nespokojilo s neohrabanými fanoušky.
Výstřiženost skupiny je pravé křídlo.
Promotéři pocházejí z Tri-Veneta.
Z Verony, Padovy, Testosti a Udine.
Ty se k nim připojovaly některé malé skupiny (skutečně jen velmi málo členů) z Campagnie a Puglie.
Mají tříbarevné vlajkové vlajky s městem původu ozbrojenců na nich: v sobotu byly odstraněny, aby nemohly být identifikovány.
Berou své nápady od angličtických příznivců.
V Bulharu našli příznivci, kteří byli skutkovými nacisty, Levské skupiny.
FIGC kložil italským fanouškům 144 lístků na zápas: všechny osobní, tudíž snadno zkontrolovatelné.
Ministerstvo vnitrozemského ústavu Viminale je ve skutečnosti zkontrolovalo všechny: mezi těmi skupinami, které chystaly Sosofii, nebyly žádné zakázané nenavštěvovat stadion, nikdo neměl zakázáno navštěvovat stadion.
Čtvem italští příznivci, kteří měli předchozí trestné činy související se stadiónem, ve skutečnosti odmítali vstupenky a bylo jim zakázáno.
Ministerstvo vnitra nyní čeká, až si bude moci přečtat oficiální záznamy, které by měly přijít od bulharské policie před přijetím kroků: v tomto případě je možné zakázat po dobu pěti let přinejmenším příznivců, kteří byli zatčeni nebo ti, kteří byli během nepokojů identifikováni.
Mezinárodní zásilkové zasnoubení, které zakazuje přítomní nejen stadionů v Itálii, ale také v celé Evropě.
Zkrátklých chruk by na jiný stadiment nevstoupil.
S Náhodou.
Ale nyní existuje strach z emulace: to je to, že ostatní se připojují o něco více než sto.
"Musíme okamžitě vytyčit tento pomůcek a legitimizovat ty, kteří se chovají tímto způsobem,“ prosazují ti na ministerstvu Viminale.
Takže, "oči jsou dokořán, zvláště proto, že národní reprezentační tým hraje ve středu v Lecce".
V Puglii ve skutečnosti existuje malé jádro příznivců Ultras Italia.
Observatoř se zítra shromáždíme, v úterý CASMS, která může počítat se částí AISE, tedy tajná služba, která zvládá přesně problémy na stadionech.
"Sbor Duce-Duce a pažba natažená během hymny Mameli? V Bulharsku to není zločin..."
Jedná se o myšlenkové (vyjádené s velkým zhroucením) Domenica Mazzilliho, který je před několika týdny ředitelem Observatoře Viminale (dosvědčil post, který původně zastával Francesco Tagliente a pak Felice Ferlizzi).
Dříve Mazzilli byl vedoucí policejní administrativy v Terstu, kde existuje nula příznivců Ultras Italia, založená v roce 2002.
Pravdivé, říká Mazzilli, že v Bulharsku není zločinem skandovat chvalozpěvy k Duceovi, ale chování těchto 150-200 fanoušků bylo hanebné.
"Nejsem sociolog - přidává n.1 Observatoře – trestný čin by měl být impotován v zemi, kde k incidentu dojde.
Až dosud tato skupina zůstávala v rámci čárových čarakostí, nyní se dočkáme toho, co se skutečně stalo a vyhodnotíme to pro budoucí odkaz.
Ale povídáme také o šťourání na hymnu Mameli: to také v Bulharsku také není trestným činem, ale pokud smím říci, nejsou to dobré mravy ...".
