Triumph of right-wing populists in Austria, together have 29 per cent
Significant weakening of both parties of the current Grand Coalition so far and a significant reinforcement of right-wing populist parties brought Sunday's early parliamentary elections in Austria.
The Austrian People's Party (ÖVP) suffered particularly heavy casualties, where the position of the current chairman Wilhelm Molterer is seriously shaken.
Conversely, the electoral leader of the Confederation for the Future of Austria (BZÖ), Carnite Governor Jörg Haider is preparing a triumphant return to national politics.
According to preliminary results, it remains the most posting party in Social-Democracy (SPÖ) with 29.8 per cent of the poll, losing 5.5 per cent of the vote.
ÖVP lost even worse, losing almost nine percent of the vote with 25.6 percent.
These are the worst results of both of these big parties in Austrian post-war history and, especially among the People's Party, which provoked an early-elect, literally a disastrous result.
Even at the beginning of July, when ÖVP came out of the coalition, the People's Party had a considerable head start in their preferences over the SPÖ.
Voters, however, apparently punished them for letting the government crash.
Already in the first reactions to the results there was speculation about the possible resignation of the party's chairman and the current Vice Chancellor Wilhelm Molterer.
Observers believe this could take place as early as Monday at an emergency meeting of the party's bureau.
Such a development would probably facilitate the path to the increasingly proflith-presumables from an electoral result, i.e. the restoration of a grand Coalition of SPÖ and ÖVP.
Due to the strengthening of the two right-wing populist parties (FPÖ), they tentatively gained 18 percent and BZÖ eleven percent of the votes - at the same time, the Social Democrats expressed concern for a repetition in 1999, when the People's Party argued with populists (at that time it was still ununispersed, in 2005 it broke away from BZÖ) on a joint government that even provoked sanctions on the part of the European Union.
Haider, who has already stated that he is ready to cooperate with any party and presupposes a return to Vienna into national politics.
The Green Party got into the parliament, but it was slightly lost and plummeted among the Austrian political parties from the third to the fifth place.
None of the other parties clearly surpassed the four-percent threshold and did not make it to parliament.
Schwarzenberg: Relationships with India can get cold
If the problem of Czech scientists who have been indicted in India for the illegal collection of beetles could not be solved, according to Czech Foreign Minister Karel Schwarzenberg, Czech Foreign Minister Karel Schwarzenberg would lead to a certain cooling of Czech-Indian relations.
The minister stated it in New York after today's reunion with his Indian counterpart Pranab Mukherji.
"If it hadn't been resolved, then yes, then there would have been a certain cooling," he said after the meeting, which took place from the Czech initiative.
Mukherji said after the hearing that an executive power can hardly intervene in the litigation.
However, he stated that in the case of Petr Švácha, who was acquitted and punished with a fine, the central government can negotiate with the local government in Dardishiving, into whose jurisdiction the case falls.
"His problem could be solved," the minister said.
For Emil Kučera sentenced to three years in prison, according to Mukherji, it would be the best for him to appeal to a higher instance.
He can then apply for bail on bail and await the voyunication at liberty, he explained.
Schwarzenberg confirmed that his partner also made the same statement during the negotiations.
"Recommends an appeal to a higher court, then it could be parodied," the head of Czech diplomacy said.
The only way the Czech party can enter the whole matter is to provide "comparent legal support" to convicts, the Indian minister said.
At the same time, he said the Indian side already provides them with such help.
"We have the highest interest in maintaining the best relationships with India that have a long-term tradition.
The Indians also recognize this," Schwarzenberg said.
At the same time, according to ČTK, he emphasized in front of his partner that the Czech Republic attaches great importance to the problem of Czech entomologists.
"We really consider it a profound miscarriage of imprisonment and imprisonment of these Czech scientists," he said.
Respondents to the question of whether he received a promise from the Indian party to deal with the minister avoided.
"I've received quite a number of promises," he said.
Cech Succumbs Fight for the Roome
It will proceed to a musculoskelled electronic map depicting Australia and the adjacent marine areas.
However, he does not care about the continent, but a small point lost in the blue of the ocean.
"The island belongs to Australia, along with an adjoining seabed.
At the same time, the area is as great as the continent itself," says Italian lawyer Luigi Santosuosso, who belongs to a thirty-member team of U.N. Department of Ocean Affairs and the Law of the Rights of the United Nations.
Its boss, the director of the division, Czech lawyer Václav Mikulka, monitors and occasionally completes the interpretation.
There's work vigor and enthusiasm.
The seashone hides a never-familiar-familiar world, rich in natural resources.
You can find crude oil, ores and other grated raw materials, but also hitherto unfamiliar living organisms that carry the wrench, for example, to develop a cancer drug.
The bottom larger than the mainland
Côte d'Air began to apply for new submarine.
According to the U.N. convention, they use their rights, which they agreed in 1982 in Montego Bay, Jamaica.
It is mainly an area of the so-called continental shelf, which often extends only a few hundred kilometers from the coast of the country.
According to the treaty, it has an exclusive entitlement to all the resources of the continental shelf.
"Simply speaking, for the continental sheep, the part of the seabed and its subsoil, which is a natural continuation of the continent under the sea.
It stretches beyond the bounds of the territorial seas, often beyond the limit of two hundred nautical miles of the so-called exclusive economic zone", explains Mikulka.
The request submitted by the country to the Commission for the demarcation of the external borders of the continental shelf must be substantiated by extensive scientific and technical documentation based on many costly surveys and measurements.
It is the result of many years of preparatory work.
"One of our tasks is to provide legal and professional technical assistance.
So far, the Commission has debated five applications, namely Russia, Brazil, Australia, Ireland and New Zealand.
So far, only three of the latter countries have succeeded," Mikulka adds.
A world resonance has recently been the success of Australia, first substantially expanding its undersea possessions.
But New Zealand has also recovered - the size of the seabed, which the commission admitted to it last week, is about 1.6 million square kilometers, roughly six times the size of the state itself.
Both countries have invested millions of dollars.
Profit, which in the future from the use of the seabed, will, as they promise, invaluable.
Other states will also gradually submit their applications.
They can only do so within a decade of ratifying the "Agreement of Montego Bay".
Where the continental shelf ends, the ocean-houth area begins, declared a "common heritage of mankind."
There is no longer an exclusive state.
Mining rights in this area shall be granted by an established international institution.
"But the sea floor is no Klondajk," says director Mikulka in an exaggeration, adding that his "individual areas are legally clearly defined and their regime contractually enshrined".
Czechs in the Pacific
Part of the seashore today also belongs to the Czech Republic.
It is shared with other Eastern bloc states as part of the joint organization "Interoceanmetal".
In 1991, according to the treaty, as well as the investors of a few other states, it gained the status of a so-called "pioneer investor".
It is authorized to mine in the ClarionClipperton zone in the Pacific Ocean, lying between Mexico, the Hawaiian Islands and Kiribati.
An investor-explained area is slightly larger than the former Czechoslovakia.
The bottom is rugged, it's kind of an undersea replica of Tatra.
"It can be mined there on an area with a total area of 75 000 square kilometers.
The area is a rich field of polymetalic concretions containing nickel, copper, co-balt and manganese," says another lawyer, Ind Pakshi Rajan.
The Macedonian division worker Rober Sandev delivers one such conciliation.
Reminiscent of a little potato or, with a little imagination, a fabulous shem who, according to the legend, revived Golem.
The German Special Deployment Troops Werquity in Liberation
The Egyptian government has asked for help from Germany in resolving the hostage crisis - experts have arrived.
When the situation escalated, special forces were prepared, but there was no deployment.
Further details of the liberation liberation of the Election of Eleiction of European Tourists are gradually being brought to the public.
According to data from the Ministries of Defense and the Interior, German special forces also indirectly participated in the rescue operation.
According to ministries, both experts of the federal army and members of the anti-treatist group of the German police GSG9 were on the site of liberation, squadron of the federal police, the Federal Crimean Office, as well as logistics experts from the Technical Assistance Service (Technisches Hilfswerk).
According to a further announcement by the spokeswomen of the two ministries on Monday afternoon, however, there was no need for German forces because the kidnappers let their captives go and fled when they recognized the signs of forcible liberation.
The Egyptian government is said to have accepted the aid offered by Germany as a supporting force for on-of-coming action.
"Fortunately, it didn't happen here," one spokeswoman for the Federal Interior Ministry said.
The assailants abducted a group of travelers consisting of five Germans, five Italians, one Romanian, as well as eight of their Egyptian guides on September 19 in the south of Egypt.
After kidnapping in a desert area in the south of Egypt they moved hostage in border areas between Egypt, Libya, Sudan and Chad.
Hijacker identities remained vague until the last moment, as well as details of the exemption or possible payment of the ransom.
At the moment, they are rescued safely in Cairo.
Minister Steinmeier has said that the liberation of the hostages is in the care of the German embassy.
He did not comment on the details of his dismissal.
So far, there is no information available in Berlin when the rescue will be returned to Germany.
According to "Bild", all five tourists should, even with special forces, fly one of the Airbuses of the German Air Force and arrive in Germany on Tuesday.
U.S. Deputies Responsibility to Resume Bail-up
The U.S. Grandson's First House of Congress had a $700-billion-deal bailout bailout package for financial markets.
The Dow-Jon index plummated sharply.
In a ratio of 206 to 227, the U.S. Chamber of Deputies rejected the government's bailout bailout package for financial markets.
Despite all the calls of U.S. President George W. Bush and leading politicians of both sides, a majority has not been found for a program to alleviate chaos in the financial markets.
With a dramatic action, proponents desperately tried to convince critics of a $700-billion-dollar package.
Barney Frank, a Democratic negotiator, urged MPs before the poll to agree, even if, as he put it, the plan isn't popular.
"It's hard to gain political acknowledging for avoiding anything that hasn't happened yet," he acknowledged.
Even during the poll, the Dow Jones index succumbed by more than six per cent.
This was due to investor fears that the state bailout package could be forfeited.
Shortly before the end of the poll, the value of the index went up in order to fall sharply again after announcing the collapse of the package.
Experts are now plaguing other serious turbulencies in the international financial markets.
In order to come into force in order to come into force, it is necessary the consent of the Chamber of Deputies and the Senate.
Travel Agencies Are Seeing Increased Pore-Pregnancies
It looks like winter is going to be good for German tourism entrepreneurs:
According to one study, the turnaround has risen significantly for next-month bookings compared to the previous year - even by more than 30 per cent for the winter season.
In spite of its weak economic growth, the appetite of the Germans remains unmistakable.
For bookings for the winter season, graduation agencies recorded an increase of 31 per cent compared to the same period of last year, according to the German Travel Association (Deutscher Reiseverband, DRV).
According to the GfK market research research survey, there are already increased reserves available for the autumn months.
The turnaround was about eleven percent higher compared to 2007, compared to 2007.
The basis for these results is GfK numbers, which annually evaluates booking data from 1200 German travel agencies every month and interpolates them into the overall market.
This result included bookings, which took place until the end of August 2008.
Due to the weak exchange rate of the U.S., travel to the U.S. is mainly demanded, the DRV said.
On these trips, the increment of reservations is about one-three.
In addition, Spain, Turkey and Greece, as well as domestic waters, are particularly popular targets for the Germans.
Above all, organized tours are on the course, DrV chairman Klaus Laepple said.
In view of rising energy expenditure and food, the costs here "it is easier for the client than for an individually organized holiday".
Laapple explained that consumers can, among other things, smash money by using discounts for early bookings or all-inclusive offers.
Even in the summer months, the number of bookings was very good, so there will again be a higher turnover compared to the previous year - even if, according to a different study, the number of Germans who made a path decreased compared to the previous year.
My first Oktoberfest
Indefinitely recurrence, beer from tullers and prominent people in costumes from well-known designers.
For the first time in a beer meadow.
Susanne Kronzucker doesn't really have much in common.
She's a blonde, a TV presenter, and she's tailor-to-measure.
I've got dark hair, I'm a student, and my dress is second-hand.
However, one thing unites us: we are not even three minutes in a beer meadow yet, and photographers are already throwing themselves at us and agile memory cards - it flatteres me, I'm at Oktoberfest for the first time.
That's how you can be friends.
Looks like my inexpensite has fulfilled its purpose.
I'm here as a hiker and I'm living north of a sausage equator, and so my sense of comfort in costume was rather confined.
But as soon as he arrives at Theresienwiese, everything is better than it seemed.
Nearly everyone is wearing a women's costume or leather pants; no one looks disgusted or awkward - everything is completely normal.
Streak at the banana stall in chocolate only reaps my apron.
One Munich woman warns me that I misunderstood her: "On the left you're free, in the middle of a virgin, set on the right, widowed in the back."
Sweave, I'm going to move the bow from the back to the left.
"Okay," he says, laughing.
Others don't deal so much with sublipulous flirting techniques, and they're wearing simple felt hats with the inscription "To drunk to get dressed!" and sticking out on passers-by nude asses.
A young man with such an exhibitionist inclination is called Bob. He is from England, and for the first time he came to Okthoberfest for the first time.
He finds "gorgeous", with an elongated "óóó".
That's what he tells me after he's been relieved of just tasting seas.
Right next to one of those hydrants that they all don't think are rubbish bins.
So Bob is one of the dreaded "Wildbieslers", as in Bavaria is called free-spirited people.
Others don’t get rid of this way of alcohol.
Around eight o'clock in the evening they run along the area where Okthoberfest takes place, a lot of medics who have to take care of the poor drinkers.
Paramedics always appear in flocks - in four they wear a covered stretcher from the tent to the tent.
They work, like most visitors to the beer meadow: an empty there, full back again.
Whoever lies under the tarpaulin of this coffin from a pardon can not be seen.
"It's a mo who can't go on," one of the paramedics calls to my question and disappears into the crowd.
The police released the name of the victim of the accident
The sixty-three-year-old woman who died in a hospital has been released after she was hit by a car in Essex.
An Accident at Shenfield Road in Brentwood on Friday p.m. befessed Carole Paulson of Chelmsford Road.
She was rushed to Queen's Hospital in Romford, but she later died.
A fifty-one-year-old man was detained after the accident on suspicion of relugnant driving.
He's already been dismissed on police bail.
Turkish Diplomatic Horizons Expansion Expansion
A long time before Turkey started trying to join the European Union, European powers longed to dig deep into the Turkish outskirts.
On the eastern bank of Bosphorus, perhaps only twenty steps in Asia, stands one of the finest monuments of this unsuccessful imperial ambition.
Hydarpasha railway station was designed by two German architects Otto Ritter and Helmut Con in neo-Renaissance style.
Tourist guides will tell you.
The building sits an astringe at the end of the platforms with a tower on every corner of the façade, indistinguishable from some provincial German town hall.
The stone is filthy.
The whole building slowly crumbles.
But as soon as a person gets inside the vaulted treasury, you can no longer have any doubt about the size of the enterprise whose westernmost gate was the station.
In August 1908 it was opened by an Anatolian-Baghdadian corporation in August 1908.
Germany, which took part in an imperire game late, intended to realize its ambitions to dominate the Middle East using this railway, which was supposed to lead into Damascus, Baghdad, and the territory, which today is Saudi Arabia.
But the German imperial ambitions collapsed during the First World War.
Their dormitories were invaded by Lawrence of Arabia and its non-schedules.
Relative Isolation from the Surrounding Territories Created by the Frozhiffon of the Cold Wrought-Woles is Away
The British and colonial forces advanced from Egypt, displaguing the Turks and their German allies from Palestine and Syria.
And there was also bad news for Hydarpasha.
In 1917 an ammunition train exploded its elaborate roof.
Turkish sources say it was sabotage.
Since then, it has gradually shrouded itself and history bypasses it.
But today this gateway to Anatolia and further east serves - at least symbolically - to accentuate the escalating horizons of Turkish diplomacy.
Ruling Justice and Development - AKP - created a completely new foreign policy for the country.
Relative issuance from the surrounding areas, formed by the frozen borders of the Cold War, is gone.
Now a new policy is being pursued - Turkey is getting involved.
It is noteworthy that the Turkish government has good ties with Israel-Syria, the Palestinian factions of Hamas and Fatah, with Iraq and Iran, and, of course, with the European Union and the United States.
In order to re-examine the parameters of this new policy, I boarded a night train in the Turkish capital Ankara, where I was supposed to meet one of AKP's leading experts on foreign policy, Turkish MP Suat Kiniklioglu.
The next morning - about ten-and-a-half an hour later - after an unlucky ride on the tracks commemorated, commemorating the old-world rhymes of the well-familiar documentary Night Mail, I arrived in the Turkish metropolis, designed as a new city for a secular state, which wants to turn its back to its Ottoman past.
However, AKP with its well-known Islamist roots represents a shift in the paradigms of the Turkish consensus.
It aroused acquiession in the west, especially in Washington.
The taxi brought me to the main tent AKP, an ultra-modern stone and metal building, deliberately erected in an unfamiliar prefabricated suburb, surrounded by half-understood departmental department stores, and power-trailers where middle managers in business suits - both men and women meet to make early morning shops.
Suat Kinniklioglu could easily be a centre-legged politician from almost every other European political party.
Jacket, tie, I'm sure Blackberry did, too.
"The party's foreign policy aims to reintegrate Turkey into its immediate vicinity.
The Cold War was an an anomaly," he told me.
Turkey has been cut off from its rescumble.
Today he has to look east and west at the same time.
It wasn't a choice.
It must've done both.
"But I'm sure there will be a moment," I asked, "when Turkey may have to make a decision?"
"Turkey," he said, "didn't want such a decision had to take place."
He then emphasized what almost everyone with whom I have spoken here said almost by heart: Turkish relations not only with the Middle East, but also with the Caucasus and around the Black Sea are as much for the benefit of Europe and the United States as Turkey.
With Turkey on board it seems that Europe as a whole can, metaphorically speaking, ride on these tracks east to Asia and the Middle East.
Back to Hydarpaša station, after another mostly waking night, I was thinking of the two German lords Herr Ritter and the Herr Con, who were watching this building stand up a hundred years ago.
How they would be surprised if they found that European ambitions in the Middle East can now be, largely, in Turkish hands.
And when I was waiting in the harbor for the ferry back through the Bosphorus, I remembered that in those days Turkey was called the "sick man of Europe".
So it seems that at least at that time there was not a lot of doubt which continent should be entitled to this fascinating country.
Sweatable Lives: Vernon Handley and William Woodruff
Mark Brown writes: As guildford music manager since 1962, Vernon "Tod" Handley (an obecologist, September 11) was in charge of the Guildford Philharmonic orchestra and choir.
As part of the district's musical plan, he founded an excellent choir of young Proteus a year later.
He was supposed to be under the age of 21, but at the time Proteus last sang in 1979, there were almost 30 of us - we simply refused to give up the congregation.
The name "Proteus" (mythological shape changer) represented the willingness and ability of the choir to embark on any music that was presented to it - whether madrigaly or Messiaen, either on its own or with an entire orchestra.
The musical adaptability created by such a young choir was often astonishing, always thrilling, all thanks to the inspiration of the only man and the enthusiasm for the music that has remained utterly immutable all the time.
How often Just Tod told us to "leave the music for ourselves".
He said: "The composer knows what he wants.
It's all in the music.
Sing it then! '
Its baton technique was absolutely clear and precise, but it was neither dictatorial nor flowery.
Wherever the musical standard was, he always lifted it up.
John Frayn Turner writes:
If some conductor was to be knighted, then it was Vernon Handley.
I knew him well in the two-decade, when he was conducting Guildford Philharmonic from 1962 until 1982.
Over the past 40 years, I've reviewed more than 100 of his gigs and I can honestly say I've never been misbehavior to any of them - and I've been inspired many times.
Tod Handley had such a great combination of size and personal modesty.
He hated the conductors who, according to his words, simply "pulled around the world one or two soaking stones".
We're going to miss a lot.
William Woodruff
Professor John Beckett writes:
Your necroologist William Woodruff (September 25) argues that "in 1946 he retired to economic history at Oxford and in 1950 he became a Hoiblon-Norman researcher... and at the same time he studied at BSc, MA and PhD".
This stems from Woodruff author's remembrance in Beyond Nab End, but it's not accurate.
From 1946 until 1953 he taught economic history at the University of Nottingham, and at that time he completed his dissertation on the British rubber industry, which was led by Professor J. D. Chambers, and subsequently published it in 1958 as the British Rubber Industry.
Truly he spent 1950-51 in America as a researcher at Hoiblon-Norman and summer 1952 at the University of Illinois, Harvard and New York.
In 1953 he finally left Nottingham and transferred to Illinois.
It is not known why Woodruff passed this part of his career.
J. Vicente Resino at the Philosophical Faculty of Philosophy
"Recommend José Vicente Resina "Flamenco and Life", because his documentary black-and-and-and-and-and-white photographs are amazing.
I was captivativated by the simplicity and strong charge with which they affect the viewers and the consideration and respect for the photographed.
An exhibition that shows a lot of affection.
Resino can capture magical moments.”
Hos Honda attacks its bestseller for the second time
In the month of November, Honda will start selling the second-generation Jazz.
If the forerunner of this single-spatial vehicle already possessed considerable space, it now offers an even more spacious interior.
Improved engines, which increase driving comfort and allow for greater fuel savings.
Evolution rather than a revolution.
That's the second-generation Honda Jazz.
Although from an aesphatical point of view the lines of the new Jazz are very similar to the previous model, there have been a lot of changes on this single-spatial car.
It is necessary to mention e.g. innovative design, a new platform, larger dimensions and new engines.
Even before we explore the new model, it should be noteworthy that the new Jazz is coming to the market six years after the launch of the first-generation.
Therefore, the first thing we notice is the fact that Honda needed a shorter period to rejuvenate this model than other manufacturers.
Although Jazz is a less well-familiearminated model in Europe, in other markets it has become a Phenomenon in sales.
This is the case of Japan, the country where Jazz was the best-selling car in 2002, and also during this year's 2008.
Nearly a million units have been shipwreck in Japan since the launch of Honda Jazz.
The second market became an old continent with about half a millennium units sold in six years.
Honda, however, aims to make the new Jazz increase sales in its category.
Thus, while in 2007 the Japanese company sold a total of 83,000 Honda Jazz, in 2009 the estimates include 100,000 cars, which would mean an increase of 17% on the European market.
Responsive to the Spanish market, Honda has sold a total of , 5,000 units of the Jazz model since 2002, a 6.7 per cent of Honda's total sales in Spain.
Regarding the new-season of Jazz, the management of the Spanish branch arguably awaits the sale of 2,000 units for the whole year.
It is the arrival of the new Jazz that will allow Honda to significantly alleviate the drop in sales in Spain.
The automaker's leadership thus de facto awaits the end of the year with a total of 22,000-sold units, which represents 4,000 fewer than in 2007 and a decrease of 16%.
In spite of this increase in sales, Honda increased its share of the Spanish market to 1.8%, compared to 1.6% from last year.
In 2010, this Japanese company expects it to reach 2%.
In order to achieve this share, Honda reliances on the success of its next new model.
It is Honda Insight, a five-speaker compact-sufficient compact-sufficient-size hybrid with a 4.37-metre-long range, from which the Japanese company promises a global sale of approximately 200 000 units a year.
When it comes to markets, according to the Japanese manufacturer's estimation, 50 per cent of Insight will sell in the U.S., while the remaining percentages will be distributed by the old continent and Japan.
Honda Insight sales are expected to begin in the first months of next year, as soon as it is presented to the public in Valencia in Valencia.
Compared to the first-regirth of the new Jazz, all dimensions have increased.
Its length increased up to 3.9 meters (five centimeters more), the width to 1.69 meters (two centimeters more) and the wheelbase to 2.5 meters, which means an extension of five centimeters.
On the contrary, the height did not change and is still 1.52 meters.
Enabling the dimensions were also to enlarge the inner space.
This advantage was achieved, on the one hand, the use of a new platform, on the other hand by storing a fuel tank in the middle of the car, which has already been used in the previous Honda Jazz.
The volume of the luggage compartment - which has a double-houlder system - has also increased up to 399 liters, 19 litres more than first-generation luggage capacity.
It should be noteworthy that these dimensions occur in a version with a 1.4 engine, as the luggage compartment volume at Honda Jazz 1.2 is 379 litres.
In addition to the external elements - such as rear LED lights or the possibility of equipping the glazied panoramic roof - it is easier to get access to the rear seats.
Doors leading to the second-seater of the seats allow an 80-degree opening angle compared to 67 on the first Jazz model.
For the second-generation Honda Jazz, there are also new engines.
From the beginning, this small model will be offered with two gasoline engines of 1.2 and 1.4 liters.
Both engines use i-VTEC technology, which allows for lower consumption, lower emissions of carbon dioxide and bring excellent improvements to the propulsion system at the same time with high torque at full engine speed.
The first 1.2-liter engine has an output of 90 hp at 6,000 rpm with a maximum torque of 114 Nm at 4,900 rpm.
This engine - which had 78 hp in the previous generation of the Jazz - has a consumption of 5.6 litres and an emissions of 125 grams of CO2.
Compared to the previous engine, which reached 83 hp for the previous generation the previous generation, it will now reach 100.
The 100-horse-powered Honda Jazz 1.4 has a combined 5.4-liter consumption and an emissions of 128 grams of CO2.
"Auto Bee" prevents collisions
For progress in the development of anti-accident-precision technologies, this time Nissan was inspired in nature, specifically beeves.
This Japanese company has created a robot that takes as a pattern of bee flying and thus prevents collisions.
Such is Bio-mimetic Car Robot Drive or BR23C, which represents the first step in collision prevention technologies.
Engineers of the Centre for Technical Advances of the Nissan Motor Co. robot have evolved, in cooperation with the Centre for Advance in Scientific and Technological Reconnaissance in Science and Technological Repetition.
According to Kazuiro Doi, the General Director of Public Relations for Technology, R&D and Brand Development, the BR23C is presented as an extension of Nissan's four safety-shield zones.
The robot is tasked to strengthen the ability to prevent rainfall in the cars of this brand.
During the flight, each bee creates its own oval-shaped personal space, which closely resembles a Nissan safety shield.
The most important, however, are folded bee eyes, which are able to be visible in all directions at an angle of more than 300 degrees, which the bee makes it possible to fly in its personal space without stopping.
Engineers, when creating this visual function, designed what they called a laser localizer (Laser Range Finder).
It detects obstetricities located up to a distance of two meters in a radius of 180 degrees in front of BR23C, calculates the distance of the object and sends a signal to an on-board microprocessor, which immediately converts it to a collision warning.
"The moment an obstacle is recorded, the robot imitates bee movements and immediately changes direction by rotating the wheels to an even even greater angle to prevent a collision.
The biggest difference compared to any existing system is the fact that all evasive manoeuvres are absolutely instinctive.
If that wasn’t the case, the robot wouldn’t be able to respond quickly enough to avoid obstacles,” explains Toshiyuki Andoh, Director of the Mobilní Laboratorial and Chief Engineer of this project.
Unlike bees, the robot cannot move upwards and down or diagonally, its movement is confined only to two dimensions and to the direction in which it is possible by rotating its wheels, but not in an infinite number of directions and possibilities as for bees.
In addition to accelerating and escalation, Nissan also took advantage of the rotation function in order to prevent a collision from colliding.
"Equipment only needs to process information every a few seconds and behave according to these data.
Doesn't require the preservation of information or logical intuition from previous manoeuvres, thanks to which it can function without interruption with only two dozen kB of memory.
It may surprise you, but we don’t talk about gigs or a mega.”
This is the first step in the development of new precipitation-imp-defiency technologies, a technology in which Nissan predicts use for mass-evidence cars in a decade.
The robot uses lithium polymer batteries, which are lighter and last longer than lithium-ion.
Another possible future use of this technology could be incorporating the unit into the GPS satellite navigation system, which would lead the driver to its destination, avoiding obstacles on the way.
Enjoy the Fear Before Taking Mortgage
Recognising it should be acknowledged that the U.S. Treasury, in addition to having enough capital to hand out injections, there is also an ingenuity ingenuity.
Facts against the crisis, and in order to prevent Americans from taking high-risk mortgages from banks with dubious solvency has created a popular-educational "Bad Credit Hotel" game on the Internet.
It's a "Holiday Loan Hotel"... or a misguided hotel.
The hotel and especially its receptionist look gloomily so that a person thinks twice and three times whether it is the right time to apply for a loan.
Above all, where to ask, which is probably its intention.
The fact is that the game contains useful information, albeit unprepayingly detailed.
It's a site suitable for young people rather than space for the entire public.
And what happens when the game ends?
There will be a dream room inside the hotel.
At Least something, 'cause I'd rather not talk about buying a house...
Morgan Stanley Opens Its MUFG Capital
The Banking House Morgan Stanley has announced that Mitsubishi UFJ Financial Group (MUFG), Japan's largest bank, which spends $9 billion, was entering nine-billion-dollar to gain 21 per cent of its capital. Adoption of this report was accompanied by a significant drop in its exchange rate.
A week after releasing its preliminary agreement, both banks explained that MUFG intends to buy 9.9 per cent of regular Morgan Stanley shares at an unified price of $25.25, a total of three-bli Billions.
The negotiated price is 19 % lower than the book value of the securities on 31 August.
MUFG is investing an additional $6 billion in acquiring convertential securities, which will provide it with a 10% yield and whose exchange rate is $31.25.
Morgan Stanley clarified that the whole operation will take place on the basis of an average uniform price of $29, i.e. 28 per cent below its current exchange rate.
However, Morgan Stanley shares lost 6.79% and reached $23.07 around 17.00 Greenwich time.
"This strategic merging represents an important opportunity on the path to accelerating Morgan Stanley's transition to the status of a banking holding company," explained John Mack, director-in-a-general of the U.S. group.
The new status was adopted by Morgan Stanley last week, which is intended to diversify its activities, but at the same time it puts it under the supervision of the Federal Reserve.
Compliance with the MUFG also confirms that today's financial crisis is forcing Wall Street's biggest aces to take a much more cautious approach than before.
The conditions presented on Monday show, among other things, that an agreement has been alternating over the last few days: last Monday Morgan only announced that it would sell up to 20% of its shares to Japan for about $8.5 billion.
"Just a week ago, we were thinking," Toshihide Mizuno, MUFG's chief executive, explained in Toki, "that our turnout will consist entirely of ordinary shares.
However, with regard to the current situation of economics and the market, we wanted to reduce the risks to a minimum and also cover ourselves."
Pursuance of a weighted average price, MUFG will pay 7% less for Morgan Stanley Securrencies.
And the operation will result in a reduction in the profit from the stock by about 20 percent.
An agreement presupposes that MUFG will in a year be able to confer half of its preferential securities into ordinary shares if the latter will be exchanged for a certain period of time at a rate of 50 per cent in excess of an exchange price, i.e. for about $47.
Morgan Stanley assures that MUFG's capital will bring will allow it to seize investment opportunities, strengthen its balance sheet, and increase its cash.
However, spokeswoman for the group declined to provide clarifying information on the strategic projects of the two new allies.
After MUFG's investment, Morgan Stanley is expected to boast Tier-One complacancy ratio of around 15%, i.e. one of the best-in-spirited.
Morgan clarified that since the end of mid-August "beneficial" he has reduced his balance sheet.
Recent weeks have been challenging for the group because its exchange rate has plummeted by mid-alphase, while insursulges have skyrocketed against the risk of non-payment associated with debt.
These costs gained the opposite development on Monday, but remained high, around 12 per cent.
Last week Goldman Sachs, the only "survivors" from Wall Street's big investment banks after the collapse of Bear Stearns and Lehman Brothers and Merrrill Lynch's buy-out that it had collected $15 billion, partly from Berkshire Hathaway, Warren Buffett.
Rafael Correa on Monday in Quito.
Relaunch a republic around the socialism of the 20th century.
Such is the joint project of Venezuelan Hugo Chavez, Bolivian Eva Morales and Ecuadorian Rafael Correy.
Last Sunday, the latter submitted a proposal for a new Constitution for a vote, following the example of his counterparts and friends.
And his mission is fulfilled, because 64% of the electorate, according to the official results covering 80% of the vote, voted "yes" in the referendum.
According to these results, it received 28%, 7% of votes were invalid and 0.7 per cent of the ballots were empty.
In order for the Constitution proposal to be adopted, he had to get half the vote, plus one.
Two polls carried out at the exit from the polling stations and the NGO's calculation foretold a clear "yes" victory on Sunday, situating them between 63% and 70 per cent.
Rafael Correa demanded the victories of the constitution on the night from Sunday to Monday.
"The insituation has prevailed all the way," he assured, congratulating the Guayaquil on the Guayaquil's Guuyaquil headquarters, 280 kilometers southwest of Quito.
It is self-evident that Rafael Correa received congratulations from Chavez and Morales, but also from his Chilean counterpart Michelle Bachelet.
Voting, which, according to the Monitoring Mission of the Organization of the United States of America (OEAs), took place peacefully concerned a text of 4,444 points building "new socialism" promoted by the president.
The proposal of the Constitution sanctifies the power of the state over the economy by preoccupidating the "planning of the development" of a country living primarily from the mining of diesel by foreign companies and the foreign exchange sent by its émigles.
A proposal sponsored by Correou, which was elected in 2006, also expands the powers of the head of state, which will be able to carry out two consecutive four-year mandates and will be able to dismantle the Chamber of Deputies.
Correa has already announced that it will take advantage of this power and will run for a new mandate in February 2009.
Among other things, the Constitution strengthens the principle of free health and education, which the president began to implement in a country of 13.9 million inhabitants, where 50% of the population lives below the poverty line.
Finally, it also envisages a ban on the presence of foreign troops, thereby ending an agreement between Washington and Quito on the use of an Ecuadorian base as the starting point of US anti-drug operations.
19 hostages have been freed in Chad
An Egyptian commando attacked the kidnappers of eleven hikers and their eight-member entourage, who were captured ten days ago.
They're in Cairo.
Eleven European hikers and their eight Egypsy guides who were held captive captive in the desert for ten days were taken to the Egyptian capital.
They were liberated by an Egyptian commando in Chad during the morning.
The hostages arrived around 15.30, apparently in good form, on board a special aircraft to the al-Maza military base, closely adjacent to the international airport in Cairo.
Immediately they were transported without the opportunity to express themselves in the press, aboard the helicopters to a hospital in Maadi, the outskirts of a residential neighborhood of Cairo to be subjected to medical examinations there.
"They are completely healthy" and "hijacks have not been disbursed by any ransoms," Egyptian Tourism Minister Zohejr Garrana said on the airwave.
Since its captive on September 19 during a safari in a four-wheel-drive vehicle at the foot of Mount Uanat, on the borders of Egypt, Sudan and Libya, a group of hostages have been dragged from one stash to the other with 35 unknown hijackers.
The group includes 11 hikers - five Italians, five Germans and one Romanian - as well as eight Egyptians: two guides, four drivers, one border headmistress of Aegyptous, an safari organizer.
A leading representative of the Egyptian security forces indicated that 30 members of special forces who approached the spot aboard two helicopters set off during the night just before dawn.
"A firefight has occurred, half the kidnappers were killed and the others flitted," said the source, who wished to remain anonymity.
Suggested that a total of 150 members of the Egyptian special forces from the "flash" unit were sent to Sudan, where they gained the support of German and Italian commandos.
The head of Italian diplomacy Franco Frattini from Belgrade, where he is currently located, he mentioned the role played by secret agents and the components of the Italian special forces.
"We have to admit that we have achieved this result thanks to the professionalism and efficiencies of the people from our secret services, special forces," he said without further clarification.
He also deniebrated that a ransom had been dispensed.
On the eve, the U.S. military said it detained a four-wheel-propelled vehicle during the patrol, on which the hijackers were located, killing six, including the Chadian commander and arresting two.
The army argued that they were connected to a group of rebels in Darfur, the Movement for Liberation of Sudan - Unity (SLA-U), which the movement immediately declined.
Letters - Quiet Majorities of the Department of Culture
The debate on the financing of the culture fills the pages of the newspaper with inhaled headlines and is the topic of the ongoing election campaign.
All the better.
However, one area of our cultural life continues to be ignored.
Who will rise to impermerge the miserable sums provided to small museums, archives, archaeological excavations, and national meermorable places that persecute starvation?
Which politician dares to commemorate the federal government for neglecting their monuments and its historic buildings?
That we don't have laws in Quebec, as well as in Canada, that don't really protect our cultural heritage?
Did you know that the French government is donating three-and-a-a-half-million-dollar euros to the restoration of just Chinon in the Loire Valley?
For our American Neighbours it is written in the Constitution that the protection of cultural heritage is a part of the culture of the Americans and that this heritage is to be protected by all citizens, by all elected representatives and all regional organizations, in synergy.
Québek, in a federation of Québek's history companies, at least 40 000 volunteers are aspired to 211 companies for history, monuments, archives and genealogy about uncovering history, preserving a pile of private archives, and servitude of archaeological remnants for a few petty.
It is often that these societies are the watchdogs of our monuments, driven by hopelessness, when promoters and leading officials relearn their bulldozers on old stones and forgotten cemeteries.
When will we finally see a tribune for history and remembrance?
Bene-lux governments a national part of Fortis
The Benelux states will be assisted by the Belgian-Dutch-Dutch-Dutch bank Fortis, which is the first in Europe due to the propagating effect of the U.S.-mortgage crisis, with partial nationalization: the trio of countries will support the monetary and insurance institute, which also has a €11.2-billion-dollar capital participation.
This was agreed this weekend at the highest level by the Belgian, Luxembourg and the Dutch government, with the participation of the President of the European Central Bank and the European Commissioner for Competition.
Fortis is the first in the euro area to enter a major crisis as part of the crisis of international financial markets, which has been circulating in waves for more than a year, and decisions made in this matter could be judged as precedent precedent from some point of view.
In terms of the decision, which was born on Sunday at night, all three states will buy nearly half (49 per cent) of the bank's property.
With absolute certainty, the bank will sell part of its capital gains, in particular - mainly insurance - activities purchased last year from the Dutch bank ABN Amro.
Fortis shares began to fall sharply last week, in the second half of the week there were already serious signs of the crisis at the institute.
Analysts, however, apgree in the fact that with its 85 thousand employees, the bank is too big to let it go bust.
Securities of the company fell by only 12 percent on Friday, to a 14-year low.
Since January, the value of the shares has fallen by more than two-thirds.
In view of the current share prices, the group's total market capital is around 14 billion euros, according to the company's leaders it is unbearable.
After all, the company's management accreviates uncertainty in the overseering overseas market about the collapse of Fortis shares related to the $700-billion-dollar U.S-to-admit plan.
On Monday, the shares rose slightly.
On Friday, a new chief-at-haired CEO Filip Dierckx was appointed to the head of the bank.
A financial institution was also looking for private buyers, but with a more serious offer, no one has ever come forward.
The Belgian government has previously announced that investors don't have to worry, they won't lose their money.
There has been no panic among the bank's clients so far, and the branches have not been taken by an attack.
In Hungary, the Fortis bank has a separate branch and has also purchased several leasing firms.
Fox in chicken corkscrew
Life and health insurers in U.S., based on data on drug purchase data, often reject the possibility of concluding an insuring contract with a bidder.
Data protection experts are concerned that the data market will become uncontrollable.
"There is a data protection protection program that binds the use of drug prescribing data in any event to the consent of the person concerned.
It must be in the hands of someone independent, otherwise we entrust the chicken coop to the fox," Richard Dick, the author of a drug prescribing program, was quoted as saying.
Insurer companies make insurance premiums and amounts disbursed in the event of insured events dependent on the health of interested parties, and if the risk is evaluated as too large, they do not even take out insurance.
Earlier, they dispatched those concerned for medical examinations and concluded the contract only when they knew their results.
Ten years ago Dick devised a much cheaper procedure: on the basis of an identification number from pharmaceuticals, the pharmaceutical customer easily finds out what drugs the person has purchased in the last year and a half, from which the program itself deduces, what the disease suffers and what is his state of health.
For example, if he regularly buys a large number of cholesterol-reducing drugs, this indicates that it has virtually uncontrollably high levels of blood fat, which immediately puts it in the category at a higher risk.
There are several versions of the program circulating, some at the same time determine the coefficient of risk, so there is almost no work to the insurance company, although minor difficulties arise.
Disadvantages include the fact that some drugs can also be used for several purposes, some compounds are, for example, usable against migraines or hot flushes, but are also effective against depressants.
From the point of view of commercial insurers, they represent a significant risk-enhancing factor, whereas the former has not.
In order to request and process the data, special companies have been created to ask the patient for permission before obtaining the necessary information from pharmaceuticals.
They are now being forced by the authorities, even though they have not been punished for their negligence.
In recent times, some companies have already processed the results of laboratory examinations, which combine data on the drugs used, thanks to which they are able to provide an even more accurate picture of the health status of patients.
More and more companies have access to the data, at the same time it will become more and more complicated to control their use.
There is a special law on the protection of data on the state of health, but its effectiveness applies only to providers of health services and insurers.
The bill, which will give the authorities the power to control even businesses specializing in the provision of data, is prior to Congress.
Recognising that that this is not enough: that is why he has developed his program in such a way as to tie it to the express consent of the person in question.
Another thing is that it can hardly deny the permission in question, otherwise the insurers won't conclude a contract with him.
So the hens, after all, are somewhat repulsed on the fox's good will.
The Global Marseilles Menu
The European Union and India will resume commerce reversals
Since the European Union and India are their leading trading partners, this theme dominated, in addition to other, mainly global problems, the Ninth-Stating Summit agenda at the highest level.
A Franco-Indian congrutory summit will also take place today, where it will primarily include cooperation in the field of atomic energy.
The European Union recognizes that India is an emerging democratic power, which should be given a greater opportunity to speak into international affairs, but the member countries have not yet been able to find a common denominator on the issue of support for New Delhi's permanent membership in the United Nations Security Council.
Thus, this question was not further analyzed at the ninth summit held in Marseille.
French President Nicolas Sarkozy, as the current president of the Union and European Commission President José Manuel Barroso and high foreign policy official Javier Solan have welcomed Indian Prime Minister Manmohan Singh, with whom they have also agreed to double the trade turnover within five-Year-and-Year, or increase to more than a hundred billion euros.
Given that between 2000 and 2007, the exchange of goods has risen from $25 to $55 billion, this is not an over-ambiguous target.
Twenty-six pre-existing bipartisan agreements with India on civil aviation have been aligned from a legal point of view, so air transport was also given the green light in the future.
By the end of 2009, India and the Union would like to sign a free trade agreement.
Sarkozy has vowed that the negotiations would be accelerated.
The aim is to settle the balance sheet, while the EU is India's first trading partner, New Dilli figures in ninth place among the EU's partners up to ninth.
The summit also paid attention to global issues.
Situation in Afghanistan-Pakistan, respectively terrorism - the two sides in all its forms were condemned and called for an expeditiously convection of the United Nations conference.
They have also abolished the end of a round of business negotiations from Doha, although both have a large share in its hitherto failure.
The European Union has confirmed that it will insist on its energy and climatic programme that it would like to reduce emissions of harmful substances by at least 20 per cent by 2020.
India also agreed with this, as well as the fact that at the climate conference for next year it would be necessary to conclude a global agreement and the production of gases causing the greenhouse effect to reduce by 50 per cent by 2050.
Both parties would also like to prevent food prices from rising and support the convening of an international conference to analyze the financial crisis.
The Indian prime minister arrives today in the French capital, where at a two-sided meeting he is going to conclude a trade related to the peaceful use of atomic energy.
Paris is confident that French companies will get a mandate to build India's twenty-bbillion-equill nuclear reactors.
According to agency reports, the agreement should be valid for 15 years.
More than three Hundred Italian publishers in Frankfurt
A large participation of Italian publishers at the international book fair in Frankfurt.
More than three-hundred-a-hundred-and-a-hundred Italian publishers will take part in Buchmesse, the most important international meeting for the exchange of rights.
The International Frankfurt Book Fair expects more than seven thousand exhibitors out of a one-hundred-and-a-half-centiffered country to occupy 171,790 squamous trade fair with more than four-hundred-and-three-three-hundred-dollar titles to see Turkish as an honorable guest.
Deputy Culture Minister Francesco Maria Giro will represent the Italian government at an inauguration festivities in the Italtic Pavilion: Italy will in fact participate institutionally with the Italian resort (Punto Italia) on 264-square-square-metre exhibition.
It will be followed by a meeting with the press in Room Structures Buchmesse in pavilion 5.0: it will be an opportunity to introduce numbers, tendencies and perspectives in terms of the status of a publishing house in Italy.
According to the data, the importance of books by foreign authors continues to decrease in relation to the total Italian production, mainly due to literature for children and adults.
Steve Fossett plane found, a million-dollar who disappeared a year ago
Steve Fossett, a million-dollar who vanished on September 3, 2007, has been found while flying the desert in Nevada.
Debris was discovered on one plateau at an altitude of three thousand meters, in the Mammoth Lakes area of Sierra Nevada, on the border between California and Nevada.
There were no human remnants inside the aeroplane.
Sheriff Madera County, John Anderson, dispersed the doubt that still remained: "The plane was found, we've sent a team there, and we're now sure it's exactly what Steve Fossett flocked in on the day he disappeared," he said at a press conference.
The sheriff therefore clarified that there were no human remnants not been found either on the plane or in the surrounding area.
The 63-year-old millionaire has been presumed dead since February.
The U.S. Transportation Safety Office (Ntsb) announced that a few hours after recognieving the rubble, an investigative team was deployed, which eventually identified the plane: it's exactly Bellanca 8kcab, undisclosed since September 3, 2007, when Fossett flew from Yerington in Nevada for a three-h-hour flight.
Yesterday, still in California, not far from Nevada's border, some Fossett's personal items were found with one pair near their dwelling in Mammoth Lakes.
There are two documents with Fossett's name, both issued by the Illinois Federal Aviation Administration, cash and one jacket.
Phossette search was interrupted a month after his disappearance.
A Billiard won a place in history thanks to a long collection of primacy.
In 2002, on the sixth attempt, he became the first man to complete a trip around the world in an air balloon: a two-seaten-seat flight.
Three years later he circled the world on a jet without landing.
Among his many records is also a flight at an altitude of 15.445 meters, over the Andes, albettle with a co-pilot.
Glk, an agility you don't expect
One unusual Suv with an original design and well-defiencied determined lines, wide surfaces with precise corners.
This is, in a nutshell, the last-born Glk from the "compact" jeeps of the star's house, through which Mercedes-Benz attempted to inflict whirlwind of novelties into this sector.
Thanks to its non-traditional workmanship there will be an unexpected and unconfessional communication, which will accompanies the launch of Suv Glk and which will be available in Mercedes-Benz showrooms starting on October 17.
In this way, an advertising campaign, which accompanies the debut of a new vehicle, launches an unofficial mode of communication also thanks to a futuristic poster campaign in 3D, which is thus used for the first time in an automobile brand.
The maxi poster project, disembarked into three different phases, will be predomined by the main Milan business class, Corso Como, until November 15.
The first phase of this new type of communication will begin with the introduction of a car in stereoscopic vision, and with the help of special spectatoes, which will be distributed near Corsa Como, it will be possible to see the new Suv in an almost real size and in a three-dimensional format.
Indeed, when you look at the picture, you will have the impression that the car will come off the poster.
Then, thanks to the use of innovative Elumina8 technology, the new Glk will be illuminated at various moments in all its little things in order to reassemble itself in a single image.
Mercedes is undoubtedly trying to introduce something new into the stereotypical field of automotive communication.
Will he be able to arouse the interest of future customers in this way? We will see.
So now we know who the Italian hooligans are
From Trivenet, they risk Daspo.
Who's the 150-200 boys and the girls for whom Italy is now embarrassed? They're part of "Ultras Italia", which for years has been watching Nazionale azzurra and which has never caused exaggerated problems until now, in truth, has never caused exaggerated problems.
She's never even encountered an adversary fans.
The orientation of the group is right-wing.
Founders come from Trivenet.
From Verona, Padua, Trieste of Udine.
In Sophia they were joined by groups (actually few groups) from Campania and Puglia.
They have tri-painted flags on which the towns of origin involved appear: they were removed on Saturday evening so as not to be recognized.
They are inspired by English fans.
In Bulgaria they found true Nazi fans, Levsky.
Figc has made 144 tickets available to Italian fans per game: all in the name, i.e. easy-to-regulate.
And Viminale really instructed them all: among those who went to Sophia, there was no one with Dasl, no one who would be forbidden to visit stadiums.
Four blue fans, who had earlier offences from the stadium, were denied a ticket and banned the match.
Viminale is now waiting to read the reports that will come from the Bulgarian police then take measures: In this case it is possible to give Daspo for at least fans who have been arrested or those who have been identified during riots.
International Daspo, which forbids visiting not only Italian stadiums, but also throughout Europe.
Our hooligans, in short, won't set foot at a single stadium.
For happiness.
But now there is a fear of emulation: this means that more than a hundred and fifties will be added.
“We need to extinguish this fire right away and not justify those who behave in this way,” Viminal said.
So, "proportudially an open-eyes, mainly because of the national match on Wednesday in Leči".
It's in Puglia that there's a small nucleus.
Osservatorio will meet tomorrow, on Tuesday Casms, which can also count with one part of Aise, it is a secret service that takes care of problems in the stadiums.
"Chorus Leader-Gudiers and tasted arms during Mamelia's anthem? It's not a crime in Bulgaria..."
Such is the idea of Domenico Mazzilli (expressed in a really low-judgatory way), who has been the director of Viminal Osservatoria for a few weeks (acquired a place that used to be Francesco Taglientete and then Felice Ferlizzi).
Mazzilli used to be the Kvest in Trieste, which houses the kernel of Ultras Italia supporters, founded in 2002.
It is true, as Mazzilli puts it, that in Bulgaria it is not a crime to glorify leaders, but of course the behavior of these 150-200 fans is a disgrace.
“I’m not a sociologist—addied by Osservator’s number one—crimes are attributable to the country in which they happened.
So far this group has remained within bounds, now let's take a good look at what's going to happen and we're going to evaluate for the future.
But let’s also talk about whistling at Mameli’s anthem: even this is not a crime, but if you don’t mind, it’s rudeness...”
