Triumph of right-wing pulsators in Austria, they have a total of 29%
According to the preliminary results, the early parliamentary elections in Austria brought about a significant weakening of the two parties forming the current grand coalition, as well as a notorious strengthening of the populist parties.
The Austrian People's Party, where the position of the current President Wilhelm Molterer was seriously threatened, suffered particularly significant losses.
On the other hand, the electoral leader of the Union for the Future of Austria, the governor of Carinthia Joerg Haider, is preparing a triumphant return to the political scene at the national level.
According to the preliminary results, the Socialists remain, with 29.0 per per cent of the vote, the country’s largest political force, however, compared to the 2006 elections they lost 5.5 per cent of the vote.
With 25.6 per per cent of the vote, the zVP losing almost nine per cent of the vote, has finished even worse.
These were the worst results of the two major parties in the post-war period, especially for the People's Party, which triggered the early elections, the result was literally catastrophic.
Still in early July, when zVP departed the coalition, the People's Party had a considerable lead over the SP.
Voses are visibly chastising them for letting the government collapse.
From the earliest reactions to the results, speculation about the possible resignation of party leader and current Vice-Chancellor Wilhelm Molterer was uttered.
Observers believe that this could happen as soon as on Monday, at the party’s extraordinary leadership council.
Such an evolution a priori would make it possible to move towards the outskirts of the outcome of the election, which remains the most likely, i.e. the reappointment of the Grand Coalition between the SP and 'VP.
Nevertheless, in view of the strengthening of the two right-wing populist parties - the free parties would have obtained 18 per per cent and 11 per per cent of the vote - at the same time the socialists expressed the fear of a rehearsal of 1999, when the People's Party agreed with the Populated Populates (at the time, at the time, the FPO was still unified, it was in 2005 that the B .
Haider, who has already stated that he is ready to collaborate with any party and that he is planning to return to Vienna on the national political scene, apparently focuses on these developments.
The last party to have access to the parliament was the Greens, but they lost a slight loss among the Austrian political parties from the third in fifth place.
It was clear that no other party crossed the four-per-per-per-centimeter limit and did not accede to the parliament.
Schwarzenberg: Relations with India at risk of getting poorer
Without resolving the problem of the accused Czech researchers in India, accused of illegal cockroaching, Czech Foreign Foreign Minister Karel Schwarzenberg would ensue, according to Czech Foreign Minister Karel Schwarzenberg.
The minister declared it today in New York, after meeting his Indian counterpart Pranab Mukherjee.
'If the problem weren't solved, then yes, some co-cooling would occur,' he said after the meeting following a Czech initiative.
Mukherjee said, on departing from the talks, that it was difficult for the executive branch to intervene in judicial cases.
It stated, however, that the central government could negotiate with the local government, the Darjeling Government, who was unburdened and charged with a fine.
"His problem could be solved," said the minister.
According to Mukherjee, Emil Kuaera, sentenced to three years'imprisonment, would be to appeal to a higher court.
Therefore, he could apply for release on bail and wait for the judgement at liberty, he explained.
Schwarzenberg confirmed that his partner also expressed himself during the talks.
'He advises to appeal to a higher court, as a result he could be pardoned,' says the head of Czech diplomacy.
The only way in which the Czech side can intervene in this case is to provide convicted prisoners with "competent legal support", mentioned the Indian minister.
It also stated that such assistance had already been given to them by India.
'Moreover we want to maintain the best relations with India, which have a tradition continuing for many years to come.
The Indians also acknowledge this," Schwarzenberg said.
At the same time, as he told 'TK, he pointed out to his partner that the Czech Republic attached great importance to the problem of Czech entomology.
'We regard the incarceration and accusation of these Czech researchers as a great misunderstanding,' he said.
The minister duplicated the matter if he had obtained from India a promise to deal with the case.
'I've already received quite a lot of promises,' he found only.
A Czech erraise the struggle for the sea bed
It is approaching an e-wall map, depicting Australia and adjacent marine areas.
However, it is not interested in the mainland, but in a small point lost in the blue of the ocean.
"The island belongs to Australia, as well as the adjoining seabed.
Yet this area is as big as the mainland itself," said Italian jurist Luigi Santosuosso, who is part of the team of the thirty members of the United Nations Division for Ocean Affairs and the Law of the Sea.
Its Chief, the division's director, the Czech jurist Vaclav Mikulka, followed the presentation and completed it from time to time.
Hardeny at work characterize the prevailing atmosphere.
The seafloor hides a little-knapped world so far, rich in natural resources.
We can find oil, minerals and other mineral resources, but also unfamiliar living organisms at the moment, which may contain the key for the development of an anti-cancer drug.
A background larger than land
Lingural States have now begun to suck vehviously into the new submarine territories.
According to a United Nations convention, they were making use of their rights, over which they agreed in 1982 in Montego Bay, Jamaica.
This refers mainly to the so-called continental shelf, which often extends several hundred kilometers from the coast of the given country.
According to the convention, the latter may claim exclusively to all the resources of the continental shelf.
"Simplifyingly, the part of the seafloor and its subsoil, which constitutes a natural extension of the mainland under the sea under the sea, shall be considered a continental shelf.
It stretches beyond the limits of the coastal sea, often also beyond the two hundred nautical mile which represents the exclusive economic yone", explains Mikulka.
The country's submission to the Commission for the Establishment of the External Boundaries of the Continental Shelf should be supported by extensive scientific-technical documentation, based on many costly prospecting and mischiencing.
It is the result of several years of preparatory work.
'One of our roles is to provide the commission with legal and scientific-technical assistance.
So far, the Commission has dealt with five applications, from Russia, Brazil, Australia, Ireland and New zealand.
For the time being only the last three countries have been successful,' adds Mikulka.
The success of Australia, as the first to significantly expand its underwater possessions, has had a recent global resemblance.
New zealand, too, has spread from the territory - the depth of the se seafloor assigned to it last week, corresponds to 1.6 million square kilometers, which is the size of the country multiplied by a six-strengthened.
Both countries have invested millions of United States dollars in prospecting.
The benefit they will derive in the future from the exploitation of the se se seafloor will, as they project, be invaluable.
Gradually, other countries will, in turn, submit their request.
They can do so within ten years of ratifying the Montego Bay Convention.
There, where the continental shelf ends, begins the area of the ocean floor, proclaimed by convention "Common Heritage of Humanity".
Here, no State enjoys an exclusive position.
Extraction rights in this area are assigned by an international institution established by convention.
'Nevertheless, let us make no mistake, the seafloor is not a Klondike,' said Director Mikulka exaggerating, adding that 'his areas are precisely clearly defined and their regime anchored in a contract.
Czechs in the Pacific
Part of the se seafloor now also belongs to the Czech Republic.
It shares it with other states of the former Eastern countries within the framework of "Interoceanmetal" as part of the joint organization "Interoceanmetal".
In 1991, under the convention, as well as investors from a few other States, was granted the so-called "pioneer investor".
It has the right of mining in ClarionClipperton in the Pacific Ocean between Mexico, the Hawaiian Islands and Kiribati.
Investor-arreduced area slightly exceeds the ex-Czechoslovakia.
The background is turbulent, it is a kind of submarine replichart of the Tatra.
'Execution can be extracted over an expedition with a total area of 75,000 square kilometre.
The zone represents a deposit rich in polymetallic concretions containing nickel, copper, cobalt and manganese," lists Ind Pakshi Rajan, another jurist.
Rober Sandev, a Macedon employee of the division, gave an example of such concretism.
It is reminiscent of a small potato, or with some imaginative, the mythical shoem, which, according to legend, animated the Golem.
The German special forces were on the ground for the release of the hostages
The Egyptian Government had requested Germany's assistance in resolving the hostage crisis - the experts came.
When the situation became serious, the special units stood ready, but they never took action.
More and more details on the circumstances of the release of eleven European tourists kidnapped in Egypt are being revealed.
According to instructions from the Ministry of the Ministry of the Interior and the Ministry of Defence, the German special forces also participated indirectly in the rescue operation.
For example, specialists in the Federal Army as well as officials of GSG 9, the air squadrille of the Federal Police and the Federal Criminal Police Office, as well as logistics experts from Technischen Hilfwerk, were at the place of release.
As the spokeswoman of the Ministry communicated on Monday evening, the German forces were ultimately unrequited, the hostage takers having released their prisoners and fleeing when they acknowledged the imminence of release by force.
The Egyptian government reportedly accepted the aid offered by Germany to integrate it on the spot as a support force.
"Liberately it didn't happen until now," said a spokesperson for the Federal Ministry of the Interior.
The assagrunentists had kidnapped in southern Egypt the group of tourists composed of five Germans, five Italians, a Romanian and their eight Egyptian companions.
After being kidnapped in the desert in southern Egypt, the hostess were translated into the border area between Egypt, Libya, Chad and the Sudan.
Identity of miscarrions has so far remained vague, as have the details of release or possible ransom payments.
In the meantime, those who have been rescued have arrived safely in Cairo.
Steinmeier stated that the released hostages were under the protection of the German embassy.
He said nothing about the details of the release.
For the time being in Berlin, no information has been provided on the date of their return to Germany.
According to "Bild" magazine, the five vacationers and the special forces are expected to take off in an Air Force Airbus and arrive in Germany on Tuesday.
U.S. House of Representatives Denies Rescue Plan
The First House of the U.S. Congress has narrowly derailed 70-bill-bill-and-billion-dollar financial-progress.
Dow Jones plummeted into the abyss.
With 227 votes to 206, the U.S. House of Repository rejected the government’s bailout plan.
Despite all the appeals of United States President George W. Bush and politicians at the helm of the two parties, the programme that was to curb the chaos in the financial markets did not obtain a majority.
In a drammy maneuver, the beginers had desperately tried to convince opponents of the merits of this 700-bill-dollar plan.
Barney Frank, one of the Democratic representatives during the debates, had called on MPs to vote in favour although the plan was unpopular.
'It is difficult to gain political recognition for avoiding something that has not happened yet,' he conceded.
During the remaining vote, the Dow Jones fell by more than six per cent or 600 points.
The reason for this was an investor’s concern that the state-owned rescue package could fail.
It went back a short time before the end of the vote, after the announcement of the throes, fell again.
Experts are now throwing up serious new turbulence in international financial markets.
In order for the programme to come into effect, approval and the Chamber of Deputies and the senate are necessary.
Organizers report an increasing number of bookings
This should be a good winter for German travel agencies:
In terms of booking for the coming months according to one study, the turnover increased markedly in comparison with the previous year - for the Wintering season even by more than 30 per cent.
Deficit cyclical prospects, the thirst for German travel remains insatizable according to this study.
As far as bookings for the Winter Wing Season are concerned, the travel agents recorded a turnover of more than 31 per cent compared to the same period the previous year, as stated on Monday in Berlin by the All-Second Federation of Voyage Connections (DRV).
According to the GfK Market Seizure Research Survey, increasing booking figures are already prevailing in the autumn months.
As a result, sales would have risen to about 11 per cent compared to 2007, DRV said.
The sources of these results are the GfK figures, which monthly analyses the booking data of 1,200 travel agents and makes estimates for the overall market.
Supplies for travel since the end of August 2008 would be included.
Due to the low price of the dollar, travel to the United States would be particularly in demand, the DRV said.
The increase in serviours would amount to about a Third Party.
In addition to this, Spain, Turkey and Greece and our country would be destinations particularly sought after by the Germans.
Especially organised tours are in high demand, DRV President Klaus Laepple explained.
In view of the rising prices of energy and food products, the costs here would be 'more easily computable for the customer than for an organised journey individually'.
Customers can save money, among other things, with discounts on early bookings or All Inclusivie offers, Laepple explained.
Summer months have also been strongly retained so that an increase in sales figures will return compared to last year - although according to another study, according to another study, the number of Wheels taking a trip decreased in comparison with the previous year.
My First Time at Beer Party
Ballermann or Aafter-Ski hits, beer in pitchers per litre and celebrities in zip-line design costumes.
An event at the beer festivities.
Suzanne Kronzucker and I don't actually have much in common.
She is blonde, a television animator, and wears a tailor-cended Tyrani costume.
I have dark hair, I'm a student, and my dress is second-fashioned.
But one thing connects us: barely three minutes at the beer festival, and already the photographers threw themselves at us and filled their memory card - very flattering, and this on my first beer visit.
That's how we make friends.
Inexpensive Tyrolean costume seems to achieve its goal.
As a beer festival tourist and normally living in the northern equator, my feeling of well-being in the traditional costume has so far been limited.
But once in Therese Square, everything is less even worse.
Virtually everyone wears a Tyrotic costume or leather trousers; no one looks jammed or affected by shame - that's completely normal.
Only the apron of my Tyrolean costume gets a few weird shots at the bitch-banana stand.
A Bavarian pointed out to me that I would misattache my apron: "Left means free, in the virgin middle, on the right boxed, at the back of the widow."
Discreetly, I rip my balloon from the back to the left.
"That's better," she tells me and joke.
Others don't give so much harm to these subtle flirting techniques and wearing simple felt-tip pens, on which is written "Too drunk to get dressed," and tells us their naked hiatus without being invited.
The young man with an exhibitionist attitude is called Bob, arrives from England and comes to the beer party first.
He thinks it's "gorgeous," ligated "oooooo."
He tells me all this after relieving himself of the cup he had drunk before.
Directly beneath this turf that everyone believes is a rubbish trash.
Bob is therefore an infamous "wild players".
Others don't have the chance to get rid of alcohol in this way.
At about eight o'clock in the evening, a host of rescuers run to the festivities and have to take care of the poor drinkers.
Nurses intervene rather in packs - always by four, they ride their stretcher covered with tents in tents.
It works like this for most beer party visitors: we're going empty, we're coming back.
Those who lay in the coffin drunk under the tarpaulin are not visible.
'It's those who can't swallow anything anymore,' one of the rescuers screams in response to my question and then disappears into the melee.
Accident victim identified by the police
A 63-year-old pedestrian, dying in the hospital after being hit by a vehicle, has been identified.
Carole Paulson, from Chelmsford Road to Brentwood, was involved in the accident on Friday afternoon on Shenfield Road.
It was transported to Queen's Hospital, Romford, but then died.
As a result of the accident, a 51-year-old man was arrested on suspicion of dangerous driving.
He has since been released on bail.
Turkey is expanding its diplomatic horizons.
Long before Turkey planned to join the European Union, the European powers looked forward to entering its hinterland.
On the east side of the Bosporus, at 20 steps maybe, from Asia is one of the finest rebates of its fallen imperial ambition.
Hydarpasha Station was conceived in a Neo-Renaissance style by two German architects Otto Ritter and Helmut Conu.
At the same time, this is what the guides tell us.
The moniamus is arranged to straddle the platforms with observation tower at each of its corners, such as some German provincial town halls.
The stones are dirty.
The entire edifice is ruined.
But once we're inside the vault-wrapping ticket, we have no more doubt as to the grandeur of the company, which represents a transition to the west.
The Station was inaugurated in August 1908 by a German Anatolia-Baghddad Corporation.
Germany, lagged behind in imperialism, wanted to realize its medieval ambitions for domination thanks to this railroad arriving in Damascus, Baghdad as well as the land better known as Saudi Arabia.
German imperialist ambitions plummeted during World War I.
Its railways were attacked by Lawrence of Rabbis and its Arab irregulars.
The relative insecure of its surrounding area, energized by the icy Cold-Word borders, is over.
Britons and empire forces advanced in addition to Egypt and pushed the Turks and their German allies out of Palestine and Syria.
But there was also bad news for Hyderpasha Station.
In 1917, a train loaded with ammunition blew up destroying its subterranean roof.
The Turkish sources state that this is a sabotage.
Since then, it has slowly fallen into disrepair, engulfed in the twists of history.
Nowadays, the rail route to Anatolia and all the Oriental points serves at least symbolically to highlight the broadening of Turkey's diplomatic horizons.
The ruling Justice and Development Party, the AKP, has created a new foreign policy for the country.
The relative Isolation of its Neighplasity in Surrounded by the icy Cold-Criminal War
Now this is the time for a new policy of engagement.
The Turkish government has remarkable relations with Israel and Syria, the Palestinian factions of Hamas and Fatah, Iran and Iraq, and of course with the European Union and the United States.
In judging the parameters of this new foreign-policies, I embarked on a bed wagon at the Turkish capital, Ankara, to visit the Turkish MP AKP Suat Kiniklioglu, one of the foreign-policy experts.
The next morning, after a five-and-a-half-a-half journey, shackled on noisy, the pace of which retracted the old-fashioned old-fashioned world from the famous documentary The Night Mail, I finally arrived in the Turkish capital – presented as a new city with a new secular state, rapping its back to its German past.
But the AKP with its well-knapped Islamist roots represents an example of a change in the Turkish consensus.
He pretended the West, especially in Washington, D.C.
A cockroach accompanied me to AKP headquarters, an ultra-municipable structure, specifically built of stone and steel, in a developing neighborhood, encircled by half-builded shopping malls and many pastries in which the middle managers in waistcoat-watched men and women -- meet for morning business.
Suat Kiniklioglu could have been a center-right politician from any other party in Europe.
Sleeve, tie and he even has a Black Berry.
"the purpose of this foreign policy is now to re-enter Turkey in its immediate neighbourhood.
The Cold War was an anomaly", he said.
Turkey has been cut off from its rear country.
Now it has to look east and west at the same time.
This was not the case for both of them.
It had to do both.
'But at some some point, 'I've been wondering if 'Wouln't Turkey should it choose?".
"Turkish," he said "don't want to have a choice between the two."
He then pointed out an aspect that almost everyone with whom I was able to talk reciprocated to me, recited me by heart: the Turkish railway goes not only towards the Middle East, but also towards the Causacorsale, and around the Black Sea, it is therefore an advantage for Europe and the United States as for Turkey itself.
With the integration of Turkey, the message seems to be drawing a Europe travelling metaphorically on rail to Asia and the Middle East.
On my way back to Hydarpasha Station, after another non-sleeping, I redesigned these two Germans, Herr Ritter and Herr Conu, who followed the construction of this building 100 years ago.
They would indeed have been surprised to see that Europe’s ambitions in the Middle East could, for the most part, be in the hands of Turkey.
While I was waiting at the terminal, the ferry to cross the Bosphorus, I would like to remind myself of the period during which Turkey had been called 'the patient of Europe'.
At the very least, there is no longer any doubt on the continent that could claim this fascinating country.
Memories of Vernon Handley and William Woodruff.
Mark Brown writes: Music Director at Guildford since 1962, "Tod" Handley (deceased September 11) was responsible for the Guildford Philharmonic Orchestra and Choir.
Already part of his musical project for the city, he founded the following year the fantastic youth choir, Proteus.
The chorus was supposed to include those under 21, but before Proteus could sing its last song in 1979, many of us who were more than 20 years old - refused to abandon the chorus.
The name "Proteus" (which changed form according to mytology) represented the desire and skill of the choir to manage any type of music was presented to it, whether madrigal or Messianic.
Musical versatility produced by such a young chorus was often impressive, always exciting, thanks to the inspiration of a single man, and its enthusiasm for music, which remained constant over the years.
Remind that Tod repeated to us to "learn that the music speaks for itself".
He reportedly said, "The composer knows what he wants."
It's all in the music.
So sing."
Its baguette technique was absolutely clear, precise, even if never dictatorial nor appearing.
Regardless of the musical standard, he raised it much higher.
John Frayn Turner writes:
If a driver were to be named a knair, it was Vernon Handley.
I knew him well during the decades from 1962 to 1982, when he drove the Guildford Philharmonic.
Over the last 40 years, I've reviewed more than a hundred of his concerts, and I can honestly say that none of them has ever disappointed me -- and, a few times, they even inspired me.
Tod Handley possessed such a rare combination of grandeur and personal modesty.
He hated drivers who, according to him, "focus only on certain people."
Many of us will mislead.
William Woodruff
Prof. John Beckett wrote:
Your obituary of William Woodruff (deceased on 25 September) states that "in 1946, he had resumed his studies in economic history at Oxford and in 1950 became a member of Houblon-Norma research while he was doing a BSc, an MA and a PhD".
That's what came out of Woodruff Author in Beyond Nab End, but it's not correct.
From 1946 to 1953 he was Professor of Economic History at the University of Nottingham, and at the same time thrilled a PhD dissertation on the British Plastic Industry, under the supervision of Professor J.D. Chambers; it was later published in 1958 as The British Rubber Industry.
In the 1950s and 51s in the United States, he studied at Norman Hops, and in the summer of 1952 at the Universities of Illinois, Harvard and New York.
In 1953 he departed Nottingham for Illinois.
The reason why Woodruff chose to cover this part of his past remains unknown.
J. Vicente Resino, Faculty of Philosophy
"I recommend José Vicente Resino Exhibition "Flamenco and Life" because his black-and-white photographs, a documentary-style, are fantasy.
They caught my attention because of their simplicity and the strength they convey and because they always treat the protagonists with a great deal of respect.
Exposure that imparts a great many feelings.
Resino knows how to capture magical moments."
Second Assault for Honda Super Selling
In the month of November Honda will begin the commercialisation of the second-generation Jazz model.
If its predecessor already had a good habitability, this new single-volume has an even wider interior space.
Added to this there are some refined mechanics, which increase the driving comfort and make it possible to save more petrol.
An evolution in the face of a revolution.
So it's the second generation Honda Jazz.
Although aesthetically the new Honda Jazz presents a line very similar to the previous model, the changes introduced in this monovolume are plentiful.
These include an innovatory design, a new platform, larger dimensions and new engines.
However, before examining the new model, it must be stressed that this new Honda Jazz arrives six years after the first-generation market.
First of all, Honda renovated this model within a shorter time than that of other manufacturers.
Although Honda Jazz is less well known in Europe, this model is a phenomenon of sales in other markets.
This is the case of Japan, where the Honda Jazz has been the most marketed car in 2002 and also in 2008.
Precisely in Japan, nearly a million Honda Jazz have been sold since its launch.
The Old Continent, with more or less a million cars sold in six years, is in second place.
However, Honda claims that this new jazz will allow it to increase its sales in Europe.
Thus, while in 2007 the Japanese brand marketed 83,000 Honda Jazz, in 2009 it intends to sell 100,000, which would represent a 17% increase in sales on the European market.
On the Spanish market, Honda has marketed 8,000 Jazz since 2002, representing 6.7% of Honda sales in Spain.
The heads of the Spanish subsidiary are hoping to sell  2,000 Jazz in one year.
It is precisely the release of the new Jazz which will allow Honda to make much of the fall in sales in Spain.
Indeed, brand managers are hoping to end the year with 22,000 fewer cars, i.e. 4,000 fewer cars than in 2007, i.e. a fall in sales of 16%.
Thanks to this increase in sales, Honda increased its market share in Spain, reaching a market share of 1.8 per cent last year.
The Japanese brand also hopes to obtain a market share of 2 per cent in 2010.
Honda hopes to obtain this market share when the new model comes out.
This is the Insight, a five-door hybrid with a compact size - 4.37 meters in length - on which the Nippon company hopes to market nearly 200,000 cars per year around the world.
Depending on the markets and according to the Japanese manufacturer estimates, 50 per cent of Insight sales in the United States, while the remaining other half will be divided between the Old Container and Japan.
The Insight commercial launch is expected in the first three months of next year, following its presentation to the public in January in Valence.
Compared to the first generation, the new Jazz increases its dimensions.
Its length reaches 3.90 meters (five centimetres more), its width 1.69 meters (an additional two centimetres) and the distance between its shafts is 2.50 meters, which represents an increase of five centimetres.
On the other hand, the height does not change either 1.52 metres.
The dimensions are also increasing and the inner space increases.
On the one hand, this gain is due, on the one hand, to the introduction of a gasoline reserve on the other, a solution also adopted for the Honda Jazz.
In the same way, the trunk capacity – which has a double-bottom system – can contain up to 399 liters, an additional 19-strength trunk compared to the trunk of the first generation.
It should be pointed out that these dimensions are those of the version with a 1.4L engine, since the trunk capacity of the Honda Jazz 1.2L is 379 litres.
The other innovation - in addition to exterior elements such as hanging lights or scenic roofs - is the improvement of access to rear seats.
Doors which give access to the rear seating have an aperture angle of 80 degrees from the rear doors of the first jazz which opened with an angle of 67 degrees.
The engines are also new to this second generation Jazz.
At the beginning of its commercialisation, this small model will be equipped with two 1.2 and 1.4-litre gasoline propellers.
Both engines have an i-VTEC technology that reduces gasoline consumption and CO2 emissions, which makes the engine more powerful and increases engine speed.
The first 1.2-litre engine developed 90 horsepower at 6,000 rpm 6,000 rpm and torque at 4,900 rpm.
This propellant - which in the previous jazz reached 78 horsepower - has a petrol consumption of 5.3 litres per 100 km and emissions of 125 grams of CO2.
Compared to the previous propellant, which in the previous generation reached 83 horsepower, now reaches 100 horses.
This Honda Jazz 1.4L of 100 horses has a combined consumption of 5.4 liters per 100 km and emissions of 128 gram of CO2.
'Car bee' which avoids collisions
In order to advance the development of technologies for the prevention of accidents, Nissan drew, this time, from nature, in particular bees.
The Japanese company has created a robot which, imitating the flight of bees, avoids accidents.
It is called Bio-Mimetic Car Robot Drive or BR23C and represents the first steps towards Collision Prevention Technologies.
Engineers at the Advanced Technical Center of Nissan Motor Co. built this small robot in collaboration with the Center for Advanced Science and Technology Research at the prestigious University of Tokyo, Japan.
According to Kazuhiro Doi, Managing Director of Public Relations for Technology and Research and Brand Management Development, the BR23C represents the development of the Nissan Security Shield.
This robot will allow branded vehicles to prevent collisions.
During its flight, each bee creates its own personal space in an oval shape that is very similar to the Nissan Security Shield.
But the most important of these are the bee-composed eyes, capable of seeing in an angle of more than 300 degrees and in all directions, which allows it to fly without interruption within its own personal space.
To recreate this visual function, the engineers developed so-called Laser Range Finder.
The latter detects the obstacles which lie over a distance of two meters and within a radius of 180 degrees, calculates the distance to this object and sends a signal to the microprocessor, immediately, in order to avoid the obstacle.
'At the moment it detects an obstacle, the small robot will militate the movements of a bee and will immediately change direction by bifurcating its wheels of 90 degrees or more to avoid the collision.
The greatest difference compared to any other existing system is that the escaping maneuver is totally instinctive.
If that were the case, the robot wouldn't be able to react quickly enough to avoid the obstacles, 'explain Toshiyuki Andoh, Director of the Displacement Laboratory and chief engineer of this project.
Contrary to a bee, the robot cannot be diverted upwards or downwards or diagonally devoid; it can move only in two dimensions and depending on what its wheels allow it and not in infinite directions such as bees.
For this reason, Nissan used a function of rotation, but also of acceleration and deceleration, so that the small robot could avoid obstacles.
' Every second this device must only process information and act according to this data.
It doesn't have to keep the information or the intuitive logic of prior manoeuvength, which is why it can operate continuously with only a few dozen memory KB.
It may come as a surprise, but we're not talking about gigabytes of memory or even megabytes."
This represents the first development of new instantaneous Collision prevention technologies, a technology that will be introduced into production cars in about ten years according to Nissan.
Robot works with lithium-polymer batteries, which are lighter and last longer than lithium-ion batteries.
The other possible possible application of this technology in the future could be the adaptation of this device on a GPS satellite navigation system to guide the driver to its destination while avoiding obstacles on the road.
They're scared of being mortgaged
It must be recognized that the United States treasury, in addition to possessing a great deal to make plans, is not devoid genius.
Faced with the crisis, and to prevent the Americans from embarking on bounties with solvency banks, they created a game to learn not to go bankrupt: 'Bad Credit Hotel'.
This means 'Hotel of bad credits . . . . . . . . . . . . . . . . . . . 
The dismal aspect of this dwelling, and especially of the Maître d'Hotel, leads us to think several times if this is the right time to apply for a loan.
And, above all, where to do it.
Of course, this game provides useful but unsubstantive information.
It's more of an teen-only game.
"What if the game comes to an end?
Since a dormitory room appears inside the hotel.
It's better than nothing, since it is unthinkable
Morgan Stanley opens its capital to MUFG
Morgan Stanley has announced Mitsubishi UFJ Financial Group (MUFG), Japan’s largest bank, to spend nine-billion-dollar to take 21% of its capital, a new one welcomed by a sharp decline in its stock market.
A week after unveiling an interim agreement, the two banks explained that MUFG would purchase 9.9 per cent of Morgan Stanley ordinary shares at a unit price of USD 25.25, for a total amount of USD 3 billion.
The retained price is 1 9 per cent lower than the book value of the securities as at 31 August.
MUFG will invest an additional six-billion-dollar in the acquisition of convertible securities with a 10 per cent return with a conversion price of USD 31.25.
Morgan Stanley stated that the overall transaction would be based on an average unit price of USD 29 or 28 per cent above its current rate.
Morgan Stanley lost 6.79 per cent at USD 23.07 at around 17:00 GMT.
"This strategic alliance represents an important opportunity to accelerate Morgan Stanley's transition to bank holding status," said John Mack, Chief Executive Officer of the U.S. group.
Morgan Stanley adopted this new statute last week, which should allow it to diversify its activities but move it under the authority of the Federal Reservation.
Its alliance with MUFG also confirms that the current financial crisis is forcing Wall-War Street’s biggest names to adopt a much more cautious attitude than before.
The arrangements presented on Monday also show that the agreement has been changed in the last few days: Last Monday, Morgan simply announced that it would sell up to 20 per 20 per cent of its equities to the United Republic of Japan for about USD 8.5 billion.
"One week ago," Toshihide Mizuno the executive director of MUFG explained in Tokyo, "we thought that the stake would consist entirely of ordinary shares.
But in view of the current situation in the economy and of the market, we wanted to minimise the risks and cover ourselves."
On the basis of the weighted average price, MUFG will pay its Morgan Stanley securities 7% below their book value.
And the operation will result in a dilution of about 20 per share earnings.
The agreement provides that MUFG may convert in one year half of its Preferential Securities into Ordinary Shares if they are traded more than 50 per 50 per cent above the Confessional Revenue, i.e. at around USD 47 for a given period.
Morgan Stanley assured that MUFG’s capital would enable it to seize investment opportunities, strengthen its balance sheet and increase its liquidity.
A spokeswowowoman for the group, however, refused to give details on the strategic plans of the two new allies.
Following MUFG investment, Morgan Stanley is expected to display a Tier One solvency ratio of around 15%, one of the best in the industry.
Morgan made it clear that he had "quite" his toddler since the end of August.
The last few weeks have been stressful for the group, which has seen its stock market price melted by half as the cost of insurance against a risk of defaunciation on its debt was soaring.
The cost fell back on Monday but stayed at a high level of around 12 per cent.
Last week, Goldman Sachs, the only other "survivor" of Wall Street's major investment banks following the bankruptcies of Bear Stearns and Lehman Brothers and the takeover of Merrill Lynch, announced that it had raised 15 billion dollars, in part from Berkshire Hathaway, Warren Buffett.
Rafael Correa in Quito on Monday.
Build the reshaping the republic around twenty-first-century socialism.
This is the joint project of Venezuelan Hugo Chavez, Bolivian Evo Morales and Equatorian Rafael Correa.
This Sunday, like its counterparts and friends, it was the third that put a draft of a new Constitution to the vote.
Mission accomplished since 64% of voters voted "yes" in the referendum, according to an official result of 80% of the vote.
According to these results, "no" obtained 28%, 7% of the votes were nil and 0.7% were blank votes.
For the draft Constitution to be adopted, it had to obtain half the vote plus one.
On Sunday, two opinion polls at the exit from the polling stations and a count from a non-governmental organisation had announced a large "yes" victory, locating between 63% and 70 per cent.
Rafael Correa had also claimed from the night from Sunday to Monday the victory of his draft Constitution.
"The "Crisis has triumphed overwhelmingly," he said, commending the Equatorians at the siege of Guayaquil governorate, 280 kilometers south-western from Quito.
As of course, Rafael Correa was congratulated by Chavez and Morales but also his Chilean counterpart Michelle Bachelet.
The vote, which took place peacefully according to the Organization of American States (OAS) observer mission, focused on 444 points that consolidated the "new socialism" defended by the President.
The draft Constitution embodies the power of the State over the economy, reserving for it the "planning of the development" of a country living essentially from the extraction of oil by foreign companies and the foreign exchange sent by its emigrants.
Carried out by Correa, elected in 2006, the project also grants enhanced powers to the Head of State, who may serve up to two consecutive four-year terms and will have the opportunity to dissolve the Assembly.
Correa had already announced that it would use that power and run for a new mandate in February 2009.
The Constitution also consolidates the principle of free health and educational services which the President has begun to introduce in this country of 13.9 million, where 50 per 50 per cent of the population lives below the poverty line.
It finally provides for a ban on the presence of foreign troops, which will put an end to the agreement between Quito and Washington for the use of an Ecuadorian base as a starting point for American anti-drug operations.
The 19 hostages were released in Chad
An Egyptian official launched an assault on the captors of the eleven tourists and their eight accompanying persons captured 10 days ago.
They are in Cairo.
Eleleaded European tourists and their eight Egyptian companions held captive for ten days in the desert were brought back on Monday afternoon safely to the Egyptian capital.
By the morning, they had been vacated by an Egyptian commando in Chad.
Apparently clemally, the hostages arrived at about 3:30 p.m. in a special aircraft at the al-Maaza military base, adjacent to Cairo International Airport.
They were immediately relocated, without being able to talk to the press, aboard helitarian helicopters to Maadi Hospital, a residential suburb in Cairo, for examination.
They are 'happily healthy', and 'no ransom has been paid' to kidnappers," Egyptian Minister of Tourism zoheir Garanna said on tarmac.
Captured on 19 September during a 4x4 safari at Mount Ouanat, on the outskirts of Egypt, Sudan, and Libya, this group of wets had been tossued from one cover to another by an unidentified kidnapper.
It consists of 11 tourists – five Italians, five Germans and one Romanian – as well as eight Egyptians: two guides, four drivers, a border guard, and the director of the Aegyptus agency, safari organizer.
An Egyptian security official stated that 30 members of the special forces, transported on board two helicopters, launched an assault in the night just before dawn.
'An exchange of gunfwaves took place, and half of the abductors were killed, the others running away,' said the official who required anonymity.
He reported that a total of 150 members of the "Flash" Special Forces of the "Filgment" unit had been sent to the Sudan, in which they had received support from German and Italian commandos.
The Head of Italian Diplomacy Franco Frattini mentioned the role played by secret agents and elements of the Italian special forces.
'We have to recognise that we have achieved this through the professionalism and effectiveness of our people in the secret services, special forces,' he said, without any further details.
He also refused the payment of a ransom.
The previous day, the Sudanese army had claimed to have intercebishaded a 4x4 vehicle in a patrol carrying the kidnappers, killing six, including the Chadian leader, and stopping two.
The army had stated that they belonged to a rebel group in Darfur, the Sudan-Unit Liberation Movement (SLA-U), which this movement immediately rebuffed.
Literaries - The Silent Magnificent Majority of Culture
A debate on the financing of culture makes headlines and the current electoral campaign.
So much the better.
But a sector of our cultural life is still forgotten.
Who will stand up to denunciate sums of misery to small museums, archives, archaeological excavations or national Historic Sites of Hunger?
Which politician will dare to remind the federal government that it is neglecting its monuments and heritage buildings?
That in Quebec, as in Canada, we don't have real laws actually preserving our heritage?
Did you know that the French Government is devoting three and a half million euros to the restoration of Chinon castle alone in the Loire Valley?
Among our American neighbours, it is stated in the Constitution of their country that heritage protection is part of American culture and that this heritage must be protected by all citizens, elected officials and all government departments in consultation.
In Quebec, at the Fédération des sociétés d'histoire du Québec, at least 40,000 volunteers grouped in 211 societies of history, heritage, archives and genealogy are concerned with excavating history, consecrating with three beneath private archival monces and preserving archaeological vestiges.
It is they, in many cases, the watchdogs of our heritage, who are prosying with the energy of desperation when developers and decision-makers launch their bulldozers against our forgotten Old Stones and Cemeteries.
When will there be a platform for history and heritage?
Benelux governments nationalize part of Fortis bank
The Benelux states support the Belgian-Dutch bank as the first European banking institution in a situation of distress as a result of the pulse effect of the credit market crisis in the United States, partially nationalising it; the three countries are supporting a sum of EUR 11.2 billion, this financial and insurance institution also having an interest in Hungary.
Over the last weekend, the Belgian, Luxembourg and Dutch governments agreed, at the highest level in this matter, by also appealing to the European Central Bank and the European Commission responsible for the competition officer of the European Commission.
In the euro area, the first major crisis in the context of the international financial crisis for more than a year is for the Banque Fortis; from some point of view, the decisions that will be taken in the case of this bank will serve as a precedent.
In accordance with the decision taken on Sunday's night, the three states will redeem nearly half (49 per cent) of the bank's capital located in each of the countries.
Undoubtedly, the bank sells some of its holdings, including, in the first place, the activities, mainly insurance, which it acquired last year from the Dutch organisation ABN Amro.
Over the last week, the Fortis shares began a dizzying fall. In the second half of the week, serious signs of crisis have already been revealed in the bank.
Analysts agree that with its 85,000 employees, the bank is far too big to let go into bankruptcy.
Only on Friday, the company’s shares fell by 12 percent, reaching its lowest level of 14 years ago.
Since January, equities have fallen by more than two-thous quarters of their value.
Taking into account the present value of the shares, the total value of the group's capital revolves around EUR 14 billion, which, according to the company's directors, is not realistic.
The company’s management is exacercilled uncertainty across the Atlantic, in connection with the adoption of the USD 700-billion-dollar bailout, of being responsible for the fall of the Fortis equities.
On Monday, there has already been a slight increase in the papers.
On Friday, Filip Dierckx was appointed head of the bank as the new Managing Director.
The financial institution was also looking for private buyers, but has not yet received a proposal on the merits.
Previously, the Belgian government has announced that investors should not worry, they are not going to lose their money.
No panic was felt in the banking customer circle and no agencies were stormed.
In Hungary, Fortis owns independent branches and has also purchased leasing companies.
A fox in the hen coop
In the Americas, life and health-insurance companies frequently refuse to sign an insurance contract with an applicant on the basis of information about their drug purchases.
Experts in the protection of information fear that the data market will become uncontrollable.
'Data protection programmes that link the use of information concerning the prescription of medicinal products, in all cases, to the consent of the data subject.
This kind of program has to be in self-sustaining hands, otherwise it means entrusting its chicken house to a fox" – recalled Richard Dicket, the creator of the program used to manage drug requirements, at the Washington Post.
Insured companies make the insurance premium and the insured capital in the event of damage dependent on the state of health of the customer, and if they consider that the risk is too great, they do not even insure it.
In the past, they sent the candidates for a medical examination, and they signed an insurance contract with them only after having taken cognizance of the results.
Over the last ten years, Dick has found a much cheaper procedure: from an identification number, he is easily supplied from pharmacies, data concerning the person's drug purchases within the last 18 months.
For for example, if this person regularly purchases high doses of cholesterol reducers, this refers to an extremely high level of fat in the blood, which immediately puts it in a higher risk category.
Several versions of this program are in circulation. Some at the same time determine a coefficient of risk, so there is not much left to do to the insurer except the paperwork. However, tiny problems may still arise.
Disadvantages of this programme include the fact that a medicine can be used for different purposes; for example, certain mixtures can be used against migraine or hot flushes, but can also be effective against depression.
Insurers, the latter is considered an aggravating risk factor, while insurers does not.
Companies have developed in research and data analyzing, asking the patient for authorisation before collecting the necessary information from the pharmacy.
From now on, they were forced to do so by the authorities, even if they had not been penalised for their shortcomings in the past.
Recently, some companies have also been processing the results of laboratory analyses, and link them with data on drug consumption, in this way they are able to provide an even more accurate portrait of the patient's state of health.
An increasing number of companies are gaining access to the data, at the same time becoming increasingly difficult.
There is a separate Law on the Protection of Medical Data, but its scope applies only to practitioners and insurers.
A proposal for a law on the extension of the supervisory circle of authorities concerning companies specializing in the provision of data is currently before the Congress.
Dick Richard acknowledges that this is not sufficient, which is why it has further developed its programme, which would condition the transmission of data to the exclusive consent of the person concerned.
This is another question as to whether the person concerned is genuinely free to give its consent or not, since if he or she refuses, the assurances do not sign an insurance contract.
Thus, and at the end of the day, hens depend on the benevolence of the felate.
The overall menu of Marseille
The European Union and India are doubling their trade.
Since the European Union and India are very important trading partners for each other, this issue also dominated the agenda of this ninth summit alongside the other, largely global problems.
Today, there will also be a France-India summit, which will focus on cooperation in the field of atomic energy.
The European Union recognizes that India is a great and emerging democratic power that should be given a broader voice in international affairs, but the Member States have not yet managed to agree on their support in New Delhi for its candidacy as permanent member of the United Nations Security Council.
Moreover, they did not dwelt too much on this issue yesterday at the 9th summit held in Marseille.
The French President, Nicolas Sarkozy, like the current President of the European Union and Commission President José Manuel Barroso and the Head of Foreign Diplomacy, Javier Solana, welcomed Indian Prime Minister Manmohan Singh, with whom they agreed that in five years they would double trade, which means an increase of about a hundred billion euros.
Taking into account that between 2000 and 2007, the exchange of goods rose from EUR 25 billion to EUR 55 billion, this does not seem to be an over-ambitious target.
To that end, the 26 bilateral conventions with India on civilian flights were legally harmonized; in that way, air trade could also flourish in the future.
India would like to sign a free trade agreement with the EU by the end of 2009.
Sarkozy promised to speed up the negotiations.
The objective is to balance the situation with, on the one hand, India, which is the EU's largest trading partner, on the other, and New Delhi, which is only ranked ninth among EU partners.
The summit focused its attention on global affairs.
The situation in Afghanistan and Pakistan had been strongly condemned, together with all forms of terrorism, and it had been mentioned the urgency of holding a United Nations conference on it.
The completion of the Doha trade round had also been called upon, although both had a large share in the current failure.
The EU has confirmed that it remains faithful to the energy-climate programme, in particular that it would like to decrease by at least 20 per cent its releases of toxic materials up to 2020.
India was also in agreement on this point, as well as the fact that a global market would be needed at next year's climate conference and reducing the emission of greenhouse gases by 50 per cent until 2050.
They would also like to prevent the increase in the prices of food, and supported the convening of an international working meeting to discuss the financial crisis.
The Indian Head of State now travels to the French capital, where at a bilateral meeting he is preparing to sign an agreement on the peaceful use of atomic energy.
In Paris, it is hoped that French companies will receive orders worth EUR 20 billion for the construction of Indian atomic reactors.
According to information from the news agency, the agreement would cover 15 years.
In Frankfurt, more than 300 Italian publishers
High presence of Italian publishers at the Frankfurt International Book Show.
More than 300 Italian publishers present at the 60th Buchmesse, the most important international event in the exchange of rights.
The Frankfurt International Book Exhibition awaits more than 7 thousand exhibitors from 101 various countries who will occupy 171,790 square metres of the Fair with more than 403 thousand titles in the exhibition, and Turkey as guest of honour.
The Deputy Secretary of the Ministry of Property and Cultural Activities, Francesco Maria Giro, will represent the Government of Italy at the inauguration of the Italian Butterfashion: Italy will be present in an institutional way, together with an Italian Point - 264 square metres of exhibition space.
It will be followed by an appointment with the press in Room Struktur, butterfly 5.0 of Buchmesse: an opportunity to present figures, trends and foresight on the position of publishing in Italy.
Depending on the data, the importance of foreign author's books is gradually diminishing in relation to total Italian production, and in particular compared to that for adults and children.
Fossett met the plane of Steve Fossett, the billionaire disappeared a year ago.
The wreath of Steve Fossset's plane, the billionaire departed on September 3, 2007, while flew on the Nevada desert, has been reunited.
Debris was found on a tray 3,300 metres above sea level, in the Sierra Nevada de Mammonth Lakes area, on the California-Nevada rubbing line.
Inside the airplane, however, no human remains.
Madera County sheriff, John Anderson, brushed the remaining doubts: "The airplane was located, we sent a team, and now we have the confirmation that this is the one Steve Fosset was traveling on the day he disappeared," he said at a press conference.
The sheriff therefore made it clear that no human remains were found either on the plane or in the surrounding area.
In February, the 63-year-old billionaire was considered dead.
The U.S. Transportation Safety Bureau (Ntsb) announced that a few hours after the wreck was spotted, an investigation team sent to the site, identified the aircraft: Bellanca 8 kcab, who disappeared on September 3, 2007, when Fossset sailed from Yerington in Nevada for a three-hour flight.
Yesterday, again in California, not far from the Nevada border, some of Fosset's personal belongings were found by a couple in the vicinity of Mammoth Lakes dwelling.
These are two Fossset-named documents, both issued by the Illinois Federal Aviation Administration, cash and a sweater.
Fossett's research was halted one month after his disappearance.
The billionaire had gained a place in the story thanks to a long series of records.
By the sixth attempt, in 2002, he had become the first man to complete around the world on an aerostatic balloon: two-week solo flight.
Three-year years later, he traveled around the world on an airplane and non-stop.
Of all these records, also that of flying at 15,445 meters in height, on the Andes, but with a co-pilot.
Glk, the advertisement you don't expect.
An extraordinary 4x4 of an original and well-defined design, with marked lines, with wide surfaces and sharp angles.
This is, in a synopst report, Glk, the latest of the "compact" off-road road of the star, with which Mercedes-Benz tried to give a wind of novelty in this sector.
Recourse to its non-standard, unexpected and non-conventional content will be the communication that accompanies the launch of 4x4 Glk, available in the Mercedes-Benz showrooms, starting on 17 October.
Thus the threshing that accompanies the beginning of the new car will give rise to an unprecedented mode of communication, through a futuristic 3D display campaign, used for the first time in Italy by an automobile brand.
A maxi-display project, articulated in three different phases, which will dominate the heart of Milan shopping, Corso Como, until 15 November.
The first phase of this new type of communication involves the presentation of the auto in stereoscopic vision, and thanks to special goggles distributed around Corso Como, it will be possible to see the new 4x4 in an almost real and three-dimensional size.
Indeed, it will have the impression that by looking at the image, the car leaves the poster.
Then, through the use of innovative Elimina8 technology, the new Glk will be illuminated according to the spots, in all its details, and then recomposed into a single image.
It is clear that with this advertisement, Mercedes tries to introduce something new into the stereotypical field of motorist communication.
Will it succeed in arousing the interest of future buyers?
These are the Italian hooligans.
From Triveneto, they risk the Daspo.
But who are those 150-200 young boys and girls whose Italy is ashamed now? They are part of "ultras Italy" group which has been following the Italian national team for years, and who, until now, had never created any major problems.
Nor had ever collided with the tifosi adjudicators.
Extraction of the group is on the right.
Promoters come from Triveneto.
From Verona, Padua, Trieste, and Udine.
There were small groups (fairly) of Campania and Puglia.
They had tricolor flags on which their original city appeared: Saturday evening, they were all kidnapped so as not to be identified.
They are inspired by English titoserie.
In Bulgaria, they have found a tifoyrie of real nazists, the Levski factory.
The Figc had made available Italian tifosi, 144 tickets for the part: all nominative, and therefore easily controllable.
The Viminal had in fact controlled them all: among those who left for Sofia, none had an ongoing Daspo, none had been prevented from attending a stadium.
Four Italian tifosi, who had a stadium criminal history, did not qualify for the ticket, and could not make the trip.
The Viminal is now waiting to read the acts that will happen from the Bulgarian police, and will then take action: in this case, it is possible that tifosi arrested or identified in the mess might purge a Daspo for at least five years.
An international Daspo that forbids attending Italian and European stadiums.
In a nutshell, our hooligans will no longer step into the stadium.
Happily.
But now it is the hour of fear-emulation, i.e. others are in danger of being in addition to the first hundred and fifty.
'We have to put out this fire immediately, and not legitimize which behaves in this way,' the Viminal argues.
Therefore, "keep your eyes wide open especially in view of Wednesday's national team match in Lecce"
In Apulia there is indeed a small nucleus of Ultra Italian supporters.
Tomorrow, the Observatory is meeting on Tuesday the Casms who can even count on a section of Aise, i.e. the Secret Services, which deal with stadium problems.
"The Duce-Duce choirs, and extended arm during Mameli's anthem? In Bulgaria, it's not a crime"
This is Domenico Mazzilli's recently director of the Viminal Observatory (he took the position of Francesco Tagliente and then Felice Ferlizzi).
Mazzilli was previously pre-favoured in Trieste, where a nucleus of the Ultras Italy group, founded in 2002, resided.
It is true, as Mazzilli says, that in Bulgaria praise Mussolini is not a crime, but there is no doubt that the behaviour of these 150-200 tifosis has been ashamed.
'I'm not a sociologist - adds the No. of the Observatorium - crimes must be attributed in the country in which this happens.
Until so far, this group had stayed within the rules, now we will see what has happened, and we will evaluate for the future.
But let's also talk about whistles towards Mameli's anthem: these too aren't crimes, but if I may, they're not polite..."
