Pravicoví populisté vítězí v Rakousku, mají celkem 29 procent
Podle prvních předběžných výsledků předčasných parlamentních voleb v Rakousku způsobily znatelné oslabení obou stran v současné velké koalici a významnou vzpruhu pravicově populistickým stranám.
Rakouská lidová Strana (ÖVP), do níž silně otřásá pozice současného šéfa Wilhelma Molterera, utrpěla obzvlášť velké ztráty.
Naproti tomu vůdce kampaně Aliance pro budoucnost Rakouska (BZÖ), guvernér Korutanu Jörg Haider, připravuje triumfální návrat do národní politiky.
Sociálnědemokratická Strana (SPÖ) podle předběžných výsledků zůstává s 29,8 procenty hlasů nejsilnější v zemi s 29,8 procenta hlasů, nicméně od posledních voleb v roce 2006 ztratila 5,5 procenta hlasů.
ÖVP, která se svými 25,6procentním podílem ztrácí téměř devět procent voličů, dopadla ještě hůř.
Jedná se o nejhorší výsledky obou velkých stran v rakouských poválečných dějinách, a zejména Lidové strany, která naléhala na předčasné volební právo, jde doslova o katastrofický výsledek.
Počátkem července, kdy koalici opustilo ÖVP, měla Lidová strana v průzkumech stále výrazný náskok v SPÖ.
Voliči je však zjevně potrestali za to, že nechávali vládu povalovat.
V prvních reakcích na výsledky se spekulovalo o možné rezignaci šéfa strany a současného vicekancléře Wilhelma Molterera.
Pozorovatelé očekávají, že by k tomu mohlo dojít již na mimořádném pondělním zasedání vedení strany.
Takový vývoj by zajisté zjednodušil cestu ke stále nejpravděpodobnějšímu východisku z předvolebních výsledků, tedy k obnově velké koalice společností SPÖ a ÖVP.
Vzhledem k posílení obou pravicově populistických stran – Svobodná strana (FPÖ) získala předběžných 18 procent a BZÖ 11 procent hlasů – avšak sociální Demokraté zároveň vyjádřili obavu z opakování roku 1999, kdy Lidová Strana souhlasila s populisty (FPÖ byla v té době stále sjednocená, v roce 2005) se odtrhla od BZÖ na společné vládě, která nakonec vyprovokovala sankce ze strany Evropské unie.
Haider, který již ohlásil, že je připraven spolupracovat s kteroukoli stranou a předpokládá, že se vrátí do Vídně do celostátní politiky, na tento vývoj evidentně spoléhá.
Strana zelených se také dostala do zastupitelstva, ale utrpěla lehkou prohru a klesla ze třetího na páté místo mezi rakouskými politickými stranami.
Očividně žádná z ostatních stran nepřekročila čtyřprocentní hranici a nedostala se do parlamentu.
Schwarzenberg: Vztahy s Indií se mohou zhoršit
Podle ministra zahraničí Karla Schwarzenberga nebude-li možné vyřešit problém českých vědců obviněných v Indii z nelegálního sběru brouků, mohlo by dojít k určitému zhoršení česko-indických vztahů.
Ministr toto prohlášení pronesl v New Yorku po dnešním utkání se svým indickým protějškem Pranábem Mukherdžím.
„Pokud to nebude vyřešeno, tak ano, pak dojde k určitému zhoršení,“ říká v návaznosti na setkání zahájené z české strany.
V návaznosti na vyjednávací řízení společnost Mukherjee uvedla, že pro exekutivu je obtížné zasahovat do soudních záležitostí.
Uvedl však, že v případě Petra Šváchy, který byl zproštěn obžaloby a potrestán pokutou, může ústřední vláda vyjednávat s místní samosprávou v Darjeelingu, pod jejíž jurisdikci věc náleží.
„Jeho problém mohl být vyřešen,“ řekl ministr.
Podle deníku Mukherdží by bylo pro Emila Kučeru Murimu, odsouzeného ke třem letům odnětí svobody, co se obracel k vyšším autoritám.
Poté může požádat o propuštění na kauci a počkat na verdikt mimo vězení, vysvětlil.
Schwarzenberg potvrdil, že jeho společník to v průběhu jednání také řekl.
„Doporučoval se odvolat k vyššímu soudu, pak by bylo možné mu udělit milost,“ řekl šéf české diplomacie.
Jediná možnost, jak se česká strana může do celé věci zapojila, je poskytnout odsouzeným osobám „kompetentní právní podporu“, uvedl indický ministr.
Zároveň řekl, že indická strana jim již také poskytuje pomoc tohoto typu.
„Je v našem největším zájmu udržovat co nejlepší vztahy s Indií, která má dlouholetou tradici.
Indiáni to také přiznávají,“ řekl Schwarzenberg.
Současně, jak řekl agentuře Český tisk, před svým partnerem zdůrazňoval, že Česká republika přikládala problematice českých entomologů velký význam.
„Považujeme zatýkání a obviňování těchto českých vědců za závažnou chybu,“ prohlásil.
Ministr se vyhýbal odpovědi na otázku, zda od indické strany dostal příslib, že se touto záležitostí bude zabývat.
Prohlásil pouze: „Dostal jsem již docela dost slibů“.
Čeští manažeři bojují o mořské dno
Kráčí k elektronické nástěnné mapě znázorňující Austrálii a přilehlé mořské oblasti.
Nezajímá se však o tento kontinent, ale o maličkost ztracený v modrém oceátorovi.
„Tento ostrůvek a s ním i oceánské dno patří Austrálii.
Zároveň je tato oblast stejně velká jako samotný kontinent,“ říká italský právník Luigi Santosuosso, který patří do třicetičlenného týmu zaměstnanců Divize OSN pro oceátorové poměřování a mořského práva.
Jeho šéfa, vedoucího divizí, českého právníka Václava Mikulovy, následuje to, co říká, a příležitostně k tomu něco přidává.
Zest a nadšení pro práci jsou zde dominantní.
Mořské dno ukrývá dosud málo známý svět bohatý na přírodní zdroje.
Je možné najít ropu, rudy a další minerály, ale také dosud neznámé živé organismy, které jsou klíčem například k vývoji léku na rakovinu.
Podlaha větší než kontinent
Pobřežní země dnes začaly vehementně soupeřit o nové podmořské území.
To znamená, že v souladu s dohodou OSN využívají práv, na nichž se dohodli v roce 1982 v Montego Bay na Jamajce.
Jedná se především o oblast takzvaného kontinentálního šelfu, který se často vyskytuje až několik set kilometrů od pobřežního daná země.
Podle této dohody má tato země výlučné právo na veškeré zdroje kontinentálního šelfu.
„Jednoduše vzato, kontinentální šelf je považován za část mořského dna, která je přirozeným pokračováním kontinentu pod mořem a jeho substrátu.
Dosahoval za okraj pobřežního moře, často dokonce i za hranou dvou set námořních mil takzvané exkluzivní ekonomické zóny,“ vysvětluje Mikulka.
Požadavek, který daná země podá Komisi o mezích kontinentálního šelfu, musí být podložena vědeckou a technickou dokumentací založenou na mnoha nákladných průzkumech a měřeních.
Jedná se o výsledek dlouholetých přípravných prací.
„Jednou z našich rolí je poskytovat komisi právní a specializovanou technickou pomoc.
Komise dosud jednala o pěti žádostech z Ruska, Brazílie, Austrálie, Irska a Nového Zélandu.
Dosavadní úspěšnost byla dosud úspěšná,“ dodává Mikulka.
V poslední době byl po celém světě zaznamenán úspěch Austrálie, která jako první rozšířila svou podmořskou doménu.
Nový Zéland však získal také – rozloha mořského dna, kterou komise uznala, má rozlohu přibližně 1,6 milionu čtverečních kilometrů, tedy zhruba šestinásobně větší, než je rozloha samotné země.
Obě země investovaly miliony dolarů do zeměměřičství.
Zisk, který v budoucnu vyplyne z využití mořského dna, bude, jak doufají, neocenitelným.
Ostatní země budou také postupně předkládat své žádosti.
Od chvíle, kdy ratifikovali „Montegskou zátokovou dohodu“, uplynulo již deset let, aby tak učinili.
Tam, kde kontinentální šelf končí, začíná rozloha mořského dna vyhlášená dohodou jako „společné dědictví lidstva“.
Tady už žádná země nemá žádnou exkluzivní polohu.
Těžební práva v této oblasti se uděluje na základě dohody uzavřené mezinárodní institucí.
„Ale oceánské dno není žádný Klondike,“ podotýká režisér Mikulčka přehnaně a dodává, že jeho „individuální prostory jsou právně jasně vymezeny a jejich režim je zakotven ve smlouvách.“
Češi v Pacifiku
Část mořského dna v současné době náleží České Republice.
Sdílí ji s ostatními zeměmi bývalého východního bloku v rámci společné organizace „Interoceanmetal“.
Na základě dohody tato organizace, stejně jako investoři z několika dalších malých zemí, získala v roce 1991 status takzvaného průkopnického investora.
Je oprávněna těžit v zóně ClarionClipperton v Tichém oceátorech mezi Mexikem, Havají a Kiribati.
Plocha zkoumaná investorem je o něco větší než v bývalém Československu.
Mořské dno je tam rozeklaný, je to jakýsi podmořský model Třešen.
„Je tam možné těžit na celkové ploše 75.000 kilometrů čtverečních.
Plocha je bohatou lokalitou pro sbírku poly-kovových výčtěků obsahujících nikl, měď, kobalt a mangan,“ říká další právník Pakshi Rajan z Indie.
Makedonijský právník z Divize, Rober Sandev, přináší jednu takovou konkretizaci.
Vypadá jako malá brambora nebo s trochou fantazie mytický shem, který podle legendy Golema oživil.
Německé Speciální jednotky přítomny na záchraně rukojmích
Při řešení krize s rukojmími požádala egyptská vláda o pomoc ze strany Německa, které vyslalo experty.
Tlačenice, když došlo na lámání chleba, byly připraveny zvláštní jednotky, ale jejich služby nakonec nebyly potřeba.
Objevují se další a další podrobnosti o okolnostech osvobození jedenácti evropských turistů unesených v Egyptě.
Podle německých spolkových ministerstev obrany a ministerstva vnitra se německých speciálních jednotek záchranné misí podílely nepřímo.
Záchraně byli přítomni specialisté federálních ozbrojených sil (Bundeswehr) a příslušníci německé spolkové policie (Bpol) a jejích speciálních jednotek GSG 9 a Letecké gardy, uvedli v pondělí večer mluvčí ministerstev, jakož i členové Spolkového kriminálního policejního Úřadu (BKA) a odborníci na logistiku Agentury pro technickou úlevu (THW).
Německé oddíly se však prý nevyžadovaly, protože věznitelé opustili rukojmí a utekli, když se dozvěděli, že rukojmí budou osvobozeni násilím.
Egypťanská vláda přijala pomoc nabídnutou Německem spoléhat se na německé síly jako na zálohu během operace.
„Naštěstí k tomu nedošlo,“ řekl mluvčí německého Spolkového ministerstva vnitra.
Cestovní skupina složená z pěti Němců, pěti Italů, rumunské ženy a jejich osmi egyptských společníků byla přepadena a unesena 19. září na jihu egypta.
Po svém únosu v pouštní oblasti na jihu egypta byli rukojmí přenášeni tam a zpět do pohraniční oblasti mezi Egyptem, Libyí, Súdánem a Čadem.
K dnešnímu dni totožnost věznitelů zůstává neznámá, stejně jako podrobnosti o záchraně nebo možném výkupném.
Bývalé rukojmí mezitím dorazili do Káhiry bezpečně a zdravě.
Německý ministr zahraničí Steinmeier uvedl, že byli svěřeni do péče německého velvyslanectví.
K podrobnostem záchrany se nevyjádřil.
V Berlíně nebyly poskytnuty žádné bezprostřední informace o jejich návratu do Německa.
Podle německého deníku „Bilda“ má těchto pět turistů a speciálních jednotek nastoupit do Airbusu německého letectva, který má do Německa přiletět v úterý.
Americká Sněmovna reprezentantů odmítla Bailout
Záchranný balík ve výši 700 miliard dolarů pro finanční trhy těsně neprošel v první ze dvou komor amerického Kongresu.
The Dow Jones se ponořili do nosu.
Sněmovna reprezentantů v poměru hlasů 227 ku 206 odmítla vládní záchranný balíček pro finanční trhy.
Nehledě na všechny výzvy prezidenta George W. Bushe a předních činitelů obou stran nebylo dosaženo většiny pro program, který měl potlačit chaos na finančních trzích.
V dramatické kampani učinili příznivci zoufalé pokusy přesvědčit kritiky zásluh 700miliardového plánu.
Jeden z hlavních demokratických vyjednavačů vyzval Barney Franka ke schválení zastupitelstvy, i když se jednalo o nepopulární plán.
„Těžko získat politický souhlas k zabránění něčemu, co se ještě nestalo,“ připustil.
Zatímco hlasování stále probíhalo, index Dow Jones zaznamenal pokles o více než šestiprocentní, tedy o 600 bodů.
Bylo to způsobeno strachem investorů, že by vládní výpomoc mohla zkrachovat.
Krátce před ukončením hlasování se vzpamatovala, jen aby se znovu ponořila, když bylo odmítnutí zveřejněno.
Experti nyní očekávají další silné turbulence na mezinárodních finančních trzích.
Má-li být plán realizován, je třeba schválit Sněmovnu reprezentantů i Senát.
Travel Agencies hlásí nárůst rezervací
Pro německé cestovní kanceláře to bude dobrá zima, evidentně:
Průzkum říká, že obrat rezervací pro nadcházející měsíce se oproti předchozímu ročníku výrazně zvýšil – v zimní sezóně dokonce až o 30 procent.
Navzdory vyhlídkám na slabou ekonomiku zůstává chuť Němců cestovat nezkažená, vyplývá z průzkumu.
Pokud jde o rezervace během zimní sezóny, cestovní kanceláře zaznamenaly ve srovnání se stejným obdobím předchozího roku nárůst obratu o 31 procent oproti stejnému období předchozího ročníku, informovala v pondělí v Berlíně Německá asociace cestovního ruchu (DRV).
Podle společnosti GfK zabývající se průzkumem trhu došlo ke zvýšení rezervací i během podzimních měsíců.
Cestovní agentury zaznamenaly za říjen nárůst obratu přibližně o jedenáct procent oproti roku 2007, uvedla DRV.
Výsledky vycházíme z údajů společnosti GfK, která každý měsíc zpracovává rezervační údaje 1200 německých cestovních kanceláří a používá je k předpovídání trhu jako celku.
Zahrnuty jsou cestovní rezervace hotové do srpna roku 2008.
Vzhledem ke slabému dolarovému dolaru byla poptávka, zejména zájezdy do Spojených států, DRV řekl.
V této lokalitě přibylo přibližně o jednu třetinu.
Odhlédneme- pomineme-li, že Španělsko, Turecko a Řecko jsou populární mezi Němci i domáckými oblastmi.
Zvlášť vyhledávanými byly výlety all-inclusive, řekl prezident DRV Klaus Laepple.
Vzhledem ke zvyšujícím se cenám energií a potravin byly jejich náklady pro klienty „vypočitatelnější než náklady na individuálně organizovanou dovolenou,“ řekl Laepple.
Spotřebitelé mohou ušetřit peníze mimo jiné prostřednictvím předčasného ptáčka nebo all-inclusive slevy, uvedl Laepple.
Vzhledem k tomu, že i letní měsíce byly velmi dobře zarezervované, došlo podle něj k dalšímu zvýšení obratu oproti předchozímu roku – i když jiný průzkum uvádí, že ve srovnání s minulým rokem klesl počet cestujících Němců.
Moje poprvé na Oktoberfestu
Hity ve střihu jarních přestávek a après-ski v opakovaném módu, pivo z litrových hrnků a celebrit ve značkovém Dirndlnu.
Wiesnův debut.
Technicky vzato, Susanne Kronzucker a já toho nemáme moc společného.
Je to blonďatá, televizní moderátorka a nosí na míru šitého Dirndla.
Mám tmavé chlupy, jsem studentka a mé šaty jsou z druhé ruky.
Ale je tu jedna věc, která nás spojuje: byli jsme ve Wiesnu necelé tři minuty a už se kolem nás shlukovali fotografové a poskakovali, plnili své paměťové karty – velmi lichotivé, a navíc je to moje první návštěva Wiesnů.
Takhle si děláš kamarády.
Vyšetřený Dirndl zřejmě odvádí svou práci.
Pro wiesnského turistu, který obvykle sídlil severně od rovníkovky „Weisswurstu“, zanechával tento pohodlný pocit nošení tradičního bavorského oděvu k dnešnímu dni ještě mnoho žádoucího.
Ale jakmile dorazil do Theresienwiese, už to není tak zlé.
Téměř všichni nosí Dirndla nebo Lederhosna; nikdo nevypadá znechuceně nebo rozpačitě – to všechno je naprosto normální.
Jen moje zástěra od Dirndla přitahovala podivné pohledy na prodavače čokoládových banánů.
Mnichovská žena mě upozornila, že jsem zástěru uvázala špatným způsobem: „Dostupné nalevo, panna uprostřed, spáchaná vpravo, ovdovělá pozpátku.“
Pravidelně táhnu zástěru zezadu doleva.
„Vypadá to správně,“ řekne a zasměje se.
Jiní se méně zajímají o rafinované koketní techniky a nosí prosté plstěné klobouky s nápisem „Příliš opilý na to, aby se oblékli“, a bez pobízení ukazují lidem jejich nahé pozadí.
Mladík s exhibicionistickým postojem se jmenuje Bob, je z Anglie a na Oktoberfestu je také poprvé.
Připadá mu ,nádherné', s dlouhovlasým 'ooooo'.
Vypráví mi to hned poté, co se zbavil „Maße“, který měl předtím.
Hned vedle jedné z ohnivých šelek, které si každý plete s skládkami odpadu.
Takže Bob je jedním z těch nechvalně proslulých 'Wildbiesler'.
Jiní nemají takové štěstí, aby přišli tímto způsobem o alkohol.
Blížíme se v osm hodin v noci a desítky záchranářů se hemží na lokaci a starají se o ubohými poskocích.
Lékaři se vždy objevují ve smečcích – jsou tam vždy po čtyřech, nesoucí zakořeněná nosítka ze stanu do stanu.
Funguje to jako u většiny Wiesnských návštěvníků: Když je prázdná, vyletí ven, a když je plná, vrátí se.
Ty nevidíš, kdo je uvnitř rakví BAC.
„Jsou to ty, které už víc nevydrží,“ zakřičel jeden ze záchranářů, když jsem se ho na to zeptal a zmizel v davu.
Oběť nehody pojmenovaná policií
Třiašedesátiletá chodkyně, která zemřela v nemocnici po srážce s vozidlovým vozidlem v Essexu.
Carole Paulsonová z Chelmsford Road v Brentwoodu byla účastníkem havárie v pátek odpoledne na Shenfield Road ve městě.
Byla převezena do královniny nemocnice v Romfordu, ale později zemřela.
Po nehodě byl zatčen jedenapadesátiletý muž podezřelý z neopatrné jízdy.
Od té doby byl propuštěn na policejní kauci.
Rozšiřující se turecké diplomatické obzory
Dávno předtím, než Turecko usilovalo o vstup do Evropské unie, evropské mocnosti dychtivě pronikat hluboko do zázemí Turecka.
Na východní straně Bosporu, možná pouhých 20 schodů do Asie, stojí jeden z nejlepších pozůstatků této neúspěšné imperiální ctižádosti.
Železniční stanice Hydarpasha byla navržena dvěma německými architekty Otto Ritterem a Helmutem Contu v novorenesančním slohu.
Alespoň to vám říkají průvodci.
Budova stojí obkročmo na konci nástupišť s věží v každém ze svých předních zákoutí, která hledala celý svět jako nějaká provinční německá radnice.
Kámen je špinavý.
Celá stavba se mírně rozkládá.
Jakmile se však dostane do klenuté pokladní pokladny, nelze pochybovat o vznešenosti podniku, z něhož byla tato nejzápadnější brána.
Stanice byla otevřena v srpnu roku 1908 německým konsorciem Anatolia-Baghdad.
Německo, opozdilec imperiální zvěře, mělo v úmyslu realizovat své ambice ovládnout Blízkého východu prostřednictvím této železnice vedoucí do Damašku, Bagdádu a dále do dnešní Saúdské Arábie.
Německé imperiální ambice však ztroskotaly během první světové války.
Železniční tratě byly napadeny Lawrencem z Arábie a jeho abržními nepravidelníky.
Relativní izolace z okolní oblasti, vyvolaná zmrazenými hranicemi studené války, zmizela.
Britské a nadvlábčnické síly postoupily z egyptu a vytlačily Turky a jejich německé spojence z Palestiny a Sýrie.
Staniční stanici Hyderpasha přinesly i špatné zprávy.
V roce 1917 vybuchl muniční vlak a zničil jeho propracovanou střechu.
Turecké zdroje tvrdí, že šlo o sabotáž.
Od té doby se pomalu vytvarovává, do značné míry se vyhýbá dějinám.
Dnešní železniční brána do Anatolie a na všechna východiska však slouží – alespoň symbolicky – ke zvýraznění rozšiřující se diplomatické obzory Turecka.
Vládní Strana Spravedlnosti a rozvoje – AKP – vypracovala pro tuto zemi zcela novou zahraničněpolitickou politiku.
Relativní izolace z okolní oblasti, vyvolaná zamrzlými hranicemi studené války, zmizela.
Nyní se objevuje nová politika angažovanosti.
Pozoruhodné je, že turecká vláda má dobré vztahy s Izraelem a Sýrií, s palestinskými frakcemi Hamásu a Fatahu, s Irákem a Íránem, samozřejmě s Evropskou unií a Spojenými státy.
Abych posoudil parametry této nové zahraničněpolitické politiky, nalodil jsem nočního spáče do turecké metropole Ankary, abych navštívil jednoho z předních zahraničněpolitických expertů AKP, tureckého poslance Suata Kiniklioglua.
Příštího dopoledne – o nějakých deset a půl hodin později – po strhující projížďce po tratích, z níž vyplynuly kadence starého světa slavného dokumentu The Night Mail, jsem dorazil do tureckého hlavního města – navržený jako nové městečko nového sekulárního státu odhodlaného otočit se zády k osmanské minulosti.
AKP se známými islamistickými kořeny však představuje změnu paradigmatu tureckého konsensu.
Vyvolalo to určité podezíravosti na Západě, nejvýrazněji ve Washingtonu.
Taxi mě odvezlo do centrály AKP, ultramoderní kamenné a ocelové konstrukci – vytvořené účelem – v rozvíjejícím se předměstí, obklopeného napůl zkonstruovanými nákupními centrami a energetickými patisseriemi, kde se setkávali střední manažeři v obchodních oblecích – mužům i ženám, aby brzy ráno uzavírali.
Suat Kiniklioglu mohl být středo-pravicovým politikem z téměř kterékoli jiné politické strany v Evropě.
Kravaťák, remíza. Jsem si jistý, že dokonce balil ostružinu.
„Cílem zahraničněpolitické politiky této strany je nyní reintegrace Turecka do jeho bezprostředního sousedství.
Chladná válka byla anomálie,“ řekl mi.
Krocko bylo odříznuto od svého vnitrozemí.
Dnešek se musel ve stejnou dobu ohlížet na východ a na západ.
Nebyl to případ jednoho nebo druhého.
Musel dělat obojí.
„Ale v určitém stádiu,“ zeptal jsem se, „se Turecka možná bude muset rozhodnout?“
„Turecko,“ řekl, „nechtělo čelit takové volbě.“
Zdůraznil pak, že téměř každý, s kým jsem zde hovořil, recitoval téměř zpovrtěně: vazby Turecka nejen k Blízkému východnímu, ale i ke Kavkazu a kolem Černého moře, jsou pro Evropu a Spojené státy stejně přínosné jako vůči Turecku.
Zdá se, že s Tureckem na palubě je poselstvím Evropa jako celek metaforicky jezdit těmito železničními tratěmi směrem k Asii a Blízkému východnímu.
Ve stanici Hydarpasha, po další téměř bezesné noci, jsem si vzpomněl na ty dva německé gentlemany Herr Ritter a Herr Conu, kteří před sto lety sledovali stavbu této budovy.
Nakolik by byli překvapeni zjištěním, že blízkovýchodní ambice této Evropy mohou být z velké části v rukou Turecka.
A když jsem čekal u terminálu, až mě trajekt odveze přes Bospor, připomněl jsem si, že v těch dnech bylo Turecku odjakživa nazýváno „nemocným mužem Evropy“.
Přinejmenším se pak nezdálo, že by existovaly velké pochyby o tom, který kontinent by si měl tuto fascinující zemi činit nárokem.
Vzpomínkové životy: Vernon Handley a William Woodruff
Marek Brown píše: Jako hudební ředitel Guildforfordu z roku 1962, Vernon „Tod“ Handley (nekrolog, 11. září) měl na starosti Guildford Philharmonic Orchestra Orchestra and Choir.
V rámci svého hudebního plánu pro tuto čtvrť v příštím roce založil svůj báječný sborový sborový sborek Proteus.
Předpokládalo se, že to bylo pro mladší 21 let, ale v době, kdy v roce 1979 zpívali Proteové své finálové finále, bylo několik z nás táhlo na třicítku – odmítli jsme se sboru vzdát.
Název „Proteus“ (mythologický měnič tvarů) představoval ochotu a schopnost pěveckého sborové zpěvačky vypořádat se s hudbou, která mu byla prezentována, ať už madrigalskou či mesiášskou, bez doprovodu nebo s plným orchestrem.
Hudební všestrannost produkovaná tímto mládežnickým sborem byla často udivující, vždy vzrušující, a to vše dáno inspirací tohoto jednoho člověka a nadšením pro hudbu, která zůstávala absolutně konstantní po celá léta.
Kolikrát nám Tod řekl, abychom „nechali hudbu mluvit sama za sebe“.
„Skladatel ví, co chce.
Všechno je v té hudbě.
Zpívej to!“
Jeho obuvníková technika byla absolutně jasná a precizní, i když nebyla diktátorská ani květnatá.
Bez ohledu na hudební měřítko ho vždycky zvyšoval ještě výš.
John Frayn Turner píše:
Měl-li nějaký dirigent být pasován na rytíře, byl to Vernon Handley.
Znal jsem ho dobře během dvou dekád, kdy dirigoval Guildfordskou filharmonii od roku 1962 do roku 1982.
Posledních více než 100 jeho koncertů jsem recenzoval více než 100 jeho koncertů a mohu upřímně říci, že jsem nikdy nezklamal ani jeden – a mnohokrát jsem jimi byl inspirován.
Tod Handley měl tu vzácnou kombinaci velikosti a osobní skromnosti.
Nenáviděl dirigenty, kteří, podle jeho slov, prostě „obklíčili jednoho nebo dva známé válečné koně po celém světě“.
Bude chybět tolika z nás.
William Woodruff
Profesor John Beckett píší:
Vaše nekrolog Williama Woodruffa (25.září) uvádí, že „v roce 1946 obnovil ekonomické dějiny v Oxfordu a v roce 1950 se stal Houblon-Normanovým výzkumným spolupracovníkem... při současném studiu BSc, magisterského a doktorského studia“.
Vyplývá to z Woodruffovy autorovy nóty Beyond Nab End, ale není to správné.
Od roku 1946 do roku 1953 přednášel ekonomické dějiny na Univerzitě v Nottinghamu, během nichž dokončoval disertační práci o britském gumárenském řemesle pod dohledem profesora J.
On to strávil 1950-51 v USA na Houblon-Norman společenstva, a v létě roku 1952 na univerzitách v Illinois, na Harvardu a v New Yorku.
V roce 1953 odešel natrvalo z Nottinghamu do Illinois.
Proč se Woodruff této části své kariéry zamlžil, není známo.
J. Vincent Resino Fakulty filologie
„Doporučuji výstavu José Vicente Resino „Flamenco y vida“, protože jeho černobílé fotografie pořízené dokumentárním stylem jsou neobyčejné.
Fotografie přitáhly mou pozornost kvůli jejich jednoduchosti a síle, která se přenášeje a vždy přistupuje k tématům se zvláštní pozorností.
Výstava s hlubokým citem.
Resino je schopen zachytit kouzelné okamžiky.“
Druhé napadení za super-půjčení Hondy
Příští listopad Honda uvede na trh druhou generaci jazzubých modelek.
Pokud se již předchozí model vyznačoval vysokou obyvatelností, má tento nový minivan interiérový širší prostor.
Kromě toho je opatřen jemnou mechanikou, která zvyšuje jízdní komfort a umožňuje ušetřit palivo.
Evoluce místo revolucí.
Toto je Honda Jazzova druhá generace.
Z estetického hlediska sice nový Jazz vypadá jako předchozí model, ale drobností, které do minivanu vnikly, jsou četné.
Mimo jiné stojí za zmínku jeho inovativní design, nová platforma, větší velikost a docela nové mechanizmy.
V každém případě, než přejdeme k analýze nového modelu, může být užitečné poukázat na to, že tento nový Jazz přichází jen šest let po vstupu první generace.
Proto je třeba vzít v úvahu, že Honda tento model obnovila rychleji, než to obvykle dělají ostatní společnosti.
I když je jazzubý model v Evropě méně známý než na jiných trzích, z hlediska tržeb zůstává fenoménem.
Tak je tomu v případě Japonska, kde byl Jazz nejprodávanějším vozem v roce 2002 a také v tomto roce 2008 nejprodávanějším vozem v roce 2008.
Právě tam bylo prodáno téměř milion kusů Jazzu z uvedení modelek na trh.
Druhým tržištěm byl Old Continent s přibližně půl milionem prodaných bytů za šest let.
Navzdory těmto číslům Honda věří, že tento nový Jazz v tomto segmentu ještě vzroste své tržby v tomto segmentu.
Pokud tedy v roce 2007 japonská společnost prodala celkem 833 000 kusů tohoto modelu, v roce 2009 se bude pohybovat kolem 100.000 vozů. To předpokládá možný nárůst prodejů o 17% právě na evropském trhu.
Pokud jde o španělský trh, prodala Honda od roku 2002 celkem 8 000 kusů Jazzu, což odpovídá 6,7 % celkových tržeb společnosti ve Španělsku.
S příchodem této nové generace očekávají, že odpovědní za firmu ve Španělsku do jednoho roka prodá kolem 2 000 kusů Jazzu.
Příchod nové Honda Jazz to pravděpodobně znemožní tím, že do značné míry omezí snižování prodejů ve Španělsku.
Osoby pověřené značkovou značkou ve skutečnosti očekávají, že dosáhnou konce roku s celkovým počtem 22 000 prodaných kusů, což je o 4.000 kusů méně než v roce 2007, s poklesem o 16 %.
I přes nárůst prodejů Honda rovněž zvýšila svůj podíl na trhu ve Španělsku, když ve srovnání s loňskými 1,6 % dosáhla 1,8 %.
Současně japonská společnost očekává, že v roce 2010 dosáhne 2 %.
K dosažení tohoto, Honda je věřil v další nový model jeho.
Toto je Insight, hybridní pětidveřové kompaktní auto o délce 4,37 metru. Japonská společnost doufá, že do roka prodá po celém světě přibližně 200 000 kusů tohoto modelu.
Podle odhadů trhů a japonských Výrobců bude 50 % prodejů společnosti Insight pocházet ze Spojených států, zatímco zbývajících 50 % pocházíme jak ze starého kontinentu, tak z Japonska.
Komerční uvedení Insightu je plánováno na začátek příštího roku, krátce po lednové prezentaci tohoto modelu ve firmě ve Valenze.
Ve srovnání s první generací se nový Jazz rozrostl ve svém celku.
Dosahuje 3,90 metru (dalších pěti centimetrů), šířky 1,69 metru (o dva centimetry více) a jeho interaxle 2,50 metru s přírůstkem pěti centimetrů.
Výška 1,512 metru zůstala nezměněna.
Společně s velikostí jeho obyvatelný vnitřek narůstal ve vesmíru.
Tato výhoda pramení především z nové plošiny a za druhé ze zprovoznění palivové nádrži v centrální lokalitě, což je řešení, které bylo přijato již v předchozím Jazzu.
Kapacita kmene – dvojnásobný objem dna – navíc stoupne na 399 litrů, což je o 19 litrů větší kapacita, respekt k první generaci.
Ukazuji-li, že se jedná o měřítka Hondy Jazze 1,4, zatímco kapacita kmene v modelu 1.2 je pouhých 379 litrů.
Jiná vylepšení – kromě vnějšivých elementů, jako je zadní vedení nebo možnost namontování panoramatického skla – se týkají zlepšeného přístupu k zadním sedadlům.
Dveře umožňující přístup k zadním sedadlům, nyní otevřeným v úhlu 80 stupňů, oproti 67 stupňům u prvního modelu.
Kromě toho, všechny motory jsou docela nové v této druhé generaci vozů.
V současné době uvedení na trh bude tento malý model dodáván s benzinovými motory o objemu 1,2 nebo 1,4 litru.
Oba mechanické systémy zahrnou i-VTEC technologii, která umožňuje nižší spotřebu paliva, produkuje méně emisí oxidu uhličitého, Optimalizuje mechanická vylepšení a zároveň udržuje vysokofrekvenční motor ve všech jeho fázích.
Verze o objemu 1,2 litru dosahuje výkonu 90 koní při 6000 ot/min s maximálním točivým točivým momentem 114 Nm při rychlosti 4900 ot./min.
Pohon, který v předchozím jazzu dosáhl rychlosti 78 koní, potřebuje jen 5,3 litru paliva a vyprodukuje přibližně 125 gramů emisního ekvivalentu CO2.
Ve srovnání s dosavadním pohonem, který v první generaci používal 83 koní, může nový využít 100 koní.
1,4 jazzu o síle 100 koní dosahuje kombinace 5,4 litru paliva a 128 gramů vypouštění CO2.
„Včelí-auto“, abychom se vyhnuli srážkám
Při vývoji technologií pro prevenci úrazů byl Nissan inspirován touto dobou přírodou a zejména včelami.
Japonská společnost vytvořila robota napodobujícího útěk včel a může se vyhnout nehodám.
Jedná se o Bio-mimetic Car Robot Drive neboli BR23C, prvním krokem k projektování technologií pro prevenci kolizí.
Inženýři Pokročilého technického střediska společnosti Nissan Motor Co. vyvinuli tohoto malého robota ve spolupráci s Centrem pro vědecký výzkum a technologii prestižní Tokijské univerzity v Japonsku.
Podle Kazuhira Doiho, generálního ředitele Public Relations for the Technology, Research and Development of Brand Management, BR23C expanze bezpečnostního štítu o čtyři oblasti produkované společností Nissan.
Tento robot je určen ke zlepšení schopnosti zabránit kolizím ve vozidlech vyrobených firmou.
Během útěku si každá včela vytvoří svůj vlastní oválný osobní prostor, který se velmi podobá Štítu bezpečnosti vyvinutému společností Nissan.
Nejdůležitějším prvkem však představují složené oči včely, které vidí ve všech směrech s úhlem 300 stupňů navíc, což hmyzu umožňuje létat bez přerušování ve svém osobním prostoru.
Pro znovudosvoření těchto vizuálních rysů inženýři vyvinuli to, co definovali laserový lokátor (Laser Range Finder).
Tento mechanismus detekuje překážky v rozmezí 2 metrů a poloměru až 180 stupňů před BR23C, vypočte vzdálenost k objektu a vyšle signál mikroproprocesoru na palubě, který okamžitě zabraňuje kolizi.
„Když detekuje překážku, malý robot napodobuje pohyby včely a okamžitě mění směr tím, že otáčí kolečky v pravém nebo širším úhlu, aby se vyhnul srážce.
Nejzřetelnějším rozdílem oproti jakémukoliv existujícímu systému je jeho vyhýbavý manévr, který má za následek, že je naprosto instinktivní.
„Kdyby tomu tak nebylo, robot by nebyl schopen zareagovat dostatečně rychle, aby se vyhnul překážkám,“ vysvětluje Toshiyuki Andoh, ředitel Laboratoře pro mobilitu a hlavní inženýr tohoto záměru.
Na rozdíl od včely se robot nemůže odchýlit směrem nahoru nebo dolů, nebo dokonce diagonálně. Může se hýbat pouze ve dvou dimenzích a ve směru, ke kterému se jeho kolečka otáčejí. Je zřejmé, že neumí běžet nekonečným směrům a způsobům, jako to dělají včely.
Z tohoto důvodu, Nissan používá rotační funkci navíc k akceleraci a zpomalení funkce, aby malý robot může zabránit kolizí.
„Toto zařízení musí zpracovávat nové informace pouze každých pár sekund a působit z těchto údajů.
Nepotřebuje uchovávat žádné informace ani používat intuitivní logiku předchozích manévrů. Z tohoto důvodu se může obejít bez přerušování, které mu dodá jen několik desítek KB paměti.
Možná vás to překvapí, ale nemluvíme o gigabajtech nebo megabou paměti.“
Jedná se o první krok k rozvoji nových technologií pro prevenci kolizí, což je technologie, o níž Nissan doufá, že bude do deseti let představena v automobilech jako standardní vlastnost.
Robot používá lithium-polymerové baterie, které jsou lehčí a trvanlivější než typologie lithium-iontu.
Dodatečnou aplikací v potenciální budoucnosti by mohla být integrace této technologie s navigátorem družice GPS s cílem dopravit řidiče do konkrétního destinace a vyhnout se tak překážkám na trati.
Udělejte třes před žádostí o půjčku
Musíme si uvědomit, že ministerstvo státní pokladny Spojených států, které vlastnilo poměrně dobré metropole, aby jednalo, rozhodně nepostrádá talenty.
Muset čelit krizím a zabránit Američanům, aby byli podváděni s půjčkami na odpadky ze strany bank pod pochybnostmi o platební neschopnosti, vytvořily zábavnou a vzdělávací hru pro uživatele internetu. Jedná se o „Bad Credit Hotel“.
Jinými slovy „Hotel se špatnými kredity“... nebo o problémech.
Chmurný aspekt tohoto hotelu a zejména jeho recepční si klade za cíl dotlačit lidi k tomu, aby přemýšleli nejen jednou, ale i dvakrát nebo dokonce třikrát, než požádají o půjčku.
A především pečlivě přemýšlet o tom, kde se o něj ucházet.To je pravděpodobně herní primární cíl.
Tento systém jistě poskytuje několik užitečných informací, ale nabízí poměrně málo podrobností.
Pro mladistvé je to mnohem více webová stránka, než stránka pro širokou veřejnost.
A co se stane, když tu hru dokončíte?
Ve snovém salónku se v hotelu objevuje místnost snů.
Stále je to něco, protože o koupi domu... je lepší ho opouštět.
Společnost Morgan Stanley otevřela svůj kapitál společnosti MUFG
Společnost Morgan Stanley ohlásila svůj vstup do tabulkového kola Mitsubishi UFJ Financial Group (MUFG), první japonské banky, která vynaloží devět miliard dolarů, aby získala 21% svého kapitálu, což jsou zprávy, které byly obdrženy prudkým poklesem cen akcií.
Týden po odhalení provizorní dohody obě banky vysvětlily, že společnost MUFG nakoupí 9,9% akcií společnosti Morgan Stanley za cenu 25,25 dolaru v celkové hodnotě tři miliardy dolarů.
Prodejní cena ke dni 31. srpna činila méně než 19 % hodnoty cenných papírů.
MUFG investuje dalších šest miliard dolarů do akvizice konvertibilních titulů poskytujících zajištěný výtěžek ve výši 10% a konverzní cenu ve výši 31,25 dolarů.
Společnost Morgan Stanley potvrdila, že celková operace vycházela z průměrné jednotkové ceny ve výši 29 dolarů, tedy o 28% nad její současnou cenou.
Akcie Morgan Stanley však ztratily 6,79% oproti 23,07 dolarech kolem 17:00 SELČ.
„Tato strategická aliance představuje významnou příležitost k urychlení transformace společnosti Morgan Stanley ke statusu držící banku,“ řekl John Mack, výkonný ředitel americké skupiny.
Společnost Morgan Stanley přijala tento nový status z minulého týdne, což by jí mělo umožnit diverzifikovat její aktivity, ale musí projít autoritou Federálního rezervního systému.
Její spojenectví se společností MUFG také potvrzuje, že současná finanční krize donutila největší jména na Wall Street zaujmout mnohem opatrnější postoj než dříve.
Způsoby prezentované v pondělí ukazují, že dohoda byla v posledních dnech pozměněna: minulé pondělní Morgan právě oznámila, že prodá až 20% svých akcií Japoncům za zhruba 8,5 miliardy dolarů.
„Před týdnem, vysvětlili Toshihide Mizuno, výkonnému řediteli MUFG v Tokiu,“ domnívali jsme se, že účast bude tvořena běžnými akciemi.
S ohledem na současný stav ekonomiky a trhu jsme však doufali, že minimalizujeme rizika a ochrání naše záda.“
Na základě vážené průměrné ceny zaplatí MUFG za cenné papíry společnosti Morgan Stanley o 7% nižší, než je jejich účetní hodnota.
Transakce vyústí ve zředění kolem 20% zisku na akcii.
Dohoda předpokládá, že společnost MUFG může ročně přeměnit polovinu svých přednostních cenných papírů na kmenové podíly, pokud se obchodovaly o více než 50 % nad konverzní cenou, což je přibližně 47 USD za dané období.
Společnost Morgan Stanley ujišťuje, že kapitál poskytnutý společností MUFG jí umožní chopit se investičních příležitostí, posílit její rozvahu a navýšit její likviditu.
mluvčí skupiny však odmítl sdělit podrobnosti ke strategickým projektům dvou nových spojenců.
Po investici společnosti MUFG společnost Morgan Stanley předpovídá kapitálový poměr Tier One ve výši přibližně 15%, což je jeden z nejlepších v oboru.
Morgan uvedl, že od konce srpna „výrazně“ snížil svou bilanční sumu.
Nedávné týdny byly obtížné pro skupinu, která způsobila roztavení poloviny ceny jejích akcií, zatímco prudce vzrostly pojistné náklady proti riziku nesplácení jejího zadlužení.
Tyto náklady se v pondělí snížily, ale zůstaly na nové vysoké úrovni, kolem 12 %.
Minulý týden společnost Goldman Sachs, jediná další přežívající významná investiční banka na Wall Street po bankrotu společností Bear Stearns and Lehman Brothers and Merrill Lynch akvizice, minulý týden oznámila, že získala 15 miliard dolarů, částečně od Berkshire Hathaway, skupiny Warrena Buffetta.
Rafael Correa v pondělním Quitu.
Obnova kolem Republiky jednadvacátého století socialismu.
Jedná se o společný projekt venezuelského Huga Cháveze, bolivijského Evo Moralese a ekvádorského Rafaela Correy.
Tato neděle, stejně jako její protějšci a přátelé, je třetí, kdo odhlasoval návrh nové ústavy.
Mise splněna, protože 64% voličů hlasovalo pro referendum, podle oficiálních výsledků založených na 80% hlasů.
Na základě těchto výsledků získalo „ne“ 28%, 7% hlasů bylo neplatných a 0,7% bylo prázdných.
Aby mohl být návrh ústavy přijat, měl by získat polovinu hlasů plus jeden.
V neděli dva průzkumy provedené mimo volební místnosti a jedna nevládní organizace ohlásily velké vítězství „ano“ v rozmezí od 63 % do 70 %.
Rafael Correa v noci z neděle na pondělí prohlašoval, že zvítězí ve svém návrhu ústavy.
Konstituce zvítězila drtivou převládce,“ ujistil a pochválil Ekvádorce v sídle vlády Guayaquilu, vzdáleném 280 km jihozápadně od Quita.
Rafaelu Correovi samozřejmě gratulovali Chavez a Morales, ale také jeho chilská protějšek Michelle Bacheletová.
Průzkum veřejného mínění, který proběhl mírumilovně pod drobnohledem Organizaci amerických států (OAS), se ve svém textu zabývalo 444 body, které upevňují „nový socialismus“ prosazovaný prezidentem.
Návrh ústavy zakotvuje moc státu nad ekonomikou tím, že jí vyhlašuje „rozvojové plánování“ země žijící převážně z těžby ropy zahraničními společnostmi a zahraničních peněz, které posílají svým emigrantům.
Projekt podporovaný Correou, zvoleným v roce 2006, také poskytuje větší pravomoci hlavě státu, což může trvat až dvě po sobě jdoucí funkční období po dobu čtyř let a bude moci rozpouštět Shromáždění.
Correa již oznámil, že tuto pravomoc využije k hledání nového mandátu v únoru roku 2009.
Ústava také upevňuje zásadu bezplatných zdravotnických služeb a vzdělanosti, kterou prezident v této zemi s 13,9 milionu obyvateli začal zavádět a kde 50 % obyvatel žije pod hranicí chudoby.
Předpokládá také zákaz přítomnosti cizích vojsk, který ukončí dohodu mezi Quitem a Washingtonem o využití Ekvádoru jako odpalovací základny pro americké protidrogové operace.
Devatenáct rukojmích bylo propuštěno v Čadu.
Egyptské komando zahájilo útok proti únoscům jedenácti turistů a jejich osmi eskort zajatých před deseti dny.
Jsou v Káhiře.
Jedenáct evropských turistů a jejich osm egyptských esemplářů držených deset dní v zajetí v poušti bylo vráceno v pondělním odpoledni do egyptského hlavního města.
Ráno je propustilo egyptské komando v Čadu.
Záměrně zdolaní rukojmí přiletěli kolem roku 1530 na palubě speciálního letadla na vojenské základně al-Maza, připojeného k mezinárodnímu letišti v Káhiře.
Okamžitě byli přemístěni, aniž by mohli s novináři hovořit, helikoptérou do nemocnice v Maadi, rezidenčním předměstí Káhiry, aby podstoupili vyšetření.
Jsou v „dobrém zdravotním stavu“ a věznitelům nebyly vyplaceny „žádné výkupné“, prohlásil egyptský ministr turistiky Zoheir Garanna na asfaltu.
Zachycena 19. září během safari ve voze 4x4 na úpatí hory Ouanat na hranicích s Egyptem, Súdánem a Libyí, byla tato skupina rukojmích zmasakrována z jednoho úkrytu do druhého 35 neznámými únosci.
Zahrnuje 11 turistů – pět Italců, pět Němců a jednoho Rumuna – a také osm Egypťanů: dva průvodci, čtyři řidiče, pohraniční stráž a ředitel agentury Aegyptous, organizátor safari.
Egyptský bezpečnostní úředník řekl, že 30 příslušníků speciálních jednotek, vynášených ve dvou helikoptérách, zahájilo útok v noci těsně před úsvitem.
„Došlo k přestřelce a polovina únosců byla zabita, druhá půlka utekla,“ řekl úředník, který si vyžádal anonymitu.
Prohlásil, že do Súdánu bylo vysláno celkem 150 příslušníků jednotky egyptských speciálních sil, kteří obdrželi podporu od německých a italských komand.
Vedoucí italského diplomatického sboru Franco Frattini v Bělehradě, kde v současné době působí, se zmínil o úloze italských tajných agentů a složek speciálních sil.
„Musíme si uvědomit, že jsme tohoto výsledku dosáhli díky profesionalitě a efektivitě našich mužů z tajnůstkářských služeb ze speciálních jednotek,“ řekl bez dalších podrobností.
Odmítl také vyplacení výkupného.
Súdánská armáda den předtím prohlašovala, že zastavila hlídkové vozidlo 4x4, na jehož palubě byli věznitelé, zabili šest včetně čadské hlavy a zatkli dva.
Armáda prohlašovala, že byli napojeni na povstaleckou skupinu v Dárfúru Súdánské Osvobozenecké jednoty (SLA-U), což toto hnutí okamžitě popíralo.
Dopisy – Tichá většinová kultura
Debata o financování kultivace se dostala na titulní stránky novin a zaujala tuto volební kampaň.
Dobře.
Ale jedno odvětví našeho kulturního života zůstává vždy zapomenuto.
Kdo vystoupí, aby odsoudil bídu způsobenou malým muzeím, archivům, archeologickým nebo národním historickým památkám, které hladoví po finančních prostředcích?
Kterým politikem se odváží připomenout federální vládě, že zanedbává své památky a historické budovy?
V kanadském Québecu nemáme žádné skutečné zákony, které by účinně chránily naše dědictví?
Věděli jste, že francouzská vláda věnuje tři a půl miliónu eura jen na obnovu Chinonského zámku v údolím Loiry?
Naši američtí sousedé napsali v ústavě své země, že ochrana kulturního dědictví je součástí americké kultury a že takové dědictví musí být chráněno všemi občany, všemi volenými a všemi ministerstvy ve spolupráci.
Nejméně 40 000 dobrovolníků sdružených v Québec v Québecu ve 211 agenturách zabývajících se historií, dědictvím, archivy a genealogií zkoumá dělostřelectvo, uchovávání, má málo finančních prostředků, hromady soukromých archivů a uchovávání archeologických pozůstatků.
Často se jedná o hlídače našeho dědictví, kteří protestují s energií zoufalství, když developeři a konstruktéři vypouštějí své buldozery proti našim starým budovám a zapomenutým hřbitovům.
Kdy vznikne fórum pro dějiny a dědičnost?
Banka ve Fortisu částečně znárodněná vládami Beneluxu
Státy Beneluxu napomáhají belgicko-nizozemské bance Fortis – což je první evropský finanční institut v potížích v důsledku následného efektu americké úvěrové krize – částečným státním odkupem. Tyto tři země se dohodly, že vloží 11,2 miliardy EUR do bankovní a pojišťovací společnosti s maďarskými zájmy.
Belgická, lucemburská a nizozemská vláda koncem tohoto týdne konzultovaly tuto otázku na nejvyšší úrovni, za účasti prezidenta Evropské centrální Banky a komisaře Evropské komise pro hospodářskou soutěž.
Uvnitř Eurozóny je Fortis první bankou zasaženou mezinárodní finanční krizí blížící se ve vlnách za posledních 12 měsíců. Z jistého úhlu pohledu tak mohou být učiněná rozhodnutí považována za precedens.
Podle rozhodnutí učiněného v neděli večer každá vláda převezme 49procentní podíl ve Fortisových bankách ve svých zemích.
Banka dozajista odprodá část svých podílů, zejména pojišťovací činnosti, kterou loni nakoupila od holandské společnosti ABN Amro.
Akcie ve Fortisu začaly minulý týden prudce klesat a ve druhé polovině týdne se ve firmě objevily náznaky váživé krize.
Analytici se shodují na tom, že banka – se svými 85 000 zaměstnanci – je příliš velká na to, aby mohla zbankrotovat.
Akcie banky v pátek klesly o 12%, což je rekordně nejnižší úroveň za posledních 14 let.
Hodnota podílů se od ledna snížila o dvě třetiny.
Vezmeme-li v úvahu aktuální ceny akcií, celková tržní kaplotní hodnota skupiny se pohybuje kolem 14 miliard EUR. Ředitelé společností však tvrdí, že to neodráží realitu.
Vedení obviňuje zámořské nejistoty, které souvisejí s přijetím amerického balíku ve výši 700 miliard USD, z pádu podílů ve Fortisu.
Akcie v pondělí vykázaly mírný vzestup.
Filip Dierckx byl v pátek jmenován novým generálním ředitelem banky.
Finanční instituce také hledala soukromé kupce, ale zatím nebyla učiněna žádná podstatná nabídka.
Belgická vláda již dříve deklarovala, že investoři nemají žádný důvod k obavám, že o své peníze nepřistoupí.
Mezi zákazníky banky se zatím neobjevila žádná panika; k žádnému bankovnímu spěchu nedošlo.
Fortis má v Maďarsku vlastní bankovní pobočku a odkoupila také leasingové společnosti.
Fox In The Henhouse
Americké životní a zdravotnické pojišťovny často odmítají některým občanům kvůli údajům o koupi svých léků.
Experti na ochranu osobních údajů se obávají, že se trh s daty stává neovladatelným.
„Existuje program na ochranu osobních údajů, který vyžaduje svolení dotčené osoby k použití údajů o předepisování léku.
Měla by být nezávislá, jinak liška bude hlídat domek,“ cituje The Washington Post Richarda Dicka, tvůrce programu platného pro sledování předepisování receptů na léky.
Pojišťovny rozhodují o poplatcích za pojištění a o částce, která má být uhrazena, v závislosti na zdravotním stavu žádajícího pořizovatele, a pokud to považují za příliš riskantní, pojištění neposkytují.
Přihlašovaní zákazníci bývali zasílani na lékařskou prohlídku a smlouva byla uzavřena pouze s ohledem na výsledky screeningu.
Před deseti lety Dick vyvinul mnohem levnější metodu: na základě identifikačního čísla zákazníkem lze snadno odhalit druh léků zakoupených zákazníkem v posledních 18 měsících, takže program může sám o sobě vyvodit důsledky, pokud jde o nemoci, které žadatel trpí, jakož i jejich zdravotního stavu.
Například případ pravidelného nakupování velkých dávek léků ke snížení cholesterolu prakticky poukazuje na skutečnost, že zákazník má neléčitelně vysokou hladinu krevního tuku v krvi, v důsledku čehož by tato osoba byla okamžitě zařazena do vyšší rizikové kategorie.
Program má různé obchodní verze, z nichž některé dokonce definují Rizikový faktor, pojišťovna tedy nemá na práci nic jiného než papírování, ačkoli vznikají menšími potížemi, i když vznikají menšími potížemi.
Jednou ze znevýhodnění je skutečnost, že některé léky mohou být použity k několika účelům, například k léčbě migrény, vln horka nebo i deprese.
Posledně jmenovaný je významným faktorem zvyšujícím riziko z pohledu pojistitelů z podnikatelské sféry, zatímco u ostatních dvou nikoliv.
Existují specifické společnosti, které se zabývají získáváním a zpracováním údajů, a před získáním potřebných informací v lékárnách žádají pacienta o svolení.
Jsou k tomu již povinni, i když jejich dosavadní neúspěchy nebyly penalizovány.
Některé společnosti zpracovávají dokonce i výsledky laboratorních prohlídek a připojují je k údajům o konzumaci léku. Tímto způsobem mohou poskytnout přesnější informace o zdravotním stavu pacienta.
Přístup k údajům získává čím dál více společností a souběžně je stále obtížnější kontrola jejich používání.
Dochází ke konkrétnímu zákonu o ochraně údajů v oblasti zdravotní hygieny, ale jeho oblast působnosti zahrnuje pouze poskytovatele zdravotní péče a pojišťovny.
Návrh zákona o poskytnutí inspekční pravomoci úřadů nad společnostmi zabývajícími se poskytováním údajů bylo předloženo Kongresu.
Dick Richard si uvědomuje, že to nestačí, a proto dále rozpracoval svůj program, který by nyní omezil předávání údajů s ohledem na vyžadování vyjádřeného souhlasu dotčené osoby.
Jinou otázkou však je, že žalobkyně ve skutečnosti nemůže odepřít souhlas, jinak s nimi pojišťovny neuzavírají smlouvu.
Chrličky tedy do jisté míry budou nadále záviset na laskavosti lišky.
Globální Marseillovo menu
European Union and India Doubles Trade
Vzhledem k tomu, že Evropská unie a Indie jsou vzájemnými předními obchodními partnery, dominovala tato otázka vedle jiných, především globálních problémů, které se týkala i agendy devátého summitu.
Dnes se také bude konat francouzsko-indijský summit, který se bude týkat zejména spolupráce v oblasti jaderné energie.
I když si Evropská unie uvědomuje, že Indie je rozvíjející se demokratickou světovou velmocí, které by mělo být přiznáno větší slovo v mezinárodních záležitostech, členské státy se zatím nedokázaly dohodnout, zda podpořit stálé členství Nového Dillí v Radě bezpečnosti Organizace spojených národů, či nikoli.
Tato záležitost tedy nebyla během devátého summitu pořádaného včera v Marseille vynucena.
Francouzský prezident Nicolas Sarkozy ve funkci rotujícího předsedy Evropské unie, předseda Výboru José Manuel Barroso a šéf zahraniční politiky Javier Solana přivítali indického premiéra Manmóhana Singha a souhlasili se zdvojnásobením obchodního toku na více než 100 miliard eur během pěti let.
Vzhledem k tomu, že se v letech 2000 až 2007 výměna zboží zvýšila z 25 miliard na 55 miliard, nejedná se o příliš ambiciózní cíl.
26 stávajících dvoustranných úmluv o civilním letectvu s Indií bylo proto právně harmonizováno, což znamená, že letecká přeprava se může v budoucnu prohlubovat.
Dohoda o volném obchodu s Unií hodlá podepsat dohodu o volném obchodu do konce roku 2009.
Sarkozy přislíbil urychlení harmonizace.
Nalezení bilanční sumy je, zatímco Indie je obchodním partnerem EU číslo jedna a zároveň má Nové Dillí pouze deváté místo na seznamu partnerů EU.
Summit se soustředil na globální otázky:
Pokud jde o situaci v Afghánistánu a Pákistánu, jakož i v otázce terorismu. Ten byl ve všech formách odsouzen oběma stranami a svolání Konference OSN bylo vyzváno.
Urychlovalo se také dokončení obchodního kola z Dohá, i když obě smluvní strany jsou dosud zodpovědné za toto fiasko.
Evropská unie potvrdila, že svůj program v oblasti energetického a klimatického průmyslu zachová, což znamená mít v úmyslu snížit emise znečišťujících látek z ovzduší nejméně o 20 % až do roku 2020.
Indie s tím souhlasila i s cílem dosáhnout globální dohody na klimatické konferenci, která se má konat v příštím roce, a snížit do roku 2050 emise skleníkových plynů o 50 procent.
Dalším cílem bylo zamezit růstu cen potravin a byla podpořena výzva k uspořádání mezinárodní konference k přezkumu finanční krize.
Indický premiér se dnes chystá na bilaterální schůzku ve francouzském hlavním městě, kde zamýšlí dosáhnout dohody o mírovém využití jaderné energie.
Paříž očekává, že francouzské společnosti získají zakázky na výstavbu jaderných reaktorů v Indii v hodnotě 20 miliard eur.
Podle informací tiskové agentury měla dohoda v platnosti po dobu patnácti let.
Více než tři stovky italských redaktorů ve Frankfurtu
Silné zastoupení italských redaktorů na Mezinárodním knižním veletrhu ve Frankfurtu.
Více než tři stovkami budou italští redaktoři přítomní u příležitosti šedesátého výročí Buchmesse, nejvýznamnější mezinárodní akce pro výměnu autorských práv.
Mezinárodního knižního veletrhu ve Frankfurtu nad Mohštinou se v této příležitosti očekává více než sedm tisíc vystavovatelů ze 101 různých zemí, kteří veletrh obsadí 171 790 metrů čtverečních na ploše s více než 403 tisíci vystavenými tituly a čestným návštěvníkem bude Turecko.
Francesco Maria Giro, náměstkyně pro kulturní kulturu a činnost Ministerstvo bude reprezentovat italskou vládu na slavnostním otevření italského pavilonu: ve skutečnosti bude Itálie přítomna jako instituce s italským stánkem – 264 metrů čtverečních výstavní plochy.
Následovat bude tisková konference v Místnosti Struktur pavilonu Buchmesse: to bude příležitost, kdy budou prezentovány údaje, trendy a pohled na postavení italského nakladatelského průmyslu.
Podle těchto údajů postupně ubývající význam knih zahraničních aut autorů v italské produkci, a to zejména pro dospělé a děti.
Nalezeno letadlo Steva Fossetta Milionář zmizel před rokem
Byl nalezen ztroskotání letounu Steva Fossetta, milionáře, který zmizel dne 3. září 2007, když přeletěl nevadskou poušť.
Trosky byly nalezeny na plošině v nadmořské výšce 3000 metrů, v Sierra Nevadské oblasti Mammoth Lakes na hranici mezi Kalifornií a Nevadou.
V letadle však nebyly žádné lidské pozůstatky.
Šerif okresu Madera John Anderson rozptýlil veškeré přetrvávající pochybnosti: „Letecký letoun byl lokalizován, vyslali jsme jeho tým a nyní máme potvrzeno, že je to ten, ve kterém Steve Follett létal v den, kdy zmizel,“ řekl na tiskové konferenci.
Šerif poté upozornil, že v letadle nebyly nalezeny žádné lidské pozůstatky, ani v okolí.
Milionář ve věku 63 let byl v únoru odsouzen k trestu smrti.
Americký Národní úřad pro bezpečnost dopravy (NTSB) oznámil, že několik hodin poté, co byl vrak spatřen, byl vyslán vyšetřovací tým, který pak letadlo identifikoval: je to Bellanca 8KCAB, která se pohřešuje od 3. září 2007, kdy Fossett odstartoval z Yeringtonu v Nevadě na tři hodiny letu.
Včera, vždy v Kalifornii, nedaleko od hranic s Nevadou, byl pár nalezen nějakými osobními věcmi Fossettem poblíž jejich domu v Mammoth Lakes.
Jedná se o dva dokumenty na jméno Fossett, oba vydané Federálním leteckým úřadem v Illinois, nějakou hotovost a mikina.
Pátrání po Fossettovi bylo odvoláno měsíc poté, co zmizel.
Milionář si vydobyl místo v dějinách díky řadě světových rekordů.
V roce 2002, na svůj šestý pokus, se stal prvním člověkem, který dokončil cestu kolem světa v horkovzdušném balónu: dvoutýdenním sólovém letu.
O tři roky později podnikl zpátečku celého světa letadlem bez přistání.
Mezi jeho četnými rekordy také létá ve výšce 15 445 metru nad Andami, ale s druhým pilotem.
Glk, reklama, která na vás nečeká.
SUV, které se vymyká normám s originální konstrukcí definovanou rozhodujícími liniemi, hojnými plochami a čistými řeznými rohami.
Ve zkratce se jedná o GLK, nejnovější přírůstek do „kompaktních“ terénních vozíků od hvězdnatého výrobce, s nímž se Mercedes-Benz snažil do tohoto sektoru vniknout čerstvému čerstvému vzduchu.
Vzhledem k tomu, že jeho rysy vynikají z tradičních norem, poselství doprovázející uvedení SUV GLK bude nečekané a netradiční, bude k dispozici v předváděcích místnostech Mercedes-Benz od příštího 17. října.
Rekanční kampaň, která bude doprovázet premiéru nového vozu, tedy odstartuje novou komunikační metodu, která zahrnuje také futuristickou kampaň 3D billboardů, které v Itálii poprvé používá automobilová značkářka.
Projekt velkých billboardů ve třech různých fázích, které budou až do 15. listopadu dominovat nejdokonalejší milánské nákupní ulici Corso Como.
První etapa tohoto nového typu komunikace začne prezentací vozu ve stereooskopickém výhledu a díky speciálním brýlím šířeným v okolí společnosti Corso Como bude možné vidět nové SUV ve skutečné velikosti a ve 3D formátu.
Ve skutečném, při pohledu na tento obraz člověk vyvolá pocitu vyčnívat z plakátu, že auto vyčnívá z plakátu.
Následným použitím inovativní technologie Elumina 8 budou v různých obdobích osvětleny všechny detaily nového GLK a poté budou obnoveny jako jeden obraz.
Bez jakýchkoli pochybností se Mercedes prostřednictvím této reklamy pokouší vnášet něco nového do konvenčního oběžiště automobilové publicity.
Uspěje s tímto vzorec vyprovokovat zájem budoucích kupujících?Uvidíme.
Tady je, jací italští chuligáni jsou
společnosti Tri-Veneto, která může být zakázána účast na sportovních utkáních (Daspo).
Ale za koho se dnes Itálie stydím za 150-200 lidí? Tvoří součást skupiny „Ultras Italia“, která po léta podporovala národní fotbalovou reprezentaci a dodnes, jak je pravdě známo, nikdy nevytvářela velké problémy.
Ani se nikdy nestýkala s fanoušci protivníků.
Osvobozování této skupiny je pravé křídlo.
Propagátoři jsou z Tri-Veneto.
Z Verony, Padovy, Terestu a Udine.
Připojily se k nim některé malé skupiny (ve skutečnosti jen velmi málo členů) z Campagnia a Puglia.
Mají trikolórové vlaječky s městem původu ozbrojenců: v sobotu byly odstraněny, aby nemohly být identifikovány.
Berou své nápady od anglických fanoušků.
V Bulharsku našli příznivce, kteří byli skutečnými nacisty, skupinou Levski.
FIGC dala italským fanouškům k dispozici 144 lístků na zápas: všechny osobní, a tudíž snadno prověřitelné.
Ministerstvo vnitra ve Viminale je ve skutečnosti zkontrolovalo ve skutečnosti všechny: mezi těmi skupinami do Sofie nebyla zakázána žádná zakázaná návštěvnost stadionu, nikomu nebyl vstup na stadion zakázán.
Čtyřem italským příznivcům, kteří měli předchozí zločiny spojené se stadionem, byly ve skutečnosti vstupenky odmítnuty a bylo jim zabráněno.
Ministerstvo vnitra nyní vyčkává, že si bude moci přečíst oficiální záznamy, které by měly dorazit od bulharské policie dříve, než učiní kroky: v tomto případě je možné na pět let zakázat zatčení příznivce nebo ty, kteří byli během nepokojů identifikováni.
Mezinárodní vyhnanství, které zakazuje návštěvnost nejen stadionů v Itálii, ale také v celé Evropě.
Naši chuligáni, zkrátka, by nevstoupili do dalšího stadionu.
Naštěstí ano.
Nyní však panuje strach z napodobeniny: to znamená, že se ostatní spojí s tím více než sto padesáti.
„Musíme tento požár okamžitě vypustit a nelegitimizovat ty, kteří se chovají tímto způsobem,“ prosazují ministři ve Viminale.
„Oči doširoka otevřeny, zejména proto, že národní tým hraje ve středu v Lecce“.
V Puglii je ve skutečnosti malé jádro příznivců Ultras Italia.
Zítřejší observatoř se v úterý setká CASMS, který se může spolehnout na sekci AISE, to je tajná služba, která řeší přesně problémy na stadionech.
„Sbór Duce-Duce a paže natažená během hymny Mameli? V Bulharsku to není zločin...“.
To jsou myšlenky (vyjádřené s velkým zármutkem) Domenico Mazzilli, kteří ještě před několika týdny je ředitelem observatoře Viminale (dosáhl post, který zpočátku zastával Francesco Tagliente a poté Felice Ferlizzi).
Mazzilli byl ředitelem policejní administrativy v Terstu, kde existuje jádro příznivců Ultras Italia, založeného v roce 2002.
Je pravda, říká Mazzilli, že v Bulharsku není zločinecké chvalozpěvovat Duce, ale rozhodně bylo hanebné vystupování těch 150-200 fanoušků hanebné.
„Nejsem sociolog – kracím číslem 1. observatoře – měl by být trestný čin přičítán v zemi, kde k incidentu došlo.
Dosud tato skupina setrvávala v linii, nyní se podíváme, co se skutečně stalo, a zhodnotíme to pro budoucí referenci.
Hovořme však také o hvízdavém pískání na hymnu Mameli: v Bulharsku to také není kriminalita, ale smím-li říci, není to dobré vychování ...“.
