Rechtspopuläre triumphieren in österreichisch mit insgesamt 29 Prozent
Nach den ersten Vorab-Ergebnissen der vorgezogenen Bundestagswahlen in Österreich hat es eine spürbare Abschwächung beider Parteien in der heutigen Großkoalition und einen deutlichen Auftrieb für die rechtspopulistischen Parteien gebracht.
Die Österreichische Volkspartei (ÖVP), bei der die Position des derzeitigen Chefs Wilhelm Molterer stark erschüttert wird, erlitt besonders große Verluste.
Umgekehrt repariert der Wahlkampfleiter des Bündnisses zur Zukünr für die Zukünftig Österreich (BZÖ), Kärntner Gouverneur Jörg Haider, eine triumphale Rückkehr in die Landespolitik.
Gemäß den vorläufigen Ergebnissen bleibt die Sozialdemokratische Partei (SPÖ) mit 29,8 Prozent der Stimmen die schärfste des Landes, hat aber seit der letzten Wahl im Jahr 2006 5,5 Prozent der Stimmen verloren.
Die ÖVP, die mit 2,62 Prozent fast neun Prozent der Stimmen verliert, schnitt noch schlechter ab.
Dies sind das schlechteste Ergebnis beider großen Parteien in der österreichischen Nachkriegsgeschichte, und vor allem für die Volkspartei, die zu den vorgezogenen Wahlen stürmte, ist es im wahrsten Sinne des Wortes ein katastrophales Ergebnis.
Anfang Juli, als die ÖVP die Koalition verließ, hatte die Volkspartei immer noch einen deutlichen Vorsprung bei der SPÖ in den Umfragen.
Die Wähler bestrafen sie jedoch anscheinend dafür, die Regierung ins Wanken gebracht zu haben.
In den ersten Reaktionen auf die Ergebnisse gab es bereits Spekulationen über den möglichen Rücktritt des Parteichefs und derzeitigen Vizekanzlers Wilhelm Molterer.
Beobachter gehen davon aus, dass dies bereits beim außerordentlichen Treffen der parteigeführten Parteiführung am Montag erfolgen könnte.
Eine solche Bebauung ersämmt sicherlich den Weg zum immer wahrscheinlichesten Rückgriff des Wahlergebnisses, d.h. der Erneuerung der Großkoalition von SPÖ und ÖVP.
Aufgrund der Stärkung beider rechtspopulistischen Parteien - die Freiheitliche Partei (FPÖ) gewann vorläufig 18 Prozent und BZÖ elf Prozent der Stimmen - aber zur gleichen Zeit äußerten die Sozialdemokraten Angst vor einer Wiederholung des Jahres 1999, als die Volkspartei mit den Popupulisten zustimmte (FPÖ war immer noch eine lukratische EU-Vereinbarung).
Haider, der bereits angekündigt hat, dass er bereit ist, mit jeder Partei zu kolorieren und davon ausgeht, nach Wien in die nationale Politik zurückkehren zu können, setzt offensichtlich auf diese Entwicklung.
Auch die Grünen rückten ins Parlament ein, erlitt aber einen leichten Verlust und stürzten von dem dritten auf den fünften Platz der österreichisch-politischen Parteien zurück.
Offenbar überschritt keiner der anderen Parteien die Vier-Prozent-Marke und kam ins Parlament.
Schwarzenberg: Beziehungen zu Indien könnten sich verschlechtern
Nach Angaben von Außenminister Karel Schwarzenberg könnte eine gewisse schändliche schnöchgische Wurfverfestigung tschechisch-unindischer Kämpflanzung, wenn es nicht möglich sein wird, das Problem der in Indien beauftragten tschechisch-indischen Wissenschaftlern zu lösen, eine gewisse schändliche Schädigung tschechisch-indischer Beziehungen.
Der Minister machte diese Erklärung in New York nach dem heutigen Treffen mit seinem indischen Amtskollegen Pranab Mukherjee.
"Wenn es nicht löst, ja, dann eine gewisse schwindelerregende Schädigung", erklärt er nach dem von der tschachischen Seite initiierten Treffen.
Im Anschluss an die Verhandlungen sagte Mukherjee, dass es für die exekutive Exekutive schwierig sei, in gerichtliche Angelegenheiten einzugreifen.
Nichtsdestotrotz sagte er, dass die Zentralregierung im Fall von Petr'vácha, der von den Anklagepunkten freigesprochen und mit einer Geldbuße beschoss wurde, mit der lokalen Regierung in Darjeeling verhandeln kann, unter welcher Gerichtsbarkeit die Angelegenheit gehört.
"Sein Problem könnte gelöst werden", sagte der Minister.
Laut Mukherjee wäre es das Beste, wenn Emil Kusera, der zu drei Jahren Gefängnis verurteilt wurde, an höhere Behörden appellieren würde.
Er könne dann verlangen, auf Kaution freigelassen zu werden und das Urteil außerhalb des Gefängnisses abzuwarten, erklärte er.
Schwarzenberg bestätigte, dass auch sein Partner dies während der Verhandlungen gesagt hatte.
"Er empfgriert, sich an ein höheres Gedränge anzusprechen, dann wäre es möglich, ihn zu begnadigen", sagte der Leiter der tschechischen Diplomatie.
Der einzige Weg, wie die Tschechen in die gesamte Angelegenheit einbezogen werden kann, besteht darin, den Verurteilten eine "kompetente Rechtsbeistandshilfe" zur Verfügung zu stellen, sagte der indische Minister.
Zur gleichen Zeit sagte er, die indische Seite helfe ihnen auch dieser Art.
"Es ist in unserem größten Interesse, die besten Beziehungen zu Indien aufrechtzuerhalten, die eine langjährige Tradition haben.
Die Inder würdigen dies ebenfalls", sagte Schwarzenberg.
Zur gleichen Zeit, als er der Tschechischen Presseagentur sagte, betonte er vor seinem Lebensgefährten, dass die Tschechischen Republik dem Problem der tschechischen Entomologen große Bedeutung beige.
"Wir betrachten die Festnahme und Anschuldigung dieser tschechischen Wissenschaftlern als einen schwerwiegenden Fehler", erklärte er.
Der Minister vermied es, die Frage zu beantworten, ob er ein Zünge von indischer Seite erhalten hatte, die Angelegenheit weiterzuverfolgen.
Er sagte nur: "Ich habe schon einige Versprechungen erhalten".
Tschechische Referenten streiten um den Meeresboden
Er steuert auf die elektronische Wandkarte zu, die Australien und den umliegenden Meeresgebieten darstellt.
Er interessiert sich jedoch nicht für den Kontinent, aber in einem kleinen Punkt, der im Blau des Ozeans verirrt ist.
"Diese Insel und mit ihr der Meeresboden, der ihn umschließt, gehört zu Australien.
Zur gleichen Zeit ist das Gebiet so groß wie der Kontinent selbst", sagt der italienische Rechtsanwalt Luigi Santosuosso, der dem dreißigköpfigen Mitarbeiterteam der UN-Division für Ozeanangelegenheiten und das Seerecht angehört.
Sein Chef, der Abteilungsleiter, der tschankelische Anwalt Václav Mikulka, folgt dem, was er sagt und fügt gelegentlich etwas hinzu.
schärflich und die Begeisterung für die Arbeit sind hier vorherrschend.
Der Meeresboden beherbergt eine bisher wenig bekannte Welt, die reich an natürlichen Ressourcen ist.
Es ist möglich, Öl, Erze und andere Minerale zu finden, aber auch bisher unbekannte lebende Organismen, die zum Beispiel den Schlüssel zur Entwicklung einer Krebsheilung halten.
Ein Boden größer als auf dem Kontinent
Die Küstenländer haben heute begonnen, vehement um das neue Unterwasser-Territorium zu wetteifern.
Das heißt laut UN-Verabredung nutzen sie die Rechte, mit denen sie 1982 in Montego Bay, Jamaika, einverstanden waren.
Dies ist vor vor allem das Gebiet des sogenannten Kontinentalschelfs, der oft bis zu mehrere hundert Kilometer von der Küste des gegebenen Landes ausreicht.
Laut dem Abkommen hat dieses Land das ausschließliche Recht auf alle Ressourcen des Kontinental-Regels.
"Gefängt einfach, wird der Kontinentalschoß als Teil des Meeresbodens angesehen, der die natürliche Fortführung des Kontinents unter dem Meer und seinem Substrat ist.
Er reichte jenseits des Randes des Küstenmeeres, oft sogar jenseits des Randes der zweihundert Seemeilen der sogenannten exklusiven Wirtschaftszone", erklärt Mikulka.
Die Erforderrungsanforderung, die das angegebene Land der Kommission zu den Grenzüberschreitungen des Kontinentalschelfs einreicht, muss durch wissenschaftliche und technische Unterlagen auf der Grundlage vieler kostspieliger Umfragen und Messungen unterstützt werden.
Es ist das Ergebnis jahrelanger Vorarbeiten.
"Eine unserer Aufgaben besteht darin, der Begehung rechtliche und spezialisierte technische Hilfe zu leisten.
Die Kommission hat bisher fünf Anfragen aus Russland, Brasilien, Australien, Irland und Neuseeland diskutiert.
Nur die letzten drei dieser Länder waren bisher erfolgreich", fügt Mikulka hinzu.
Kürzlich wurde der Erfolg von Australien, das als erster seine Unterwasser-Domain expandierte, weltweit registriert.
Aber auch Neuseeland hat zugenommen - die Fläche des Meeresbodens, die die Kommission ihm zugesteht, beträgt etwa 1,6 Millionen Quadratkilometer, also etwa sechs Mal größer als die Größe des Landes selbst.
Beide Länder investierten Millionen von Dollar in die Vermessung.
Der Gewinn, der durch die Nutzung des Meeresbodens in der Zukunft entstehen wird, werden, so hoffen sie, unbezahlbar sein.
Auch andere Länder werden nach und nach ihre Anträge einreichen.
Sie haben bis zehn Jahre von dem Moment, in dem sie das "Montego-Bay-Abkommen" ratifiziert haben.
Wo der Kontinentalschoß endet, beginnt die Fläche des Meeresbodens, der durch das Abkommen als "gemeinsames Erbe der Menschheit" deklariert wurde.
Hier hat kein einziges Land eine Exklusivposition mehr.
Bergbau-Gerechtigkeiten in diesem Bereich werden durch die von der internationalen Institution getroffene Vereinbarung gewährt.
"Aber der Meeresboden ist kein Klondike", sagt Regisseur Mikulka übertrieben und fügt hinzu, dass seine "Einzelgebiete rechtlich eindeutig abgegrenzt sind und ihr Regime in Verträgen verankert ist".
Tschechen im Pazifik
Ein Teil des Meeresbodens gehört zur Tschechischen Republik.
Es teilt es mit anderen Ländern des ehemaligen Ostblocks als Teil der Gemeinschaftsorganisation "Interoceanmetal".
Per Einvernehmlich erlangte diese Organisation wie die Investoren mehrerer kleiner anderer Länder 1991 den Status eines sogenannten "pionierenden Investors".
Es ist befugt in der Clarion-Clipperton-Zone im Pazifischen Pazifik zwischen Mexiko, Hawaii und Kiribati.
Das vom Investor untersuchte Gebiet ist etwas größer als die ehemalige Tschechoslowakei.
Der Meeresboden dort ist zerknirscht, es ist eine Art Unterwasser-Modell des Tatra-Gebirges.
"Es ist möglich, dort eine Fläche von 75.000 Quadratkilometern zu schürfen.
Das Gebiet ist ein reicher Ort für die Ansammlung von Poly-Metall-Konkretionen mit Nickel, Kupfer, Kobalt und Mangan", sagt ein anderer Anwalt, Pakshi Rajan aus Indien.
Der mazedonische Anwalt der Abteilung, Rober Sandev, bringt eine solche Konkretisierung mit.
Es sieht aus wie eine Kleinkartoffel oder, mit ein bisschen Fantasie, dem mythischen hässlichen schwungerischen, das dem Golem zufolge zum Leben erweckte.
Deutsche Spezialtruppstruppen präsent
Zur Lösung der Geisel-Krankenkrise hatte die Ägyptserötigung Deutschland um Hilfe eingefordert, das die Experten entsandte.
Als der Vorstoß drängte, waren die Spezialeinheiten bereit, aber ihre Dienste waren am Ende nicht erforderlich.
Immer mehr Details kursieren über die Umstände der Befreiung der in Ägypten entführten ömpfältigen europäischen Touristen.
Deutsche Spezialeinheiten nahmen indirekt am Rettungseinsatz teil.
Bei der Rettung seien Spezialisten der Bundestruppen (Bundeswehr) und Mitglieder der Föderalen Bundespolizei (Bpol) und ihrer Spezialeinheiten GSG 9 und der Luftwache präsent gewesen, teilten die Sprecher des Ministerministeriums am Montagabend sowie Mitglieder des Bundeskriminalamtes (BKA) und Logistikexperten der Agentur für technische Hilfe (THW) mit.
Die deutschen Streitkräfte waren jedoch nicht erforderlich, weil die Entführer ihre Geiseln verließen und flüchteten, als ihnen klar wurde, dass die Geiseln gewaltsam befreit werden sollten.
Die ägyptische Regierung hatte die von Deutschland angebotene Hilfe angenommen, sich während des Einsatzes auf die deutschen Streitkräfte als Backup zurückzuziehen.
"Zum Glücklicherweise ist es nicht dazu gekommen", sagte ein Sprecher des Bundesinnenministeriums.
Die Reisegruppe mit fünf Deutschen, fünf Italienern, einer Rumänin und ihren acht ägyptischen Gefährten war am 19. September im Süden Ägyptens überfallen und entführt worden.
Nach ihrer Entführung in einer Wüstenregion im Süden Ägyptens wurden die Geiseln in der Grenzregion zwischen Ägypten, Libyen, Sudan und Tschad hin- und hergetragen.
Bis heute bleibt die Identität der Entführer unwissend, ebenso wie Details zur Rettung oder über mögliche Lösegelder.
Die ehemaligen Geiseln sind unterdessen hoffnungslos in Kairo eingetroffen.
Der deutsche Ministerpräsident Steinmeier sei der Obhut der deutschen Botschaft betraut worden.
Er äußerte sich nicht zu den Details der Rettung.
In Berlin wurden keine sofortigen Informationen über ihre Rückkehr nach Deutschland genannt.
Laut "Bild" sollen die fünf Touristen und die Spezialtruppen an Bord eines Airbuss der deutschen Luftstreitkräfte gehen, der am Dienstag in Deutschland eintreffen soll.
US-Repräsentantenhaus lehnen Rettungsaktion ab
Das 700-Milliarden-Dollar-Rettungspaket für die Finanzmärkte scheiterte im ersten der beiden Kammern des US-Kongresses knapp.
Der Dow-Jones nahm einen Nasenabschied.
Das US-Repräsentantenhaus lehnte mit 227 zu 206 Nein-Stimmen das Rettungspaket der Regierung für die Finanzmärkte ab.
Alle Einsprüche von Präsident George W. Bush und führender Beamter beider Parteien wurden keine Mehrheit für das Programm geschossen, das das Chaos auf den Finanzmärkten eindämmen sollte.
In einer dramatischen Kampagne hatten Unterstützer verzweifelte Versuche unternommen, die Kritiker von den Vorzügen des 700-Milliarden-Dollar-Plans zu überzeugen.
Barney Frank, einer der Hauptunterleugnungskandidaten der Demokraten, hatte Vertreter zur Zustimmung aufgerufen, obwohl es ein unpopulärer Plan war.
"Es ist schwer, eine politische Zustimmung zur Verhinderung von etwas zu erhalten, das noch nicht passiert ist", räumte er ein.
Während die Abstimmung noch im Gange war, verzeichnete der Dow-Jones einen Rückgang von mehr als sechs Prozent oder 600 Punkten.
Es wurde durch die Befürchtungen der Investoren verursacht, dass das staatliche Rettungspaket scheitern könnte.
Es erholte sich kurz vor dem Ende der Abstimmung, nur um einen weiteren Nasen-Tauchgang zu machen, als die Ablehnung öffentlich gemacht wurde.
Experten erwarten nun weitere starke Turbulenzen auf den internationalen Finanzmärkten.
Damit der Plan umgesetzt werden kann, ist die Zustimmung sowohl des Repräsentantenhauses als auch des Senats erforderlich.
Reiseveranstalter melden Erhöhung der Buchungen
Es wird ein guter Winter für deutsche Reiseveranstalter, offensichtlich:
Eine Umfrage besagt, dass der Buchungsumschlag in den kommenden Monaten im Vergleich zum Vorjahr deutlich gestiegen ist - für die Wintersaison sogar um bis zu 30 Prozent.
Trotz der Aussichten auf eine schwache Wirtschaft bändig bleibt der Reisehungslüstern der Deutschen ungestört, heißt es in einer Umfrage.
Bei Buchungen in der Wintersaison verzeichneten Reisebüros einen Umsatzzuwächsanstieg von 31 Prozent im Vergleich zum Vorjahreszeitraum, berichtete der Deutsche Reiseverband (DRV) am Montag in Berlin.
Laut dem Marktforschungsunternehmen GfK gab es in den Herbstmonaten ebenfalls einen Anstieg der Buchungen.
Reiseveragenturen habe einen Umsatzzuwächs von etwa elf Prozent für Oktober gegenüber 2007 gesehen, teilte das DRV mit.
Die Ergebnisse basieren auf den Zahlen der GfK, die jeden Monat die Buchungsdaten von 1200 deutschen Reisebüros verarbeitet und damit Projektionen für den Gesamtmarkt macht.
Entschlossen sind Reise-Reservierungen im August 2008.
Aufgrund eines schwachen Dollars waren vor allem Reisen in die Vereinigten Staaten gefragt, sagte der DRV.
In diesem Bereich waren die Buchungen um etwa ein Drittel gestiegen, hieß es.
Abgesehen davon wies sie darauf hin, dass Spanien, die Türkei und Griechenland bei den Deutschen sowie inländischen Regionen sehr beliebt seien.
All-inclusive-Reisen seien besonders begehrt, sagte DRV-Präsident Klaus Laepple.
Angesichts steigender Energie- und Lebensmittelpreise seien ihre Kosten für die Kunden „krechenfähiger als die der individuell organisierten Ferien“, sagte Laepple.
Die Verbraucher könnten unter anderem durch Früh-Lädchen- oder All-Inclusive-Rabatte Geld einsparen, sagte Laepple.
Da die Sommermonate auch sehr ausgebucht seien, werde es im Vergleich zum Vorjahr einen weiteren Umsatzzuwächs bescheren - obwohl eine andere Umfrage zeigt, dass die Zahl der reisenden Deutschen im Vergleich zum Vorjahr gesunken ist.
Mein erstes Mal auf dem Oktoberfest
Frühlings- und Aprés-Ski-Hits-Hits im Wiederholungs-Wagen, Bier aus Ein-Liter-Becher und Berühmtheiten im Designer Dirndln.
Ein Wiesn-Debüt.
Technisch haben Susanne Kronzucker und ich nicht viel gemeinsam.
Sie ist blond, eine TV-Moderatorin und eine maßgefertigte Dirndl.
Ich habe ein dunkles Haar, bin eine Studentin, und mein Kleid ist aus zweiter Hand.
Aber es gibt eine Sache, die uns verbindet: "Wir sind seit knapp drei Minuten im Wiesn, und die Fotografen drängen sich schon um uns und schnappen weg, süffiseln ihre Speicherkarten - sehr schmeichelhaft, und es ist mein erster Besuch bei der Wiesn.
Auf diese Weise freundet man Freundschaften ein.
Das cheapo Dirndl scheint seine Arbeit zu machen.
Für einen Wiesn-Touristen, der in der Regel nördlich des Weisswurst-Äquators ansässig ist, hatte dieses bequeme Gespür mit traditionellem bayrischem Geschwätz bis dato viel zu vergewünscht.
Aber sobald er bei Theresienwiese angekommen ist, ist es nicht mehr so schlimm.
Fast jeder trägt Dirndl oder Lederhosn; niemand sieht angewidert oder peinlich aus - es ist alles ganz normal.
Nur meine Dirndl-Schürzung ersehnte seltsame Blicke auf den Schokoladen-Banana-Verkäufer.
Eine Münchnerin machte darauf aufmerksam, dass ich die Schürze in die falsche Richtung zerrissen hatte: "Auf der linken Seite, jungfräulich in der Mitte, auf der rechten Seite verwüstet, verwitwet."
Furtiv ziehe ich meine Schürze von hinten nach links.
"Ich kocht genau", sagt sie und lacht.
Andere kümmern sich weniger um subtile Flirt-Medientechniken und tragen einfache Filzmützen, in denen es heißt: "Too betrunken, um sich anzukleiden", und, ohne dazu aufzufordernen, den Menschen ihre nackte hinterher zu zeigen.
Der junge Mann mit der exhibitionistischen Haltung heißt Bob, kommt aus England, und es ist auch sein erstes Mal auf dem Oktober-Fest.
Er findet es "wühlbar", mit einem lang gedehnten "ooooo".
Er erzählt mir dies direkt, nachdem er sich von dem "Maß", das er zuvor hatte, befreit hatte.
Direkt neben einer dieser Schießschlösser irrt jeder mit Mülldeponien.
Bob ist also einer dieser berüchtigten "Wildbiesler".
Andere haben nicht das Glück, den Alkohol auf diese Art und Weise zu verlieren.
Auf acht Uhr in der Nacht wimmeln Dutzende von Sanitätern am Ort und kümmern sich um die armen Knirschen.
Die Sanitäter tauchen immer in Rudeln auf - es sind immer vier auf einmal und tragen eine bedeckte Bahre vom Zelt zum Zelt.
Es klappt mit den meisten Wiesn-Besuchern: Wenn es leer ist, gehen sie raus, und wenn es voll ist, kommen sie zurück.
Sie sehen nicht, wer sich in den BAC-Sängern befindet.
"Es sind diejenigen, die es nicht mehr ertragen können", rief einer der Sanitäter, als ich ihn danach fragte und in der Menge verschwand.
Unfall-Opfer von der polizeilich genannt
Eine 63-jährige Fußgängerin, die in Essex im Krankenhaus ums Leben kam, nachdem sie in Essex von einem Fahrzeug angefahren wurde, wurde genannt.
Carole Paulson von der Chelmsford-Straße in Brentwood war am Freitagnachmittag auf der Shenfield-Straße der Stadt an dem Unfall beteiligt.
Sie wurde ins Queen's Hospital in Romford gebracht, starb aber später.
Nach dem Unfall wurde ein 51-Jähriger wegen des Verdachts des unlässlosen Fahrens festgenommen.
Er wurde inzwischen auf Kaution von der Polizei freigelassen.
Der schwindelerregende diplomatische Horizont der Türkei
Lange bevor die Türkei versuchte, der Europäischen Union beizutreten, waren die europäischen Mächte begierig darauf, tief in das Hinterland der Türkei vorzudringen.
Auf der Ostseite des Bosporus, vielleicht nur 20 Schritte nach Asien, steht eines der feinsten Relikte dieses fehlgeschlagenen kaiserlichen Ehrgeizes.
Der Bahnhof Hydarpasha wurde von zwei deutschen Architekten Otto Ritter und Helmut Conu im Neo-Renaissance-Stil entworfen.
Zumindest ist es das, was die Reiseführer Ihnen sagen.
Das Gebäude stößt am Ende der Bahnsteige mit einem Türstemptel an jeder ihrer vorderen Ecken, auf der Suche nach der ganzen ganzen Welt wie ein bundesdeutsches Rathaus.
Der Stein ist dreckig.
Das ganze gebäudeleicht zerfällt leicht.
Aber einmal innerhalb der gewölbten Fahrkartenkasse gibt es keinen Zweifel an der Pedehörigkeit des Unternehmertums, von dem dies das westlichste Tor war.
Eröffnet wurde der Bahnhof im August 1908 von einem deutschen Konsortium, der Anatolien-Baghdad-Porde.
Deutschland, ein Nachkömmling des kaiserlichen Spiels, wollte seine Ambitionen verwirklichen, den Nahen Osten durch diese Eisenbahn nach Damaskus, Bagdad und darüber darüber hinaus in Saudi-Arabien zu dominieren.
Aber Deutschlands kaiserliche Ambitionen schimmerten während des Ersten Weltkriegs.
Seine Bahngleise wurden von Laurent von Arabien und seinen arabischen Unregelmäßigkeiten angegriffen.
Die relative Abschwächung von der umliegenden Region, die durch die eingefrorenen Grenzen des Kalten Krieges erzeugt wurde, ist verschwunden
Britische und Herrschaftstruppen rückten aus Ägypten vor und drängten die Türken und ihre deutschen Verbündeten aus Palästina und Syrien.
Es gab auch eine schlechte Nachricht für die Hyderpasha-Station.
Im Jahr 1917 explodierte ein Munitionszug und zerstörte sein kunstvolles Dach.
Türkische Quellen sagen, es sei Sabotage gewesen.
Seitdem hat es sich langsam verschmackt, weitgehend von der Historie umgangen.
Aber heute dient dieses Eisenbahn-Dorpfosten zu Anatolien und alle Punkte nach Osten - zumindest symbolisch - um den sich verbreitenden diplomatischen Horizont der Türkei aufzuzeigen.
Die regierende Partei für Justiz und Entwicklung - die AKP - hat eine ganz neue Außenpolitik für das Land geschaffen.
Die relative Abschwächung von der umliegenden Region, die durch die eingefrorenen Grenzen des Kalten Krieges erzeugt wurde, ist verschwunden.
Jetzt gibt es eine neue Verlobungspolitik.
Bemerkensächlich hat die türkische Regierung gute Beziehungen zu Israel und Syrien, mit den palästinensischen Fraktionen der Hamas und der Fatah, mit dem Irak und dem Vereinigten Iran und natürlich mit der Europäischen Union und den Vereinigten Vereinigten Staaten.
Um die Parameter dieser neuen Außenpolitik abzuschätzen, habe ich den Nachtschläfer in die türkische Hauptstadt Ankara eingewiesen, um einen der führenden außenpolitischen Experten der AKP, den türkischen Abgeordneten Suat Kiniklioglu, zu besuchen.
Am nächsten Morgen - etwa zehneinhalb Stunden später - nach einer erschütternden Fahrt auf den Gleisen, die die alten Weltadenkratzen des berühmten Dokumentarfilms The Night Mail hervorbrachten, kam ich in die türkische Hauptstadt an - die als eine neue weltliche Stadt für einen neuen säkularen Staat vorschlug, um der osmanischen Vergangenheit ihren Rücken zuzukehren.
Aber die AKP mit ihren bekannten islamistischen Wurzeln stellt eine Paradigmenverschiebung im türkischen Konsens dar.
Es hat im Westen einen gewissen Misstrauen ausgelöst, vor allem in Washington.
Ein Taxi brachte mich zum AKP-Hauptquartier, einer ultra-modernen Stein- und Stahlkonstruktion - die eigens gebaut wurde - in einem sich entwickelnden Vorort, umgeben von halbgebauten Einkaufszentren und Power-Pid-Serien, in denen mittlere Manager in Geschäftsanzügen - sowohl Männer als auch Frauen - sich trafen, um am frühen Morgen Geschäfte zu machen.
Suat Kiniklioglu hätte ein Mitte-Rechts-Politiker von fast jeder anderen politischen Partei in Europa sein können.
Anzug, Krawatte, ich bin mir sicher, dass er sogar einen Blackberry packte.
"Das Ziel der Außenpolitik der Partei besteht nun darin, die Türkei wieder in ihre unmittelbare Nachbarschaft zu verschmelzen.
Der Kalte Krieg war eine Anomalie", sagte er mir.
Die Türkei war von ihrem Hinterland abgestellt worden.
Heute musste es gleichzeitig ost- und westwärts blicken.
Es handelte sich nicht um das eine oder das andere.
Es musste beides tun.
"Irgendwann aber sicherlich", fragte ich, "könnte die Türkei zur Auswahl gezwungen werden?"
"Türkei", sagte er, "wollte sich dieser Wahl nicht stellen müssen."
Er betonte dann, dass fast jeder, mit dem ich hier gesprochen habe, fast auswendig rezitiert hat: Die Verbindungen der Türkei nicht nur zum Nahen Osten, sondern zum Kaukasus und rund um das Schwarze Meer sind zum Nutzen von Europa und den Vereinigten Staaten ebenso wie für die Türkei.
Wenn die Türkei an Bord ist, scheint die Botschaft zu sein, Europa als Ganzes kann metaphorisch diese Eisenbahnlinien ostwärts nach Asien und dem Mittleren Osten reiten.
Zurück am Bahnhof Hydarpasha, nach einer weiteren weitgehend schlaflosen Nacht, dachte ich an die beiden deutschen Herren Herr Ritter und Herr Conu, die vor 100 Jahren zugesehen hatten, wie dieses Gebäude gebaut wurde.
Wie überrascht wären sie gewesen zu finden, dass Europas Ambitionen im Mittleren Osten zu einem großen großen Teil in den Händen der Türkei sein könnten.
Und als ich am Terminal darauf wartete, dass die Fähre mich zurück über den Bosporus brachte, erinnerte ich mich daran, dass in jenen Tagen die Türkei immer "der kranken Mann aus Europa" genannt wurde.
Zögerlich scheine nicht viel Zweifel darüber zu bestehen, welcher Kontinent diesem faszinierenden Land Anspruch erheben sollte.
Geborgen: Vernon Handley und William Woodruff
Mark Brown schreibt: Als Guildfords musikalischer Leiter aus dem Jahr 1962 hatte Vernon "Tod" Handley (Beruf vom 11. September) das Guildford Philharmonic Orchestra and Choir verantwortlich.
Als Teil seines Musikprogramms für den Bezirk gründete er im nächsten Jahr seinen wunderbaren Jugendchor Proteus.
Es sollte für U-21-Jährige sein, aber zu der Zeit, als der Proteus sein Finale im Jahr 1979 sang, waren mehrere von uns in unseren späten Zwanzigern - wir weigerten uns, den Cchor aufzugeben.
Der Name "Proteus" (der mythologische Gestaltwechsler) stellte die Bereitschaft und Fähigkeit des Chors dar, die ihm vorgestellte Musik in Angriff zu nehmen, ob madrigal oder Messiaen, ob unbegleitet oder mit vollem Orchester.
Die musikalische Vielfältigkeit eines solchen Jugendchors war oft verblüffend, immer aufregend, und es lag alles an der Inspiration dieses einen Mannes und der Begeisterung für die Musik, die im Laufe der Jahre absolut konstant blieb.
Wie oft wurde uns von Tod gesagt: "Die Musik für sich sprechen lassen".
Er würde sagen: "Der Komponist weiß, was er will.
Es ist alles in der Musik.
Also sing it!"
Seine Schlagstock-Technik war absolut klar und präzisant, wenn auch nie diktatorisch oder schrill.
Was auch immer der musikalische Standard sein mag, er hat sie immer noch höher gehoben.
John Frayn Turner schreibt:
Hätte ein Dirigent zum Ritter gefreut werden sollen, dann war es Vernon Handley.
Ich kannte ihn in den zwei Jahrzehnten, in denen er das Guildford Philharmonic von 1962 bis 1982 dirigierte.
In den letzten 40 ungeraden Jahren habe ich mehr als 100 seiner Konzerte rezensiert und ich kann ehrlich sagen, dass ich noch nie von einem einzigen enttäuscht wurde - und viele Male von ihnen.
Tod Handley hatte diese seltene Kombination von Größe und persönlicher Bescheidenheit.
Er hasste Dirigenten, die, in seinen Worten, einfach "eine oder zwei bekannte Kriegspferde auf der ganzen Welt bedrängten".
Er wird von so vielen von uns vermisst werden.
William Woodruff
Professor John Beckett schreibt:
Ihr Nachruf auf William Woodruff (25. September) stellt fest: "Bieter nahm er die Wirtschaftshistorie in Oxford wieder auf und wurde 1950 Houblon-Nan-Forschungs-Stipendiatin... während er gleichzeitig für einen BSc, einen MA und einen PhD studierte".
Dies stammt aus Woodrakers Autorennotiz in Beyond Nab End, aber es ist nicht korrekt.
Von 1946 bis 1953 war er Dozent für Wirtschaftsgeschichte an der University of Nottingham, in dieser Zeit schloss er eine PhD-These über die britische Kautschuk-Industrie ab, die von Professor J. D. Chambers betreut wurde und anschließend 1958 als The British Rubber Industry veröffentlicht wurde.
1950-51 verbrachte er 1950-51 in den Vereinigten Staaten für ein Houblon-Noran-Stipendium und im Sommer 1952 an den Universitäten von Illinois, Harvard und New York.
Im Jahr 1953 verließ er Nottingham dauerhaft nach Illinois.
Warum Woodruff diesen Teil seiner Karriere beschönigen wollte, ist nicht bekannt.
J. Vincent Resino an der Philologischen Fakultät
"Ich ernennnt die Ausstellung von José Vicente Resino "Flamenco y vida", weil seine Schwarz-Weiß-Fotografien, die im dokumentarischen Stil aufgenommen wurden,  außergewöhnlich sind.
Die Fotos lenkten meine Aufmerksamkeit wegen ihrer Schlichtheit und Kraft auf sich, die die Probanden immer mit besonderem Aufmerksam behandeln.
Eine Ausstellung mit tiefem Gefecht.
Resino ist in der Lage, magische Momente einzufangen."
Zweiter Überschuss für Honda-Überverkauf
Am kommenden November wird Honda die Vermarktung der zweiten Jazz-Modellgeneration auf den Markt bringen.
Wenn das Vorgängermodell bereits von hoher Bewohnbarkeit bedränglich war, hat dieser neue Mini-Van einen inneren weiteren Raum.
Darüber hinaus ist es mit einer edlen Mechanik ausgestattet, was den Fahrkomfort erhöht und Kraftstoff spart.
Evolution statt Revolution.
Dies ist die zweite Generation von Honda Jazz.
Während der neue Jazz ästhetisch wie das vorige Modell aussäht, gibt es zahlreiche Änderungen im Mini-Van.
Es lohnt sich unter anderem, sein innovatives Design, seine neue Plattform, die größere Größe und die ziemlich neue Mechanik aufzuzeigen.
Wie auch immer, bevor Sie das neue Modell analysieren, kann es nützlich sein, darauf hinzuweisen, dass dieser neue Jazz nur sechs Jahre nach dem Eintritt der ersten Generation stattfindet.
Daher sollte eine erste Beobachtung beahnen, dass Honda dieses Modell schneller erneuert hat, als es die anderen Unternehmen in der Regel tun.
Auch wenn das Jazz-Modell in Europa weniger bekannt ist als in anderen Märkten, bleibt es marktüblich ein umsatzgefangenes Phänomen.
Dies ist der Fall von Japan, in dem Jazz das meistverkaufte Auto im Jahr 2002 und auch in diesem Jahr 2008 war.
Genau dort wurden fast eine Million Einheiten Jazz von der Veröffentlichung des Models ausverkauft.
Der zweite Markt war Old Continent mit etwa einer halben Million Einheiten, die in sechs Jahren verkauft wurden.
Trotz dieser Zahlen glaubt Honda, dass dieser neue Jazz seinen Umsatz im Segment noch mehr steigern wird.
Wenn das japanische Unternehmen im Jahr 2007 insgesamt 83.000 Einheiten dieses Modells verkauft hat, wird es im Jahr 2009 davon geschätzt, dass es etwa 100.000 Autos sein werden, was einen möglichen Umsatzzuwächse von 17% nur auf dem europäischen Markt vorwegnimmt.
In Bezug auf den spanischen Markt hat Honda seit 2002 insgesamt 8.000 Jazz-Einheiten verkauft, was 6,7% des Gesamtabsatzes für das Unternehmen in Spanien entspricht.
Da die neue Generation ansteht, rechnet der Verantwortliche für das Unternehmen in Spanien innerhalb eines Jahres rund 2.000 Jazz-Einheiten zu verkaufen.
Die Ankunft der neuen Honda Jazz wird es wahrscheinlich möglich machen, indem die Senkung der Verkäufe in Spanien zu einem großen Teil reduziert wird.
In der Tat erwarten die Verantwortlichen für die Marke bis zum Ende des Jahres mit insgesamt 22.000 verkauften Einheiten, also 4.000 Einheiten weniger als im Jahr 2007, mit einem Rückgang von 16%. Mit einem Rückgang von 16%.
Trotz des Umsatzzuwächses hat Honda auch seinen Marktanteil in Spanien eingezahlt und die 1,8% im Vergleich zum letzten Jahr 1,6% erreicht.
Zur gleichen Zeit rechnet das japanische Unternehmen damit, die 2% im Jahr 2010 zu erreichen.
Um dies zu erreichen, ist Honda von einem weiteren neuen Modell überzeugt.
Dies ist Insight, ein fünftüriger Hybrid-Kompaktwagen mit 4,37 Metern Länge. Das japanische Unternehmen hofft, innerhalb eines Jahres etwa 200.000 Einheiten dieses Modells weltweit zu veräußern.
Laut den Märkten und den Schätzungen japanischer Hersteller werden die 50-prozentigen Veräußerungen von Insight aus den Vereinigten Staaten kommen, während die restlichen 50% sowohl vom Altkontinent als auch aus Japan stammen werden.
Der kommerzielle Launch von Insight ist für Anfang nächsten Jahres geplant, kurz nach der Präsentation des Modells innerhalb des Unternehmens im Januar in Valenza.
Verglichen mit der ersten Generation ist der neue Jazz in seiner Gesamtheit gewachsen.
Es erreicht jetzt 3,90 Meter Länge (fünf Zentimeter mehr), 1,69 Meter Breite (zwei Zentimeter mehr) und sein Interflowle 2,50 Meter mit einer Erhöhung von fünf Zentimetern.
Seine 1,52-Meter-Höfheit blieb unverändert.
Zusammen mit der Größe nahm sein bewohnbares Interieur im Raum zu.
Dieser Vorteil stammelt, vor allem von der neuen Plattform, und zweitens nach der Einführung des Kraftstofftanks an einem zentralen Ort, eine Lösung, die bereits im bisherigen Jazz angenommen wurde.
Darüber hinaus steigt die Tragfähigkeit des Baumstämmes auf 399 Liter, eine 19 Liter größere Kapazität der ersten Generation.
Zu veranschaulichen ist dies die Maßnahmen des Honda Jazz 1.4, während die Kapazität des Kofferraums im Modell 1,2 nur 379 Liter beträgt.
Andere Verbesserungen - zusätzlich zu externen Elementen, wie der hinteren Leitung oder der Möglichkeit, das Panoramaglas zu montieren - befürworten den verbesserten Zugang zu den Rücksitzen.
Türen, die den Zugang zu Hintersitzen ermöglichen, öffnen sich jetzt mit einem Winkel von 80 Grad, verglichen mit 67 Grad im ersten Modell.
Darüber hinaus sind alle Motoren ziemlich neu in dieser zweiten Generation von Autos.
Zum Zeitpunkt der Vermarktung wird dieses kleine Modell mit einem Benzinmotor von 1,2 oder 1,4 Liter ausgestattet sein.
Beide mechanischen Systeme umfassen die i-VTEC-Technologie, die einen geringeren Kraftstoffverbrauch zulässt, geringere Kohlendioxid-Emissionen produziert, die mechanischen Verfeinerlichkeiten optimiert und gleichzeitig hohe Dreh- und Gesamtdrehdrehmoment-Dämpfer in allen Phasen erhält.
Die 1,2-Liter-Version erreicht eine Leistung von 90 PS bei 6000 U/P/min mit einem maximalen Drehmoment von 114 Nm bei 4900 U/min.
Der Vortrieb, der im vorherigen Jazz die 78-Bück-Bücher erreichte, benötigt nur 5,3-Liter-Brennstoff und produziert etwa 125 Gramm CO2-Emissionsäquivalent.
Verglichen mit dem vorherigen Antrieb, bei dem das Modell der ersten Generation 83 PS einsetzte, kann das neue 100 PS nutzen.
Der 1,4-Kurzfilm mit 100 PS erreicht eine Kombination aus 5,4-Liter-Kreis und 128 Gramm CO2-Emissionen.
Ein "Bien-Wagen", um Kollisionen zu vermeiden
Bei der Entwicklung der Technologien zur Unfallvermeidung wurde Nissan diesmal von der Natur und vor allem von Bänden inspiriert.
Das japanische Kompanie hat einen Roboter geschaffen, mit dem die Flucht von Bänken Verunsicherungen vermieden werden kann.
Es handelt sich um das Bio-mimetic Car Robot Drive oder BR23C, der erste Schritt, um Technologien zur Vermeidung von Zusammenstößen zu projizieren.
Die Ingenieure des Advanced Technical Centre von Nissan Motor Co. haben diesen kleinen Roboter in Zusammenarbeit mit dem Centre for wissenschaftliche Forschung und Technologie der renommierten Universität von Tokio in Japan entwickelt.
Laut Kazuhiro Doi, General Director of Public Relations für Technologie, Forschung und Entwicklung des Markenmanagements ist das BR23C eine Erweiterung des Sicherungsschilds der vier von Nissan produzierten Bereiche.
Dieser roboter soll die Fähigkeit verbessern, Zusammensprüche in den vom Unternehmen produzierten Fahrzeugen zu vermeiden.
Während des Fluges erschafft jede Biere ihren eigenen ovalen persönlichen Raum, der dem von Nissan entwickelten Shield of Security sehr ähnelt.
Aber das wichtigste Element besteht darin, dass die Mittelaugenaugen derbiene in alle Richtungen in alle Richtungen mit einem zusätzlichen 300-Grad-Winkel sehen können, so dass das Inserekte ohne Unterbrechung in seinen persönlichen Raum fliegen kann.
Um diese visuellen Features nachzubildnen, entwickelten die Ingenieure einen Laser-Locator (Laser Range Finder).
Dieser Mechanismus spürt Hürden innerhalb von 2 Metern und einen Radius von bis zu 180 Grad vor dem BR23C, errechnet den Abstand zum Objekt und sendet ein Signal an den Mikroprozessor an Bord, das die Kollision sofort verhindert.
"Wenn ein Hindernis erkannt wird, imitiert der kleine Roboter die Bewegungen derBiene und schaltet sofort die Richtung ab, indem er die Räder in einem rechten oder breiteren Winkel dreht, um die Kollision zu vermeiden.
Der offensichtlichste Unterschied bei jedem existierenden System ist seine ausweichende Aktion, die sich völlig instinktiv ergibt.
"Wenn es nicht so wäre, könnte der Roboter nicht schnell genug reagieren, um Hindernissen zu vermeiden", erklärt Toshiyuki Andoh, Direktor des Mobility-Gedächtiums und Chefingenieur dieses Projekts.
Im Gegensatz zu einer Biene kann der Roboter nicht nach oben oder nach unten oder sogar schräg abschwanken. Er kann sich nur in zwei Dimensionen bewegen und sich in die Richtung bewegen, in die sich seine Räder drehen können.
Aus diesem Grund hat Nissan eine Rotationsfunktion zusätzlich zu den Beschleunigungs- und Entschleunigungsfunktionen eingesetzt, damit der kleine Roboter Kollisionen vermeiden kann.
"Dieses Gerät muss nur alle paar Sekunden neue Informationen verarbeiten und aus diesen Daten handeln.
Es ist nicht erforderlich, Informationen zu lagern oder die intuitive Logik vorheriger Manöver zu verwenden, aus diesem Grund ohne Unterbrechung, die nur um ein paar Dutzend KB-Medächtnis geliefert werden.
Das mag verwünscht sein, aber wir reden nicht von Gigabyte oder Mega-Erinnerung."
Dies ist der erste Schritt zur Entwicklung neuer Technologien zur Vermeidung von Zusammenstößen, eine Technologie, von der Nissan innerhalb von zehn Jahren als serienmäßiges FÃ1⁄4reg vorgestellt wird.
Der Roboter verwendet Lithium-Polymer-Batterien, die leichter und haltbarer als die Lithium-Ionen-Partologie.
Eine zusätzliche Anwendung in eine mögliche Zukunft könnte die Integration dieser Technologie mit dem GPS-Satelliten-Navigator sein, um den Fahrer an ein bestimmtes Ziel zu bringen und Hindernisse auf dem Weg zu vermeiden.
Schrumpf, bevor Sie ein Darlehen beantragen
Wir müssen anerkennen, dass das Finanzministerium der Vereinigten Staaten mit recht guten Hauptstädten zum Handeln sicherlich keinen Mangel an Talent hat.
Um sich der Krise zu stellen und zu verhindern, dass die Amerikaner mit Mülldarlehen von Banken beschummelt werden, die Zweifel an der Insolvenz hatten, schuf ein lustiges und pädagogisches Spiel für Internet-Anwändige. Dies ist "Bad Credit Hotel".
Mit anderen Worten, das "Hotel des schlechten Abspanns"... oder der Probleme.
Der düstere Aspekt dieses Hotels und vor allem seiner Rezeptionisten zielt darauf ab, die Menschen dazu zu drängen, nicht nur ein-, sondern zweimal oder sogar dreimal zu denken, bevor ein Darlehen beantragt wird.
Und vor allem, sehr sorgfältig darüber nachzudenknügieren, woher man sich bewirbt.
Auf jeden Fall bietet dieses System mehrere nützliche Informationen, bietet aber eher wenige Details.
Es ist viel mehr eine Webseite für Jugendliche als eine Website für die Allgemeinöffentlichkeit.
Was passiert, wenn Sie das Spiel abschließen?
Nun, ein Traum-Schlafzimmer erscheint im Inneren des Hotels.
Es ist immer noch etwas, denn beim Kauf eines Hauses ... es ist besser, es zu verlassen.
Morgan Stanley eröffnete seine Hauptstadt für MUFG
Morgan Stanley hat seinen Einstieg in die Tischrunde der Mitsubishi UFJ Financial Group (MUFG) bekannt gegeben, die erste Bank von Japan, die neun Milliarden US-Dollar ausgeben wird, um 21% ihres Kapitals zu erhalten, Nachrichten, die durch einen starken Rückgang der Aktienkurse aufgenommen wurden.
Eine Woche nach der Enthüllung einer vorläufigen Vereinbarung haben die beiden Banken erklärt, dass MUFG 9,9% der Morgan Stanley-Aktie zu einem Preis von 25,25 Dollar kaufen würde, was drei Milliarden Dollar entspricht.
Der Verkaufspreis beträgt weniger als 19% des Wertes der Verwüstungen am 31. August.
MUFG wird zusätzliche sechs Milliarden US-Dollar in den Erwerb konvertierbarer Titel investieren, der eine gesicherte Rendite von 10% und einen Wandlungspreis von 31,25 Dollar vorsieht.
Morgan Stanley bestätigte, dass der Gesamtbetrieb auf einem durchschnittlichen Einheitspreis von 29 Dollar oder 28% über seinem aktuellen Preis basieren würde.
Morgan Stanley-Aktie verlor um 17:00 Uhr GMT 6.79% auf 23,07 US-Dollar.
"Diese strategische Allianz stellt eine wichtige Gelegenheit dar, den Übergang von Morgan Stanley in den Status einer Holding-Bank zu beschleunigen", sagte John Mack, der CEO der amerikanischen Gruppe.
Morgan Stanley hat diesen neuen Status letzte Woche angenommen, der es ihm ermöglichen sollte, seine Aktivitäten zu diversifizieren, aber es muss die Autorität der Federal Reserve passieren.
Ihr Bündnis mit MUFG bestätigt auch, dass die aktuelle Finanzkrise die größten Namen an der Wall-Street dazu gezwungen hat, eine viel vorsichtigere Haltung als zuvor anzunehmen.
Die am Montag vorgestellten Modalitäten zeigen, dass das Abkommen in den letzten Tagen geändert wurde: Am vergangenen Montag hatte Morgan gerade angekündigt, bis zu 20% seiner Anteile für etwa 8,5 Milliarden US-Dollar an die Japaner zu verkaufen.
"Vor einer wöchigen, erklärte Toshihide Mizuno, geschäftsführender Direktor der MUFG in Tokio", dachten wir, dass die Teilnahme vollständig aus Stammaktien bestehen würde.
Aber angesichts des aktuellen Zustands der Wirtschaft und des Marktes haben wir gehofft, die Risiken zu minimieren und unseren Rücken zu schützen."
Basierend auf dem gewichteten durchschnittlichen durchschnittlichen Preis wird MUFG seine Morgan Stanley-Bedanken 7% unter ihrem Buchwert zahlen.
Die Transaktion wird zu einer Verwässerung des Gewinns von etwa 20% pro Aktie führen.
Die Vereinbarung sieht vor, dass MUFG jährlich die Hälfte ihrer bevorzugten Wertpapiere in Stammaktien umwandeln kann, wenn diese mehr als 50% über dem Wandverwandlungspreis gehandelt werden, etwa 47 Dollar für einen bestimmten Zeitraum.
Morgan Stanley stellt sicher, dass das von MUFG zur Verfügung gestellte Kapital es ihm ermöglichen wird, Investitionschancen zu nutzen, seine Bilanz zu stärken und seine Liquidität zu erhöhen.
Ein Sprecher der Gruppe weigerte sich jedoch, Details zu den strategischen Projekten der beiden neuen Verbündete bekannt zu geben.
Nach der Investition von MUFG prognostizieren Morgan Stanley eine Kapital-Quote von etwa 15%, eine der besten in der Branche.
Morgan soll seine Bilanz "deutlich" seit Ende August verkleinert haben.
Kürzlich in den letzten Wochen war es für die Gruppe schwierig, die Hälfte ihres Aktienkurses schwinden ließ, während die Versicherungskosten gegen das Risiko eines Zahlungsausfalls ihrer Schulden in die Höhe schoss.
Diese Kosten wurden am Montag gesenkt, blieben aber auf einem neuen hohen Niveau von etwa 12%.
Vergangene Woche gab Goldman Sachs, die einzige andere überlebende große Investmentbank an der Wall-Street nach dem Bankrott von Bear Stearns and Lehman Brothers and Merrill Lynch-Akquisition bekannt, dass sie 15 Milliarden US-Dollar gesammelt hatte, teilweise von Berkshire Hathaway, der Gruppe von Warren Buffett.
Rafael Correa in Quito am Montag.
Der Wiederaufbau rund um die republikanischer Sozialismus aus dem 21. Jahrhundert.
Dies ist das Gemeinschaftsprojekt des venezolanischen Hugo Chávez, Evo Morales aus Bolivien und des ecuadorianischen Rafael Corre.
An diesem Sonntag, wie seine Amtskollegen und -Freunde, ist es der dritte, der einen Entwurf für eine neue Verfassung zur Abstimmung stellt.
Die Mission wurde durchgeführt, seit 64% der Wähler "Ja" zur Volksabstimmung wählten, nach offiziellen Ergebnissen, die auf 80% der Stimmen basieren.
Basierend auf diesen Ergebnissen bekam das "Nein" 28%, 7% der Stimmen waren unwirksam und 0,7% waren leere Stimmen.
Damit der Verfassungsentwürfe angenommen werden kann, sollte er die Hälfte der Stimmen plus eine erhalten.
Am Sonntag hatten zwei vor den Wahllokalen und eine Nichtregierungsorganisation einen großen Siege für das "Ja" zwischen 63% und 70% angekündigt.
Rafael Correa hatte in der Nacht von Sonntag bis Montag den Sieg seines Verfassungsentwürfes gefordert.
Die "Verfassung hat so überwältigend gesieget", versicherte er und gelobte die Ecuadorianer im Regierungshauptquartier in Guayaquil, 280 km südwestlich von Quito.
Rafael Correa beglückwünscht natürlich von Chávez und Morales, aber auch seiner chilenischen Amtskollegin Michelle Bachelet.
Die Umgefragung, die friedlich unter der Kontrolle der Organization of American States (OAS) durchgeführt wurde, umfasste ihren Text 444-Punkte, die den vom Präsidenten befürworteten "neuen Sozialismus" konsolidieren.
Der Verfassungsentlassungsentwurf schmachtet die Macht des Staates über die Wirtschaft, indem er ihm die "Entwicklungsplanung" eines Landes vorbehält, das hauptsächlich aus der Ölzutreibung durch ausländische Unternehmen und dem ausländischen Geld, das sie an ihre Auswanderer schicken.
Beflügelt von Correa, das 2006 gewählt wurde, bietet das Projekt dem Staatsoberhäupter auch größere Befugnisse, das bis zu zwei aufeinanderfolgende Amtszeiten von vier Jahren dauern kann und in der Lage sein wird, die Versammlung aufzulösen.
Correa hat bereits angekündigt, diese Befugnis zu nutzen, um im Februar 2009 ein neues Mandat anzustreben.
Die Konstitution konsolidiert auch das Prinzip des freien Gesundheitswesens und der Bildung, das der Präsident in diesem Land mit 13,9 Millionen Einwohnern zu etablieren begonnen hat, wo 50% der Bevölkerung unterhalb der Armutsgrenze lebt.
Es sieht auch das Verbot der Anwesenheit ausländischer Trupps voraus, was das Abkommen zwischen Quito und Washington für die Nutzung Ecuadors als Startstützpunkt für US-Anti-Drogen-Operationen küren wird.
Die 19 Geiseln wurden im Tschad freigelassen
Eine ägyptische Kommando-Truppe startete einen Angriff gegen die Enthaupter der elf Touristen und ihre vor zehn Tagen festgenommenen acht Eskorten.
Sie befinden sich in Kairo.
Die elf europäischen Touristen und ihre acht ägyptischen Eskorten, die für zehn Tage in der Wüste gefangen gehalten wurden, wurden am Montagnachmittag unversehrt in der ägyptischen Landeshauptstadt zurückgebracht.
Am Morgen wurden sie von einem ägyptischen Kommando im Tschad freigelassen.
Anscheinend kamen die Geiseln etwa 1530 Stunden an Bord eines Spezialflugzeugs auf der Militärstützützützpunkt al-Maza am internationalen Flughafen von Cairo an.
Sie wurden sofort verlegt, ohne mit der Presse per Helikopter ins Krankenhaus in Maadi, einem Wohnvorort von Cairo, sprechen zu können, um sich einer Untersuchung zu unterziehen.
Sie sind in "guter Gesundheit", und "kein Lösegeld an die Entführer wurde bezahlt", erklärte der Ägyptische Tourismusminister Zoheir Garanna auf dem asphaltierten.
Gefangen am 19. September während einer Safari am Fuße des Berges Ouanat an der Grenze zwischen Ägypten, dem Sudan und Libyen, war diese Gruppe von Geiseln von 35 unbekannten Entführern aus einem Versteck zum anderen geworfen worden.
Es umfasst 11 Touristen - fünf Italiener, fünf Deutsche und ein Rumänen - und auch acht Ägypter: zwei Führer, vier Fahrer, ein Grenzposten und der Direktor der Agentur Aegyptous, Organisator der Safari.
Ein ägyptischer Sicherheitsbeamter sagte, dass 30 Mitglieder der Spezialtruppen an Bord von zwei Hubschraubern den Angriff kurz vor der Morgendämmerung abgefeuert hatten.
"Es kam ein Schusswechsel, und die Hälfte der Entführer wurde getötet, die andere Hälfte floh", sagte der Polizist, der die Anonymität beantragte.
Er sagte, dass 150 Mitglieder der ägyptischen Spezialeinheiten "vergewaltigte Reaktionseinheit" in den Sudan entsandt wurden, wo sie Unterstützung von deutschen und italienischen Kommandos erhielten.
Der Chef des italienischen diplomatischenkorps Franco Frattini in Belgrad, wo er sich derzeit befindet, erwähnte die Rolle italienischer Geheimmakler und Elemente der Spezialeinheiten.
"Wir müssen erkennen, dass wir dieses Ergebnis durch die Professionalität und Wirksamkeit unserer Männer aus den Geheimdiensten, von den Spezialeinheiten erreicht haben", sagte er ohne weitere Details.
Er leugnete auch, ein Lösegeld gezahlt zu haben.
Am Tag zuvor hatte die sudanesische Armee behauptet, ein 4x4-Patrouillenfahrzeug an Bord abgefangen zu haben, bei dem die Entführer anwesend waren und sechs, einschließlich des tschadischen Leiters, getötet und zwei festgenommen wurden.
Die Armee behauptete, sie seien mit einer Rebellentruppe in Darfur in Verbindung gelassen worden, der sudanesischen Befreiungs-Gemeinde-Unämigkeit (SLA-U), was diese Bewegung sofort bestritten hat.
Briefe - Die schweigende Mehrheit der Kultur
Eine Debatte über die Finanzierung der Kultur sorgte für Schlagzeilen in die Schlagzeilen
Gut.
Aber ein Sektor unseres Kulturlebens bleibt immer in Vergessenheit geraten.
Wem wird sich melden, um das Elend anzuprangern, das kleinen Museen, Archiven, archäologischen oder nationalhistorischen Sehenswürdigkeiten gewährt wird, die zur Finanzierung verhungern?
Welcher Politiker wagt es, die Bundesregierung daran zu hindern, ihre Denkmäler und historischen Gebäude zu vernachlässigen?
In Québegegnkiste in Kanada haben wir keine wirklichen Gesetze, die unser Erbe effektiv bewahren?
Wussten Sie, dass die französische Regierung drei und eine halbe Million Euro für die Wiederherstellung der Burg Chinon im Loire-Tal widmet?
Unsere amerikanischen Nachbarn haben in der Konstitution ihres Landes geschrieben, dass der Schutz des Erbes Teil der amerikanischen Kultur ist und dass ein solches Erbe von allen Bürgern, allen Gewählten und allen Regierungsministerien in Zusammenarbeit geschützt werden muss.
In Québec, der Federation of Societies of Québec-Vergangenheit, befassen sich mindestens 40 000 Freiwillige, die in 211 Agenturen für Geschichte, Erbe, Archive und Genealogie gruppiert wurden, die Geschichte zu recherchieren, nur wenige Gelder, Haufen von privaten Archiven und die Bewahrung archäologischer Überbleibsel.
Es handelt sich oft um Hürden unseres Erbes, die mit der Energie der Verzweiflung dagegen protestieren, wenn Entwickler und Konstrukteure ihre Bulldozer gegen unsere alten Gebäude und unsere vergessenen Friedhöfe starten.
Wann wird es ein Forum für Geschichte und Erbe geben?
Fortis-Männerbank von den Benelux-Regierungen teilweise verstaatsländisch verstaatlicht
Die Benelux-Staaten helfen Fortis, der belgisch-niederländischen Bank - die das erste europäische Finanzinstitut in Schwierigkeiten aufgrund des Folgeeffekts der US-Krankennügungsnächse ist - durch einen partiellen Staatsankauf. Die drei Länder haben sich darauf geeinigt, 11,2-Milliarden-Euro-Zeug in die Banken- und Versicherungsgesellschaft mit ungarischen Beteiligungen zu stecken.
Am Ende dieser Woche konsultierten der Belgier, die luxemburgische und die niederländischen Regierungen zu diesem Thema auf höchstem Niveau unter Beteiligung des Präsidenten der Europäischen Zentralbank und des Wettbewerbskommissars der Europäischen Kommission.
Innerhalb der Euro-Währungszone ist Fortis die erste von der internationalen Finanzknappe, die in den letzten 12 Monaten in Wellen stößt. Daher könnten die getroffenen Entscheidungen als Präzedenzfall angesehen werden.
Gemäß der am Sonntagabend getroffenen Entscheidung wird jede Regierung eine 49-Prozent-Beteiligung an Fortis-Banken in ihren jeweiligen Ländern übernehmen.
Die Bank wird sicherlich einen Teil ihrer Anteile verkaufen, vor allem die Versicherungsaktivitäten, die sie letztes Jahr von der niederländischen ABN Amro gekauft hat.
Fortis-Aktie schwappte in der vergangenen letzten Woche tief zu sinken, im zweiten Teil der Woche tauchten Anzeichen einer ernsthaften Krise beim Unternehmen auf.
Die Analysten sind sich einig, dass die Bank mit ihren 85 000 Mitarbeitern zu groß ist, um in Konkurs gehen zu dürfen.
Die Anteile der Bank fielen am Freitag um 12%, was der rekordniedrigste Stand seit 14 Jahren ist.
Der Wert der Aktien ist seit Januar um zwei Drittel gesunken.
In Anbetracht der aktuellen Aktienkurse beläuft sich der gesamte Marktkapitalwert der Gruppe auf etwa 14 Mrd. Euro, aber die Unternehmensvorstände sagen, dies spiegele die Realität nicht wider.
Das Management macht die Ungewissheiten im Ausland - die mit der Annahme des amerikanischen Pakets von 700 Milliarden US-Dollar zusammenhängt - für den Rückgang der Fortis-Aktie verantwortlich.
Die Vorräte verzeichneten am Montag einen leichten Anstieg.
Filip Dierckx wurde am Freitag zum neuen Vorstandsvorsitzenden der Bank ernannt.
Das Finanzinstitut suchte auch nach privaten Käufern, aber bisher wurde kein substanzielles Angebot zukommen.
Die belgische Regierung hatte vorhin erklärt, dass die Investoren keinen Grund hätten, sich Sorgen zu machen, dass sie ihr Geld nicht verlieren würden.
Es ist bisher keine Panik unter den Kunden der Bank aufgetaucht; es hat kein Bankansturm stattgefunden.
Fortis hat eine eigene Bankengründung in Ungarn und hat auch Leasinggesellschaften aufkauft.
Füchs im Henhouse
Die amerikanischen Lebens- und Krankenversicherer weigern sich aufgrund ihrer Drogenkaufdaten oft, Versicherungen an einige Bürger zu verkaufen.
Datenschützer befürchten, dass der Datenmarkt unkontrollierbar wird.
"Es gibt ein Datenschutz-Programm, das die Erlaubnis der betroffenen Person benötigt, um verschreibungspflichtige Arzneimitteldaten zu verwenden.
Es sollte unabhängig sein, andernfalls bewacht der Füchsel das Henne-Haus", zitiert die Washington-Post Richard Dick, Entwickler des Programms zur Verfolgung von Medikamentenverschreibungen.
Die Versicherungsgesellschaften bestreiten die Versicherungsentgelte und den zu entrichtenden Schadenersatz je nach Gesundheitsbedingung des behandelnden Bestellers, und wenn sie es für zu riskant halten, leisten sie keine Versicherung.
Früher wurden die beworbenen Kunden versandt, um eine ärztliche Untersuchung durchführen zu lassen, und der Vertrag wurde im lichteblicklich nur die Screening-Ergebnisse abgeschlossen.
Dick hat vor zehn Jahren eine viel billigere Methode entwickelt: Auf der Grundlage der Identifikationsnummer des Käufers kann die vom Kunden in den letzten 18 Monaten gekauften Medikamente leicht erkannt werden, daher kann das Programm die Folgen für die Krankheiten, unter denen der Antragsteller leidet, sowie seinen Gesundheitsbedingung selbst nach eigenen Konsequenzen ziehen.
Zum Beispiel bezieht sich der Fall des regelmäßigen Kaufs großer Dosen cholesterinreduzierender Medikamente praktisch auf die Tatsache, dass der Kunde unerheblich hohen Blut-Fett-Spiegel hat, wodurch diese Person sofort einer höheren Risikokategorie unterzogen werden würde.
Das Programm hat verschiedene Versionen im Handel, einige von ihnen definieren sogar den Risikofaktor, daher hat die Versicherungsgesellschaft nichts anderes zu tun als den Papierkram, obwohl kleinere Schwierigkeiten auftreten.
Einer der Nachteile ist die Tatsache, dass einige Medikamente für mehrere Zwecke verwendet werden können, z. B. eine medizinische Formel ist die Behandlung von Migräne, Hitzewellen oder sogar Depressionen.
Letzteres ist ein erheblich risikobestärkederender Faktor aus der Sicht der Unternehmensversicherer, die anderen beiden nicht.
Es gibt bestimmte Unternehmen, die sich mit dem Erhalt und der Verarbeitung von Daten befassen, und sie bitten um die Erlaubnis des Patienten, bevor sie die notwendigen Informationen von den Apotheken erhalten.
Sie sind bereits dazu verpflichtet, obwohl ihre früheren Versäumnissen nicht bestraft wurden.
Irgendeine Unternehmen verarbeiten sogar die Ergebnisse von Laboruntersuchungen und knüpfen diese mit Drogenkonsumdaten in Verbindung. Auf diese Weise können sie genauere Informationen über den Gesundheitszustand der Patienten liefern.
Immer mehr Unternehmen erhalten den Zugriff auf die Daten, und parallel dazu wird die Kontrolle ihrer Nutzung immer schwieriger.
Es gibt ein spezielles Gesetz zum Gesundheits-Datenschutz, aber sein Anwendungsbereich umfasst nur Gesundheitsdienstleister und Versicherungsunternehmen.
Der Gesetzentwurf über Inspektionsbefugnis für die Behörden über Unternehmen im Umgang mit der Datenbereitstellung wurde dem Kongress vorgelegt.
Dick Richard stellt fest, dass dies nicht ausreicht: Aus diesem Grund hat er sein Programm weiterentwickelt, das die Datenübermittlung in Bezug auf die ausdrückliche Zustimmung des Betroffenen einschränken würde.
Es ist jedoch eine andere Frage, dass der Antragsteller die Zustimmung nicht wirklich verweigern kann, andernfalls werden die Versicherungsgesellschaften keinen Vertrag mit ihm abschließen.
Die Hennen, bis zu einem gewissen Grad, werden weiterhin vom Wohlwollen des Füchsels abhängen.
Global Marseille Menu
Europäische Union und Indien mischt den handelseinen
Da die Europäische Union und Indien die Handelspartner gegenseitig führen, wurde die Agenda des neunten Gipfels auch von diesem Thema zusätzlich zu anderen, hauptsächlich globalen Problemen dominiert.
Heute wird auch ein französisch-indischer Gipfel stattfinden, vor allem über die Zusammenarbeit der Kernenergie.
Obwohl die Europäische Union anerkennt, dass Indien eine aufkommende demokratische Weltmacht ist, der mehr Mitsprache in internationalen Angelegenheiten gewährt werden sollte, waren die Mitgliedsstaaten noch nicht in der Lage, eine Einigung darüber zu treffen, ob die ständige Mitgliedschaft in Neu-Delhi im VN-Sicherheitsrat unterstützt werden soll oder nicht.
Daher wurde diese Angelegenheit beim neunten gestrigen Gipfel in Marseille nicht erzwungen.
Der französische Staatspräsident Nicolas Sarkozy als rotierender Präsident der Union, Ausschuss-Präsident José Manuel Barroso und Außenpolitik-Chef Javier Solana begrüßten den indischen Ministerpräsidenten Manmohan Singh und stimmten zu, d. h. die Erhöhung auf mehr als 100 Milliarden Euro, den Handelszufluss seit 5 Jahren, zu verdoppeln.
Da der Warenaustausch zwischen 2000 und 2007 von 25 auf 55 Milliarden erhöht wurde, ist dies kein zu ehrgeiziges Ziel.
Dementsprechend wurden 26 bestehende bilaterale Zivilluftfahrt-Konventionen mit Indien rechtlich in Einklang gebracht, was bedeutet, dass der Flugverkehr in der Zukunft schwingen kann.
Indien will das Freihandelsabkommen mit der Union bis Ende 2009 unterzeichnen.
Sarkozy verlobte, die Harmonisierung zu verkürzen.
Das Ziel besteht darin, das Gleichgewicht zu finden, während Indien die Nummer eins Handelspartner der EU ist. Gleichzeitig hat Neu-Delhi nur den neunten Platz auf der Liste der EU-Partner.
Der Gipfel konzentrierte sich auf globale Fragen:
In Bezug auf die Situation in Afghanistan und Pakistan sowie im Bereich des Terrorismus, letzteres wurde von beiden Parteien in jeder Form verurteilt und eine Einberufung der UN-Konferenz wurde gedrängt.
Der Abschluss der Doha-Trade-Runde wurde ebenfalls beschleunigt, obwohl beide Parteien bisher für das Fiasko verantwortlich sind.
Die EU bestätigte die Aufrechterhaltung ihres Energie- und Klimaprogramms, d.h. die Absicht, den Luftschadstoff-Eigentum bis 2020 um mindestens 20 Prozent zu kürzen.
Indien einigte sich dabei sowie mit dem Ziel, eine globale Einigung auf der im nächsten Jahr fälligen Klima-Konferenz zu erzielen und die Treibhausgasemissionen bis 2050 um 50 Prozent zu senken.
Ein weiteres Ziel bestand darin, das Zuwächsen der Lebensmittelpreise zu verhindern, und ein Aufruf zur Überprüfung der Finanzkrise wurde unterstützt.
Der indische Ministerpräsident begeht heute ein bilaterales Treffen in der französischen Landeshauptstadt, wo er eine Einigung über die friedliche Nutzung der Kernenergie geben will.
Paris geht davon aus, dass französischen Unternehmen im Wert von 20 Milliarden Euro Aufträge zum Bau von Kernreaktoren in Indien erhalten werden.
Nach Angaben der Nachrichtenagentur stünde das Abkommen für 15 Jahre in Kraft.
Über dreihundert italienische Redakteure in Frankfurt
Völlige Anwesenheit italienischer Redakteure auf der Internationalen Buchmesse in Frankfurt.
Mehr als dreihundert werden am sechsundfünfünften Buchmesse-Jedijedariten anwesend sein, die wichtigste internationale Veranstaltung zum Urheberrechtsaustausch.
Die Internationale Buchmesse in Frankfurt erwartet für diesen Anlass mehr als siebentausend Aussteller aus 101 verschiedenen Ländern, die die 171 790 Meter große Fläche der Messe mit über 403-tausend ausgestellten Titeln bewohnen werden, und die Türkei wird Ehrengast sein.
Der Unterstaatssekretär des Ministeriums für kulturelles kulturerbetreibendes und ortsübriges Ministerium wird die italienische Regierung bei der Einweihfeierung des Italienischen Pavillons vertreten: in der Tat wird Italien als eine Institution mit einer italienischen Tribüne mit 264 m2 großen Ausstellungsfläche präsent sein.
Es folgt die pressekonferenz im Room of Struktur of Pavilion 5,0 der Buchmesse: Dies ist der Anlass, bei dem Zahlen, Trends und ein Blick auf den Status der italienischen Verlagsbranche präsentiert werden.
Den Daten zufolge schwindet immer die Bedeutung von Büchern ausländischer Autoren in der italienischen Produktion und vor allem für Erwachsene und Kinder.
Gefunden das Flugzeug von Steve Fossett dem Millionär verschwand vor einem Jahr
Das Wrack des Flugzeugflugzeugs von Steve Fossett, dem Millionär, der am 3. September 2007 beim Überfliegen der Wüste von Nevada verschwand, wurde gefunden.
Die Trümmer wurden auf einer Hochpappe in 3000 Metern Höhe gefunden, im Gebiet der Sierra Nevada der Mammoth-Rennsee, an der Grenze zwischen Kalifornien und Nevada.
Innerhalb des Flugzeugs gab es jedoch keine menschlichen Überreste.
Der Sheriff von Madera County, John Anderson, zerstreute alle verbleibenden Zweifel: "Das Flugzeug wurde lokalisiert, wir haben ein Team entsandt, und jetzt haben wir eine Bestätigung dafür, dass Steve Follett an dem Tag flog, an dem er verschwand", sagte er in einer Pressekonferenz.
Danach wies der Sheriff darauf hin, dass keine menschlichen sterblichen sterblichen Überreste weder im Flugzeug noch in der Umgebung gefunden worden seien.
Der 63-jährige Millionär wurde im Februar tot aufgegeben.
Das American National Transport Safety Bureau (NTSB) hat berichtet, dass einige Stunden, nachdem das Wrack gesichtet wurde, ein Untersuchungsteam entsandt wurde, das dann das Flugzeug identifiziert hat: Es ist das Bellanca 8KCAB, das seit dem 3. September 2007 vermisst wird, als Fossett einen dreistündigen Flug von Yerington in Nevada abhob.
Gestern, immer in Kalifornien, nicht weit von der Grenze zu Nevada entfernt, wurden einige persönliche Gegenstände von Fossett von einem Paar in der Nähe ihres Hauses in Mammoth Lakes gefunden.
Die Artikel sind zwei Dokumente im Namen von Fossett, die beide von der Federal Aviation Administration of Illinois herausgegeben wurden, etwas Bargeld und ein Sweatshirt.
Die Durchsuchung von Fossett wurde einen Monat nach seinem Verschwinden abgesagt.
Der Milliardär hatte dank einer Vielzahl von Weltrekorden einen Platz in der Geschichte errungen.
Im Jahr 2002, bei seinem sechsten Anlauf, war er der erste Mann, der die Weltreise in einem Heißluftballon beendete: einem zweiwöchigen Alleinflug.
Drei Jahre später machte er die Rund-Welt-Trip mit dem Flugzeug, ohne zu gelanden.
Unter seinen vielen Datensätzen flog es mit 15.445 Metern, über den Anden, aber mit einem Co-Piloten.
Glk, die Werbung, die Sie nicht abwartet
Ein SUV, der sich außerhalb der Normen mit einem originellen Design befindet, das durch entscheidende Leitungen, große Oberflächen und saubere Schnittecken definiert ist.
Kurz gesagt, dies ist GLK, die neueste Ergänzung zu den "kompakten" Geländefahrzeugen des Star-Herstellers, mit dem Mercedes-Benz versucht hat, in diese Branche frische Luft zu schüren.
Gerade weil seine Merkmale aus den traditionellen Normen liegen, wird die Botschaft, die die Einführung des GLK-SUV begleitet, ebenfalls unerwartet und unkonventionell sein, es wird ab dem kommenden 17. Oktober in Mercedes-Benz-Showrooms erhältlich sein.
Die Werbe-Kampagne, die das Debüt des neuen Fahrzeugs begleiten wird, wird also eine neue Kommunikationsmethode auslösen, die auch eine futuristische Kampagne von 3D-Pinkwänden beinhaltet, die zum ersten Mal in Italien von einer Automarke verwendet werden.
Ein Projekt großer Werbeplakaten, das in drei verschiedenen Phasen in Gang gesetzt wurde und bis zum 15. November die nördlichste Mailänder Einkaufsstraße Corso Como dominieren wird.
Die erste Phase dieser neuartigen Kommunikationsart beginnt mit einer Präsentation des Autos im stereoskopischen Weitblick und dank spezieller Brille, die in der Nachbarschaft von Corso Como vertrieben werden, wird es möglich sein, den neuen SUV in echter Größe und 3D-Format zu sehen.
In der Tat, wenn man sich das Bild anschaut, bekommt man das Gefühl, dass das Auto aus dem Plakat herausragt.
In der anschließenden Nutzung der innovativen Technologie Elumina 8 werden alle Details des neuen GLK zu verschiedenen Zeiten beleuchtet und dann als Einzelbild neu komponiert.
Ohne Zweifel versucht Mercedes durch diese Werbung etwas Neues im konventionellen Bereich der Automobilwerbung einzubringen.
Wird es mit dieser Formel gelingen, das Interesse zukünftiger Käufer zu provozieren?
Hier ist, wer die italienischen Hooligan
vom Tri-Veneto pflichtvernügend, der Teilnahme an Sportveranstaltungen (Daspo) untersagt werden kann.
Aber wer schämen sich die 150-200-Leute, von denen Italien sich jetzt schämt? Sie sind Teil der Gruppe "Ultras Italia", die seit Jahren die Fußballnationalmannschaft unterstützt und bis jetzt, wie die Wahrheit bekannt ist, nie große Probleme geschaffen hat.
Ebenso wenig kollidierte es jemals mit gegnerischen Fans.
Die Extraktion der Gruppe ist ordentlich.
Die Förderer sind von Tri-Veneto.
Von Verona, Padua, Triest und Udine.
Hinzu kamen einige kleine Gruppen (in Wirklichkeit sehr wenige Mitglieder) aus Campagnia und Apulien.
Sie haben dreifarbige Fahnen mit der Herkunftsstadt der Militanten: Am Samstag wurden diese abgenommen, damit sie nicht identifiziert werden konnten.
Sie schöpfen ihre Ideen von englischen Fans auf.
In Bulgarien fanden sie Befürworter, die echte Nationalsozialisten, die Levski-Gruppe.
Die FIGC hatte den italienischen Fans 144 Tickets für das Spiel zur Verfügung gesteckt: alles persönlich, daher leicht kontrollierbar.
Und das Innenministerium von Viminale hatte sie in der Tat alle überprüft: Unter jenen Gruppen, die nach Sofia fuhren, wurde keiner verboten, kein Stadion zu frequentieren.
Vier italienischen Anhängern, die frühere stadionsbezogene Straftaten begangen hatten, wurden tatsächlich Tickets abgelehnt und davon abgehalten.
Jetzt wartet das Innenministerium darauf, die offiziellen Aufzeichnungen lesen zu können, die von der bulgarischen Polizei eintreffen sollten, bevor es Maßnahmen unternimmt: In diesem Fall ist es möglich, für fünf Jahre zu verbannen, zumindest für fünf Jahre die Festgenommenen oder diejenigen, die während der Unruhen identifiziert wurden.
Eine internationale Verbannung verbietet nicht nur den Besuch von Stadien in Italien, sondern auch in ganz Europa.
Unsere Hooligans, kurz gesagt, würden kein weiteres Stadion betreten.
Glücklicherweise.
Aber jetzt gibt es Befürchtung der Nachahmung: Das ist, dass sich andere mit etwas mehr als einhundertfünffünfzig verbinden.
"Wir müssen diesen Flächenbrand sofort ausstellen und diejenigen, die sich so verhalten, nicht legitimieren", heißt es im Viminale.
Also, "Augen weit geöffnet, vor allem, da die Nationalmannschaft am Mittwoch in Lecce spielt".
In Puglia gibt es in der Tat einen kleinen Kern von Ultras- Italia-Befürwortern.
Morgen tagt das Observatorium am Dienstag das CASMS, das auf einen Abschnitt der AISE zählen kann, also der Geheimdienst, der sich genau mit den Problemen in den Stadien abwickelt.
"Der Refrain Duce-Duce und der Arm streckten während der Mameli-Hymne aus? In Bulgarien ist es kein Verbrechen..."
Dies sind die Gedanken (mit großer Enttäuschung ausgedrückt) von Domenico Mazzilli, der bis vor einigen Wochen der Direktor der Sternbeobachter der Viminale ist (er erreichte den Posten, der ursprünglich von Francesco Tagliente und dann von Felice Ferlizzi gehalten wurde).
Früher war Mazzilli Leiter der Polizeiverwaltung in Triest gewesen, in dem es einen 2002 gegründeten Quelle von Unterstützern von Ultras Italia gibt.
Es ist wahr, sagt Mazzilli, dass es in Bulgarien kein Kriminalverbrechen ist, Hymnen an den Bürgermeister zu chanten, aber das Verhaltensweisen dieser 150-200-Fans war sicherlich schändlich.
"Ich bin kein Soziologe - n. 1 der Beobachtungsstelle - das Verbrechen sollte in dem Land, in dem der Vorfall auftritt, angegeben werden.
Bis jetzt ist diese Gruppe innerhalb der Linien geblieben, jetzt werden wir sehen, was tatsächlich passiert ist, und wir werden sie als zukünftige Referenz bewerten.
Aber lassen Sie uns auch über das pfeifende Pflanzung der Mameli-Hymne sprechen: Dies ist auch kein Verbrechen in Bulgarien, aber, wenn ich sagen darf, ist es keine guten Manieren ..."
