Rechtspopulisten triumphieren in Österreich mit insgesamt 29 Prozent
Nach den ersten vorläufigen Ergebnissen der vorgezogenen Bundestagswahlen in Österreich hat eine spürbare Schwächungung beider Parteien in der gegenwärtigen Großkoalition und einen deutlichen Schub für die rechtspopulistischen Parteien bewirkt.
Die Österreichische Volkspartei (ÖVP), wo die Position des derzeitigen Leiters Wilhelm Molterer stark erschüttert wird, erlitt besonders große Verluste.
Umgekehrt bereitet der Wahlkampfleiter der Allianz für die Zukunft Österreichs (BZÖ), Kärntner Landeshauptmann Jörg Haider, eine triumphale Rückkehr in die nationale Politik vor.
Den vorläufigen Ergebnissen zufolge bleibt die Sozialdemokratische Partei (SPÖ) mit 29,8 Prozent der Stimmen am stärksten des Landes, hat seit den letzten Wahlen im Jahr 2006 jedoch 5,5 Prozent der Stimmen verloren.
Die ÖVP, die mit 25,6 Prozent knapp neun Prozent der Stimmen verliert, schnitt noch schlechter ab.
Dies sind die schlechtesten Ergebnisse beider großer Parteien in der österreichischen Nachkriegsgeschichte, und besonders für die Volkspartei, die die vorgezogenen Neuwahlen drängte, ist es buchstäblich ein katastrophales Ergebnis.
Anfang Juli, als die ÖVP die Koalition verließ, hatte die Volkspartei in den Umfragen immer noch einen deutlichen Vorsprung auf SPÖ.
Die Wähler bestraften sie jedoch offenbar dafür, dass sie die Regierung ins Wanken gelassen hatten.
In den ersten Reaktionen auf die Ergebnisse gab es bereits Spekulationen über den möglichen Rücktritt des Parteivorsitzenden und derzeitigen Vizekanzlers Wilhelm Molterer.
Beobachter gehen davon aus, dass dies bereits bei der außerordentlichen Sitzung der Parteiführung am Montag erfolgen könnte.
Eine solche Entwicklung würde sicherlich den Weg zu dem immer wahrscheinlichsten Rückgriff aus den Wahlergebnissen vereinfachen, d. h. die Erneuerung der großen Koalition von SPÖ und ÖVP.
Angesichts der Stärkung beider rechtspopulistischen Parteien - die Freiheitspartei (FPÖ) gewann vorläufige 18 Prozent und BZÖ elf Prozent der Stimmen - äußerten die Sozialdemokraten jedoch gleichzeitig Angst vor einer Wiederholung des Jahres 1999, als die Volkspartei mit den Populisten (FPÖ war zu dieser Zeit immer noch geeinigt, sie löste sich 2005 von BZÖ ab) auf einer gemeinsamen Regierung, die schließlich Sanktionen provoziert.
Haider, der bereits angekündigt hat, dass er bereit ist, mit jeder Partei zusammenzuarbeiten und vermutet, dass er nach Wien in die nationale Politik zurückkehren wird, setzt offensichtlich auf diese Entwicklung.
Die Grünen kamen ebenfalls ins Parlament, erlitten aber einen leichten Verlust und fielen unter den österreichischen politischen Parteien vom dritten auf den fünften Platz.
Offensichtlich überschritt keine der anderen Parteien die Vier-Prozenten-Marke und kam ins Parlament.
Schwarzenberg: Die Beziehungen zu Indien könnten sich verschärfen
Nach Angaben von Außenminister Karel Schwarzenberg, wenn es nicht möglich sein wird, das Problem der tschechischen Wissenschaftler zu lösen, die in Indien mit der illegalen Sammlung von Käfern angeklagt sind, könnte eine gewisse Verschlechterung der tschechisch-indischen Beziehungen stattfinden.
Der Minister gab diese Erklärung in New York nach dem heutigen Treffen mit seinem indischen Amtskollegen Pranab Mukherjee ab.
"Wenn es nicht gelöst wird, dann ja, dann würde eine gewisse Verschlechterung stattfinden", sagt er im Anschluss an das von der tschechischen Seite initiierte Treffen.
Nach den Verhandlungen sagte Mukherjee, dass es für die Exekutive schwierig sei, in Justizangelegenheiten einzugreifen.
Dennoch sagte er, dass die Zentralregierung im Falle von Petr Švácha, der von den Anschuldigungen befreit und mit einer Geldstrafe bestraft wurde, mit der lokalen Regierung in Darjeeling verhandeln kann, unter deren Zuständigkeit die Angelegenheit gehört.
"Sein Problem könnte gelöst werden", sagte der Minister.
Laut Mukherjee wäre es am besten, wenn Emil Kučera, der zu drei Jahren Gefängnis verurteilt wurde, an höhere Behörden appellieren würde.
Er kann dann beantragen, auf Kaution freigelassen zu werden und auf das Urteil außerhalb des Gefängnisses zu warten, erklärte er.
Schwarzenberg bestätigte, dass sein Partner dies auch während der Verhandlungen gesagt habe.
"Er empfiehlt, an ein höheres Gericht zu appellieren, dann wäre es möglich, ihn begnadigen zu können", sagte der Chef der tschechischen Diplomatie.
Der einzige Weg, wie sich die tschechische Seite in die gesamte Angelegenheit einbringen kann, besteht darin, den verurteilten Personen "kompetente rechtliche Unterstützung" zu gewähren, sagte der indische Minister.
Gleichzeitig sagte er, dass die indische Seite sie bereits mit Hilfe dieser Art versorgt.
"Es ist in unserem größten Interesse, die besten Beziehungen zu Indien aufrechtzuerhalten, die eine langjährige Tradition haben.
Die Indianer erkennen dies auch an", sagte Schwarzenberg.
Zur gleichen Zeit, wie er der tschechischen Presse-Agentur sagte, betonte er vor seinem Partner, dass die Tschechische Republik großen Wert auf das Problem der tschechischen Entomologen legte.
"Wir halten die Verhaftung und Anklage dieser tschechischen Wissenschaftler wirklich für einen schwerwiegenden Fehler", erklärte er.
Der Minister vermied es, die Frage zu beantworten, ob er ein Versprechen von der indischen Seite erhalten hatte, die Angelegenheit weiterzuverfolgen.
Er sagte lediglich: "Ich habe bereits einige Versprechen erhalten."
Tscheche Schiedsrichter kämpfen um den Meeresboden
Er schreitet auf die elektronische Wandkarte zu, die Australien und die umliegenden Meeresgebiete darstellt.
Er interessiert sich jedoch nicht für den Kontinent, sondern an einem kleinen Punkt, der im Blau des Ozeans verloren geht.
"Diese Insel, und mit ihr der Meeresboden, der sie umgibt, gehört zu Australien.
Gleichzeitig ist das Gebiet so groß wie der Kontinent selbst", sagt der italienische Anwalt Luigi Santosuosso, der dem dreiunddreißigköpfigen Mitarbeiterteam der UN-Division für Meeresangelegenheiten und des Seerechts angehört.
Sein Chef, der Abteilungsleiter, der tschechische Anwalt Václav Mikulka, verfolgt, was er sagt, und fügt gelegentlich etwas hinzu.
Zest und die Begeisterung für die Arbeit sind hier dominierend.
Der Meeresboden beherbergt eine bisher wenig bekannte Welt, die reich an natürlichen Ressourcen ist.
Es ist möglich, Öle, Erze und andere Mineralien zu finden, aber auch bisher unbekannte lebende Organismen, die zum Beispiel den Schlüssel zur Entwicklung eines Heilmittels für Krebs halten.
Ein Stockwerk, das größer ist als der Kontinent
Die Küstenländer haben heute damit begonnen, vehement um das neue Unterwassergebiet zu konkurrieren.
Das heißt, nach einem UN-Übereinkommen nutzen sie die Rechte, auf die sie 1982 in Montego Bay, Jamaika, geeinigt haben.
Dies ist hauptsächlich das Gebiet des sogenannten Kontinentalschelfs, das oft bis zu mehrere hundert Kilometer von der Küste des gegebenen Landes entfernt ist.
Gemäß der Vereinbarung hat dieses Land das ausschließliche Recht auf alle Ressourcen des Festlandsockels.
"Einfach eingenommen, gilt das Kontinentalschelf als Teil des Meeresbodens, der die natürliche Fortsetzung des Kontinents unter dem Meer und seinem Substrat ist.
Es erstreckte sich über den Rand des Küstenmeeres hinaus, oft sogar jenseits des Randes der zweihundert Seemeilen der sogenannten exklusiven Wirtschaftszone“, erklärt Mikulka.
Der Antrag, den das gegebene Land der Kommission über die Grenzwerte des kontinentalen Schelfs vorlegt, muss durch wissenschaftliche und technische Unterlagen gestützt werden, die auf vielen kostspieligen Erhebungen und Messungen beruhen.
Es ist das Ergebnis langjähriger Vorbereitungsarbeiten.
"Eine unserer Aufgaben besteht darin, der Kommission rechtliche und spezialisierte technische Unterstützung zur Verfügung zu stellen.
Die Kommission hat bisher fünf Anfragen aus Russland, Brasilien, Australien, Irland und Neuseeland erörtert.
Nur die letzten drei dieser Länder waren bisher erfolgreich", fügt Mikulka hinzu.
Vor kurzem wurde der Erfolg Australiens, das als erster seine Unterwasserdomäne erweiterte, weltweit registriert.
Aber auch Neuseeland hat zugenommen - die Fläche des Meeresbodens, die ihm die Kommission eingeräumt hat, beträgt rund 1,6 Millionen Quadratkilometer, das heißt, etwa sechsmal größer als die Größe des Landes selbst.
Beide Länder investierten Millionen von Dollar in die Vermessung.
Der Gewinn, der in Zukunft aus der Nutzung des Meeresbodens resultieren wird, wird, wie sie hoffen, unbezahlbar sein.
Andere Länder werden ihre Anträge ebenfalls schrittweise einreichen.
Sie haben bis zu zehn jahre von dem moment an, als sie das montego-bay-abkommen ratifizierten, um dies zu tun.
Wo das Kontinentalschelf endet, beginnt das Gebiet des Meeresbodens, das durch das Abkommen als "gemeinsames Erbe der Menschheit" erklärt wird.
Hier hat kein Land eine exklusive Position mehr.
Bergbaurechte in diesem Bereich werden durch die von der internationalen Institution festgelegte Vereinbarung gewährt.
"Aber der Meeresboden ist kein Klondike", sagt Regisseur Mikulka übertrieben und fügt hinzu, dass "seine einzelnen Gebiete rechtlich klar abgegrenzt sind und ihr Regime in Verträgen verankert ist."
Tschechen im Pazifik
Ein Teil des Meeresbodens gehört derzeit der Tschechischen Republik.
Es teilt es mit anderen Ländern des ehemaligen Ostblocks als Teil der gemeinsamen Organisation "Interoceanmetal".
Nach Vereinbarung erlangte diese Organisation, wie die Investoren mehrerer kleiner anderer Länder, 1991 den Status eines sogenannten "pionierenden Investors".
Es ist autorisiert, in der ClarionClipperton-Zone im Pazifischen Ozean, der zwischen Mexiko, Hawaii und Kiribati liegt, zu abbauen.
Das vom Investor untersuchte Gebiet ist etwas größer als die ehemalige Tschechoslowakei.
Der Meeresboden dort ist zerklüftet, es ist eine Art Unterwassermodell der Tatra Mountains.
"Es ist möglich, dort auf einer Gesamtfläche von 75.000 Quadratkilometern abzubauen.
Das Gebiet ist ein reicher Ort für die Sammlung von Poly-Metall-Konkretionen mit Nickel, Kupfer, Kobalt und Mangan", sagt ein anderer Anwalt, Pakshi Rajan aus Indien.
Der mazedonische Anwalt der Abteilung, Rober Sandev, bringt eine solche Konkretion zur Demonstration.
Es sieht aus wie eine kleine Kartoffel oder, mit ein bisschen Fantasie, der mythische Saum, der der Legende nach den Golem zum Leben erweckt hat.
Deutsche Spezialeinheiten bei Hostage Rescue vertreten
Bei der Lösung der Geiselkrise hatte die ägyptische Regierung Hilfe von Deutschland angefordert - das die Experten schickte.
Als der Vorstoß zum Schieben kam, waren die Spezialeinheiten bereit, aber ihre Dienste waren am Ende nicht erforderlich.
Immer mehr im Detail tauchen die Umstände rund um die Befreiung der elf in Ägypten entführten europäischen Touristen auf.
Nach Angaben der Bundesverteidigungs- und Innenministerien beteiligten sich indirekt deutsche Spezialkräfte an der Rettungsmission.
Spezialisten der Bundestruppe (Bundeswehr) und Mitglieder der Bundespolizei (Bpol) und ihrer Spezialeinheiten GSG 9 und Air Waard waren bei der Rettung anwesend, teilten Sprecher der Ministerien am Montagabend sowie Mitglieder des Bundeskriminalbüros (BKA) und Logistikexperten des Hilfswerks (THW) mit.
Die deutschen Streitkräfte waren jedoch nicht erforderlich, sagten sie, weil die Entführer ihre Geiseln verließen und flohen, als ihnen bewusst wurde, dass die Geiseln im Begriff waren, mit Gewalt befreit zu werden.
Die ägyptische Regierung hatte die von Deutschland angebotene Hilfe angenommen, sich während des Einsatzes als Backup auf die deutschen Streitkräfte zu verlassen.
"Zum Glück ist es nicht dazu gekommen", sagte ein Sprecher des Bundesministeriums des Innenministeriums.
Die Reisegruppe bestehend aus fünf Deutschen, fünf Italienern, einer Rumänin und ihren acht ägyptischen Gefährten war am 19. September im Süden Ägyptens überfallen und entführt worden.
Nach ihrer Entführung in einer Wüstenregion im Süden Ägyptens waren die Geiseln in der Grenzregion zwischen Ägypten, Libyen, Sudan und Tschad hin- und hergetragen worden.
Bis heute bleibt die Identität der Entführer unbekannt, ebenso wie Details zur Rettung oder zu möglichen Lösegeldern.
Die ehemaligen Geiseln sind derweil sicher und fest in Kairo angekommen.
Bundesaußenminister Steinmeier sagte, sie seien der Obhut der deutschen Botschaft anvertraut worden.
Er äußerte sich nicht zu den Details der Rettung.
In Berlin wurden keine unmittelbaren Informationen über ihre Rückkehr nach Deutschland gegeben.
Laut der deutschen Zeitung ‚Bild‹ sollen die fünf Touristen und die Spezialtruppen an Bord eines Airbus der deutschen Luftwaffe gehen, der am Dienstag in Deutschland eintreffen soll.
US-Repräsentantenhaus lehnt Rettungspaket ab
Das 700-Milliarden-Dollar-Rettungspaket für die Finanzmärkte versäumte in der ersten der beiden Kammern des US-Kongresses nur knapp.
Der Dow Jones nahm einen Nasentauchgang.
Mit einer Abstimmung von 227 bis 206 dagegen lehnte das US-Repräsentantenhaus das Rettungspaket der Regierung für die Finanzmärkte ab.
Ungespässliche Appelle von Präsident George W. Bush und führenden Vertretern beider Parteien wurde für das Programm, das das Chaos an den Finanzmärkten eindämmen sollte, keine Mehrheit erreicht.
In einer dramatischen Kampagne hatten Anhänger verzweifelte Versuche unternommen, die Kritiker von den Verdiensten des 700-Milliarden-Dollar-Plans zu überzeugen.
Barney Frank, einer der wichtigsten demokratischen Unterhändler, hatte Vertreter zur Zustimmung aufgerufen, obwohl es ein unpopulärer Plan war.
"Es ist schwer, politische Zustimmung zur Verhinderung von etwas zu bekommen, das noch nicht passiert ist", räumte er ein.
Während die Abstimmung noch im Gange war, verzeichnete der Dow Jones einen Rückgang von mehr als sechs Prozent oder 600 Punkten.
Es wurde durch die Sorgen der Investoren verursacht, dass das staatliche Rettungspaket scheitern könnte.
Es erholte sich kurz vor dem Ende der Abstimmung, nur um einen weiteren Nasentauchgang zu nehmen, als die Ablehnung veröffentlicht wurde.
Experten erwarten nun weitere starke Turbulenzen an den internationalen Finanzmärkten.
Für den umzusetzenden Plan ist die Zustimmung des Repräsentantenhauses und des Senats erforderlich.
Reiseagenturen melden Zunahme der Buchungen
Es wird ein guter Winter für deutsche Reisebüros, offensichtlich:
Eine Umfrage besagt, dass der Buchungsumsatz für die kommenden Monate deutlich gegenüber dem Vorjahr gestiegen ist - für die Wintersaison sogar um bis zu 30 Prozent.
Trotz der Aussichten einer schwachen Konjunktur bleibt der Reiseappetit der Deutschen unberührt, heißt es in einer Umfrage.
Bei Buchungen während der Wintersaison verzeichneten die Reisebüros einen Umsatzanstieg von 31 Prozent gegenüber dem Vorjahreszeitraum, berichtete der Deutsche Reiseverband (DRV) am Montag in Berlin.
Nach Angaben des Marktforschungsunternehmens GfK gab es auch in den Herbstmonaten einen Zuwachs an Buchungen.
Reiseagenturen hatten im Oktober einen Umsatzzuwachs von rund elf Prozent gegenüber 2007 verzeichnet, teilte die DRV mit.
Die Ergebnisse basieren auf den Zahlen der GfK, die die Buchungsdaten von 1200 deutschen Reisebüros jeden Monat verarbeitet und damit Projektionen für den gesamten Markt macht.
Enthalten sind Reisebuchungen, die bis August 2008 getätigt wurden.
Aufgrund eines schwachen Dollars waren vor allem Reisen in die Vereinigten Staaten gefragt, sagte die DRV.
In diesem Bereich seien die Buchungen um etwa ein Drittel gestiegen, hieß es.
Abgesehen davon wies sie darauf hin, dass Spanien, die Türkei und Griechenland sowohl bei den Deutschen als auch bei heimischen Regionen beliebt sind.
All-Inclusive-Reisen seien besonders begehrt, sagte DRV-Präsident Klaus Laepple.
Angesichts der steigenden Energie- und Lebensmittelpreise seien ihre Kosten "für die Kunden berechenbarer als bei individuell organisierten Ferien", sagte Laepple.
Verbraucher könnten unter anderem durch Early-Bird- oder All-Inclusive-Rabatte Geld sparen, sagte Laepple.
Denn die Sommermonate seien ebenfalls sehr gut gebucht worden, gäbe es im Vergleich zum Vorjahr einen weiteren Umsatzzuwachs, sagte er - obwohl eine weitere Umfrage berichtet, dass die Zahl der reisenden Deutschen im Vergleich zum Vorjahr gesunken ist.
Zum ersten Mal beim Oktoberfest
Spring-Break- und Après-Ski-Style-Hits im Wiederholungsmodus, Bier von Ein-Liter-Bechern und Prominenten im Designer Dirndln.
Ein Wiesn-Debüt.
Technisch gesehen haben Susanne Kronzucker und ich nicht viel gemeinsam.
Sie ist blond, eine TV-Moderatorin und trägt einen maßgeschneiderten Dirndl.
Ich habe dunkle Haare, bin Studentin, und mein Kleid ist Second-Hand.
Aber es gibt eine Sache, die uns verbindet: Wir sind seit kaum drei Minuten in der Wiesn, und schon drängen sich die Fotografen um uns herum und schießen weg, füllen ihre Speicherkarten - sehr schmeichelhaft, und es ist mein erster Besuch bei den Wiesn.
So findet man Freunde.
Der Cheapo Dirndl scheint seinen Job zu machen.
Für einen Wiesn-Touristen, der normalerweise nördlich des ‚Weisswurst-Äquators‹ ansässig ist, hatte dieses bequeme Gefühl, traditionelle bayerische Gewande zu tragen, bis heute zu wünschen übrig gelassen.
Aber einmal in Theresienwiese angekommen, ist es nicht so schlimm wie all das.
Fast jeder trägt Dirndl oder Lederhosn; niemand sieht angewidert oder verlegen aus - es ist alles völlig normal.
Nur meine Dirndl-Schürze warf komische Blicke auf den Schokolade-Bananen-Verkäufer.
Eine Münchnerin machte mich darauf aufmerksam, dass ich die Schürze in die falsche Richtung gefesselt hatte: ‚Verfügbar auf der linken Seite, jungfräulich in der Mitte, auf der rechten, verwitweit dahinter.‘
Möglicherweise ziehe ich meine Schürze von hinten nach links.
"Sieht richtig aus", sagt sie und lacht.
Andere kümmern sich weniger um subtile Flirttechniken und tragen einfache Filzhüte, die sagen: "Zu betrunken, um sich anzuziehen", und, ohne Aufforderung, den Leuten zu zeigen, dass sie nackt dahinter sind.
Der junge Mann mit der exhibitionistischen Haltung heißt Bob, kommt aus England, und es ist auch zum ersten Mal auf dem Oktoberfest.
Er findet es ‚wundersüchtig‘, mit einem lang gestreckten ‚ooooo‘.
Er erzählt mir dies direkt, nachdem er sich von dem ‚Maß‹ befreit hatte, das er zuvor hatte.
Direkt neben einem dieser Feuerstöpseler, die jeder für Mülldeponien verwechselt.
Bob ist einer dieser berüchtigten "Wildbiesler".
Andere haben nicht das Glück, den Alkohol auf diese Weise zu verlieren.
Auf acht Uhr nachts schwärmen zahlreiche Sanitäter den Ort und kümmern sich um die armen Bingers.
Die Sanitäter erscheinen immer in Rucksäcken - es sind immer vier auf einmal und tragen eine überdachte Trage von Zelt zu Zelt.
Es funktioniert wie bei den meisten Wiesn-Besuchern: Wenn es leer ist, gehen sie hinaus, und wenn es voll ist, kommen sie zurück.
Du siehst nicht, wer in den BAC-Särgen ist.
"Es sind diejenigen, die es nicht mehr ertragen können", schrie einer der Sanitäter, als ich ihn danach fragte und in der Menge verschwand.
Unfall-Opfer von der Polizei genannt
Eine 63-jährige Fußgängerin, die im Krankenhaus starb, nachdem sie in Essex von einem Fahrzeug angefahren wurde, wurde benannt.
Carole Paulson von der Chelmsford Road in Brentwood war am Freitagnachmittag an der Shenfield Road in der Stadt in den Unfall verwickelt.
Sie wurde in das Queen's Hospital in Romford gebracht, starb aber später.
Nach dem Unfall wurde ein 51-jähriger Mann wegen des Verdachts des nachlässigen Fahrens festgenommen.
Seitdem wurde er gegen Kaution der Polizei freigelassen.
Der sich erweiternde diplomatische Horizont der Türkei
Lange bevor die Türkei dem Beitritt zur Europäischen Union beitreten wollte, waren die europäischen Mächte begierig darauf, tief in das Hinterland der Türkei einzudringen.
Auf der östlichen Seite des Bosporus, vielleicht nur 20 Schritte nach Asien, steht eines der schönsten Reliquien dieses gescheiterten imperialen Ehrgeizes.
Der Bahnhof Hydarpasha wurde von zwei deutschen Architekten Otto Ritter und Helmut Conu im Neorenaissance-Stil entworfen.
Das ist zumindest das, was dir die Reiseführer sagen.
Das Gebäude befindet sich am Ende der Bahnsteige mit einem Turm an jeder seiner vorderen Ecken auf der Suche nach der ganzen Welt, wie ein provinzielles deutsches Rathaus.
Der Stein ist dreckig.
Das ganze Gebäude ist leicht verfallend.
Aber einmal innerhalb des Gewölbe-Ticket-Büros, gibt es keinen Zweifel an der Größe des Unternehmens, von dem dies das westlichste Tor war.
Der Bahnhof wurde im August 1908 von einem deutschen Konsortium, der Anatolia-Baghdad Corporation, eröffnet.
Deutschland, ein Nachzügler des kaiserlichen Spiels, wollte seine Ambitionen verwirklichen, den Nahen Osten zu dominieren, indem diese Eisenbahn nach Damaskus, Baghdad und darüber hinaus in das heutige Saudi-Arabien läuft.
Aber die imperialen Ambitionen Deutschlands sind während des Ersten Weltkriegs gescheitert.
Seine Eisenbahngleise wurden von Lawrence von Arabien und seinen arabischen Irregulären angegriffen.
Die relative Isolation von ihrer umliegenden Region, die durch die gefrorenen Grenzen des Kalten Krieges hervorgerufen wurde, ist verschwunden
Britische und Herrschaftskräfte rückten aus Ägypten vor und drängten die Türken und ihre deutschen Verbündeten aus Palästina und Syrien.
Und es gab auch schlechte Nachrichten für den Hyderpash-Sender.
Im Jahr 1917 explodierte ein Munitionszug und zerstörte sein ausgeklügeltes Dach.
Türkische Quellen sagen, es war Sabotage.
Seitdem ist es langsam weggeformt, weitgehend von der Geschichte umgangen.
Aber heute dient dieses Eisenbahn-Tor nach Anatolien und allen Punkten nach Osten - zumindest symbolisch - dazu, den sich erweiternden diplomatischen Horizont der Türkei hervorzuheben.
Die regierende Partei für Gerechtigkeit und Entwicklung - die AKP - hat eine völlig neue Außenpolitik für das Land entwickelt.
Die relative Isolation von ihrer umliegenden Region, die durch die gefrorenen Grenzen des Kalten Krieges hervorgerufen wird, ist verschwunden.
Jetzt gibt es eine neue Politik des Engagements.
Bemerkenswerterweise hat die türkische Regierung gute Beziehungen zu Israel und Syrien, zu den palästinensischen Fraktionen der Hamas und Fatah, zum Irak und zum Iran und natürlich mit der Europäischen Union und den Vereinigten Staaten.
Um die Parameter dieser neuen Außenpolitik abzuschätzen, habe ich den Nachtschläfer in die türkische Hauptstadt Ankara bestiegen, um einen der führenden Außenpolitik-Experten der AKP, den türkischen Parlamentsabgeordneten Suat Kiniklioglu, zu besuchen.
Am nächsten Morgen - etwa zehneinhalb Stunden später - nach einer ruckelnden Fahrt entlang von Gleisen, die die Kadenzen der berühmten Dokumentation The Night Mail hervorbrachten, kam ich in der türkischen Hauptstadt an - als eine neue Stadt für einen neuen säkularen Staat, der der osmanischen Vergangenheit den Rücken kehren wollte.
Aber die AKP mit ihren bekannten islamistischen Wurzeln stellt einen Paradigmenwechsel im türkischen Konsens dar.
Es hat im Westen, vor allem in Washington, einen gewissen Verdacht ausgelöst.
Ein Taxi brachte mich zum Hauptquartier der AKP, einer hochmodernen Stein- und Stahlkonstruktion in einem sich entwickelnden Vorort, umgeben von halb gebauten Einkaufszentren und Power-Patisseries, wo sich mittlere Manager in Geschäftsanzügen - sowohl Männer als auch Frauen - trafen, um frühmorgendliche Deals abzuschließen.
Suat Kiniklioglu könnte ein Mitte-Rechts-Politiker aus fast jeder anderen politischen Partei in Europa gewesen sein.
Anzug, Krawatte, ich bin sicher, er hat sogar einen Blackberry gepackt.
"Das Ziel der Außenpolitik der Partei ist es jetzt, die Türkei wieder in ihre unmittelbare Nachbarschaft einzugliedern.
Der Kalte Krieg war eine Anomalie", sagte er mir.
Die Türkei war von ihrem Hinterland abgeschnitten worden.
Heute musste es gleichzeitig nach Osten und Westen schauen.
Es handelte sich nicht um den einen oder anderen Fall.
Es musste beides tun.
"Aber sicher irgendwann", fragte ich, "die Türkei könnte gezwungen sein, sich zu entscheiden?"
»Die Türkei«, sagte er, »wollte sich dieser Wahl nicht stellen müssen.«
Er betonte dann einen Punkt, an dem fast jeder, mit dem ich hier gesprochen habe, fast verrottet hat: Die Verbindungen der Türkei nicht nur zum Nahen Osten, sondern auch zum Kaukasus und rund um das Schwarze Meer sind ebenso zum Nutzen Europas und der Vereinigten Staaten wie für die Türkei.
Mit der Türkei an Bord scheint die Botschaft zu sein, Europa als Ganzes kann diese Eisenbahnlinien metaphorisch in Richtung Asien und den Nahen Osten fahren.
Zurück am Bahnhof Hydarpasha, nach einer weiteren weitgehend schlaflosen Nacht, dachte ich an diese beiden deutschen Herren Herr Ritter und Herrn Conu, die dieses Gebäude vor 100 Jahren gesehen hatten.
Wie verwundert sie gewesen wären zu finden, dass die Ambitionen im Nahen Osten Europas jetzt zu einem großen Teil in den Händen der Türkei liegen könnten.
Und als ich am Terminal darauf wartete, dass die Fähre mich über den Bosporus zurückbringt, erinnerte ich mich daran, dass die Türkei damals immer "der kranke Mann Europas" genannt worden war.
Dann schien es zumindest keinen großen Zweifel darüber zu geben, welcher Kontinent dieses faszinierende Land beanspruchen sollte.
Erinnerte Leben: Vernon Handley und William Woodruff
Mark Brown schreibt: Als Guildfords musikalischer Leiter von 1962 hatte Vernon "Tod" Handley (Obituary, 11. September) das Guildford Philharmonic Orchestra and Choir angeklagt.
Im Rahmen seines Musikprogramms für den Stadtteil gründete er im nächsten Jahr seinen wunderbaren Jugendchor Proteus.
Es sollte für U-21-Jährige sein, aber als der Proteus 1979 sein Finale sang, waren einige von uns in unseren späten 20ern - wir weigerten uns einfach, den Chor aufzugeben.
Der Name "Proteus" (der mythologische Gestalter) stellte die Bereitschaft des Chores dar, jede Musik anzugehen, die ihm präsentiert wurde, ob Madrigal oder Messiaen, ob unbegleitet oder mit vollem Orchester.
Die musikalische Vielseitigkeit eines solchen Jugendchores war oft erstauernd, immer spannend, und das alles lag an der Inspiration dieses einen Mannes und der Begeisterung für die Musik, die im Laufe der Jahre absolut konstant blieb.
Wie oft wurden wir von Tod aufgefordert, "die Musik für sich sprechen zu lassen".
Er sagte: "Der Komponist weiß, was er will.
Es ist alles da in der Musik.
Singe es also!"
Seine Schlagstöcken-Technik war absolut klar und präzise, wenn auch nie diktatorisch, noch blühend.
Was auch immer der musikalische Standard ist, er hat es immer noch höher erhoben.
John Frayn Turner schreibt:
Wenn diriger hätte zum Ritter geschlagen werden sollen, war es Vernon Handley.
Ich kannte ihn in den zwei Jahrzehnten, in denen er von 1962 bis 1982 das Guildford Philharmonic leitete.
In den letzten 40 Jahren habe ich mehr als 100 seiner Konzerte rezensiert und ich kann ehrlich sagen, dass ich noch nie von einem einzigen enttäuscht wurde - und oft von ihnen inspiriert.
Tod Handley hatte diese seltene Kombination von Größe und persönlicher Bescheidenheit.
Er hasste Dirigenten, die in seinen Worten einfach "ein oder zwei bekannte Kriegspferde auf der ganzen Welt verkauften".
Er wird von so vielen von uns vermisst werden.
Kategorie: William Woodruff
Professor John Beckett schreibt:
In Ihrem Nachruf auf William Woodruff (25. September) heißt es, dass "er 1946 die Wirtschaftsgeschichte in Oxford wiedernahm und 1950 Houblon-Norman Research Stipendiat wurde ... während er gleichzeitig für einen BSc, einen MA und einen PhD studierte".
Dies ergibt sich aus Woodruffs Autorennotiz in Beyond Nab End, aber es ist nicht korrekt.
Von 1946 bis 1953 war er Dozent für Wirtschaftsgeschichte an der University of Nottingham, während dieser Zeit absolvierte er eine Doktorarbeit über die britische Kautschukindustrie, die von Professor J. D. Chambers betrogen wurde und anschließend 1958 als The British Rubber Industry veröffentlicht wurde.
Er verbrachte 1950-51 in den USA mit einem Houblon-Norman-Stipendium und im Sommer 1952 an den Universitäten von Illinois, Harvard und New York.
1953 verließ er Nottingham dauerhaft nach Illinois.
Warum Woodruff sich entschieden hat, diesen Teil seiner Karriere zu beschönigen, ist unbekannt.
J. Vincent Resino an der Fakultät für Philologie
"Ich empfehle die Ausstellung von José Vicente Resino "Flamenco y vida", weil seine Schwarz-Weiß-Fotografien, die im dokumentarischen Stil aufgenommen wurden, außergewöhnlich sind.
Die Fotos erregten meine Aufmerksamkeit aufgrund ihrer Einfachheit und Kraft, die übertragen werden, wobei die Motive immer mit besonderer Aufmerksamkeit behandelt wurden.
Eine Ausstellung, die ein tiefes Gespür vollzüngt.
Resino ist in der Lage, magische Momente einzufangen."
Zweiter Angriff für Hondas Super-Verkauf
Nächsten November wird Honda die Vermarktung der zweiten Jazz-Modellgenerierung starten.
Wenn das Vorgängermodell bereits durch eine hohe Bewohnbarkeit gekennzeichnet war, hat dieser neue Minivan einen inneren, breiteren Raum.
Darüber hinaus ist es mit einer Feinmechanik ausgestattet, die den Fahrkomfort erhöht und Kraftstoff sparen lässt.
Die Evolution statt der Revolution.
Es handelt sich um die zweite Generation von Honda Jazz.
Während der neue Jazz ästhetisch wie das Vorgängermodell aussieht, sind die Veränderungen, die im Minivan gebracht wurden, zahlreich.
Es lohnt sich unter anderem, auf sein innovatives Design, seine neue Plattform, seine größere Größe und seine ziemlich neue Mechanik hinzuweisen.
Wie auch immer, bevor er das neue Modell analysiert, könnte es nützlich sein, darauf hinzuweisen, dass dieser neue Jazz nur sechs Jahre nach dem Einstieg der ersten Generation kommt.
Daher sollte eine erste Beobachtung bedenken, dass Honda dieses Modell schneller erneuert hat als die anderen Unternehmen in der Regel.
Selbst wenn das Jazz-Modell in Europa weniger bekannt ist als in anderen Märkten, bleibt es ein Umsatzphänomen.
Dies ist der Fall von Japan, wo Jazz im Jahr 2002 das meistverkaufte Auto war und auch in diesem Jahr 2008.
Nur dort wurden fast eine Million Einheiten Jazz von der Markteinführung des Modells verkauft.
Der zweite Markt war der Old Continent mit etwa einer halben Million verkauften Einheiten in sechs Jahren.
Trotz dieser Zahlen glaubt Honda, dass dieser neue Jazz den Umsatz im Segment noch weiter steigern wird.
Also, wenn im Jahr 2007 das japanische Unternehmen insgesamt 83.000 Einheiten dieses Modells verkauft hat, schätzt es im Jahr 2009, dass es rund 100.000 Autos sein werden. Dies sieht einen möglichen Umsatzanstieg von 17% nur auf dem europäischen Markt voraus.
In Bezug auf den spanischen Markt hat Honda seit 2002 insgesamt 8.000 Einheiten Jazz verkauft, was 6,7% des Gesamtumsatzes für das Unternehmen in Spanien entspricht.
Da die neue Generation kommt, erwartet der Verantwortliche für das Unternehmen in Spanien, innerhalb eines Jahres rund 2.000 Einheiten Jazz zu verkaufen.
Die Ankunft des neuen Honda Jazz wird dies wahrscheinlich ermöglichen, indem die Umsatzabsenkung in Spanien weitgehend reduziert wird.
In der Tat erwarten die Verantwortlichen für die Marke bis zum Jahresende mit insgesamt 22.000 verkauften Einheiten, das sind 4.000 Einheiten weniger als im Jahr 2007, mit einem Rückgang von 16%.
Trotz des Umsatzanstiegs hat Honda auch seinen Marktanteil in Spanien erhöht und im Vergleich zum letzten Jahr 1,6% die 1,8% erreicht.
Gleichzeitig rechnet das japanische Unternehmen für 2010 mit den 2%.
Um dies zu erreichen, ist Honda auf ein weiteres neues Modell.
Dies ist Insight, ein Hybrid-Fünf-Türer-Kompaktwagen mit einer Länge von 4,37 Metern. Das japanische Unternehmen hofft, innerhalb eines Jahres etwa 200.000 Einheiten dieses Modells weltweit zu verkaufen.
Nach Schätzungen der Märkte und japanischer Hersteller werden die 50% des Umsatzes von Insight aus den Vereinigten Staaten stammen, während die restlichen 50% sowohl vom alten Kontinent als auch aus Japan stammen werden.
Der kommerzielle Start von Insight ist für Anfang nächsten Jahres geplant, kurz nach der Präsentation des Modells innerhalb des Unternehmens im Januar in Valenza.
Im Vergleich zur ersten Generation ist der neue Jazz in seiner Gesamtheit gewachsen.
Es erreicht jetzt 3,90 Meter Länge (fünf Zentimeter mehr), 1,69 Meter Breite (zwei Zentimeter mehr) und seine Interaxle 2,50 Meter, mit einem Zuwachs von fünf Zentimeter.
Seine 1,52-Meter-Höhe blieb jedoch unverändert.
Zusammen mit der Größe vergrößerte sich ihr bewohnbares Interieur im Raum.
Dieser Vorteil resultiert vor allem aus der neuen Plattform und zweitens aus der Einführung des Kraftstofftanks an einem zentralen Ort, eine Lösung, die bereits im vorangegangenen Jazz übernommen wurde.
Darüber hinaus steigt das Fassungsvermögen des Kofferraums - ein doppeltes Bodenvolumen - auf 399 Liter, was einer größeren Kapazität von 19 Litern gegenüber der ersten Generation entspricht.
Zu beachten ist, dass dies die Maßnahmen des Honda Jazz 1.4 sind, während die Kapazität des Kofferraums im Modell 1.2 nur 379 Liter beträgt.
Andere Verbesserungen - zusätzlich zu externen Elementen, wie die hintere LED oder die Möglichkeit, das Panoramaglas zu montieren - betreffen den verbesserten Zugang zu Rücksitzen.
Türen, die den Zugang zu Rücksitzen ermöglichen, öffnen sich jetzt mit einem Winkel von 80 Grad, verglichen mit 67 Grad im ersten Modell.
Darüber hinaus sind alle Motoren in dieser zweiten Autogeneration ziemlich neu.
Zum Zeitpunkt der Vermarktung kommt dieses kleine Modell mit Benzinmotoren von 1,2 oder 1,4 Litern.
Beide mechanischen Systeme werden die i-VTEC-Technologie enthalten, die einen geringeren Kraftstoffverbrauch ermöglicht, weniger Kohlendioxidemissionen verursacht, die mechanischen Raffinessen optimiert und gleichzeitig einen Motor mit hohem Drehmoment in allen Phasen hält.
Die 1,2-Liter-Version erreicht eine Leistung von 90 PS bei 6000 U/min mit einem maximalen Drehmoment von 114 Nm bei 4900 U/min.
Der Vortrieb - der im vorherigen Jazz die 78 PS erreichte - benötigt nur 5,3 Liter Kraftstoff und produziert rund 125 Gramm CO2-Emissionsäquivalent.
Im Vergleich zum bisherigen Vortrieb, der im Modell der ersten Generation 83 PS einsetzte, kann der Neuling 100 PS nutzen.
Der 1.4-Jazz mit 100 PS erreicht eine Kombination aus 5,4 Litern Kraftstoff und 128 Gramm CO2-Emissionen.
Ein "Bienenauto", um Kollisionen zu vermeiden
Bei der Weiterentwicklung der Technologien zur Unfallverhinderung wurde Nissan diesmal von der Natur und insbesondere von Bienen inspiriert.
Das japanische Unternehmen hat einen Roboter geschaffen, der den Bienenflug nachahmt und Unfälle vermeiden kann.
Dies ist der Bio-Mimetic Car Robot Drive oder BR23C, der erste Schritt zu Projekttechnologien zur Vermeidung von Kollisionen.
Die Ingenieure des Advanced Technical Centre of Nissan Motor Co. haben diesen kleinen Roboter in Zusammenarbeit mit dem Zentrum für wissenschaftliche Forschung und Technologie der renommierten Universität Tokio in Japan entwickelt.
Laut Kazuhiro Doi, Generaldirektor für Öffentlichkeitsarbeit für Technologie, Forschung und Entwicklung des Markenmanagements, ist der BR23C eine Erweiterung des Sicherheitsschildes der vier von Nissan produzierten Bereiche.
Dieser Roboter soll die Fähigkeit verbessern, Kollisionen in den vom Unternehmen hergestellten Fahrzeugen zu verhindern.
Während des Fluges schafft jede Biene ihren eigenen ovalen persönlichen Raum, der dem von Nissan entwickelten Sicherheitsschild sehr ähnelt.
Aber das wichtigste Element besteht aus den zusammengesetzten Augen der Biene, die in alle Richtungen mit einem zusätzlichen 300-Grad-Winkel sehen können, so dass das Insekt ohne Unterbrechung in seinem persönlichen Raum fliegen kann.
Um diese visuellen Funktionen nachzubilden, entwickelten die Ingenieure das, was sie einen Laser-Locator (Laser Range Finder) definierten.
Dieser Mechanismus detektiert Hindernisse innerhalb von 2 Metern und einen Radius von bis zu 180 Grad vor dem BR23C, berechnet den Abstand zum Objekt und sendet ein Signal an den Mikroprozessor an Bord, das eine sofortige Verhinderung der Kollision ermöglicht.
"Wenn ein Hindernis erkannt wird, imitiert der kleine Roboter die Bewegungen der Biene und ändert sofort die Richtung, indem er die Räder in einem rechten oder breiteren Winkel dreht, um die Kollision zu vermeiden.
Der offensichtlichste Unterschied zu jedem bestehenden System ist seine ausweichende Handlung, die sich als völlig instinktiv ergibt.
"Wenn dies nicht der Fall wäre, wäre der Roboter nicht in der Lage, schnell genug zu reagieren, um Hindernisse zu vermeiden", erklärt Toshiyuki Andoh, Direktor des Labors für Mobilität und Chefingenieur dieses Projekts.
Im Gegensatz zu einer Biene kann der Roboter nicht nach oben oder unten oder sogar diagonal abweichen. Er kann sich nur in zwei Dimensionen bewegen und in die Richtung, in die sich seine Räder drehen können. Offensichtlich kann er keine unendlichen Richtungen und Wege wie Bienen ausführen.
Aus diesem Grund hat Nissan zusätzlich zu den Beschleunigungs- und Verzögerungsfunktionen eine Rotationsfunktion verwendet, damit der kleine Roboter Kollisionen vermeiden kann.
"Dieses Gerät muss nur alle paar Sekunden neue Informationen verarbeiten und aus diesen Daten handeln.
Es ist nicht erforderlich, Informationen zu speichern oder die intuitive Logik früherer Manöver zu verwenden. Aus diesem Grund kann es ohne Unterbrechung gehen, die nur durch ein paar Dutzend KB Arbeitsspeicher geliefert wird.
Das mag überraschen, aber wir sprechen nicht von Gigabytes oder Mega des Speichers."
Dies ist der erste Schritt zur Entwicklung neuer Technologien zur Vermeidung von Kollisionen, eine Technologie, von der Nissan hofft, dass sie innerhalb von zehn Jahren serienmäßig in Autos eingeführt wird.
Der Roboter verwendet Lithium-Polymer-Batterien, die leichter und langlebiger sind als die Lithium-Ionen-Typologie.
Eine zusätzliche Anwendung in einer möglichen Zukunft könnte die Integration dieser Technologie mit dem GPS-Satellitennavigator sein, um den Fahrer an ein bestimmtes Ziel zu bringen und Hindernisse entlang des Weges zu vermeiden.
Erschaudern, bevor ein Darlehen beantragt wird
Wir müssen anerkennen, dass das Finanzministerium der Vereinigten Staaten, das ziemlich gute Hauptstädte zum Handeln besitzt, sicherlich nicht an Talenten fehlt.
Um zu verhindern, dass die Amerikaner von Banken im Zweifel der Insolvenz betrogen werden müssen, sorgte für ein lustiges und pädagogisches Spiel für Internetnutzer. Dies ist "Bad Credit Hotel".
Mit anderen Worten, das "Hotel der schlechten Credits"... oder der Probleme.
Der düstere Aspekt dieses Hotels und insbesondere seiner Rezeptionierung zielt darauf ab, die Menschen dazu zu bringen, nicht nur einmal, sondern sogar zweimal oder sogar dreimal nachzudenken, bevor sie einen Kredit beantragen.
Und vor allem, ziemlich genau darüber nachzudenken, wo sie sich bewirbt. Dies ist wahrscheinlich das primäre Ziel des Spiels.
Sicherlich bietet dieses System mehrere nützliche Informationen, bietet aber eher wenige Details.
Es ist viel mehr eine Webseite für Jugendliche als eine Website für die breite Öffentlichkeit.
Was passiert, wenn Sie das Spiel abschließen?
Nun, ein Traumzimmer erscheint im Inneren des Hotels.
Es ist immer noch etwas, denn wenn es darum geht, ein Haus zu kaufen, ist es besser, es zu verlassen
Morgan Stanley eröffnet seine Hauptstadt für MUFG
Morgan Stanley hat seinen Beitritt zur Tischrunde der Mitsubishi UFJ Financial Group (MUFG) angekündigt, der ersten Bank Japans, die neun Milliarden Dollar ausgeben wird, um 21% ihres Kapitals zu erhalten, Neuigkeiten, die durch einen starken Rückgang der Aktienkurse eingegangen sind.
Eine Woche nach einer vorläufigen Vereinbarung haben die beiden Banken erklärt, dass MUFG 9,9% der Morgan Stanley-Aktien zu einem Preis von 25,25 Dollar in Höhe von insgesamt drei Milliarden Dollar kaufen würde.
Der Verkaufspreis liegt am 31. August unter 19% des Wertes der Wertpapiere.
MUFG wird zusätzliche sechs Milliarden Dollar in den Erwerb von Convertible-Titeln investieren, die eine gesicherte Rendite von 10% und mit einem Wandlungspreis von 31,25 Dollar bieten.
Morgan Stanley bestätigte, dass der Gesamtbetrieb auf einem durchschnittlichen Einzelpreis von 29 Dollar oder 28% über seinem aktuellen Preis basieren würde.
Die Morgan Stanley-Aktie verlor jedoch 6,79% auf 23,07 Dollar gegen 17:00 Uhr GMT.
"Diese strategische Allianz ist eine wichtige Gelegenheit, den Übergang von Morgan Stanley in den Status einer Holdingbank zu beschleunigen", sagte John Mack, der CEO des amerikanischen Konzerns.
Morgan Stanley hat diesen neuen Status letzte Woche angenommen, der es ihm ermöglichen sollte, seine Aktivitäten zu diversifizieren, aber es muss durch die Autorität der Federal Reserve gehen.
Seine Allianz mit MUFG bestätigt auch, dass die aktuelle Finanzkrise die größten Namen an der Wall Street gezwungen hat, eine viel vorsichtigere Einstellung als zuvor einzunehmen.
Die am Montag vorgestellten Modalitäten zeigen, dass die Vereinbarung in den letzten Tagen geändert wurde: Am vergangenen Montag hatte Morgan gerade angekündigt, bis zu 20% seiner Aktien für etwa $ 8,5 Milliarden an die Japaner zu verkaufen.
"Vor einer Woche erklärte Toshihide Mizuno, Exekutivdirektorin von MUFG in Tokio", dachten wir, dass die Beteiligung vollständig aus Stammaktien bestehen würde.
Aber angesichts des aktuellen Zustands der Wirtschaft und des Marktes hofften wir, die Risiken zu minimieren und unseren Rücken zu schützen."
Basierend auf dem gewichteten Durchschnittspreis wird MUFG für seine Morgan-Stanley-Wertpapiere 7% unter ihrem Buchwert zahlen.
Und die Transaktion wird zu einer Verwässerung von rund 20% Gewinn pro Aktie führen.
Die Vereinbarung sieht voraus, dass MUFG jährlich die Hälfte seiner Vorzugspapiere in Stammaktien umwandeln kann, wenn diese mehr als 50% über dem Umwandlungspreis gehandelt werden, etwa 47 $ für einen bestimmten Zeitraum.
Morgan Stanley versichert, dass das von MUFG bereitgestellte Kapital es ihm ermöglichen wird, Investitionsmöglichkeiten zu nutzen, seine Bilanz zu stärken und seine Liquidität zu erhöhen.
Ein Sprecher der Gruppe weigerte sich jedoch, Einzelheiten über die strategischen Projekte der beiden neuen Verbündeten zu nennen.
Nach der Investition von MUFG prognostiziert Morgan Stanley eine Kapitalquote Tier One von etwa 15%, einer der besten der Branche.
Morgan soll seine Bilanz seit Ende August "signifikant reduziert" haben.
In den letzten Wochen war es schwierig für die Gruppe, in denen die Hälfte ihres Aktienkurses schmolz, während die Versicherungskosten gegen das Ausfallrisiko ihrer Schulden stiegen.
Diese Kosten wurden am Montag gesenkt, blieben aber mit rund 12% auf einem neuen hohen Niveau.
Vergangene Woche gab Goldman Sachs, die einzige andere überlebende große Investmentbank an der Wall Street nach dem Bankrott von Bear Stearns und Lehman Brothers und Merrill Lynch-Akquisition, bekannt, dass sie $ 15 Milliarden gesammelt hatte, teilweise von Berkshire Hathaway, der Gruppe von Warren Buffett.
Rafael Correa am Montag in Quito.
Wiederaufbau rund um die Republik des Sozialismus des einundzwanzigsten Jahrhunderts.
Dies ist das Gemeinschaftsprojekt des venezolanischen Hugo Chávez, Evo Morales aus Bolivien und des ecuadorianischen Rafael Correa.
An diesem Sonntag, wie seine Kollegen und Freunde, ist es der dritte, der einen Entwurf für eine neue Verfassung zur Abstimmung stellt.
Mission erfüllt, seit 64% der Wähler zum Referendum mit "Ja" gestimmt haben, so die offiziellen Ergebnisse, die auf 80% der Stimmen basieren.
Basierend auf diesen Ergebnissen erhielt das "Nein" 28%, 7% der Stimmen waren ungültig und 0,7% waren leere Stimmen.
Damit der Verfassungsentwurf angenommen werden kann, sollte er die Hälfte der Stimmen plus eins erhalten.
Am Sonntag hatten zwei Umfragen, die außerhalb der Wahllokale durchgeführt wurden, und eine Nichtregierungsorganisation einen großen Sieg für das "Ja" der Spanne zwischen 63% und 70% angekündigt.
Rafael Correa hatte in der Nacht von Sonntag bis Montag den Sieg seines Verfassungsentwurfs gefordert.
Die "Verfassung hat so überwältigend triumphiert", versicherte er und lobte die Ecuadorianer im Regierungshauptquartier in Guayaquil, 280 km südwestlich von Quito.
Rafael Correa wurde natürlich von Chávez und Morales, aber auch von seiner chilenischen Amtskollegin Michelle Bachelet beglückwünscht.
Die Umfrage, die friedlich unter der Kontrolle der Organisation Amerikanischer Staaten (OAS) durchgeführt wurde, behandelte in ihrem Text 444-Punkte, die den "neuen Sozialismus" konsolidieren, der vom Präsidenten befürwortet wird.
Der Verfassungsentwurf verankert die Macht des Staates über die Wirtschaft, indem er ihm die "Entwicklungsplanung" eines Landes reserviert, das hauptsächlich aus der Gewinnung von Öl durch ausländische Unternehmen und dem ausländischen Geld lebt, das sie ihren Emigranten schicken.
Beflügelt von Correa, das 2006 gewählt wurde, bietet das Projekt dem Staatsoberhaupt auch größere Befugnisse, die bis zu zwei aufeinanderfolgende Amtszeiten von vier Jahren tragen können und in der Lage sein werden, die Versammlung aufzulösen.
Correa hat bereits angekündigt, dass er diese Befugnis nutzen wird, um im Februar 2009 ein neues Mandat anzustreben.
Die Verfassung konsolidiert auch das Prinzip der freien Gesundheitsdienste und Bildung, das der Präsident in diesem Land mit 13,9 Millionen Einwohnern zu etablieren begonnen hat, wo 50% der Bevölkerung unterhalb der Armutsgrenze leben.
Es sieht auch das Verbot des Vorhandenseins ausländischer Truppen voraus, die das Abkommen zwischen Quito und Washington für die Nutzung Ecuadors als Startstützpunkt für US-Antidrug-Operationen beenden werden.
Die 19 Geiseln wurden im Tschad freigelassen
Eine ägyptische Kommandokommandate startete einen Angriff gegen die Entführer der elf Touristen und ihrer acht Eskorten, die vor zehn Tagen gefangen genommen wurden.
Sie befinden sich in Kairo.
Die elf europäischen Touristen und ihre acht ägyptischen Eskorten, die für zehn Tage in der Wüste gefangen gehalten wurden, wurden am Montagnachmittag unversehrt in die ägyptische Hauptstadt zurückgebracht.
Am Morgen wurden sie von einem ägyptischen Kommando im Tschad freigelassen.
Anscheinend fit, kamen die Geiseln etwa 1530 Stunden an Bord eines Spezialflugzeugs auf der Militärbasis von al-Maza, das am internationalen Flughafen von Kairo befestigt war.
Sie wurden sofort verlegt, ohne mit der Presse sprechen zu können, per Hubschrauber zum Krankenhaus in Maadi, einem Wohnvorort von Kairo, um sich einer Untersuchung zu unterziehen.
Sie seien bei "guter Gesundheit" und "es wurde kein Lösegeld an die Entführer gezahlt", erklärte der ägyptische Tourismusminister Zoheir Garanna auf dem Rollfeld.
Am 19. September während einer Safari in einem 4x4 am Fuße des Berges Ouanat an den Grenzen zu Ägypten, Sudan und Libyen gefangen, war diese Gruppe von Geiseln von 35 unbekannten Entführern von einem Versteck zum anderen geworfen worden.
Es umfasst 11 Touristen - fünf Italiener, fünf Deutsche und einen Rumänen - und auch acht Ägypter: zwei Führer, vier Fahrer, ein Grenzwächter und der Direktor der Agentur Ägyptisch, Organisator der Safari.
Ein ägyptischer Sicherheitsbeamter sagte, dass 30 Mitglieder der Spezialeinheiten, die an Bord von zwei Hubschraubern getragen wurden, den Angriff in der Nacht kurz vor Sonnenaufgang gestartet hatten.
"Es kam zu einem Feueraustausch, und die Hälfte der Entführer wurden getötet, die andere Hälfte floh", sagte der Beamte, der die Anonymität beantragte.
Er sagte, dass 150 Mitglieder der ägyptischen Spezialeinheiten "Rapid-Reassing" -Einheit in den Sudan als Ganzes geschickt wurden, wo sie Unterstützung von deutschen und italienischen Kommandos erhielten.
Der Leiter des italienischen diplomatischen Korps Franco Frattini in Belgrad, wo er sich derzeit befindet, erwähnte die Rolle italienischer Geheimagenten und Elemente der Spezialeinheiten.
"Wir müssen erkennen, dass wir dieses Ergebnis durch die Professionalität und Wirksamkeit unserer Männer von den Geheimdiensten, von den Spezialkräften erreicht haben", sagte er ohne weitere Details.
Er bestritt auch, ein Lösegeld gezahlt zu haben.
Am Tag zuvor hatte die sudanesische Armee behauptet, ein 4x4-Patrouillenfahrzeug an Bord abgefangen zu haben, von denen sich die Entführer befanden, wobei sechs, darunter der tschadische Leiter, getötet und zwei verhaftet wurden.
Die Armee behauptete, dass sie mit einer Rebellengruppe in Darfur, der sudanesischen Befreiungs-Unität (SLA-U), in Verbindung gebracht wurden, was diese Bewegung sofort bestritten hat.
Briefe - Die schweigende Mehrheit der Kultur
Eine Debatte über die Finanzierung der Kultur sorgte für Schlagzeilen und hat diesen Wahlkampf erfasst.
Gut.
Aber ein Bereich unseres kulturellen Lebens bleibt immer vergessen.
Wer wird das Elend anprangern, das kleinen Museen, Archiven, archäologischen oder nationalen historischen Stätten gewährt wird, die nach Finanzmitteln hungern?
Welcher Politiker wagt es, die Bundesregierung daran zu erinnern, dass sie ihre Denkmäler und historischen Gebäude vernachlässigt?
In Québec, in Kanada haben wir keine wirklichen Gesetze, die unser Erbe effektiv bewahren?
Wussten Sie, dass die französische Regierung dreieinhalb Millionen Euro nur für die Restaurierung der Burg von Chinon im Loire-Tal verwendet?
Unsere amerikanischen Nachbarn haben in der Verfassung ihres Landes geschrieben, dass der Denkmalschutz Teil der amerikanischen Kultur ist und dass ein solches Erbe von allen Bürgern geschützt werden muss, von allen gewählten und allen Regierungsabteilungen und dies in Zusammenarbeit.
In Québec, der Federation of Societies of Québec-Geschicht, beschäftigen sich mindestens 40 000 Freiwillige, die in 211 Agenturen für Geschichte, Erbe, Archive und Genealogie gruppiert wurden, mit der Erforschung der Geschichte, der Konservierung, nur weniger Mittel, Stapel von privaten Archiven und der Erhaltung archäologischer Überreste.
Sie sind oft die Wachhunde unseres Erbes, die mit der Energie der Verzweiflung protestieren, wenn Entwickler und Konstrukteure ihre Bulldozer gegen unsere alten Gebäude und unsere vergessenen Friedhöfe abfeuern.
Wann gibt es ein Forum für Geschichte und Erbe?
Fortis-Bank von Benelux-Regierungen teilweise verstaatlicht
Benelux-Staaten helfen Fortis, der belgisch-niederländischen Bank - die aufgrund der Folgewirkung der amerikanischen Kreditkrise das erste europäische Finanzinstitut in Schwierigkeiten ist - durch einen teilweisen staatlichen Buyout. Die drei Länder haben zugestimmt, EUR 11,2 Mrd
Ende dieser Woche konsultierten die belgische, die luxemburgische und die niederländischen Regierungen zu diesem Thema auf höchster Ebene, an dem der Präsident der Europäischen Zentralbank und der Wettbewerbskommissar der Europäischen Kommission teilnahmen.
Innerhalb der Euro-Zone ist Fortis die erste Bank, die von der internationalen Finanzkrise betroffen ist, die in den letzten 12 Monaten in Wellen bevorsteht. Daher können die getroffenen Entscheidungen aus einem bestimmten Gesichtspunkt als Präzedenzfall angesehen werden.
Im Rahmen der am Sonntagabend getroffenen Entscheidung wird jede Regierung einen Anteil von 49 Prozent an Fortis-Banken in ihren jeweiligen Ländern übernehmen.
Die Bank wird sicherlich einen Teil ihrer Anteile verkaufen, insbesondere die Versicherungsaktivitäten, die sie im vergangenen Jahr von der niederländischen ABN Amro gekauft hat.
Die Fortis-Aktie begann in der vergangenen Woche tief zu sinken, im zweiten Teil der Woche tauchten Anzeichen für eine ernste Krise beim Unternehmen auf.
Analysten sind sich einig, dass die Bank - mit ihren 85 000 Mitarbeitern - zu groß ist, um bankrott gehen zu dürfen.
Die Aktien der Bank fielen am Freitag um 12%, was der rekordverdächtige niedrigste Stand seit 14 Jahren ist.
Der Wert der Aktien ist seit Januar um zwei Drittel gesunken.
Unter Berücksichtigung der aktuellen Aktienkurse beträgt der gesamte Marktkapitalwert des Konzerns rund EUR 14 Milliarden. Unternehmensdirektoren sagen jedoch, dass dies die Realität nicht widerspiegelt.
Das Management macht die Unsicherheiten in Übersee - die mit der Annahme des amerikanischen Pakets von USD 700 Milliarden verbunden sind - für den Rückgang der Fortis-Aktien verantwortlich.
Die Aktien verzeichneten am Montag einen leichten Anstieg.
Filip Dierckx wurde am Freitag zum neuen Vorstandsvorsitzenden der Bank ernannt.
Das Finanzinstitut suchte auch Privatkäufer, aber es wurde bisher kein substanzielles Angebot unterbreitet.
Die belgische Regierung erklärte zuvor, dass die Investoren keinen Grund zur Sorge hätten, sie würden ihr Geld nicht verlieren.
Bei den Kunden der Bank ist bisher keine Panik aufgetaucht; es hat kein Bankrausch stattgefunden.
Fortis hat ein eigenes Bankgeschäft in Ungarn und hat auch Leasinggesellschaften aufgekauft.
Fosch Im Henhouse
Die amerikanischen Lebens- und Krankenversicherungsunternehmen weigern sich oft, Versicherungen an einige Bürger zu verkaufen, aufgrund ihrer Daten zum Drogenkauf.
Datenschutzexperten befürchten, dass der Datenmarkt unkontrollierbar wird.
"Es gibt ein Datenschutzprogramm, das die Erlaubnis des Betroffenen benötigt, um die verschreibungspflichtigen Arzneimitteldaten zu verwenden.
Es sollte unabhängig sein, andernfalls wird der Fuchs das Hennenhaus bewachen", zitiert die Washington Post Richard Dick, Entwickler des Programms, das für die Verfolgung von Arzneimittelverschreibungen anwendbar ist.
Die Versicherungsgesellschaften entscheiden über die Versicherungsgebühr und den zu zahlenden Schadensbetrag in Abhängigkeit vom gesundheitlichen Zustand des geltenden Kunden, und wenn sie es für zu riskant halten, bieten sie keine Versicherung an.
Früher wurden die anfallenden Kunden zur Durchführung einer ärztlichen Untersuchung gesendet, und der Vertrag wurde nur angesichts der Screening-Ergebnisse geschlossen.
Dick hat vor zehn Jahren eine viel günstigere Methode entwickelt: Anhand der Kundenidentifikationsnummer lässt sich die vom Kunden in den letzten 18 Monaten gekaufte Art von Medikamenten leicht erkennen, so dass das Programm die Konsequenzen für die Krankheiten, unter denen der Antragsteller leidet, sowie deren gesundheitlichen Zustand selbst ziehen kann.
Zum Beispiel bezieht sich der Fall des regelmäßigen Kaufs großer Dosen cholesterierender Medikamente praktisch auf die Tatsache, dass der Kunde einen unbehandelbar hohen Blutfettspiegel hat, wodurch diese Person sofort einer höheren Risikokategorie unterzogen würde.
Das Programm hat verschiedene Versionen im Handel, von denen einige sogar den Risikofaktor definieren, daher hat die Versicherungsgesellschaft nichts anderes zu tun als den Papierkram, obwohl kleinere Schwierigkeiten auftreten.
Einer der Nachteile ist die Tatsache, dass einige Medikamente für mehrere Zwecke verwendet werden können, z. B. einige medizinische Formeln zur Behandlung von Migräne, Hitzewellen oder sogar Depressionen.
Letzteres ist ein signifikanter risikulierender Faktor aus Sicht der Geschäftsversicherer, während die anderen beiden dies nicht sind.
Es gibt bestimmte Unternehmen, die sich mit der Beschaffung und Verarbeitung von Daten befassen, und sie bitten den Patienten um Erlaubnis, bevor sie die notwendigen Informationen von den Apotheken erhalten.
Sie sind bereits verpflichtet, dies zu tun, obwohl ihre vorherigen Misserfolge nicht bestraft wurden.
Einige Unternehmen verarbeiten sogar die Ergebnisse von Laboruntersuchungen und verbinden diese mit Arzneimittelkonsumdaten. Auf diese Weise können sie genauere Informationen über den Gesundheitszustand der Patienten liefern.
Immer mehr Unternehmen erhalten Zugang zu den Daten, und parallel dazu wird die Kontrolle ihrer Nutzung immer schwieriger.
Es gibt ein spezifisches Gesetz über den Datenschutz im Gesundheitswesen, aber sein Geltungsbereich umfasst nur Gesundheitsdienstleister und Versicherungen.
Der Gesetzentwurf zur Bereitstellung von Inspektionsbefugnissen für die Behörden über Unternehmen, die sich mit der Datenbereitstellung befassen, wurde dem Kongress vorgelegt.
Dick Richard erkennt, dass es nicht genug ist: Deshalb hat er sein Programm weiterentwickelt, das jetzt den Datentransfer einschränken würde, um die ausdrückliche Zustimmung des Betroffenen zu verlangen.
Es ist jedoch eine andere Frage, dass der Antragsteller die Zustimmung nicht wirklich verweigern kann, andernfalls werden die Versicherungsgesellschaften keinen Vertrag mit ihnen abschließen.
Also werden Hühner bis zu einem gewissen Grad weiterhin vom Wohlwollen des Fuchses abhängen.
Globales Marseille-Menü
Die Europäische Union und Indien verdoppeln den Handel
Da die Europäische Union und Indien führende Handelspartner untereinander sind, wurde die Agenda des neunten Gipfeltreffens zusätzlich zu anderen, vor allem globalen Problemen auch von diesem Thema dominiert.
Heute wird auch ein Gipfeltreffen zwischen Frankreich und Indien stattfinden, insbesondere über die Zusammenarbeit in der Atomkraft.
Obwohl die Europäische Union anerkennt, dass Indien eine aufstrebende demokratische Weltmacht ist, die in internationalen Angelegenheiten mehr Mitspracherecht erhalten sollte, waren die Mitgliedsstaaten noch nicht in der Lage, eine Einigung zu erzielen, ob sie die ständige Mitgliedschaft in Neu-Delhi im UN-Sicherheitsrat unterstützen sollten oder nicht.
Daher wurde diese Angelegenheit während des neunten Gipfels, der gestern in Marseille organisiert wurde, nicht erzwungen.
Der französische Präsident Nicolas Sarkozy als rotierender Präsident der Union, Ausschusspräsident José Manuel Barroso und Außenpolitik-Chef Javier Solana begrüßten den indischen Ministerpräsidenten Manmohan Singh und stimmten einer Verdoppelung, d.h. Erhöhung auf mehr als 100 Milliarden Euro, den Handelsfluss innerhalb von 5 Jahren.
Seit dem Warenaustausch, der zwischen 2000 und 2007 von 25 Milliarden auf 55 Mrd. gestiegen ist, ist dies kein übermäßig ehrgeiziges Ziel.
Dementsprechend wurden 26 bestehende bilaterale Zivilluftfahrtkonventionen mit Indien rechtlich harmonisiert, was bedeutet, dass der Flugverkehr in Zukunft flügeln kann.
Indien will das Freihandelsabkommen mit der Union bis Ende 2009 unterzeichnen.
Sarkozy versprach, die Harmonisierung zu beschleunigen.
Das Ziel ist es, das Gleichgewicht zu finden, während Indien die Nummer eins Handelspartner der EU ist, während Neu-Delhi nur den neunten Platz auf der Liste der EU-Partner hat.
Der Gipfel konzentrierte sich auf globale Fragen:
In Bezug auf die Situation in Afghanistan und Pakistan sowie über den Terrorismus. Letzterer wurde in jeder Form von beiden Parteien verurteilt, und die Einberufung der UN-Konfektion wurde gedrängt.
Der Abschluss der Dohá-Runde wurde ebenfalls beschleunigt, obwohl beide Parteien bisher für das Fiasko verantwortlich sind.
Die EU hat bestätigt, ihr Energie- und Klimaprogramm beizubehalten, um die Absicht zu haben, die Emissionen von Luftschadstoffen bis 2020 um mindestens 20 Prozent zu senken.
Indien einigte sich darauf sowie mit dem Ziel, auf der Klimakonferenz, die im nächsten Jahr fällig ist, eine globale Einigung zu erzielen und die Treibhausgasemissionen bis 2050 um 50 Prozent zu senken.
Ein weiteres Ziel war es, das Wachstum der Lebensmittelpreise zu verhindern, und ein Aufruf zur Überprüfung der Finanzkrise wurde unterstützt.
Der indische Premierminister geht heute zu einem bilateralen Treffen in der französischen Hauptstadt, wo er eine Vereinbarung über die friedliche Nutzung der Atomkraft treffen will.
Paris geht davon aus, dass französische Unternehmen Aufträge für den Bau von Kernreaktoren in Indien im Wert von 20 Milliarden Euro erhalten werden.
Laut Informationen der Nachrichtenagentur würde die Vereinbarung für 15 Jahre in Kraft sein.
Mehr als dreihundert italienische Redakteure in Frankfurt
Starke Präsenz italienischer Redakteure auf der Internationalen Buchmesse in Frankfurt.
Mehr als dreihundert werden die italienischen Redakteure am sechzigsten Jahrestag der Buchmesse sein, der wichtigsten internationalen Veranstaltung für den Austausch von Urheberrechten.
Die Internationale Buchmesse in Frankfurt erwartet für diesen Anlass über siebentausend Aussteller aus 101 verschiedenen Ländern, die die 171 790 Meter Fläche der Messe mit über 403 Tausend Titeln besetzen werden, und die Türkei wird Ehrengast sein.
Francesco Maria Giro, der Untersekretär des Ministeriums für Kulturerbes und Aktivitäten, wird die italienische Regierung bei der Einweihungszeremonie des italienischen Pavillons vertreten: Tatsächlich wird Italien als Institution mit einem italienischen Stand anwesend sein – 264 Meter Ausstellungsfläche.
Im Folgenden wird die Pressekonferenz im Raum Struktur des Pavillons 5.0 der Buchmesse stattfinden: Dies wird der Anlass sein, bei dem Zahlen, Trends und ein Überblick über den Status der italienischen Verlagsbranche vorgestellt werden.
Den Daten zufolge gibt es eine zunehmend abnehmende Bedeutung von Büchern ausländischer Autoren in der italienischen Produktion, und zwar insbesondere für Erwachsene und Kinder.
Das Flugzeug von Steve Fossett, dem Millionär, war vor einem Jahr verschwunden
Das Wrack des Flugzeugs von Steve Fossett, dem Millionär, der am 3. September 2007 verschwand, als er über die Wüste von Nevada flog, wurde gefunden.
Das Wrack wurde auf einem Plateau auf 3000 Höhenmetern, in der Sierra Nevada von Mammoth Lakes, an der Grenze zwischen Kalifornien und Nevada gefunden.
Innerhalb des Flugzeugs gab es jedoch keine menschlichen Überreste.
Der Sheriff von Madera County, John Anderson, hat alle verbleibenden Zweifel zerstreut: "Das Flugzeug wurde gefunden, wir haben ein Team geschickt, und jetzt haben wir bestätigt, dass es derjenige ist, an dem Steve Follett an dem Tag, an dem er verschwunden ist", sagte er in einer Pressekonferenz.
Danach wies der Sheriff darauf hin, dass weder im Flugzeug noch in der Umgebung menschliche Überreste gefunden wurden.
Der Millionär, 63 Jahre alt, wurde im Februar tot aufgegeben.
Das American National Transport Safety Bureau (NTSB) hat berichtet, dass einige Stunden, nachdem das Wrack entdeckt wurde, ein Untersuchungsteam geschickt wurde, das dann das Flugzeug identifiziert hat: Es ist die Bellanca 8KCAB, die seit dem 3. September 2007 vermisst wird, als Fossett von Yerington in Nevada für einen dreistündigen Flug startete.
Gestern, immer in Kalifornien, nicht weit von der Grenze zu Nevada entfernt, wurden einige persönliche Gegenstände, die zu Fossett gehörten, von einem Paar in der Nähe ihres Hauses in Mammoth Lakes gefunden.
Die Elemente sind zwei Dokumente im Namen von Fossett, beide von der Federal Aviation Administration of Illinois ausgestellt, etwas Bargeld und ein Sweatshirt.
Die Suche nach Fossett wurde einen Monat, nachdem er verschwunden war, abgebrochen.
Der Millionär hatte dank einer Reihe von Weltrekorden einen Platz in der Geschichte gewonnen.
Im Jahr 2002, bei seinem sechsten Versuch, war er der erste Mann, der die Weltreise in einem Heißluftballon absolvierte: einem zweiwöchigen Solo-Flug.
Drei Jahre später machte er die Weltreise mit dem Flugzeug, ohne zu landen.
Unter seinen vielen Aufzeichnungen fliegt es auch mit 15.445 Metern, über den Anden, aber mit einem Co-Piloten.
Glk, die Werbung, die Sie nicht erwartet
Ein SUV, der außerhalb der Normen liegt, mit einem originellen Design, das durch entscheidende Linien, große Oberflächen und sauber geschnittene Ecken definiert ist.
Kurz gesagt, dies ist GLK, die neueste Ergänzung der "kompakten" Offroad-Fahrzeuge des Sternherstellers, mit denen Mercedes-Benz versucht hat, frischen Wind in diesen Bereich zu lassen.
Oben, da seine Eigenschaften nicht in den traditionellen Normen sind, wird die Botschaft, die die Einführung des GLK-SUV begleitet, auch unerwartet und unkonventionell sein und ab dem kommenden 17. Oktober in Mercedes-Benz-Shoorooms erhältlich sein.
Die Werbekampagne, die das Debüt des neuen Fahrzeugs begleiten wird, wird also eine neue Kommunikationsmethode auslösen, die auch eine futuristische Kampagne von 3D-Werbetafeln beinhaltet, die zum ersten Mal in Italien von einer Automarke genutzt wird.
Ein Projekt mit großen Plakatwänden, das in drei verschiedenen Phasen in Gang gesetzt wird und bis zum 15. November die zentralste Mailänder Einkaufsstraße Corso Como dominieren wird.
Die erste Phase dieser neuen Art der Kommunikation wird mit einer Präsentation des Autos in stereoskopischer Sicht beginnen, und dank einer speziellen Brille, die in der Nachbarschaft von Corso Como vertrieben wird, wird es möglich sein, das neue SUV in echter Größe und 3D-Format zu sehen.
In der Tat, wenn man sich das Bild ansieht, wird man das Gefühl bekommen, dass das Auto aus dem Plakat herausragt.
Anschließend werden durch den Einsatz der innovativen Technologie Elumina 8 alle Details des neuen GLK zu verschiedenen Zeiten beleuchtet und dann als Einzelbild rekomponiert werden.
Zweifellos versucht Mercedes durch diese Werbung, etwas Neues in den konventionellen Bereich der automobilen Werbung einzuführen.
Wird es mit dieser Formel gelingen, das Interesse zukünftiger Käufer zu wecken? Wir werden sehen.
Hier ist, wer die italienischen Hooligans sind
des Tri-Veneto, das von der Teilnahme an Sportveranstaltungen (Daspo) ausgeschlossen werden kann.
Aber wer sind diese 150-200 Leute, von denen sich Italien jetzt schämt? Sie sind Teil der Gruppe "Ultras Italia", die seit Jahren die Fußball-Nationalmannschaft unterstützt und bis jetzt, wie die Wahrheit bekannt ist, hat nie große Probleme verursacht.
Es ist auch nie mit gegnerischen Fans in Konflikt geraten.
Die Extraktion der Gruppe ist der rechte Flügel.
Die Veranstalter stammen von Tri-Veneto.
Von Verona, Padua, Trieste und Udine.
Diese wurden von einigen kleinen Gruppen (in Wirklichkeit, sehr wenigen Mitgliedern) aus Campagnia und Apulien begleitet.
Sie haben dreifarbige Flaggen mit der Herkunftsstadt der Militanten auf ihnen: Am Samstag wurden diese abgenommen, damit sie nicht identifiziert werden konnten.
Sie greifen ihre Ideen von englischen Fans auf.
In Bulgarien fanden sie Anhänger, die echte Nazis waren, die Levski-Gruppe.
Die FIGC hatte den italienischen Fans 144 Tickets für das Spiel zur Verfügung gestellt: alles persönlich, daher leicht prüfbar.
Und das Innenministerium von Viminale hatte sie in der Tat alle überprüft: Unter diesen Gruppen, die nach Sofia gingen, wurde keiner verboten, keiner war verboten, ein Stadion zu besuchen.
Vier italienischen Fans, die frühere Stadionverbrechen begangen hatten, waren in der Tat keine Tickets mehr erhalten und davon abgehalten worden zu gehen.
Jetzt wartet das Innenministerium darauf, die offiziellen Aufzeichnungen lesen zu können, die von der bulgarischen Polizei eintreffen sollten, bevor sie Schritte unternimmt: In diesem Fall ist es möglich, für fünf Jahre zumindest die Verhafteten oder diejenigen, die während der Störungen identifiziert wurden, zu verbieten.
Eine internationale Verbannung, die nicht nur Stadien in Italien, sondern auch in ganz Europa verbietet.
Kurz gesagt, unsere Hooligans würden kein weiteres Stadion betreten.
Zum Glück.
Aber nun gibt es Angst vor der Nachahmung: das heißt, dass andere sich mit so etwas mehr als hundertfünfzig verbinden.
"Wir müssen diesen Flächenbrand sofort herausbringen und nicht diejenigen legitimieren, die sich auf diese Weise verhalten", behaupten diejenigen im Ministerium in Viminale.
So: "Augen weit offen, vor allem, da die Nationalmannschaft am Mittwoch in Lecce spielt".
In Apulien gibt es tatsächlich einen kleinen Kern von Ultras Italia-Befürwortern.
Morgen trifft sich die Sternwarte, am Dienstag die CASMS, die auf einen Abschnitt der AISE zählen können, das ist der Geheimdienst, der genau die Probleme in den Stadien behandelt.
"Der Refrain Duce-Duce und der Arm haben sich während der Mameli-Hymne ausgestreckt? In Bulgarien ist es kein Verbrechen..."
Dies sind die Gedanken (mit großer Enttäuschung ausgedrückt) von Domenico Mazzilli, der seit einigen Wochen der Direktor des Observatoriums der Viminale ist (er erreichte den Posten, der ursprünglich von Francesco Tagliente und dann von Felice Ferlizzi gehalten wurde).
Zuvor war Mazzilli Leiter der Polizeiverwaltung in Triest, wo es einen Kern von Befürwortern von Ultras Italia gibt, die 2002 gegründet wurden.
Es ist wahr, sagt Mazzilli, dass es in Bulgarien kein Verbrechen ist, Hymnen an den Duce zu singen, aber das Verhalten dieser 150-200-Fans ist schändlich.
"Ich bin kein Soziologe - fügt die Beobachtungsstelle hinzu - das Verbrechen sollte in dem Land, in dem sich der Vorfall ereignet, verursacht werden.
Bis jetzt ist diese Gruppe innerhalb der Linien geblieben, jetzt werden wir sehen, was tatsächlich passiert ist, und wir werden es als zukünftige Referenz bewerten.
Aber lassen Sie uns auch über das Pfeifen an die Mameli-Hymne sprechen: Das ist auch kein Verbrechen in Bulgarien, aber, wenn ich sagen darf, ist es keine guten Manieren ..."
