Triumph of right-wing populists in Austria, in total they come to 29 percent
According to the first preliminary results, a noticeable weakening of both parties of the previous grand coalition and a significant strengthening of the right-wing populist parties brought the early parliamentary elections on Sunday in Austria.
The Austrian People's Party (ÖVP) suffered particularly heavy losses, where the position of the previous chairman Wilhelm Molterer is seriously on the verge.
In contrast, the electoral director of the alliance for the future of Austria (BZÖ), Carinthian state governor Jörg Haider, is gearing up for a triumphant return to federal politics.
According to the previous results, the Social Democracy (SPÖ) remains the strongest force in the country with 29.8 percent of the vote, but compared to the last elections in 2006 it loses 5.5 percent of the vote.
The ÖVP scored even worse, which loses almost nine percent of the votes with 25.6 percent.
These are the worst results of these two major parties in post-war Austrian history, and especially among the People's Party, which had demanded early elections, this is a really catastrophic result.
Even at the beginning of July, when the ÖVP had withdrawn from the coalition, the People's Party had a clear advantage over the SPÖ.
Voters, however, have probably punished the party for letting the government fail.
Already in the first reactions to the results there was speculation about a possible resignation of the party chairman and previous vice-chancellor Wilhelm Molterer.
Observers believe that this could be the case as early as Monday at an extraordinary meeting of the party board.
Such a development would probably pave the way to the most likely way out of the electoral debacle, i.e. a renewal of the grand coalition of SPÖ and ÖVP.
In view of the strengthening of both right-wing populist parties - the liberals (FPÖ) provisionally received 18 percent, the BZÖ eleven percent of the vote - at the same time expressed their apprehension that the year 1999 could be repeated when the People's Party agreed with the populists (at that time the FPÖ was still uniform, in 2005 it had separated itself from the BZÖ) with regard to a joint government, which had even imposed sanctions
Jörg Haider, who has already stated that he is ready to cooperate with each party and assumes a return to Vienna to Austrian federal politics, obviously relies on this development.
In addition, the party of the Greens moved into parliament, which, however, suffered slight losses and slipped from third to fifth place among the Austrian political parties.
No other party has probably mastered the four percent hurdle and therefore did not move into parliament.
Schwarzenberg: Relations with India may cool
If it is not possible to solve the problem with the Czech scientists who have been indicted in India over the unlawful collection of beetles, there could be a certain cooling of Czech-Indian relations, according to Czech Foreign Minister Karel Schwarzenberg.
This was emphasized by the minister in New York after today's meeting with his Indian counterpart Pranab Mukherdshi.
"If this does not enlighten, then for sure, there will be some cooling," he explained after a meeting that took place on a Czech initiative.
Mukherdshi said after the talks that it is difficult for the executive to intervene in judicial matters.
In spite of everything, he stated that in the case of Petr Švácha, who was acquitted by the indictment and received a fine, the central government with the local government in Dardjiling, in whose jurisprudence the matter falls.
"His problem could be clarified," the minister said.
For Emil Kučera, who was sentenced to three years imprisonment, Mukherdshi's view would be the best if he were appealed at a higher authority.
He could thus ask for release on bail and wait in freedom for his verdict, according to the minister.
Schwarzenberg confirmed that his partner had also commented during negotiations.
"He recommends an appeal to a higher court, then a pardon would come into question for him," the head of Czech diplomacy said.
The only way in which the Czech side can intervene in the whole matter is to give the convicted "competent legal support," the Indian minister cited.
At the same time, he said that such help would already be offered to them by the Indian side.
"We have a great interest in maintaining good contacts with India that have a long-term tradition.
The Indians also admit this," Schwarzenberg cited.
At the same time, according to the Czech press agency ČTK in front of his partner, the Czech Republic attached great importance to the problem of Czech entomologists.
"We really think it's a big mistake to imprison and accuse these Czech scientists," he explained.
An answer to the question of whether he had received a commitment from the Indian side to deal with the matter evaded by the minister.
"I've been promised quite a lot," he said.
A Czech judges the wrestling around the bottom of the sea
He approaches an electronic map depicting Australia and the adjacent navular areas.
However, he is not interested in the continent, but a small dot, lost in the blue of the ocean.
"The island belongs to Australia and, together with it, the adjoining seabed.
The area is as large as the continent itself," according to Italian jurist Luigi Santosuosso, who belongs to the thirty-member staff of the U.N
His boss, the division director, the Czech jurist Václav Mikulka, pursues the interpretation and supplements them on and about.
There are workers and enthusiasm here.
So far, the seabed contains a little-known world that is rich in natural sources.
Here you can find petroleum, other ore and other non-renewing raw materials, but also previously unknown living organisms, which, for example, carry the key to the development of a drug against cancer.
A seabed, larger than the mainland
The border states today vehemently registered their claim to the new sea areas.
According to a U.N. Convention, they make use of their rights, on which they agreed in 1982 in Montego Bay in Jamaica.
It is mainly the area of the so-called continental shelf, which often stretches into the sea up to a few hundred kilometers from the shore of a country.
According to the convention, this country has an exclusive right to all sources of the continental shelf.
"Simplified, as a continental shelf the part of the seabed and its soles is considered, which represents a natural continuation of the continent below the sea surface.
It crosses the borders of the shore sea, often also the border of two hundred nautical miles of the so-called exclusive economic zone," explains Mikulka.
The request submitted by the relevant country to the Commission for fixing the external borders of the continental shelf must be evidenced by extensive scientific and technical documentation based on many cost-intensive investigations and measurements.
It is the result of many years of preparatory work.
"One of our tasks is to provide legal and technical technical support to the Commission.
So far, the Commission has negotiated five motions from Russia, Brazil, Australia, Ireland and New Zealand.
Until now, only the latter three countries have had success," Mikulka adds.
An international echo recently met with the success of Australia, which was the first country to significantly increase its naval areas.
However, New Zealand is also a winner - the expansion of the seabed, which was granted to the country last week by the commission, is about 1.6 million square kilometers, about six times more than the size of the actual state.
Both countries have invested millions of dollars in the investigations.
The gain, which in the future flows to them from the use of the seabed, will, as they promise, have an invaluable value.
Other states will submit their applications gradually as well.
They can do this for ten years from the moment they ratify the "Montego Bay agreement."
Where the continental shelf ends, begins the area of the ocean soil, described by the convention as "common heritage of humanity."
There is no longer a state to hold a special position here.
The right to promote in this area is granted by an international institution established by the Convention.
"However, the seabed is not a gold digging land," says Director Mikulka with some exaggeration, adding that "individual areas are legally precisely defined and the system enshrined in the contract."
Czeches in the Pacific
Part of the seabed now also belongs to the Czech Republic.
It shares it with other states of the former Eastern Bloc as part of the joint organization "Interoceanmetal".
Due to the convention in 1991, as well as the investors of a few other states, this received the status of a so-called "rail-breaking investor".
The organization has the right to promote in the ClarionClipperton in the Silent Ocean zone between Mexico, Hawai and Kiribati.
The area to be investigated by the investor is slightly larger than former Czechoslovakia.
The seabed is located there, it is a kind tatra on the seabed.
"You can promote there on an area of a total of 75,000 square kilometers.
The area is a rich site of polymetal concretions that contain nickel, copper, cobalt and manganese," according to another lawyer, the Inder Pakshi Rajan.
The Macedonian collaborator of the Rober Sandev division brings such concretion as a pattern.
It is reminiscent of a small potato or, with a little imagination, of the fabled Schem who, according to legend, brought the Golem to life.
German special forces were on the scene during hostage liberation
The Egyptian government had requested help from Germany to solve the hostage crisis - the experts came.
When things got serious, the special forces were ready, but they were not used.
More and more details are becoming known about the circumstances of the liberation of eleven European tourists kidnapped in Egypt.
According to the Ministry of Defence and the Ministry of the Interior, German special forces were also indirectly involved in the rescue operation.
Accordingly, both specialists of the Bundeswehr and officials of GSG 9 were the aviator squadron of the Federal Police, the Federal Criminal Police Office and logistics experts of the Technical Relief Agency at the scene of liberation.
According to spokespersons for the ministries on Monday evening, however, the German forces were not needed because the hostage-takers run their prisoners and fled when they recognized signs of a violent liberation.
The Egyptian government has accepted the aid offered by Germany in order to involve it as support staff on the ground.
"Fortunately, this hasn't happened," a spokesman for the Federal Ministry of the Interior said.
Attackers had kidnapped the tour group of the five Germans, five Italians, a Romanian woman as well as her eight Egyptian companions on September 19 in the south of Egypt.
After being kidnapped in a desert area in southern Egypt, the hostages had been deported back and forth in the border area between Egypt, Libya, Sudan and Chad.
The identities of the hostage-takers remained unclear until recently, as well as the details of liberation or possible ransom
Those rescued have meanwhile arrived safely in Cairo.
Steinmeier said the freighted hostages were in the care of the German embassy.
He did not comment on details of the release.
There was initially no information in Berlin about when to return to Germany.
According to "Bild" newspaper, the five holidaymakers and the special forces are to be flown out with an Airbus of the air force and will arrive in Germany on Tuesday.
U.S
The first chamber of the U.S. Congress narrowly failed the 700-billion-dollar bailout for the financial markets.
The Dow Jones rushed into the depths.
By 206 to 227 votes, the U.S. House of Representatives rejected the government's bailout for the financial markets.
Despite all the appeals by U.S. President George W. Bush and leading politicians from both parties, there was no majority in favor of the program, which was intended to contain the chaos in financial markets.
In a dramatic action, the proponents had desperately tried to convince the critics of the 700-billion-dollar package.
Barney Frank, one of Democratic negotiators, had called MPs approval, even if the plan was unpopular.
"It's hard to get political recognition for avoiding something that hasn't happened yet," he conceded.
As recently as the vote, the Dow Jones slumped by more than six percent, or by 600 points.
The reason was concerns of investors, the government bailout could fail.
He recovered shortly before the end of the vote, then crashed again after becoming aware of the failure.
Experts now anticipate further severe turbulence in international financial markets.
Approval of both the House of Representatives and the Senate is required to enter into force of the programme.
Organizers record increasing booking numbers
It seems to become a good winter for the German tour operators:
For travel bookings for the coming months, sales have risen significantly compared to the previous year, according to a study - by even more than 30 percent for the winter season.
Despite weak economic prospects, according to a study, the desire to travel by Germans remains untroubled.
For bookings for the winter season, the travel offices recorded an increase in sales of 31 percent compared to the same period of the previous year, as the German Travel Association (DRV) announced on Monday in Berlin.
According to the study of the market research institute GfK, there are already increased booking figures for the autumn months.
For example, the increase in sales of the travel agencies for October amounted to about eleven percent compared to 2007, the DRV said.
These results are based on figures from GfK, which evaluates monthly booking data from 1200 German travel agencies and extrapolates them for the overall market.
This includes travel bookings until the end of August 2008.
Due to the weak dollar price, travel to the USA in particular is in demand, the DRV said.
Here, the booking increase is around a third.
In addition, Spain, Turkey and Greece as well as the domestic climes are particularly sought-after destinations among the Germans.
In particular, package holidays would be very popular, explained DRV President Klaus Laepple.
In view of rising costs for energy and food, the costs here "are better calculable for the customer than for individually organized holidays".
Consumers could save money, among other things, through early bird discounts or all-inclusive offers, Laepple explained.
Even the summer months were very well booked, so there will be an increase in sales compared to the previous year - although according to another study, the number of Germans who undertook a trip fell compared to the previous year.
My First Time Oktoberfest
Ballermann-Apres-Ski-Hits in the continuous loop, beer made from litre jugs and celebrities in designer dirndls.
A Wiesn debut.
Susanne Kronzucker and I don't really have much in common.
She's blonde, TV presenter and wears a tailor-made dirndl.
I've got dark hair, I'm a student and my dress is second-handed.
But one thing connects us: Barely three minutes on the Wiesn, already the photographers rush at us and snap the memory cards full - very flattering and that on my first visit to Wiesn.
That's how you make friends.
The cheap Dirndl seems to serve its purpose.
When Wiesn-Touri and actually north of the Weißwurst equator, the feeling of well-being in costume was still limited to date.
But once arrived at the Theresienwiese, everything is half as bad.
Almost everyone wears Dirndl or Lederhosn; no one looks disgusted or embarrassed - all completely normal.
Strange glances at the chocolate banana stand only reaps my dirndl apron.
A Munich woman draws my attention to the fact that I would have the apron wrongly tied: "Links hoast free, middle virgo, forgiven on the right, widowed at the back."
Secretly, I'll frown the loop from back to left.
"Fit," it said and laughs.
Others make less effort around subtle flirting techniques and wear simple felt hats, on which "To drunk to get dressed!" stands and stretch the naked buttocket against an uninvited person.
The young man with the exhibitionist attitudes is called Bob, comes from England and also visits the Oktoberfest for the first time.
He finds it "gorgeous," with a elongated "ooooo."
That's what he's telling me after he gets rid of his previously drunk measure.
Right next to one of these hydrants that everyone thinks is a bin.
Bob is one of those notorious "wildbieslers."
Others aren’t lucky enough to get rid of the alcohol this way.
Around eight o'clock in the evening, paramedics walk in droves over the fairground, who have to take care of the poor smudges.
The nurses always perform in the pack - always four at once drag a covered stretcher from tent to tent.
It works like with most Wiesn visitors: Empty, fully back again.
Who is in the Promille coffin under the tarpaulin, you do not see.
"That's what they're where goar-never," one of the paramedics shouted to me on request, disappearing into the hustle and bustle.
Name of accident victim announced by police
The name of a 63-year-old female pedestrian who died in the hospital after being hit by a vehicle in Essex has been disclosed.
Carole Paulson, residing on Chelmsford Road in Brentwood, was involved in the accident Friday afternoon on Shenfield Road in the centre.
She was taken to Queen's hospital in Romford but later died.
A 51-year-old man has been arrested on suspicion of reckless driving after the accident.
He has since been released on bail.
Turkeya broadens diplomatic horizons
Long before Turkey aspired to join the European Union, European powers were keen to enter Turkey's hinterland.
On the eastern side of the Bosphorus, perhaps just 20 steps within Asia, is one of the finest relics of this failed, imperial endeavor.
Hydarpasha Bahnhof was designed by the two German architects Otto Ritter and Helmut Conu in neo-Renaissance style.
At least that's what the guides tell you.
The building sits rittlings at the end of the platforms with a tower at each corner of the front and thus looks like some provincial German City Hall.
The rocket is filthy.
The whole building disintegrates, for example
But once you are inside the vaulted ticket counter, there is no doubt about the sublimity of the project, whose western access this was.
The station was opened in August 1908 by a German Consortium, the Anatolia-Baghdad Society.
Germany, which was an imperialist-player, had to implement its ambitions to dominate the Middle East by means of a train connection to Damascus, Baghdad, and further after what Saudi Arabia is today.
But Germany's imperialist projects slammed during the first world war.
His railing tracks were attacked by Lawrence of Arabia and his Arabs.
Relative isolation from its surrounding region, generated by the insurmountable borders of the Cold War, has disappeared.
British forces moved out of Egypt and pushed the Turks and their German allies out of Palestine and Syria
And there was also bad news for Hyderpasha station.
In 1917, an ammunition train flew into the air, destroying the ornate roof.
Turkish sources say it was sabotage.
Since then, it has slowly disintegrated, largely transitioned from history.
Nowadays, however, this railway line, at least symbolically, serves as the gateway to Anatolia and everything east of it, in order to highlight the expansion of Turkey's diplomatic horizons.
The ruling Judiciary and Development Party, the AKP, has introduced a completely new foreign policy for the country.
Relative isolation from neighbouring regions, generated by the Cold War's borders, has disappeared.
Now there is a policy of rapprochement.
Remarkably, the Turkish government has good relations with Israel and Syria, the Palestinian splinter groups Hamas and Fatah, Iran and Iraq, and, of course, with the European Union and the United States.
In order to be able to assess the key data of this new foreign policy, I climbed the night train to the Turkish capital Ankara to visit one of the AKP's leading foreign policy experts, Turkish MP Suat Kiniklioglu.
The next morning, about ten and a half hours later, after a bumpy ride on tracks that produced the lockstep of the old world in the well-known documentary "The Night Mail", I arrived in the Turkish capital, which is regarded as a new city, for the new secular state project to turn its back on the Ottoman past.
The AKP, however, known for its Islamist roots, represents a paradigm shift in Turkish unity
This sparked a lot of distrust in the West, especially in Washington.
A taxi has taken me to the AKP's main office, a custom-made, ultra-modern stone and steel structure, in an evolving suburb, surrounded by semi-finished shopping malls and pubs where middle managers met in suits, both men and women, to complete the first deals of the day.
Suat Kiniklioglu could be a centre-right politician from almost every other political party in Europe.
Suit, tie, I'm sure he's even packed a Blackberry.
"The aim of the party's foreign policy is now to re-integrate Turkey with its immediate neighbouring countries.
The Cold War was an exception," he tells me.
Turkey had been cut off from its hinterland.
Nowadays, she has to look east and west at the same time.
There wouldn't be either one or the other.
She'd have to do both.
"But certainly at some point Turkey could," I asked, "be forced to decide?"
"Turkey," he said, "didn't want to face that decision."
He then highlighted a point that almost everyone I was talking to here almost routinely recited: Turkey’s relations, not only to the Middle East, but also to the Caucasus and around the Black Sea, are just as beneficial to Europe and the United States as they are to Turkey.
With Turkey on board, it seems the embassy, Europe as a whole can, figurativelylyly, travel on that same railway snail east towards Asia and the Middle East.
Back at Hydarpasha's station, after another largely sleepless night, I thought of these two German lordships Mr Ritter and Mr. Conu, who had watched the construction of this building 100 years ago.
How surprised they would have been to learn that Europe's ambitions in the Middle East could now, to a large extent, be in Turkey's hands.
And when I waited at the dock for the ferry, which was supposed to bring me back over the Bosphorus, I remembered that in those days Turkey was always called "the sick man of Europe."
At that time at least, there didn’t seem to be much doubt about which continent should have a claim to this fascinating country.
Remembering Vernon Handley and William Woodruff.
Mark Brown writes: As Guildford's musical director since 1962, Vernon "Tod" Handley (obituary on 9/11) was responsible for the Guildford Philharmonic and Choir.
As part of his music program for the city, he founded his great youth choir, Proteus, the following year.
It was intended for teenagers up to the age of 21, but when the chorus sung for the last time in 1979, some of us were already at the end of 20 - we simply refused to leave the choir.
The name "Proteus" (the mythological change of form) stood for the willingness and ability of the choir to tackle any piece of music presented to it, whether it was a madrigal or from the Messiah, whether a capella or with a full orchestra.
The musical versatility of such a young choir was often astonishing, always exciting and consisted only thanks to the inspiration of that man and his enthusiasm for the music, which has never slackened for years.
How often did Death sent us to "let the music speak for itself."
He used to say, "The composer knows what he wants."
It's all in music.
So it sings!"
His way of conducting was absolutely clear and precise, never bossy but also never exuberant.
No matter how high the musical level was, he always demanded an even higher level.
John Frayn Turner writes:
If anyone conductor should have been knighted, it was Vernon Handley.
I've known him well over the past two decades, from 1962 to 1982, during which he led the Guildford Philharmonic.
In the last 40 years I've written reviews for over a hundred of his concerts and I can sincerely say that I've never been disappointed by a single one - often I've been inspired by them.
Death Handley was that rare combination of size and personal modesty.
He loathed conductors who, according to his words, simply "peddled with one or two well-known showhorses in the world."
So many of us will miss him.
William Woodruff
Professor John Beckett writes:
In your obituary for William Woodruff (September 25), you write that "in 1946 he resumed teaching economic history at Oxford and received a Houblon-Norman research fellowship in 1950 ... while at the same time he was studying for a BSc, an MA and a doctoral degree.
This is a conclusion from an author's remark in Woodruff's book "Beyond Nab End," but it's not true.
From 19646 to 1953 he was a lecturer in economic history at the University of Nottingham and during that time he wrote a doctoral thesis on the British rubber industry under the supervision of Professor J.D. Chambers, which was later published in 1958 as "The British Rubber Industry".
He was a 1950-1951 in the United States as part of a Houblon-Norman Scholarship, and spent the summer of 1952 at the Universities of Illinois, Harvard and New York.
In 1953, he left Nottingham and went to Illinois.
It's unknown why Woodruff wanted to cover up that part of his career.
J Vicente Resino at the Faculty of Philology.
`I commend José Vicente Resino `Flamenco und Leben' because his photographs are fantastic in black and white, in documentary style.
They made me aware of them because of their simplicity and because of the force they radiate, how they always deal with respect with the protagonists.
An exhibition that shows a lot of feelings.
Resino knows how to find the magical moments.'
Second lap of excellent sales at Honda.
In November, Honda catches with the marketing of the second-generation Honda Jazz.
While its previous model had a large interior, this open-area sedan offers a much larger one.
In addition, there are the technical intricacies that enable even more convenient driving and gasoline savings.
Changes ahead of the environment revolution.
This is the second generation of Honda Jazz.
Although, aesthetically speaking, the new jazz has a similar line to its predecessor, the changes made in this large limousine are numerous.
Among other things, the innovative design, the new room flexibility, the larger dimensions of the car and the new mechanics will be emphasized.
Still, before starting to analyze the new model, it must be said that six years later, after the first generation had appeared on the market.
According to the initial observations, compared to the other manufacturers, Honda managed to renew this model for a shorter time.
Even though the Honda Jazz is less well-known in Europe, this model is a phenomenon in terms of its sale in the other markets.
That's a case in Japan, in the land where jazz is the best-selling car of the year 2002 and also over the course of 2008.
After jazz was published on the market, about one million models were sold in Japan alone.
The second sales market was the Old Continent, with about half a million cars sold in six years.
Even so, Honda is trying to increase sales of the new jazz model within the segment.
In this way, while Japanese companies sold a total volume of 83 000 models of jazz in 2007, the expected estimates amount to 10 000 cars, which is 17% of the assumed growth in the European market.
As far as the Spanish market is concerned, Honda has sold a total of 8 000 jazz models since 2002, which is 6.7% of the total sale at Honda in Spain.
As far as the new generation of the model is concerned, the managers of the branch in Spain expect to be able to sell 2 000 jazz models per year.
More specifically, the appearance of the new Honad Jazz model makes it possible to cover up the sales reduction in Spain.
In reality, the heads of the brand hope to conclude the year with a total sale of 22 000 models. That’s 4 000 fewer cars than in 2007, a reduction of 16%.
Despite this increase in sales, Honda has increased its market share in Spain compared to the previous year (1.6%) to 1.8%.
At the same time, the Japanese company hopes to be able to reach the 2%
In order to achieve this share, Honda relies on the appearance of a new model.
It is Insight, a hybrid car with 5 doors and a compact size of 4.7 meters in length, the Japanese company hopes to sell about 200 000 models a year all over the world.
According to market estimates by the Japanese manufacturer, 50% of Insight models are sold in the United States, while the remaining share is distributed on the Old Continent and Japan.
The appearance of the insight on the market is scheduled for the first few months of the year, for the first time its public presentation will take place in January in Valencia.
In view of the first generation, the new jazz is growing in all its sizes.
Its length is 3.90 meters (plus 5 centimeters ), its width is 1.69 meters (plus 2 centimeters) and the distance between the axles is 2.50 meters, this leads to the assumption that it has become 5 centimeters taller.
The height, on the other hand, does not change and remains 1.52 meters.
Together with the increase in dimensions, the interior is also enlarged.
This success is due on the one hand to the new space flexibility program and on the other hand, the central position of the fuel container, a solution that was also used in Jazz’s predecessor model.
Also, the capacity of the trunk, which has a system of double loading space, reaches up to 339 liters, i.e. 19 liters greater than the capacity of the trunk of the first generation.
It must be emphasized that these measures are present in the version with a 1.4-litre petrol engine, because the trunk of the Honda Jazz with a 1.2-litre gasoline engine is 379 liters.
Among other improvements, in addition to the additional equipment elements such as leather seats or the possibility to install panoramic windows, improved access to the seats is offered.
The opening angle of the back doors is 80 degrees, with the first jazz having only 67 degrees.
The engines of the second generation of jazz are also new.
At the beginning of its marketing, this small model has 2 versions of the petrol engines: 1.2 and 1.4 liters.
Both variants have i-VTEC system, which enables low fuel consumption and smaller CO2 emissions, has excellent technical performance and at the same time provides high-torque performance for the entire engine life.
The first variant with 1.2 liters achieves the output of 90 hp at 6 000 rotations with a maximum torque of 114 Nm at 4 900 min?1 .
This gasoline engine - Jazz's predecessor model reaches 78 hp - has 5.3 litres of fuel consumption and CO2 emissions of 125 grams.
In view of the previous engine, which reached 83 hp in the earlier generation, it now manages to get to 100 hp.
The Jazz 100 hp model 1.4 has 5.4 liters of gasoline consumption and 128 grams of CO2 emissions.
'car bee' that avoids collisions
In order to promote the development of the technologies for accident prevention, this time Nissan was inspired by nature, more precisely, by the bees.
The Japanese company has developed a robot whose flight goes back to the swarm behavior of bees and avoids accidents.
This robot is a bio-mimetic car robot drive or BR23C and represents the first step in accident prevention technologies.
The engineers from the technical development center of the Nissan Motor Co. have developed this small robot in cooperation with Research Center for Advanced Science and Technology at the renowned University of Tokyo (Japan).
According to Kazuhiro Doi, head of technology PR and R&D brand management, the BR23C represents an extension of the four-layer Nissan safety shield.
This robot is designed to ensure that this brand’s cars are capable of avoiding collisions.
During the flight, each bee builds its own oval-shaped airspace, very similar to the Nissan safety shield.
But the most important are the facet eyes of the bee, which can see over an angle of 300 degrees in all directions, this allows it to fly undisturbed in their personal airspace without interruption.
In order to recreate the all-round perspective, the technicians developed the so-called Laser Range Finder (LRF).
He notices obstacles that are in front of the BR23C at a distance of up to two meters and are within a radius of 180 degrees, calculates the distance to the object and sends a signal to an on-board microprocessor, which is immediately translated into a signal for the avoidance of the collision
`The moment, when obstacle is noticed, the small robot will imitate the bee flight and immediately change direction by turning its wheels 90o or even larger angles to avoid the collision.
The biggest difference from other arbitrary systems is that this evasive manoeuvre takes place absolutely instinctively.
If it weren’t so, the robot might not be able to respond with sufficient speed to avoid obstacles,” explains Toshiyuki Andoh, the director of the Mobility Laboratory and the senior engineer of this project.
In contrast to a bee, the robot cannot deviate upwards or downwards, but also not over-the-courge; it can only move on two dimensions and in the direction that allows it to turn its wheels rather than in the infinite directions and in an infinite way as the bees do.
For this reason, Nissan has used the rotation function in addition to acceleration and braking functions, so that the small robot avoids collisions.
`This device only needs every few seconds to process the information and to act according to this information.
It does not necessary to store the information or the intuitive logic of the manoeuvres made, which is why it can work continuously with only a few dozen KB of storage space.
This sounds surprising, but it’s not about the GBs and not even the MBs of storage space.
This is the first step in the development of the technologies for the immediate prevention of collisions, a technology that Nissan predicts to introduce over the next ten years in the production cars.
The robot works with lithium-polymer batteries that are lighter and last longer than a variety of lithium-ion batteries.
Another possible application of this technology in the future could be the integration of the unit with a GPS navigation system by satellite in order to lead up to the destination while driving, avoiding the obstacles on the way.
She's shaking before she's charged with a mortgage.
One has to realize that the U.S. Department of Finance, except that it has sufficient liquidity to provide the support, is not without skill.
Before the crisis, and to prevent U.S. citizens from getting caught up in mortgage histories of the supposedly solvent banks, an entertaining and informative game has been developed for the internet surfers: `Bad Credit Hotel,' it says.
Or perhaps, the `hotel of bad loans' or confusion.
The third aspect of this accommodation, and specifically its receptionist, is to think one, two and up to three times whether it's the moment not to ask for any credit.
And especially where you can do it, which is also probably the goal of the game.
Surely it has useful information, but without details.
That's more of a side for the teenagers than a place for all viewers.
What will happen when the game is expanded?
Well, when a wonderful room appears in the hotel.
At least something, because it's not about buying a better house
Mangran Stanley provides its capital for MUFG
Morgan Stanley announced the entry of Mitsubishi UFJ Financial Group (MUFG) into its company, which would be the first bank in Japan to spend nine billion dollars and thus take over 21% of its capital, an innovation due to a strong fall in its stock market price.
A week after a provisional settlement had been made public, the two banks declared that MUFG will buy 9.9% of Morgan Stanley common shares at the unified price of 25.25 dollars, resulting in a total amount of three billion dollars.
The assumed price is below 19% of the share's price value as of August 31.
MUFG will invest an additional six billion dollars in acquiring convertible shares, which will secure it a profit of 10% and can be resold at a price of 31.25 dollars.
Morgan Stanley stated that the global business will be made based on a unified average price of 29 dollars, i.e. 28% above the current price value.
Morgan Stanley shares, however, fell 6.79% to 23.07 dollars at 17.00 GMT.
`This strategic connection represents an important opportunity to accelerate Morgan Stanley's transition toward to the status of a holding bank," explained John Mack, director general of the American group.
Morgan Stanley adopted this status last week, which is supposed to allow it to expand its businesses to new areas, but under the supervision of the Federal Reserve.
Their association with MUFG also confirms that the current financial crisis is forcing Wall Street's biggest names to adopt a much more cautious stance than before.
The modalities unveiled on Monday also show that the settlement has been altered over the course of the last few days: last Monday Morgan had simply declared that it would sell up to 20% of its shares to Japan for about 8.5 billion dollars.
`A week ago,time in Tokyo told Toshihide Mizuno, managing director of MUFG
But in view of the current economic and market situation, we wanted to reduce the risks and secure ourselves.”
Based on a balanced average price, MUFG will pay 7% below its price value for its Mangra Stanley shares.
And the business will proceed with a reduction in profit by approximately 20% per share.
The agreement stipulates that MUFG will be able to convert half of its preferred shares into common shares in one year if, within a given period, the latter is exchanged to more than 50% above the sale value, i.e. to approximately 47 dollars.
Morgan Stanley assures that the funds supplied by MUFG will allow him to take advantage of investment opportunities, strengthen their balance sheet and increase their sales.
However, a spokesman for the group refused to provide further details on the strategic projects of the two new allies.
According to MUFG's investment, Morgan Stanley should be able to record a solvency ratio of approximately 15%, one of the best in this sector.
Morgan said his balance sheet had been 'significant' since the end of August.
The last few weeks have been tough for the group, which has had to watch their stock market price decline by half, while the price of insuring against insolvency has skyrocketed.
This price declined on Monday, but remained at a high level, at about 12%.
Goldman Sachs, only other 'survivors' of major investment banks on Wall Street following the bankruptcy of Bear Stearns and Lehman Brothers and the buy-up of Merrill Lynch, proclaimed last week to having withdrawn 15 billion dollars, in part at Berkshire Hathaway.
Rafael Correa in Quito this Monday.
Re-founding the republic around the socialism of the 21st century.
This is the joint project of the Venezuelan Hugo Chávez, the Bolivian Evo Morales and the equatorian Rafael Correa.
It was the third that, following the example of his like-minded and friends, put the plan of a new constitution up for election this Sunday.
Mission fulfilled, because according to 80% of the electoral vote, 64% voted 'yes' in the referendum.
According to these results, 28% voted 'no', 7% of the ballots were invalid and 0.7% were handed empty.
In order for the constitutional project to be passed, one vote has to be scored more than half of all votes cast.
On Sunday, two polls conducted at polling venue exits and a recount by a non-governmental organization had announced a clear victory for `yes', predicting it 63% to 70%.
On the night from Sunday to Monday Rafael Correa had demanded the victory of his constitutional project.
The 'constituency has triumphed in an overwhelming way,' he had insurged in Guayaquil, the seat of the government 280 kilometers southwest of Quito, and congratulated the Equatorians.
Rafael Correa was naturally congratulated by Chávez and Morales, but also by his Chilean like-minded Michelle Bachelet.
The election, held in silence according to the Observation of the Organization of the American States (OAS), referred to a 444-point text to secure the `new socialism' for which the president is campaigning.
The constitutional project transfers state authority to the economy, leaving it with the sole right to 'development planning' in a country that lives largely from the production of oil by foreign companies and from the foreign exchange that emigrators send into the country.
The project, which is pushed forward by Correa elected in 2006, also grants the head-of-state broader power, who will be able to wield up to two consecutive mandates of four years each, and will have an opportunity to dissolve the National Assembly.
Correa already announced that he will make use of this power and seek a new mandate in February 2009.
The constitution also secures the principle of free medical care and education that the president has already begun to introduce in this country of 13.9 million, where 50% of the population lives below the poverty line.
Ultimately, it also envisages prohibiting the presence of foreign troops, which will put an end to the settlement between Quito and Washington on the use of an equatorian base as a starting point for American anti-drug deployments.
The 19 hostages were freed in Chad
An Egyptian command launched the attack on the kidnappers of the eleven tourists and their eight companions who had been captured ten days ago.
They're in Cairo.
The eleven European tourists and their eight Egyptian companions, who were kept in the desert for eleven days, were returned to the Egyptian capital healthy and unharmed this Monday afternoon.
By morning, they had been liberated by an Egyptian command in Chad.
Seemingly in good state, the hostages reached the al-Maza military base right next to Cairo's international airport around 3:30 p.m. aboard a special aircraft.
They were taken directly, without being able to talk to the press, aboard a helicopter to the hospital of Maadi, a foreigner's district of Cairo, in order to be examined there.
They all enjoy `best health' and the kidnappers `no ransom has been paided,' Egyptian Tourism Minister Zoheir Garanna explained on the tarmac.
After being captured on September 19 at an SUV safari at the foot of Mount Ouanat in the border area of Egypt, Sudan and Libya, the group of hostages was repeatedly taken from one hideout to the next by 35 unknown kidnappers.
There are eleven tourists - five Italians, five Germans and one Romanian - and also eight Egyptians: two leaders, four chauffeurs, a border guard and the director of the agency Aegyptus, organizer of the safari.
An Egyptian security official explained that 30 members of the special forces, from board two helicopters, launched the attack at night, just before dawn.
`On both sides, gunshots fell and half of the kidnappers were killed, the rest fled," said this person in charge, who wishes to remain anonymous.
He explained that a total of 150 members of the Egyptian special forces had been sent to Sudan, where they received support from German and Italian commandos.
The head of Italian diplomat Franco Frattini reported from Belgrade, where he is, about the role played by secret agents and elements of Italian special forces.
“We have to acknowledge that we have achieved this result thanks to the professionalism and performance of our men from the secret service and the special forces,” he said.
He also denied that a ransom had been paid.
The previous evening, the Sudanese army had claimed to have stopped an all-terrained vehicle during a patrool, in which the kidnappers were located, six of whom, including the leader from Chad, killed and two arrested.
The army stated that they were connected to a rebel group from Darfour, the Libération du Soudan-Unité (SLA-U) movement, but immediately denied this movement.
Letters - The silent majority of culture
A debate on the financing of culture makes headlines and is the central topic of the current election campaign.
All the better.
But an area of our cultural life remains forgotten.
Who will stand up and denounce the miserable sums afforded to the small museums, the archives, the archaeological excavations or the national historical places that starve miserably?
Which politician will dare to remind the federal government that it neglects its monuments and its culturally significant structures?
That in Quebec, as in Canada, there are no real laws that effectively protect our cultural heritage?
Did you know that the French government provides 3.5 million euros solely for the restoration of Chinon Castle in the Loire Valley?
Among our American neighbors it is written in the constitution of their country that the protection of cultural heritage belongs to the culture of these Americans, and that this cultural heritage must be protected by all citizens, all deputies and all government districts, in mutual coordination.
In Quebec, in the unification of Quebec’s historical societies, at least 40,000 volunteers gathered in 211 historical societies strive to deal intensively with history, save the numerous private archives with a few dimes, and preserve the archaeological remains.
They are also often the watchdogs of our cultural heritage, protesting with the power of despair, when patrons and decision-makers release their bulldozers to our old stones and forgotten cemeteries.
When will there be a stage for history and cultural heritage?
Benelux governments nationalize parts of Fortis Bank
With a partial nationalization, the Benelux countries want to help the Belgian-Dutch Fortis Bank, which has become turbulent due to the U.S. financial crisis: The three states provide a total of EUR 11.2 billion to the banking and insurance institute, which also has branches in Hungary.
The governments of Belgium, Luxembourg and the Netherlands consulted at the highest level over the weekend, together with the President of the European Central Bank and the commissioner of the competition authority of the European Commission.
In the eurozone, Fortis is the first casualty of the international financial market crisis, which has already lasted for a year, so decisions that can now be made in connection with the bank could have a precedent character.
In the spirit of the decision taken on Sunday night, all three states buy the bank's respective shares at about 49 percent.
The bank will presumably sell part of its holdings, above all the insurance activities purchased by ABN Amro last year.
Shares of the Fortis began a steep downturn last week, in the second half of the week there were already serious crisis scenarios looming.
However, analysts agree that the bank, with its 85,000 employees, is far too big for bankruptcy.
The institute's securities fell 12% to a 14-year low on Friday.
Since January, the value of the shares has fallen by more than two-thirds.
In view of the current share prices, the market value of the group amounts to EUR 14 billion, which according to the management is unrealistic.
According to the management, the USD 700 billion expensive American bailout and the resulting uncertainty in the markets is to blame for the downturn in Fortis shares.
On Monday, however, the prices increased slightly.
On Friday, Filip Dierckx was appointed the bank's new director-general.
The financial institution was also looking for a private buyer, but there was no interested party with a factual offer.
The Belgian government, meanwhile, sought reassurance - no investor is supposed to tremble for his money, it said.
There has been no panic among customers so far, the bank's branches have not been stormed.
In Hungary, Fortis has independent branches, but it also mentions leasing companies.
Fouch in the chicken coop
Due to a person’s use of medication, life and health insurance companies often refuse to enter into a contract with a customer.
Data experts fear the data market could become uncontrollable.
"There are data protection programs thating the use of the drug data in any case linked to the consent of the person concerned.
These should be in independent hands, otherwise we entrust the fox to the chicken," quotes the Washington Post Richard Dick, developer of the prescribing data tracking program.
Insurances determine the fees as well as the payout amounts in the event of damage depending on the health status of the customer, and if the risk is assessed too high, the insurance is not taken out at all.
In the past, the customer was sent to a medical examination, and the contract was concluded only in the knowledge of the examination results.
Ten years ago, Dick invented a much cheaper method: Based on the identification number of the customer, he obtains the data from pharmacies for the last one and a half years, i.e. which preparations were purchased, and the program calculates from which disease the customer suffers and what his state of health is.
For example, if he regularly buys large amounts of cholesterol-lowering drugs, it could be concluded that his blood fat levels are untreachably high, which would automatically rank him in a higher risk group.
There are several versions of the program circulating - some even define a risk multiplier, so that the insurances only have to do the paperwork, but there are minor difficulties.
One of the disadvantages is that many drugs can be taken for different purposes, such as migraines and hot flashes, but also against depression.
The latter is a high-risk factor from the point of view of insurers, while those mentioned above are not.
For querying and processing of the data, their own societies have formed which, before they obtain the data, ask the patient for their consent.
In the meantime, they have to do this by law, even though omissions have not yet been punished.
Some companies even process the results of laboratory examinations and associate them with the data on drug use, providing an even more accurate picture of patients’ state of health.
An increasing number of companies have access to the data, and at the same time the control of their use becomes more difficult.
Although there is a separate data protection law for health data, its effect only extends to service providers in the health sector and insurance companies.
The bill has already been submitted to Congress, according to which the authorities could also control the data processing companies.
Dick Richard realizes that this is too little, so he wants to develop his program, so that the data can only be passed on with the consent of the person concerned.
Another question, of course, is that the person concerned can hardly prohibit access to his data, since the insurance companies otherwise do not conclude a contract with him.
And so the chickens are quite somehow left to the fox's grace.
Global meal plan from Marseille
European Union and India doubling trade
Since the European Union and India, on both sides, are each other's leading trading partners, this was the main topic alongside other global problems at the ninth summit.
Today, the French-Indian Summit will also take place, which will mainly discuss cooperation in the nuclear energy sector.
Although the European Union recognizes that India is an emerging, democratic great power that should be given more votes and say in international concerns, the member states have not yet been able to agree on whether or not to support New Delhi's permanent membership in the UN Security Council.
This question was not discussed at the ninth summit in Marseille yesterday.
The French President and current EU Council President Nicolas Sarkozy, as well as Commission President José Manuel Barroso and chief diplomat Javier Solana received Indian Prime Minister Manmohan Singh. An agreement has been reached, according to which trading is to be doubled in the next five years, i.e. increased to a good 100 billion euros.
In view of the fact that the exchange of goods had risen from 25 to 55 billion between 2000 and 2007, this goal is not so ambitious.
In this sense, the 26 existing civil flight agreements with India have also been legally grouped into an agreement, so that in the future air traffic will also be buoyed.
By 2009, India intends to sign the free trade agreement with the Union.
Sarkozy promised to speed up the pact.
The aim is to strike a balance in the currently unbalanced relationship between the EU and India: while the Union is the number one partner in India, New Delhi is only ninth among EU partners.
The summit was dedicated to global concerns.
Among them was the situation in Afghanistan and Pakistan, or terrorism, which both sides strongly condemned. The convening of a UN conference was also urged.
The Doha Round should also be completed, with both sides to blame for the failure.
The EU stressed that it is sticking to its energy and climate programme, i.e. pollutant emissions are to be reduced by at least 20% by 2020.
India also agreed, as well as with the proposal to conclude a kind of global compromise at the upcoming climate summit and to reduce greenhouse gas production by 50 percent by 2050.
The increase in the price of food should also be combated, which is why both support the convening of an international conference on financial crisis.
The Indian Prime Minister visits the French capital today, where he will sign an agreement on the peaceful use of nuclear energy at a bilateral meeting.
Paris, meanwhile, is hoping for orders from French firms worth EUR 20bn for the construction of nuclear reactors in India.
According to agency reports, the agreement is to be decided on 15 years.
Over 300 Italian publishers in Frankfurt
Strong presence of Italian publishers at the International Frankfurt Book Fair.
More than 300 Italian publishers will be present at the 60th book fair, the most important international event for the acquisition of rights.
The international Frankfurt Book Fair expects over 7,000 exhibitors from 101 countries for the current event. They will spread over the 171,790 square meters of the fair and present over 403,000 titles. Turkey will be the guest of honour of the event.
Maria Giro’s under-secretary for the Ministry of Cultural Goods and Cultural Activities will represent the Italian government during the opening ceremony in the exhibition hall: Italy will be represented on the 264 sqm “Punto Italia” exhibition space.
This will be followed by a press conference near the room structure in exhibition hall 5.0 of the book fair: on this occasion, digits, trends and perspectives will be discussed around the publishing industry in Italy.
According to the data, the importance of the books of foreign writers decreases throughout, but especially in the adult and youth division.
Billionaire Steve Fossett's small plane that disappeared a year ago
Steve Fossett's small plane, the billionaire who vanished on September 3, 2007 on a flight over the Nevada desert, was found.
The individual parts have been found on a high plateau of 3000 m altitude, in the area of the Sierra Nevada Mammoth Lakes between the states of California and Nevada.
There were no human remains inside the plane, however.
Madera County Sheriff, John Anderson, completely invalidated the final doubt during a press conference: "The plane has been localized, whereupon a troupe was dispatched. Now we have the certainty that it's the plane that Steve Fossett flew on the day of his disappearance."
Mr. Anderson also further confirmed that no human remains were found on the plane or its proximity.
The 63-year-old billionaire was pronounced dead in February.
The U.S. Office of Road Safety (Ntsb) noted that just a few hours after sighting of the aircraft, a crew was dispatched who identified the plane: it is the Bellanca 8kcab, which was lost on September 3, 2007, after Fossett took off for a 3-hour flight in Yerington, Nevada.
Yesterday, some of Fossett's personal belongings were finally found in California, not far from the Nevada border, by a couple near their home on Mammoth Lakes.
These are two ID cards called Fossetts, both of which had been issued by illinoi's Federal Aviation Administration, cash and a jacket.
The search for Fossett had been abandoned a month after his disappearance.
The billionaire had conquered a place in history through a long episode of records.
In 2002, he succeeded in the sixth attempt, as the first person to circle the world ball in a hot air balloon: a two-week, lone flight.
Three years later, he circumnavigated the world in a single flight without landing with an aircraft.
Under his several records, there is also a treble of 15445 m over the Andes, but with a co-pilot.
Glk, the advertising you don't expect
A suv that falls out of the conventional schemes due to its original design and the special lines, the sweeping surface and its clear angles.
Mercedes-Benz has tried to breathe new breath into the sector with this off-roader.
Precisely because of its extraordinary characteristics, the presentation of the Suv Glk will also be unconventional, which will be shown in the Mercedes-Benz showroom from 17, October.
Thus, the advertising drum, which will accompany the appearance of the new model, will also occur in a new dress, namely in the form of a 3D campaign – a novelty in the car sector in backward Italy.
A project with a maximum effort, which is to be carried out in various chamfers, which the central shopping mile of Milan, the Corso Como, by 15 November.
The first bevel will consist of the presentation of the car in form, whereby 3D glasses, which are distributed in the vicinity of the Corso Como, are intended to give the whole a special look: the new Suv will thus appear as a three-dimensional model in its almost real dimensions.
In fact, the car will seemingly emerge from the poster on which it is pictured.
This is used to illuminate the new Glk in all its details at different moments in order to reassemble itself as a whole.
Undoubtedly it is the concern of Mercedes with this advertising to introduce a new type of car complaint into this rather stereotypical field.
But will it be possible to irritate the interest of future buyers? We will see it.
Now it is clear who the Italian hooligans are
They’re coming out of Triveneto – now they’re risking stadium bans
Who are only these 150-200 boys and girls for whom the whole of Italy is now ashamed? They are part of the "Ultras Italia" group, which has been trailing the Italian national team for years and which, frankly, until recently caused no serious problems.
There have never been clashes with opposing fans so far.
The origin of the group lies in the right milieu.
The sponsors are from Triveneto.
From Verona, Padova, Trieste and Udine.
Among these were other smaller groups from Campania and Puglia in Sofia.
They wear the tricolori, on which the cities of the militants appear: however, these were removed on Saturday to avoid identification.
Their role models are English fans.
In Bulgaria there was now a clash with a truly far-right fan scene, that of Levski.
The Figc had made 144 tickets available to Italian fans for the game: all of them were exhibited by name and thus easy to control.
In fact, they were also all controlled by the Viminal: among those who traveled to Sofia there was no one with an ongoing stadium ban procedure.
Four fans of the Italian team, who had already been burdened in this regard, the ticket and the trip to Bulgaria were also denied.
Now the Viminal is awaiting the reports of the Bulgarian police to take further steps: in this case Tifosi, which have been arrested or identified in the riots, can expect a stadium ban of at least five years.
This is an international ban that prevents access to stadiums across Europe.
So our hooligans won't set foot in a stadium anymore.
Luckily.
But now, of course, there is fear of imitators, who could follow these little more than 150.
"This fire must be escaped immediately, and by no means give such behavior the opportunity for justification," the Viminal said.
That's why, "eyes on especially with a view to the game of the national team on Wednesday in Lecce."
Because, in fact, there is a small core in Puglia of Italian Ultras.
Tomorrow the Osservatorio (sports supervision) will gather on Tuesday the Casms, which can count on a part of the Aise, i.e. the secret services, which deals with the problem of stadium violence.
"Duce-Duce calls and the raised right arm during Mameli's hymn? In Bulgaria, this is not an offense..."
This the idea of Domenico Mazzilli (significantly expressed without joy), who has been the director of the Osservatorio at the Viminal for a few weeks (he took over the post of Francensco Tagliente and Felice Ferlizzi afterwards).
Mazzilli had previously been the police commissioner of Trieste, where a core of the supporters of Ultras Italia, founded in 2020, comes from.
It is true, says Mazzilli, that it is not against the law to praise the Duce in Bulgaria, but undoubtedly the behavior of these 150-200 people was a disgrace.
“I’m not a sociologist—adds the Osservatorio’s No. 1—crimes are punished in the land.
Until now, this group had kept in check, but now it is necessary to reconsider what has happened and will happen.
But we also speak of the whistles during the hymn Mamelis: even this is not a crime, but allow them, because the education is lacking..."
