I populisti di destra trionfano in Austria, hanno totale il 29 per cento
Secondo i primi risultati preliminari delle prime elezioni parlamentari in Austria hanno comportato un indebolimento percepibile di entrambi i partiti nell'attuale grande coalizione e una spinta significativa per i partiti populisti di destra.
Il Partito popolare austriaco (ÖVP), dove la posizione dell'attuale capo, Wilhelm Molterer, viene gravemente scosso, ha subito perdite particolarmente grandi.
Al contrario, il leader della campagna elettorale dell'Alleanza per il Futuro dell'Austria (BZÖ), il governatore carinziano Jörg Haider, sta preparando un trionfale ritorno alla politica nazionale.
Secondo i risultati preliminari, il Partito socialdemocratico (SPÖ) rimane il più forte del paese con il 29,8 per cento dei voti, tuttavia, ha perso il 5,5% dei voti dalle ultime elezioni del 2006.
ÖVP, che con il suo 25,6% perde quasi il nove per cento dei voti, è andato ancora peggio.
Questi sono i peggiori risultati di entrambi i grandi partiti nella storia austriaca del dopoguerra, e in particolare per il Partito popolare, che ha sollecitato le elezioni anticipate, è letteralmente un risultato catastrofico.
All'inizio di luglio, quando ÖVP ha lasciato la coalizione, il Partito popolare aveva ancora un vantaggio significativo su SPÖ nei sondaggi.
Gli elettori, tuttavia, apparentemente li hanno puniti per aver lasciato cadere il governo.
Nelle prime reazioni ai risultati, c'erano già speculazioni sulle possibili dimissioni del capo del partito e dell'attuale vice-cancelliere Wilhelm Molterer.
Gli osservatori anticipano che questo potrebbe avvenire già nella riunione straordinaria della leadership del partito di lunedì.
Un tale sviluppo semplificherebbe certamente il viaggio verso il ricorso sempre più probabile dai risultati elettorali, cioè il rinnovamento della grande coalizione di SPÖ e ÖVP.
Dato il rafforzamento di entrambi i partiti populisti di destra - il Partito della Libertà (FPÖ) ha guadagnato un preliminare 18 per cento e BZÖ l'undici per cento dei voti - tuttavia, allo stesso tempo, i socialdemocratici hanno espresso il timore di una ripetizione dell'anno 1999, quando il Partito del Popolo era d'accordo con i populisti (FPÖ era ancora unito in quel momento, si è staccato da BZÖ nel 2005)
Haider, che ha già annunciato di essere pronto a lavorare insieme a qualsiasi partito e presume che tornerà a Vienna alla politica nazionale, conta evidentemente su questo sviluppo.
Anche il Partito dei Verdi è entrato in parlamento, ma ha subito una leggera perdita ed è sceso dal terzo al quinto posto tra i partiti politici austriaci.
Evidentemente nessuno degli altri partiti ha superato il quarto per cento ed è entrato in parlamento.
Schwarzenber: le relazioni con l'India potrebbero peggiorare
Secondo il ministro degli Esteri Karel Schwarzenberg, se non sarà possibile risolvere il problema degli scienziati cechi accusati in India della raccolta illegale di coleotteri, un certo peggioramento delle relazioni ceco-indiane potrebbe avvenire.
Il ministro ha fatto questa dichiarazione a New York in seguito all'incontro di oggi con il suo omologo indiano, Pranab Mukherjee.
"Se non viene risolto, allora sì, allora sarebbe avvenuto un certo peggioramento", afferma in seguito all'incontro avviato dalla parte ceca.
A seguito dei negoziati, Mukherjee ha detto che era difficile per il ramo esecutivo intervenire in materia giudiziaria.
Tuttavia, ha detto che nel caso di Petr Švácha, che è stato scagionato dalle accuse e penalizzato con una multa, il governo centrale può negoziare con il governo locale di Darjeeling, sotto la giurisdizione di cui la questione appartiene.
"Il suo problema potrebbe essere risolto", ha detto il ministro.
Secondo Mukherjee, sarebbe meglio per Emil Kučera, condannato a tre anni di carcere, fare appello alle autorità superiori.
Può quindi richiedere di essere rilasciato su cauzione e aspettare il verdetto al di fuori del carcere, ha spiegato.
Schwarzenberg ha confermato che anche il suo compagno lo aveva detto durante le trattative.
"Raccomanda l'appello a un tribunale superiore, allora sarebbe possibile perdonarlo", ha detto il capo della diplomazia ceca.
L'unico modo in cui la parte ceca può essere coinvolta nell'intera questione è quello di fornire agli individui condannati "un supporto legale competente", ha detto il ministro indiano.
Allo stesso tempo, ha detto che la parte indiana sta già fornendo loro aiuti di questo tipo.
“È nel nostro più grande interesse mantenere le migliori relazioni con l’India, che hanno una tradizione di lunga data.
Anche gli indiani lo riconoscono", ha detto Schwarzenberg.
Allo stesso tempo, come ha detto all'agenzia di stampa ceca, ha sottolineato di fronte alla sua compagna che la Repubblica ceca ha attribuito grande importanza al problema degli entomologi cechi.
"Riteniamo veramente che l'arresto e l'accusa di questi scienziati cechi siano un grave errore", ha dichiarato.
Il ministro ha evitato di rispondere alla domanda se avesse ricevuto una promessa dalla parte indiana di perseguire la questione.
Ha dichiarato semplicemente "ho già ricevuto un bel po' di promesse".
Gli arbitri cechi combattono per il fondo dell'oceano
Fa un passo verso la mappa elettronica che raffigura l'Australia e le aree del mare circostanti.
Tuttavia, non è interessato al continente, ma in un piccolo punto perso nel blu dell’oceano.
"Quest'isola, e con essa il fondo dell'oceano che la circonda, appartiene all'Australia.
Allo stesso tempo, l'area è grande come il continente stesso", afferma l'avvocato italiano Luigi Santosuosso, che appartiene al team di trenta membri dei dipendenti della Divisione ONU per gli affari oceanici e del diritto del mare.
Il suo capo, il direttore della divisione, l'avvocato ceco Václav Mikulka, segue quello che sta dicendo e ogni tanto aggiunge qualcosa.
La scorza e l'entusiasmo per il lavoro sono dominanti qui.
Il fondo dell'oceano ripara un mondo finora poco conosciuto ricco di risorse naturali.
È possibile trovare petrolio, minerali e altri minerali, ma anche organismi viventi finora sconosciuti che detengono la chiave, ad esempio, allo sviluppo di una cura per il cancro.
Un pavimento più grande del continente
I paesi costieri oggi hanno iniziato a competere con veemenza per il nuovo territorio sottomarino.
Cioè, secondo un accordo delle Nazioni Unite stanno utilizzando i diritti sui quali hanno concordato nel 1982 a Montego Bay, in Giamaica.
Questa è principalmente l'area della cosiddetta piattaforma continentale, che spesso arriva fino a diverse centinaia di chilometri dalla costa del dato paese.
Secondo l'accordo, quel paese ha il diritto esclusivo a tutte le risorse della piattaforma continentale.
"Presa semplicemente, la piattaforma continentale è considerata la parte del fondo dell'oceano che è la naturale continuazione del continente sotto il mare e il suo substrato.
Raggiungeva oltre il bordo del mare costiero, spesso anche al di là delle duecento miglia nautiche della cosiddetta zona economica esclusiva", spiega Mikulka.
La richiesta che il paese presenta alla Commissione sui limiti della piattaforma continentale deve essere supportata dalla documentazione scientifica e tecnica sulla base di molte indagini e misurazioni costose.
È il risultato di molti anni di lavoro preparatorio.
"Uno dei nostri ruoli è quello di fornire alla commissione un'assistenza tecnica legale e specializzata.
La commissione ha finora discusso cinque richieste, da Russia, Brasile, Australia, Irlanda e Nuova Zelanda.
Solo gli ultimi tre di quei paesi hanno avuto successo finora", aggiunge Mikulka.
Di recente il successo dell'Australia, che è stato il primo ad espandere il suo dominio subacqueo, è stato registrato in tutto il mondo.
Ma anche la Nuova Zelanda ha guadagnato - l'area del fondo dell'oceano che la commissione ha concesso è di circa 1,6 milioni di chilometri quadrati, cioè circa sei volte più grande delle dimensioni del paese stesso.
Entrambi i paesi hanno investito milioni di dollari in sondaggi.
Il profitto che deriverà dall’utilizzo del fondo dell’oceano in futuro sarà, sperano, senza prezzo.
Anche gli altri paesi presenteranno gradualmente le loro richieste.
Hanno fino a dieci anni dal momento in cui hanno ratificato l'"Accordo di Montego Bay" per farlo.
Dove termina la piattaforma continentale, inizia l'area del fondo dell'oceano dichiarata dall'accordo come "patrimonio comune dell'umanità".
Qui nessun paese ha più una posizione esclusiva.
I diritti minerari in questo settore sono concessi attraverso l’accordo stabilito dall’istituzione internazionale.
"Ma il fondo dell'oceano non è Klondike", dice esagerato il direttore Mikulka, aggiungendo che le sue "aree individuali sono giuridicamente chiaramente delimitate e il loro regime è ancorato nei contratti".
Cechi nel Pacifico
Una parte del fondo dell'oceano appartiene attualmente alla Repubblica Ceca.
Lo condivide con altri paesi dell'ex blocco orientale come parte dell'organizzazione comune "Interoceanmetal".
Per accordo, quest'organizzazione, come gli investitori di diversi piccoli altri paesi, ha guadagnato lo status del cosiddetto "investitore pionieristico" nel 1991.
È autorizzato a estrarre nella zona di ClarionClipperton nell'Oceano Pacifico, che si trova tra Messico, Hawaii e Kiribati.
L'area indagata dall'investitore è leggermente più grande dell'ex Cecoslovacchia.
Il fondo dell'oceano c'è robusto, è una sorta di modello subacqueo delle montagne di Tatra.
"È possibile estrarre lì su una superficie complessiva di 75.000 chilometri quadrati.
L'area è una ricca località per la raccolta di concrezioni in polimetallo contenenti nichel, rame, cobalto e manganese", afferma un altro avvocato, Pakshi Rajan proveniente dall'India.
L'avvocato macedone della divisione, Rober Sandev, porta una di queste concrezioni per manifestare.
Sembra una piccola patata o, con un po' di fantasia, lo shem mitico, che, secondo la leggenda, ha portato in vita il Golem.
Forze Speciali Tedesche Presenti in Ostaggio Soccorso
Nel risolvere la crisi degli ostaggi, il governo egiziano aveva chiesto aiuto alla Germania - che ha inviato gli esperti.
Quando la spinta è arrivata, le forze speciali erano pronte, ma i loro servizi non erano richiesti alla fine.
Sempre più dettagli stanno emergendo sulle circostanze che circondano la liberazione degli undici turisti europei rapiti in Egitto.
Secondo i ministeri federali tedeschi della Difesa e dell'Interno, le forze speciali tedesche hanno indirettamente preso parte alla missione di salvataggio.
Specialisti delle Forze Armate Federali (Bundeswehr) e membri della polizia federale tedesca (Bpol) e delle sue unità speciali GSG 9 e Air Guard erano presenti al salvataggio, hanno detto i portavoce dei ministeri lunedì sera, così come i membri dell'Ufficio federale di polizia criminale (BKA) e gli esperti di logistica dell'Agenzia per il soccorso tecnico (THW).
Le forze tedesche non sono state richieste, tuttavia, hanno detto, perché i rapitori hanno abbandonato i loro ostaggi ed sono fuggiti quando sono venuti a conoscenza che gli ostaggi stavano per essere liberati con la forza.
Il governo egiziano aveva accettato l'aiuto offerto dalla Germania per fare affidamento sulle forze tedesche come rinforzo durante l'operazione.
`Per fortuna, non si è arrivati a questo', ha detto un portavoce del ministero federale tedesco dell'Interno.
Il gruppo di viaggio composto da cinque tedeschi, cinque italiani, una donna rumena e i loro otto compagni egiziani era stato teso un'imboscata e rapita il 19 settembre nel sud dell'Egitto.
Dopo il loro rapimento in una regione del deserto nel sud dell'Egitto, gli ostaggi erano stati portati avanti e indietro nella regione di confine tra Egitto, Libia, Sudan e Chad.
Ad oggetto, l'identità dei rapitori rimane sconosciuta, così come i dettagli sul salvataggio o sui possibili riscatti.
Gli ex ostaggi sono arrivati sani e salvi al Cairo, nel frattempo.
Il ministro degli Esteri tedesco Steinmeier ha detto che sono stati affidati alle cure dell'ambasciata tedesca.
Non ha commentato i dettagli del salvataggio.
A Berlino, non sono state fornite informazioni immediate sul loro ritorno in Germania.
Secondo il quotidiano tedesco `Bild', i cinque turisti e le forze speciali devono salire a bordo di un Airbus dell'Aeronautica tedesca, che si dice arrivi in Germania martedì.
La Camera dei Rappresentanti degli Stati Uniti rifiuta il salvataggio
Il pacchetto di salvataggio da 700 miliardi di dollari per i mercati finanziari non è riuscito a passare nella prima delle due camere del Congresso degli Stati Uniti.
Il Dow Jones fece un'immersione al naso.
Con un voto di 227 a 206 contrari, la Camera dei Rappresentanti degli Stati Uniti ha respinto il pacchetto di salvataggio del governo per i mercati finanziari.
Tutti gli appelli del presidente George W. Bush e funzionari di spicco di entrambe le parti, non è stata raggiunta alcuna maggioranza per il programma che doveva contenere il caos nei mercati finanziari.
In una campagna drammatica, i sostenitori avevano fatto disperati tentativi per convincere i critici dei meriti del piano da 700 miliardi di dollari.
Barney Frank, uno dei principali negoziatori democratici, aveva chiesto l'approvazione ai rappresentanti, anche se era un piano impopolare.
"È difficile ottenere l'approvazione politica per la prevenzione di qualcosa che non è ancora accaduto", ha ammesso.
Mentre il voto era ancora in corso, il Dow Jones ha visto un calo di oltre il sei per cento, ovvero 600 punti.
È stato causato dalle preoccupazioni degli investitori che il salvataggio del governo potrebbe fallire.
Si è ripreso poco prima della fine del voto, solo per fare un'altra immersione nel naso quando il rifiuto è stato reso pubblico.
Gli esperti ora si aspettano ulteriori pesanti turbolenze nei mercati finanziari internazionali.
Affinché il piano venga attuato, è necessaria l'approvazione sia della Camera dei Rappresentanti che del Senato.
Le agenzie di viaggio segnalano l'aumento delle prenotazioni
Sarà un buon inverno per le agenzie di viaggio tedesche, evidentemente:
Un sondaggio afferma che il fatturato delle prenotazioni per i prossimi mesi è aumentato in modo significativo rispetto all'anno precedente - per la stagione invernale di ben il 30 per cento, anche.
Nonostante le prospettive di un'economia debole, l'appetito dei tedeschi per viaggiare rimane incontaminato, dice un sondaggio.
Per le prenotazioni durante la stagione invernale, le agenzie di viaggio hanno visto un aumento del fatturato del 31% rispetto allo stesso periodo dell'anno precedente, ha riferito l'Associazione tedesca dei viaggi (DRV) a Berlino lunedì.
Secondo la società di ricerche di mercato GfK, c'è stato un aumento delle prenotazioni anche durante i mesi autunnali.
Le agenzie di viaggio avevano visto un aumento del fatturato di circa l'undici per cento per ottobre rispetto al 2007, ha detto il DRV.
I risultati si basano sulle cifre di GfK, che elabora i dati di prenotazione di 1200 agenzie di viaggio tedesche ogni mese e li utilizza per fare proiezioni per il mercato nel suo complesso.
Sono incluse le prenotazioni di viaggio effettuate fino ad agosto 2008.
A causa di un dollaro debole, in particolare i viaggi negli Stati Uniti erano richiesti, ha detto il DRV.
In quest'area, le prenotazioni erano aumentate di circa un terzo, ha detto.
Ciò a parte, ha sottolineato che Spagna, Turchia e Grecia sono popolari tra i tedeschi, così come le regioni nazionali.
I viaggi all-inclusive sono stati particolarmente ricercati, ha detto il presidente del DRV Klaus Laepple.
Alla luce dell'aumento dei prezzi dell'energia e dei prodotti alimentari, il loro costo era "più calcolabile per i clienti rispetto a quello delle vacanze organizzate individualmente", ha affermato Laepple.
I consumatori potrebbero risparmiare denaro attraverso sconti early-bird o all-inclusive, tra gli altri, ha detto Laepple.
PoichÉ i mesi estivi erano stati molto ben prenotati, ci sarebbe stato un altro aumento del fatturato rispetto all'anno precedente, ha detto - anche se un altro sondaggio riporta che il numero di tedeschi in viaggio è affondato rispetto all'anno precedente.
La mia prima volta all'Oktoberfest
Colpi in stile spring-break e après-ski in modalità a ripetizione, birra da tazze da un litro e celebrità del designer Dirndln.
Un Debutto Di Wiesn.
Tecnicamente, io e Susanne Kronzucker non abbiamo molto in comune.
È bionda, conduttrice televisiva e indossa un Dirndl su misura.
Ho i capelli scuri, sono uno studente, e il mio vestito è di seconda mano.
Ma c'è una cosa che ci collega: siamo stati al Wiesn per appena tre minuti, e già i fotografi si stanno affollando intorno a noi e scattando, riempiendo le loro schede di memoria - molto lusinghiero, ed è la mia prima visita al Wiesn, per l'avvio.
È così che si fanno gli amici.
L'economico Dirndl sembra fare il suo lavoro.
Per un turista Wiesn di solito con sede a nord dell'equatore "Weisswurst", quella comoda sensazione di indossare abiti tradizionali bavaresi aveva lasciato molto da desiderare fino ad oggi.
Ma una volta arrivato a Theresienwiese, non è così male.
Quasi tutti indossano Dirndl o Lederhosn; nessuno sembra disgustato o imbarazzato - è tutto totalmente normale.
Solo il mio grembiule Dirndl ha attirato sguardi strani al venditore di banane di cioccolata.
Una donna di Monaco ha portato alla mia attenzione che avevo legato il grembiule nel modo sbagliato: `Disponibile a sinistra, vergine in mezzo, commesso a destra, vedova dietro.'
Furtivamente, tiro il mio grembiule da dietro a sinistra.
`Sembra giusto', dice, e ride.
Altri sono meno preoccupati delle sottili tecniche di flirt e indossano semplici cappelli di feltro che dicono `Troppo ubriachi per vestirsi' e, senza spingere, mostrano alle persone le loro nude dietro.
Il giovane con l'atteggiamento esibizionista si chiama Bob, viene dall'Inghilterra, ed è anche la sua prima volta all'Oktoberfest.
Lo trova `splendido', con un `ooooo' allungato.
Me l'ha detto subito dopo essersi liberato del "Maß" che aveva in precedenza.
Proprio accanto a uno di quei tappi di fuoco che tutti scambiano per discariche di rifiuti.
Quindi Bob è uno di quei famigerati "Wildbiesler".
Altri non sono abbastanza fortunati da perdere l'alcol in questo modo.
Andando alle otto di notte, decine di paramedici sbridano la posizione, occupandosi degli abbuffanti poveri.
I medici appaiono sempre in branco - ce ne sono sempre quattro alla volta, che trasportano una barella coperta dalla tenda alla tenda.
Funziona come con la maggior parte dei visitatori di Wiesn: quando è vuoto, si dirigono fuori, e quando è pieno, tornano.
Non si vede chi c'è all'interno delle bare BAC.
`Sono quelli che non ne possono più sopportare', ha urlato uno dei paramedici quando gliel'ho chiesto, scomparendo tra la folla.
Vittima dell'incidente nominata dalla polizia
Un pedone donna di 63 anni morto in ospedale dopo essere stata investita da un veicolo nell'Essex è stato nominato.
Carole Paulson, di Chelmsford Road a Brentwood, è stata coinvolta nell'incidente di venerdì pomeriggio su Shenfield Road nella città.
È stata portata al Queen's Hospital di Romford, ma in seguito è morta.
Dopo l'incidente un uomo di 51 anni è stato arrestato con l'accusa di guida incurante.
Da allora è stato rilasciato su cauzione della polizia.
L'ampliamento degli orizzonti diplomatici della Turchia
Molto prima che la Turchia cercasse di entrare nell'Unione europea, le potenze europee erano desiderose di penetrare in profondità nell'entroterra della Turchia.
Sul lato orientale del Bosforo, forse a soli 20 passi in Asia, si trova una delle migliori reliquie di quest'ambizione imperiale fallita.
La stazione ferroviaria Hydarpasha è stata progettata da due architetti tedeschi Otto Ritter e Helmut Conu nello stile neo-rinascimentale.
Questo almeno è quello che ti dicono le guide.
L'edificio siede lungo la fine delle piattaforme con una torre in ciascuno dei suoi angoli anteriori alla ricerca di tutto il mondo come qualche municipio tedesco provinciale.
La pietra è sporca.
L'intero edificio leggermente in decadenza.
Ma una volta all'interno della biglietteria a volta, non c'è dubbio sulla grandiosità dell'impresa di cui questa era la porta più occidentale.
La stazione fu aperta nell'agosto del 1908 da un consorzio tedesco, l'Anatolia-Baghdad Corporation.
La Germania, ritardatario del gioco imperiale, ha lo scopo di realizzare le sue ambizioni di dominare il Medio Oriente per mezzo di questa ferrovia che corre a Damasco, Baghdad e oltre in quella che oggi è l’Arabia Saudita.
Ma le ambizioni imperiali della Germania sono naufragate durante la prima guerra mondiale.
I suoi binari ferroviari furono attaccati da Lawrence d'Arabia e dai suoi irregolari arabi.
Il relativo isolamento dalla sua regione circostante, generato dai confini congelati della Guerra Fredda, se n'è andato
Le forze britanniche e di dominio avanzarono dall'Egitto e portarono i turchi e i loro alleati tedeschi fuori dalla Palestina e dalla Siria.
E c'erano cattive notizie anche per la stazione di Hyderpasha.
Nel 1917 un treno di munizioni fece esplodere distruggendo il suo elaborato tetto.
Fonti turche dicono che è stato un sabotaggio.
Da allora si è lentamente allontanato, in gran parte bypassato dalla storia.
Ma oggi, questa porta ferroviaria verso l'Anatolia e tutti i punti est, serve - almeno simbolicamente - per evidenziare l'ampliamento degli orizzonti diplomatici della Turchia.
Il partito di governo Giustizia e Sviluppo - l'AKP - ha creato un'intera nuova politica estera per il paese.
L'isolamento relativo dalla sua regione circostante, generato dai confini congelati della Guerra Fredda, è andato.
Ora c'è una nuova politica d'ingaggio.
Sorprendentemente il governo turco ha buone relazioni con Israele e Siria, con le fazioni palestinesi di Hamas e Fatah, con l'Iraq e l'Iran e naturalmente con l'Unione europea e gli Stati Uniti.
Per valutare i parametri di questa nuova politica estera, sono salito sul dormiente notturno nella capitale turca Ankara, per visitare uno dei maggiori esperti di politica estera dell'AKP, il deputato turco Suat Kiniklioglu.
La mattina dopo - circa dieci ore e mezza dopo - dopo una corsa scossa lungo le tracce che producevano le cadenze del vecchio mondo del famoso documentario The Night Mail, sono arrivato nella capitale turca - proposto come nuova città per un nuovo stato laico intenzionato a voltare le spalle al passato ottomano.
Ma l'AKP con le sue note radici islamiste rappresenta un cambio di paradigma nel consenso turco.
Ha suscitato alcuni sospetti in Occidente, in particolare a Washington.
Un taxi mi ha portato al quartier generale dell'AKP, una struttura ultramoderna in pietra e acciaio - appositamente costruita - in un sobborgo in via di sviluppo, circondata da centri commerciali semi-costruiti e pasticcerie elettriche in cui i gestori medi in tute aziendali - sia uomini che donne - si sono incontrati per fare accordi di prima mattina.
Suat Kiniklioglu avrebbe potuto essere un politico di centro-destra di quasi tutti gli altri partiti politici in Europa.
Tuta, cravatta, sono sicuro che stava anche impacchettando un Blackberry.
"L'obiettivo della politica estera del partito è ora quello di reintegrare la Turchia nel suo immediato vicinato.
La guerra fredda era un'anomalia", mi ha detto.
La Turchia era stata tagliata fuori dal suo entroterra.
Oggi ha dovuto guardare verso est e verso ovest allo stesso tempo.
Non era un caso dell’uno o dell’altro.
Doveva fare entrambe le cose.
"Ma sicuramente ad un certo punto", ho chiesto, "la Turchia potrebbe essere costretta a scegliere?".
"La Turchia", ha detto, "non voleva dover affrontare questa scelta".
Ha poi sottolineato che quasi tutti quelli con cui ho parlato qui hanno recitato quasi a memoria: i legami della Turchia non solo con il Medio Oriente, ma al Caucaso, e intorno al Mar Nero, sono tanto a beneficio dell'Europa e degli Stati Uniti quanto con la Turchia.
Con la Turchia a bordo, il messaggio sembra essere che l'Europa nel suo complesso può metaforicamente guidare quelle linee ferroviarie verso est verso l'Asia e il Medio Oriente.
Tornato alla stazione di Hydarpasha, dopo un'altra notte in gran parte insonne, ho pensato a quei due signori tedeschi Herr Ritter e Herr Conu che avevano visto questo edificio in costruzione 100 anni fa.
Quanto sarebbero stati sorpresi di scoprire che le ambizioni mediorientali dell'Europa potrebbero ora, in gran parte, essere nelle mani della Turchia.
E mentre aspettavo al terminal che il traghetto mi riportasse attraverso il Bosforo, ricordavo che in quei giorni la Turchia era sempre stata definita "l'uomo malato d'Europa".
Allora almeno non sembravano esserci molti dubbi su quale continente dovesse rivendicare questo affascinante paese.
Ricordate le vite: Vernon Handley e William Woodruff
Mark Brown scrive: Come direttore musicale di Guildford del 1962, Vernon "Tod" Handley (necrologio, 11 settembre) aveva l'accusa della Guildford Philharmonic Orchestra and Choir.
Nell'ambito del suo schema musicale per il quartiere, nell'anno successivo fondò il suo meraviglioso coro giovanile, Proteus.
Doveva essere per l'under 21, ma quando i Proteus hanno cantato il suo finale nel 1979, molti di noi avevano vent'anni - ci siamo solo rifiutati di rinunciare al coro.
Il nome "Proteus" (il mutaforma mitologico) rappresentava la volontà e la capacità del coro di affrontare qualsiasi musica gli fosse stata presentata, sia madrigale o Messiaen, se non accompagnato o con orchestra completa.
La versatilità musicale prodotta da un tale coro giovanile era spesso sorprendente, sempre emozionante, ed era tutto dovuto all’ispirazione di quell’unico uomo e all’entusiasmo per la musica che è rimasta assolutamente costante nel corso degli anni.
Quante volte ci è stato detto da Tod di "lasciare che la musica parlasse da sola".
Diceva: "Il compositore sa quello che vuole.
C'e' tutto nella musica.
Quindi cantalo!"
La sua tecnica era assolutamente chiara e precisa, anche se mai dittatoriale, né florida.
Qualunque sia lo standard musicale, lo ha sempre alzato ancora di più.
John Frayn Turner scrive:
Se qualche conduttore avrebbe dovuto essere nominato cavaliere era Vernon Handley.
L'ho conosciuto bene durante i due decenni in cui ha condotto la Guildford Philharmonic dal 1962 al 1982.
Negli ultimi 40 anni, ho recensito più di 100 dei suoi concerti e posso onestamente dire che non sono mai stato deluso con uno solo - e molte volte ispirato da loro.
Tod Handley aveva quella rara combinazione di grandezza più pudore personale.
Odiava i conduttori che, secondo le sue parole, "falcavano semplicemente uno o due noti cavalli da guerra in tutto il mondo".
Ci mancherà a tanti di noi.
Categoria: William Woodruff
Il professor John Beckett scrive:
Il vostro necrologio di William Woodruff (25 settembre) afferma che "nel 1946 ha ripreso la storia economica a Oxford e nel 1950 è diventato membro di ricerca Houblon-Norman ... mentre studia allo stesso tempo per un BSc, un MA e un dottorato di ricerca".
Questo deriva dalla nota dell'autore di Woodruff in Beyond Nab End, ma non è corretto.
Dal 1946 al 1953 è stato docente di storia economica presso l'Università di Nottingham, durante il quale ha completato una tesi di dottorato sull'industria britannica della gomma, supervisionata dal professor J. D. Chambers, e successivamente pubblicata nel 1958 come The British Rubber Industry.
Trascorse 1950-51 negli Stati Uniti per una borsa di studio Houblon-Norman, e l'estate del 1952 presso le università dell'Illinois, Harvard e New York.
Nel 1953 lasciò Nottingham definitivamente per l'Illinois.
Perché Woodruff ha scelto di sorvolare su questa parte della sua carriera è sconosciuto.
J. Vincent Resino presso la Facoltà di Filologia
"Raccomando l'esposizione di José Vicente Resino "Flamenco y vida", perché le sue fotografie in bianco e nero, scattate in stile documentario, sono straordinarie.
Le foto hanno attirato la mia attenzione per la loro semplicità e potenza che trasmettono, trattando sempre i soggetti con particolare attenzione.
Una mostra che esegue un sentimento profondo.
Resino è in grado di catturare momenti magici".
Seconda aggressione per la super-vendita di Honda
Il prossimo novembre Honda lancerà il marketing della seconda generazione di modelli Jazz.
Se il modello precedente era già caratterizzato da un'alta abitabilità, questo nuovo monovolume ha uno sparzio interno più ampio.
Inoltre, è dotato di una meccanica raffinata che aumenta il comfort di guida e consente di risparmiare carburante.
Evoluzione al posto della rivoluzione.
Questa è la seconda generazione di Honda Jazz.
Mentre esteticamente il nuovo Jazz sembra il modello precedente, i cambiamenti apportati al minivan sono numerosi.
Tra gli altri, vale la pena sottolineare il suo design innovativo, la nuova piattaforma, le dimensioni più grandi e la meccanica piuttosto nuova.
In ogni caso, prima di passare ad analizzare il nuovo modello, può essere utile sottolineare che questo nuovo Jazz arriva solo sei anni dopo l’ingresso della prima generazione.
Pertanto, una prima osservazione dovrebbe considerare che Honda ha rinnovato questo modello più rapidamente rispetto alle altre aziende di solito.
Anche se il modello Jazz è meno conosciuto in Europa che in altri mercati, rimane un fenomeno in termini di vendite.
Questo è il caso del Giappone, dove Jazz era l'auto più venduta nel 2002 e anche durante questo 2008.
Proprio lì, quasi un milione di unità di Jazz sono state vendute dal lancio del modello.
Il secondo mercato è stato il Vecchio Continente, con circa mezzo milione di unità vendute in sei anni.
Nonostante questi numeri, Honda ritiene che questo nuovo Jazz aumenterà ancora di più le sue vendite nel segmento.
Quindi, se nel 2007 l'azienda giapponese ha venduto un totale di 83.000 unità di questo modello, nel 2009 stima che saranno circa 100.000 auto. Questo prevede un possibile aumento delle vendite del 17% solo nel mercato europeo.
Per quanto riguarda il mercato spagnolo, Honda ha venduto un totale di 8.000 unità di Jazz dal 2002, corrispondenti al 6,7% delle vendite totali per l’azienda in Spagna.
Con l'arrivo della nuova generazione, i responsabili dell'azienda in Spagna si aspettano di vendere circa 2.000 unità di Jazz entro un anno.
L'arrivo della nuova Honda Jazz lo renderà probabilmente possibile, riducendo in larga misura l'abbassamento delle vendite in Spagna.
Infatti, i responsabili del marchio si aspettano di arrivare alla fine dell'anno con un totale di 22.000 unità vendute, cioè 4.000 unità in meno rispetto al 2007, con una diminuzione del 16%.
Nonostante l'aumento delle vendite, Honda ha incrementato anche la sua quota di mercato in Spagna, raggiungendo l'1,8%, rispetto all'ultimo anno dell'1,6%.
Allo stesso tempo, l'azienda giapponese prevede di raggiungere il 2% nel 2010.
Per raggiungere questo obiettivo, Honda è fiduciosa in un altro suo nuovo modello.
Questa è Insight, un'auto compatta ibrida a cinque porte, lunga 4,37 metri. L'azienda giapponese spera di vendere circa 200.000 unità di questo modello in tutto il mondo, entro un anno.
Secondo i mercati e le stime dei produttori giapponesi, il 50% della vendita di Insight arriverà dagli Stati Uniti, mentre il restante 50% sarà sia dal Vecchio Continente che dal Giappone.
Il lancio commerciale di Insight è previsto per l'inizio del prossimo anno, poco dopo la presentazione del modello all'interno dell'azienda a gennaio a Valenza.
Rispetto alla prima generazione, il nuovo Jazz è cresciuto in tutta la sua interezza.
Raggiunge ora 3,90 metri di lunghezza (cinque centimetri in più), 1,69 metri di larghezza (due centimetri in più) e la sua interazione di 2,50 metri, con un incremento di cinque centimetri.
I suoi 1,52 metri di altezza, ancora, sono rimasti invariati.
Insieme alle dimensioni, il suo interno abitabile è aumentato nello spazio.
Questo vantaggio deriva, prima di tutto dalla nuova piattaforma, e secondo dall'introduzione del serbatoio del carburante in una posizione centrale, una soluzione già adottata nel precedente Jazz.
Inoltre, la capacità del tronco - un doppio volume inferiore - sale a 399 litri, una capacità maggiore di 19 litri rispetto alla prima generazione.
Da notare, si tratta delle misure della Honda Jazz 1.4, mentre la capacità del bagagliaio nel modello 1.2 è di appena 379 litri.
Altri miglioramenti - oltre agli elementi esterni, come il led posteriore o la possibilità di montare il vetro panoramico - riguardano il miglioramento dell'accesso ai sedili posteriori.
Porte che consentono l'accesso ai sedili posteriori, aperte ora con un angolo di 80 gradi, rispetto ai 67 gradi del primo modello.
Inoltre, tutti i motori sono piuttosto nuovi in questa seconda generazione di automobili.
Al momento della commercializzazione, questo piccolo modello verrà fornito con motori a benzina da 1,2 o 1,4 litri.
Entrambi i sistemi meccanici includeranno la tecnologia i-VTEC che consente un minor consumo di carburante, produrrà meno emissioni di anidride carbonica, ottimizzerà i perfezionamenti meccanici e, allo stesso tempo, mantiene il motore ad alta coppia in tutte le sue fasi.
La versione da 1,2 litri raggiunge una potenza di 90 CV a 6000 rpm con una coppia massima di 114 Nm. a 4900 giri/min.
La propulsione - che in precedenza Jazz ha raggiunto i 78 cv – ha appena bisogno di 5,3 litri di carburante e produce circa 125 grammi di emissioni di CO2 equivalenti.
Rispetto alla precedente propulsione, che nel modello di prima generazione ha utilizzato 83 CV, quella nuova può trarre vantaggio da 100 CV.
L'1,4 Jazz con 100 CV raggiunge una combinazione di 5,4 litri di carburante e 128 grammi di CO2 emessi.
Una 'bee-car' per evitare collisioni
Nello sviluppare le tecnologie per la prevenzione degli incidenti, Nissan si è ispirata questa volta, dalla natura e soprattutto dalle api.
L'azienda giapponese ha creato un robot che, imitando il volo delle api, può evitare incidenti.
Questo è il Bio-mimetic Car Robot Drive, o BR23C, il primo passo per proiettare tecnologie per la prevenzione delle collisioni.
Gli ingegneri dell’Advanced Technical Centre di Nissan Motor Co. hanno sviluppato questo piccolo robot in collaborazione con il Centre for Scientific Research and Technology della prestigiosa Università di Tokyo in Giappone.
Secondo Kazuhiro Doi, direttore generale delle pubbliche relazioni per la tecnologia, la ricerca e lo sviluppo della gestione del marchio, il BR23C è un ampliamento dello scudo di sicurezza delle quattro aree prodotte da Nissan.
Questo robot ha lo scopo di migliorare la capacità di prevenire le collisioni nei veicoli prodotti dall'azienda.
Durante il volo, ogni ape crea il proprio spazio personale ovale che è molto simile allo Shield of Security sviluppato da Nissan.
Ma l'elemento più importante è costituito dagli occhi composti dell'ape, che possono vedere in tutte le direzioni con un angolo extra di 300 gradi, consentendo all'insetto di volare senza interruzioni all'interno del suo spazio personale.
Per ricreare queste caratteristiche visive, gli ingegneri hanno sviluppato ciò che hanno definito un localizzatore laser (Laser Range Finder).
Questo meccanismo rileva gli ostacoli entro 2 metri e un raggio fino a 180 gradi davanti al BR23C, calcola la distanza dall'oggetto e invia un segnale al microprocessore a bordo che permette immediatamente di prevenire la collisione.
"Quando rileva un ostacolo, il piccolo robot imita i movimenti dell'ape e cambia immediatamente direzione girando le ruote con un angolo giusto o più ampio per evitare la collisione.
La differenza più evidente con qualsiasi sistema esistente è la sua azione evasiva che risulta essere totalmente istintiva.
"Se non fosse così, il robot non sarebbe in grado di reagire abbastanza rapidamente per evitare ostacoli" spiega Toshiyuki Andoh, direttore del Laboratorio di Mobilità e ingegnere capo di questo progetto.
A differenza di un'ape, il robot non può deviare verso l'alto o verso il basso, o anche in diagonale. Può muoversi solo in due dimensioni e nella direzione in cui le sue ruote possono girare. Ovviamente, non può eseguire infinite direzioni e modi come fanno le api.
Per questo motivo, Nissan ha utilizzato una funzione di rotazione oltre alle funzioni di accelerazione e decelerazione, per consentire al piccolo robot di evitare collisioni.
"Questo dispositivo ha solo bisogno di elaborare nuove informazioni ogni pochi secondi e agire da questi dati.
Non ha bisogno di memorizzare alcuna informazione o di utilizzare la logica intuitiva delle manovre precedenti. Per questo motivo può andare senza interruzione fornita solo da poche decine di KB di memoria.
Questo può sorprendere, ma non stiamo parlando di gigabyte o mega di memoria".
Questo è il primo passo verso lo sviluppo di nuove tecnologie per la prevenzione delle collisioni, una tecnologia che Nissan spera sarà introdotta nelle automobili come caratteristica standard entro dieci anni.
Il robot utilizza batterie al litio-polimero, che sono più leggere e durevoli della tipologia agli ioni di litio.
Un'applicazione aggiuntiva in un potenziale futuro potrebbe essere l'integrazione di questa tecnologia con il navigatore satellitare GPS per portare il conducente a una destinazione specifica, evitando ostacoli lungo il percorso.
Fai rabbrividimento prima di richiedere un prestito
Dobbiamo riconoscere che il Dipartimento del Tesoro degli Stati Uniti, possiedendo capitali abbastanza buone per agire, non manca certo di talento.
Dover affrontare la crisi e impedire agli americani di essere ingannati dai prestiti alla spazzatura dalle banche sotto dubbi di insolvenza, ha creato un gioco divertente ed educativo per gli utenti di Internet. Questo è "Bad Credit Hotel".
In altre parole, l'"Albergo dei cattivi crediti"... o dei problemi.
L'aspetto cupo di quest'hotel e, in particolare, della sua receptionist mira a spingere le persone a pensare non solo una ma due volte o anche tre volte prima di richiedere un prestito.
E, soprattutto, pensare abbastanza attentamente a dove richiederlo. Questo è probabilmente l'obiettivo primario del gioco.
Certamente questo sistema fornisce diverse informazioni utili, ma offre piuttosto pochi dettagli.
È molto più una pagina web per gli adolescenti che un sito per il grande pubblico.
Cosa succede se si completa il gioco?
Beh, all'interno dell'hotel compare una camera da sogno.
È ancora qualcosa, perche' comprare una casa... meglio lasciarla.
Morgan Stanley ha aperto la sua capitale al MUFG
Morgan Stanley ha annunciato il suo ingresso al tonale di Mitsubishi UFJ Financial Group (MUFG), la prima banca del Giappone, che spenderà nove miliardi di dollari per ottenere il 21% del suo capitale, notizia che è stata ricevuta da un forte calo dei prezzi delle azioni.
Una settimana dopo aver svelato un accordo provvisorio, le due banche hanno spiegato che MUFG avrebbe acquistato il 9,9% delle azioni Morgan Stanley al prezzo di 25,25 dollari, per un totale di tre miliardi di dollari.
Il prezzo di vendita è inferiore al 19% del valore dei titoli al 31 agosto.
MUFG investirà altri sei miliardi di dollari nell'acquisizione di titoli convertibili fornendo un rendimento garantito del 10% e con un prezzo di conversione di 31,25 dollari.
Morgan Stanley ha affermato che l'operazione complessiva si baserà su un prezzo unitario medio di 29 dollari, pari al 28% al di sopra del suo prezzo attuale.
Tuttavia, le azioni Morgan Stanley hanno perso il 6,79% a 23,07 dollari intorno alle 17:00 GMT.
"Questa alleanza strategica costituisce un'importante opportunità per accelerare la transizione di Morgan Stanley allo status di detenuta banca", ha detto John Mack, il CEO del gruppo americano.
Morgan Stanley ha adottato questo nuovo status la scorsa settimana, che dovrebbe consentirgli di diversificare le sue attività, ma deve passare attraverso l'autorità della Federal Reserve.
La sua alleanza con MUFG conferma anche che l'attuale crisi finanziaria ha costretto i più grandi nomi di Wall Street ad adottare un atteggiamento molto più cauto di prima.
Le modalità presentate lunedì mostrano che l'accordo è stato modificato negli ultimi giorni: il lunedì precedente, Morgan aveva appena annunciato che avrebbe venduto fino al 20% delle sue azioni ai giapponesi per circa $ 8,5 miliardi.
"Una settimana fa, ha spiegato Toshihide Mizuno, direttore esecutivo di MUFG a Tokyo", abbiamo pensato che la partecipazione sarebbe stata interamente composta da azioni ordinarie.
Ma dato lo stato attuale dell'economia e del mercato, speravamo di ridurre al minimo i rischi e di proteggerci le spalle".
Sulla base del prezzo medio ponderato MUFG pagherà per i suoi titoli Morgan Stanley il 7% al di sotto del loro valore contabile.
E l'operazione comporterà una diluizione di circa il 20% degli utili per azione.
L'accordo prevede che MUFG può convertire annualmente la metà dei suoi titoli privilegiati in azioni ordinarie se questi sono stati scambiati più del 50% al di sopra del prezzo di conversione, circa $ 47 per un determinato periodo.
Morgan Stanley assicura che il capitale fornito da MUFG consentirà di cogliere le opportunità di investimento, rafforzare il suo bilancio e aumentare la sua liquidità.
un portavoce del gruppo, tuttavia, si è rifiutato di fornire dettagli sui progetti strategici dei due nuovi alleati.
Dopo l'investimento di MUFG, Morgan Stanley prevede un coefficiente di capitale Tier One di circa il 15%, uno dei migliori del settore.
Morgan ha detto di aver "significativamente" ridotto il suo bilancio dalla fine di agosto.
Le ultime settimane sono state difficili per il gruppo, che ha visto sciogliere la metà del suo prezzo delle azioni mentre i costi assicurativi contro il rischio di default sul suo debito sono aumentati.
Questo costo si è ridotto lunedì ma è rimasto ad un nuovo livello elevato, intorno al 12%.
La scorsa settimana, Goldman Sachs, l'unica altra grande banca d'investimento sopravvissuta a Wall Street dopo la bancarotta dell'acquisizione di Bear Stearns e Lehman Brothers e Merrill Lynch, ha annunciato di aver raccolto $ 15 miliardi, in parte da Berkshire Hathaway, il gruppo di Warren Buffett.
Rafael Correa a Quito lunedì.
Ricostruire intorno alla Repubblica del socialismo del XXI secolo.
Questo è il progetto congiunto del venezuelano Hugo Chávez, Evo Morales della Bolivia e dell'ecuadoriano Rafael Correa.
Questa domenica, come i suoi omologhi e gli amici, è la terza a mettere al voto una bozza per una nuova costituzione.
Missione compiuta dal momento che il 64% degli elettori ha votato "sì" al referendum, secondo i risultati ufficiali basati sull'80% dei voti.
Sulla base di questi risultati, il "no" ha ottenuto il 28%, il 7% dei voti non erano validi e lo 0,7% erano voti in bianco.
Per l'adozione del progetto di Costituzione, dovrebbe ottenere la metà dei voti più uno.
Domenica, due sondaggi condotti all'esterno dei seggi elettorali e un'organizzazione non governativa avevano annunciato una grande vittoria per il "sì", dell'intervallo compreso tra il 63% e il 70%.
Rafael Correa aveva rivendicato durante la notte da domenica a lunedì la vittoria del suo progetto di costituzione.
La "Costituzione ha trionfato in modo così schiacciante", ha assicurato, elogiando gli ecuadoriani nella sede del governo a Guayaquil, 280 km a sud-ovest di Quito.
Come ovviamente, Rafael Correa è stato congratulato da Chavez e Morales ma anche dalla sua controparte cilena Michelle Bachelet.
Il sondaggio, che è stato condotto pacificamente sotto il controllo dell'Organizzazione degli Stati americani (OAS), trattato nel suo testo 444 punti che consolidano il "nuovo socialismo" sostenuto dal presidente.
La bozza di costituzione sancisce il potere dello Stato sull'economia, riservandole la "pianificazione dello sviluppo" di un paese che vive principalmente dall'estrazione di petrolio da parte di compagnie straniere e il denaro straniero che inviano ai loro emigranti.
Sostenuto da Correa, eletto nel 2006, il progetto fornisce anche maggiori poteri al Capo dello Stato, che può portare fino a due mandati consecutivi di quattro anni e sarà in grado di sciogliere l'Assemblea.
Correa ha già annunciato che avrebbe usato quel potere per cercare un nuovo mandato nel febbraio 2009.
La Costituzione consolida anche il principio dei servizi sanitari gratuiti e dell'istruzione che il presidente ha iniziato a stabilire in questo paese di 13,9 milioni di abitanti, dove il 50% della popolazione vive al di sotto della soglia di povertà.
Prevede anche il divieto della presenza di truppe straniere, che risolverà l'accordo tra Quito e Washington per l'utilizzo dell'Ecuador come base di lancio per le operazioni antidroga degli Stati Uniti.
I 19 ostaggi sono stati rilasciati in Ciad
Una squadra del commando egiziano ha lanciato un assalto contro i rapitori degli undici turisti e delle loro otto escort catturate dieci giorni fa.
Sono al Cairo.
Gli undici turisti europei e le loro otto escort egiziane tenute prigioniere per dieci giorni nel deserto sono state restituite lunedì pomeriggio illese alla capitale egiziana.
In mattinata, sono stati rilasciati da un commando egiziano in Ciad.
Apparentemente in forma, gli ostaggi arrivarono intorno alle 1530 ore a bordo di un aereo speciale nella base militare di al-Maza, attaccato all'aeroporto internazionale del Cairo.
Sono stati immediatamente trasferiti, senza poter parlare con la stampa, tramite elicottero all'ospedale di Maadi, sobborgo residenziale del Cairo, per sottoporsi agli esami.
Sono in "buona salute", e "nessun riscatto è stato pagato" ai rapitori", ha dichiarato il ministro egiziano per il turismo, Zoheir Garanna, sull'asfalto.
Catturato il 19 settembre durante un safari in un 4x4 ai piedi del Monte Ouanat alle frontiere con Egitto, Sudan e Libia, questo gruppo di ostaggi era stato sballottato da un nascondiglio all'altro da 35 rapitori sconosciuti.
Comprende 11 turisti - cinque italiani, cinque tedeschi e un rumeno - e anche otto egiziani: due guide, quattro autisti, una guardia di frontiera e il direttore dell'agenzia Aegyptous, organizzatore del safari.
Un funzionario della sicurezza egiziana ha detto che 30 membri delle forze speciali, trasportati a bordo di due elicotteri, avevano lanciato l'assalto durante la notte poco prima dell'alba.
"Ne è seguito uno scambio di fuoco, e la metà dei rapitori è stata uccisa, l'altra metà è fuggita", ha detto il funzionario che ha richiesto l'anonimato.
Ha detto che 150 membri dell'unità di "risposta rapida" delle forze speciali egiziane sono stati inviati in Sudan nel suo complesso, dove hanno ricevuto il sostegno dei commando tedeschi e italiani.
Il capo del corpo diplomatico italiano Franco Frattini di Belgrado dove si trova attualmente, ha menzionato il ruolo svolto dagli agenti segreti italiani ed elementi delle forze speciali.
"Dobbiamo riconoscere che abbiamo raggiunto questo risultato attraverso la professionalità e l'efficacia dei nostri uomini dai servizi segreti, dalle forze speciali", ha detto, senza ulteriori dettagli.
Ha anche negato di aver pagato un riscatto.
Il giorno prima, l'esercito sudanese aveva affermato di aver intercettato un veicolo di pattugliamento 4x4 a bordo dei quali c'erano i rapitori, uccidendone sei, tra cui la testa del Ciad, e arrestandone due.
L'esercito ha affermato che erano legati a un gruppo ribelle nel Darfur, il Sudan Liberation Movement-Unity (SLA-U), qualcosa che questo movimento ha immediatamente negato.
Lettere - La maggioranza silenziosa della cultura
Un dibattito sul finanziamento della cultura ha fatto notizia e ha aggravato questa campagna elettorale.
Bravo. Bene.
Ma un settore della nostra vita culturale rimane sempre dimenticato.
Chi si farà avanti per denunciare la miseria che è concessa ai piccoli musei, archivi, siti archeologici o storici nazionali che stanno morendo di fame per i finanziamenti?
Quale politico osa ricordare al governo federale che sta trascurando i suoi monumenti ed edifici storici?
In Québec, in Canada, non abbiamo leggi reali che conservino di fatto il nostro patrimonio?
Sapevi che il governo francese dedica tre milioni e mezzo di euro solo per il restauro del castello di Chinon nella Valle della Loira?
I nostri vicini americani hanno scritto nella Costituzione del loro paese che la protezione del patrimonio fa parte della cultura americana e che tale patrimonio deve essere protetto da tutti i cittadini, tutti gli eletti e tutti i dipartimenti del governo, e questo, in cooperazione.
In Québecu, la Federazione delle società della storia del Quebec, almeno 40 000 volontari raggruppati in 211 agenzie per la storia, il patrimonio, gli archivi e la genealogia si occupano di ricercare la storia, conservare, avere pochi fondi, mucchie di archivi privati e preservare resti archeologici.
Spesso sono i cani da guardia del nostro patrimonio, che protestano con l'energia della disperazione quando sviluppatori e costruttori lanciano i loro bulldozer contro i nostri vecchi edifici e i nostri cimiteri dimenticati.
Quando ci sarà un forum per la storia e il patrimonio?
Banca Fortis parzialmente nazionalizzata dai governi del Benelux
Gli stati Benelux aiutano Fortis, la banca belga-olandese - che è il primo istituto finanziario europeo in difficoltà a causa dell'effetto di follow-through della crisi dei prestiti americana - da parte di un parziale buyout statale. I tre paesi hanno accettato di iniettare EUR 11,2 miliardi nella compagnia bancaria e assicurativa con interessi ungheresi.
Alla fine di questa settimana, il belga, il Lussemburgo e i governi olandesi si sono consultati su questo tema al più alto livello, coinvolgendo il presidente della Banca centrale europea e il commissario per la concorrenza della Commissione europea.
All'interno della zona euro, Fortis è la prima banca colpita dalla crisi finanziaria internazionale che si sta avvicinando in ondata negli ultimi 12 mesi. Così, da un certo punto di vista, le decisioni prese possono essere considerate precedenti.
In base alla decisione presa domenica sera, ogni governo prenderà una partecipazione del 49% nelle banche Fortis nei rispettivi paesi.
La banca venderà sicuramente una parte delle sue partecipazioni, in particolare le attività assicurative, che ha acquistato dalla olandese ABN Amro lo scorso anno.
Le azioni Fortis hanno iniziato a precipitare profondamente la scorsa settimana, poi nella seconda parte della settimana sono apparsi segnali di una grave crisi all'azienda.
Gli analisti concordano sul fatto che la banca - con i suoi 85 000 dipendenti - è troppo grande per poter andare in bancarotta.
Le azioni della banca sono diminuite del 12% venerdì, che è il livello record più basso degli ultimi 14 anni.
Il valore delle azioni è diminuito di due terzi da gennaio.
Prendendo in considerazione gli attuali prezzi delle azioni, l'intero valore del capitale di mercato del gruppo si aggira intorno ai 14 miliardi di EUR. Tuttavia, i direttori delle società affermano che ciò non riflette la realtà.
Il management incolpa le incertezze all'estero - che sono legate all'accettazione del pacchetto americano di USD 700 miliardi - per la caduta delle azioni Fortis.
I titoli hanno mostrato un leggero rialzo lunedì.
Filip Dierckx è stato nominato nuovo amministratore delegato della banca venerdì.
Anche l'istituto finanziario era alla ricerca di acquirenti privati, ma finora non è stata fatta alcuna offerta sostanziale.
Il governo belga ha dichiarato in precedenza che gli investitori non avevano motivo di preoccuparsi, non avrebbero perso i loro soldi.
Finora non è emerso panico tra i clienti della banca; non è avvenuta alcuna corsa bancaria.
Fortis ha una propria struttura bancaria in Ungheria e ha anche acquistato società di leasing.
La Volpe Nel Galline
Le compagnie di assicurazione sulla vita e sulla salute americane spesso si rifiutano di vendere l'assicurazione ad alcuni cittadini, a causa dei loro dati sull'acquisto di farmaci.
Gli esperti della protezione dei dati hanno paura che il mercato dei dati diventi incontrollabile.
"C'è un programma di protezione dei dati che richiede l'autorizzazione dell'interessato al fine di utilizzare i dati di prescrizione del farmaco.
Dovrebbe essere indipendente, altrimenti la volpe sarà a guardia del pollaio", cita Richard Dick, sviluppatore del programma applicabile per il monitoraggio delle prescrizioni di farmaci.
Le compagnie di assicurazione decidonono sulla tassa assicurativa e l'importo da pagare in caso di danni a seconda delle condizioni di salute del cliente richiedente, e se lo considerano troppo rischioso, non forniscono un'assicurazione.
I clienti candidati venivano inviati per eseguire una visita medica e il contratto è stato stipulato solo alla luce dei risultati dello screening.
Dick ha sviluppato un metodo molto più economico dieci anni fa: sulla base del numero di identificazione del cliente il tipo di farmaci acquistati dal cliente negli ultimi 18 mesi può essere facilmente rilevato, quindi il programma può trarre le conseguenze da solo per quanto riguarda le malattie che il richiedente subisce così come le loro condizioni di salute.
Ad esempio, il caso dell'acquistare regolarmente grandi dosi di farmaci che riducono il colesterolo si riferisce praticamente al fatto che il cliente ha un livello di grasso nel sangue incuratamente elevato, come risultato del quale questa persona verrebbe immediatamente messa a una categoria di rischio più elevata.
Il programma ha varie versioni nel commercio, alcune delle quali definiscono anche il fattore di rischio, quindi la compagnia assicurativa non ha nient'altro da fare se non le pratiche burocratiche, anche se sorgono piccole difficoltà.
Uno degli svantaggi è il fatto che alcuni farmaci possono essere utilizzati per diversi scopi, ad esempio qualche formula medica sono per trattare l'emicrania, le ondate di calore o anche la depressione.
Quest'ultimo è un fattore significativo di aumento del rischio dal punto di vista degli assicuratori aziendali, mentre gli altri due non lo sono.
Ci sono aziende specifiche che si occupano dell'ottenimento e dell'elaborazione dei dati e chiedono l'autorizzazione al paziente prima di acquisire le informazioni necessarie dalle farmacie.
Sono già obbligati a farlo, anche se i loro precedenti fallimenti non sono stati penalizzati.
Alcune aziende elaborano anche i risultati degli esami di laboratorio e collegano quelli ai dati sul consumo dei farmaci. In questo modo possono fornire informazioni più accurate sulle condizioni di salute dei pazienti.
Sempre più aziende ottengono l'accesso ai dati e, parallelamente, il controllo del loro utilizzo diventa sempre più difficile.
C'è un atto specifico sulla protezione dei dati dell'assistenza sanitaria, ma il suo campo di applicazione include solo fornitori di assistenza sanitaria e compagnie di assicurazione.
Il disegno di legge sulla fornitura del potere di ispezione per le autorità sulle società che si occupano della disposizione dei dati è stato presentato al Congresso.
Dick Richard si rende conto che non è sufficiente: è per questo che ha ulteriormente sviluppato il suo programma, che ora limiterebbe il trasferimento dei dati per richiedere il consenso espresso dell'interessato.
È un'altra questione, tuttavia, che il richiedente non può davvero rifiutare il consenso, altrimenti le compagnie di assicurazione non concluderanno contratto con loro.
Quindi le galline, in una certa misura, continueranno a dipendere dalla benevolenza della volpe.
Menù Globale di Marsiglia
L'Unione Europea e l'India Raddoppiano il commercio
Poiché l'Unione europea e l'India guidano l'un l'altro, anche l'ordine del giorno del nono vertice è stato dominato da questo tema oltre ad altri problemi, principalmente globali.
Oggi si terrà anche un vertice Francia-India, in particolare per quanto riguarda la cooperazione energia nucleare.
Anche se l'Unione europea riconosce che l'India è un'emergente potenza democratica del mondo, che dovrebbe avere più voce in capitolo negli affari internazionali, gli Stati membri non sono ancora stati in grado di trovare un accordo se sostenere l'adesione permanente di Nuova Delhi al Consiglio di sicurezza delle Nazioni Unite.
Così la questione non è stata forzata durante il nono vertice, organizzato ieri a Marsiglia.
Il presidente francese Nicolas Sarkozy come presidente rotante dell'Unione, il presidente del Comitato José Manuel Barroso e il capo della politica estera Javier Solana hanno accolto il primo ministro indiano Manmohan Singh e hanno accettato di raddoppiare, cioè l'aumentare a più di 100 miliardi di euro, il flusso commerciale in 5 anni.
Dallo scambio di beni raccolti da 25 miliardi a 55 miliardi tra il 2000 e il 2007, questo non è un obiettivo eccessivamente ambizioso.
Di conseguenza, 26 attuali convenzioni bilaterali sull’aviazione civile con l’India sono state legalmente armonizzate, il che significa che il traffico aereo può alare in futuro.
L'India mira a firmare l'accordo di libero scambio con l'Unione fino alla fine del 2009.
Sarkozy ha promesso di accelerare l'armonizzazione.
L'obiettivo è trovare l'equilibrio mentre l'India è partner commerciale numero uno dell'UE, allo stesso tempo New Delhi ha solo il nono posto nell'elenco dei partner dell'UE.
Il vertice si è concentrato sulle questioni globali:
Sulla situazione in Afghanistan e in Pakistan così come sul terrorismo. Quest'ultimo è stato condannato in ogni forma da entrambe le parti e la convocazione della Conferenza delle Nazioni Unite è stato sollecitato.
Anche il completamento di Doha Trade Round è stato accelerato, anche se entrambe le parti sono responsabili del fiasco finora.
L'UE ha confermato di mantenere il suo programma energetico e climatico, il che significa avere l'intenzione di ridurre l'emissione degli inquinanti atmosferici di almeno il 20 per cento fino al 2020.
L'India ha concordato con questo e con l'obiettivo di raggiungere un accordo globale alla conferenza sul clima che è previsto per l'anno prossimo e di ridurre le emissioni di gas serra del 50% fino al 2050.
Un altro obiettivo era quello di prevenire la crescita dei prezzi dei prodotti alimentari ed è stato sostenuto l'appello a una conferenza internazionale per rivedere la crisi finanziaria.
Il primo ministro indiano si sta recando oggi in una riunione bilaterale nella capitale francese, dove intende raggiungere un accordo sull'uso pacifico dell'energia nucleare.
Parigi si aspetta che alle aziende francesi vengano assegnati contratti per costruire reattori nucleari in India in un valore di 20 miliardi di euro.
Secondo le informazioni dell'agenzia di stampa, l'accordo sarebbe in vigore per 15 anni.
Oltre trecento redattori italiani a Francoforte
Forte presenza dei redattori italiani all’International Book Fair di Francoforte.
Più di trecento saranno i redattori italiani presenti al sessantesimo anniversario di Buchmesse, l'evento internazionale più importante per lo scambio dei diritti d'autore.
L'International Book Fier di Francoforte si aspetta per quest'occasione oltre settemila espositori provenienti da 101 paesi diversi che occuperanno 171 790 metri della Fiera quadrati di terreno con oltre 403 mila titoli in mostra, e la Turchia sarà l'ospite d'onore.
Francesco Maria Giro, il Sottosegretario per i Beni Culturali e le Attività Ministero rappresenterà il governo italiano alla cerimonia di inaugurazione del Padiglione italiano: infatti l’Italia sarà presente come istituzione con uno Stand italiano – 264 metri quadrati di spazio espositivo.
Di seguito ci sarà la conferenza stampa alla Sala Struktur del Padiglione 5.0 della Buchmesse: sarà questa l’occasione in cui saranno presentate figure, tendenze e una visione dello status dell’industria editoriale italiana.
Secondo i dati, c'è un'importanza progressivamente decrescente dei libri di autori stranieri nella produzione italiana, e in particolare in quello per adulti e bambini.
Trovato l'aeroplano di Steve Fossett il milionario scomparso un anno fa
È stato ritrovato il relitto dell'aeroplano di Steve Fossett, il milionario scomparso il 3 settembre 2000 mentre sorvolava il deserto del Nevada.
Il relitto è stato rinvenuto su un altopiano a 3000 metri di altitudine, nell'area della Sierra Nevada di Mammoth Lakes, al confine tra la California e il Nevada.
All’interno dell’aeroplano, tuttavia, non c’erano resti umani.
Lo sceriffo della contea di Madera, John Anderson, ha dissipato ogni dubbio rimanente: "L'aeroplano è stato localizzato, abbiamo inviato una squadra, e ora abbiamo la conferma che è quella su cui Steve Follett stava volando il giorno in cui è scomparso" ha detto in conferenza stampa.
In seguito, lo sceriffo ha sottolineato che non sono stati trovati resti umani né sull'aereo, né nell'area circostante.
Il milionario, 63 anni, è stato rinunciato ai morti a febbraio.
L'American National Transport Safety Bureau (NTSB) ha riferito che alcune ore dopo l'invio del relitto è stato inviato una squadra investigativa, che ha poi identificato l'aereo: è la Bellanca 8KCAB, scomparsa dal 3 settembre 2007, quando Fossett è decollato da Yerington in Nevada per un volo di tre ore.
Ieri, sempre in California, non lontano dal confine con il Nevada, alcuni effetti personali appartenenti a Fossett sono stati trovati da una coppia vicino alla loro casa a Mammoth Lakes.
Gli oggetti sono due documenti in nome di Fossett, entrambi emessi dalla Federal Aviation Administration dell'Illinois, alcuni contanti e una felpa.
La ricerca di Fossett è stata annullata un mese dopo che era scomparso.
Il milionario si era guadagnato un posto nella storia grazie a una serie di record del mondo.
Nel 2002, al suo sesto tentativo, è diventato il primo uomo a completare il giro del mondo in una mongolfiera: un volo in solitaria di due settimane.
Tre anni dopo ha fatto il giro del mondo viaggio in aereo senza atterrare.
Tra i suoi molti record, c'è anche volare a 15.445 metri, sopra l'Anda, ma con un co-pilota.
Glk, la pubblicità che non ti aspetta
Un SUV che si trova al di fuori delle norme con un design originale definito da linee decisive, ampie superfici e angoli di taglio puliti.
In breve, questa è GLK, l'ultima aggiunta ai fuoristrada "compatti" del produttore stellato, con cui Mercedes-Benz ha cercato di far entrare una boccata d'aria fresca in questo settore.
Giusto perché le sue caratteristiche sono esaurite dalle norme tradizionali, il messaggio che accompagna il lancio del SUV GLK sarà anche inaspettato e anticonvenzionale, sarà disponibile negli showroom Mercedes-Benz a partire dal prossimo 17 ottobre.
Così la campagna pubblicitaria che accompagnerà il debutto del nuovo veicolo farà partire un nuovo metodo di comunicazione che comprende anche una campagna futuristica di cartelloni pubblicitari 3D, utilizzati per la prima volta in Italia da un marchio automobilistico.
Un progetto di grandi cartelloni, messo in moto in tre diverse fasi, che domineranno la più centrale via dello shopping milanese, Corso Como, fino al 15 novembre.
La prima fase di questo nuovo tipo di comunicazione partirà con una presentazione dell’auto in visione stereoscopica, e grazie ad appositi occhiali distribuiti nelle vicinanze di Corso Como sarà possibile vedere il nuovo SUV in vera dimensione e formato 3D.
In effetti, guardare l'immagine si avrà la sensazione che l'auto sporga dal poster.
Successivamente, attraverso l’utilizzo dell’innovativa tecnologia Elumina 8 tutti i dettagli della nuova GLK saranno illuminati in vari momenti, per poi essere ricomposti come un’unica immagine.
Senza alcun dubbio, Mercedes, attraverso questa pubblicità, sta cercando di introdurre qualcosa di nuovo nel campo convenzionale della pubblicità automobilistica.
Riuscirà con questa formula a provocare l'interesse dei futuri acquirenti? Vedremo.
Ecco chi sono gli hooligan italiani
del Tri-Veneto, che può essere vietato di frequentare infissi sportivi (Daspo).
Ma chi sono quei 150-200 di cui l'Italia ora si vergogna? fanno parte del gruppo "Ultras Italia" che da anni sostiene la Nazionale di calcio e fino ad ora, verità sia conosciuta, non ha mai creato grossi problemi.
Nessuno dei due si è mai scontrato con i tifosi avversari.
L'estrazione del gruppo e' l'ala destra.
I promotori sono di Tri-Veneto.
Da Verona, Padova, Trieste e Udine.
A questi hanno aderito alcuni piccoli gruppi (in realtà, pochissimi membri) provenienti da Campagnia e pugliesi.
Hanno bandiere tricolori con la città d'origine dei militanti su di loro: sabato, questi sono stati tolti in modo che non potessero essere identificati.
Riprendono le loro idee dai fan inglesi.
In Bulgaria, hanno trovato sostenitori che erano veri nazisti, il gruppo Levski.
La FIGC aveva messo a disposizione dei tifosi italiani 144 biglietti per la partita: tutto personale, quindi facilmente verificabile.
E il Ministero dell'Interno di Viminale li aveva infatti controllati tutti: tra quei gruppi che andavano a Sofia nessuno era stato bandito, a nessuno era stato proibito di frequentare uno stadio.
Quattro sostenitori italiani, che avevano precedenti crimini legati allo stadio, erano stati infatti rifiutati i biglietti e impedivano di andare avanti.
Ora il Ministero dell'Interno è in attesa di poter leggere i registri ufficiali, che dovrebbero arrivare dalla polizia bulgara prima di prendere provvedimenti: in questo caso, è possibile vietare per cinque anni almeno i sostenitori che sono stati arrestati o quelli che sono stati identificati durante i disordini.
Un esilio internazionale che vieta la presenza non solo degli stadi in Italia ma anche in tutta Europa.
I nostri hooligan, insomma, non entrerebbero in un altro stadio.
Fortunatamente.
Ma ora c’è paura dell’emulazione: cioè che gli altri si uniscono a quel poco più di centocinquanta.
"Dobbiamo immediatamente mettere fuori questa conflagrazione e non legittimare quelli che si comportano in questo modo", asseriscono quelli del Ministero di Viminale.
Quindi, "occhi spalancati soprattutto visto che c"è la Nazionale che gioca il mercoledì al Lecce".
In Puglia infatti c'è un piccolo nucleo di sostenitori di Ultras Italia.
Domani si riunisce l'osservatorio, martedì il CASMS che può contare su una sezione dell'AISE, cioè il servizio segreto, che gestisce esattamente i problemi negli stadi.
"Il coro Duce-Duce e il braccio steso durante l'inno Mameli? In Bulgaria non è un crimine...".
Questi i pensieri (espressi con grande delusione) di Domenico Mazzilli, che, a partire da poche settimane fa, è il direttore dell’Osservatorio del Viminale (ha raggiunto l’incarico che è stato inizialmente ricoperto da Francesco Tagliente e poi da Felice Ferlizzi).
In precedenza Mazzilli era stato a capo dell'amministrazione della polizia di Trieste dove c'è un nucleo di sostenitori di Ultras Italia, fondato nel 2002.
È vero, dice Mazzilli, che in Bulgaria non è un crimine cantare inni al Duce ma certamente il comportamento di quei 150-200 fan è stato vergognoso.
“Non sono un sociologo – aggiunge il n.1 dell’Osservatorio – il crimine dovrebbe essere imputato nel paese in cui si verifica l’accaduto.
Fino ad ora questo gruppo è rimasto all'interno delle righe, ora vedremo cosa è realmente accaduto e lo valuteremo per riferimento futuro.
Ma parliamo anche del fischio all'inno Mameli: anche questo non è un crimine in Bulgaria, ma, se posso dirlo, non sono buone maniere ...".
