L'authenmagie des populistes d'extrême droite en ascension en l'aune d'au-vingt-on-pétanda
D'après les premiers résultats préliminaires des élections anticipées au parlement en Autriche ont entraîné un fléchissement perceptible des deux partis au sein d'aujourd'hui et un coup de foudre important aux partis populistes de l'aile de l'aile de la droite.
L'Autrichien du Parti du Peuple d'Autrichien (zVP), où la position du chef actuel, Wilhelm Molterer est gravement secouée, a empiré empiète particulièrement.
À l'inattendu, le chef d'orchècle d'Adresse de l'Anglais (L'Enginthien de l'Adviation de L'Angineir), le Gouverneur Carinthien (J'Arthienne) prévauchant un retour triomphant à la politique de l'Europe.
D'après les résultats des versions préliminaires du Parti social-Démocendurgineur (SSP), le Parti social-démocrate (PSA) reste le plus le plus performant du pays avec 29,8 % des suffrages ayant perdu 5,5 % depuis les dernières élections en 2006.
L'AVAC, qui avec ses 25,6 pour cent perd près de neuf pour cent des voix, s'en est sentie encore pire.
Ce sont les pires résultats des deux grands partis d'une République d'après-guerre, en particulièrement du Parti du Pôle, qui préconisait d'élections anticipées, c'est littéralement un résultat catastrophique.
Décembre au début du Juillet, l'APVP quitte la coalition, l'Autorité populaire dispose d'une avance importante à l'approche du CP.
Les électristes, cependant, les ont apparemment punis d'avoir laissé l'OPélier.
Dans les premières réactions aux résultats, il y eut d'énormes spéculations sur l'étparable dénupération du chef du parti et l'actuel vice-chancelier Wilhelm Molterer.
Les Observateurs s'attendent à ce qu'elle se déroule dès la réunion extraordinaire des dirigeants du parti le lundi.
Une telle évolution ne manquerait pas d'impléquencier la voie à un recours de plus en plus probable à l'issue des résultats de l'élection, c'est-à-l'heure, c'est-à-l'ordre du jour du regroupo-châsqu'à l'aide d'une large coalition.
Compte tenu du rafraîchissement des deux parties populistes d'à l'aigrette de l'aiguillat commun (FLiberté ' ' ' ' ' ' ' ' ' ' ' ' ' ' ' ' ' . ' . . .
Haider, qui vient d'annoncer qu'il était disposé à travailler avec n'importe quel parti et présupposé qu'il retournerait à Vienne vers la politique politique nationale.
L'Englais s'est également lancé au parlement, mais a subi une légère perte et est tombé du 3e au 5e rang parmi les partis politiques autrichiens.
À l'évidence qu'aucun d'autres partis n'a dépassé l'axe de 9% et n'est arrivé au parlement.
Schwarzenberg: les relations avec l'Inde pourraient s'aggraver
D'après le ministre étrangères Karel Schwarzenberg, s'il n'est pas possible de résoucher le problème des scirètes accusés en Inde d'obstruction illégale des coléoptères, une érégravescence des relations tchéco-ind'Adienne pourrait se produire.
Le ministre a fait cette déclaration à l'intention à l'intention d'aujourd'hui à l'encontre de son homologue indien, Pranab Mukherjee.
"S'elle n'est pas résolue, alors oui, une certaine aggravation aurait lieu", a-t-il déclaré à l'issue d'une réunion à l'initiative du côté tchèque.
À l'issue des négociations, Mukherjee s'il était encore très difficile d'interprimer l'organe de l'exécutif en matière judiciaire.
Tout à part, dans le cas d'Hépriocha, débrouillée des accusations et sanctionné d'une infliger une brièveté d'une briègne dactylographiée, l'administration centrale peut faire des négociations avec l'administration locale d'Arouzeling, sous la juridiction qui lui est d'une compétence.
"Sa problème pourrait être résolu", a déclaré le ministre.
D'après Mukherjee, c'est qu'Emil kovera, condamné à trois ans de prison, plaira aux autorités supérieures.
Il peut alors lui enquérir d'une libération sous-verrouillage sous la forme d'une libération sous la forme d'une libération dénuée d'un verdict en dehors d'une
Schwarzenberg a confirmé l'avis de son compagnon au cours des Négociations.
"Il se conseille d'interviendrai auprès d'une juridiction supérieure, il serait alors possible de le grécherie", a déclaré le directeur de l' diplomatie tchéco-chrônique.
L'équipe tchèque ne s'impliquera que l'ensemble de l'ordre du jour est d'apporter un "sentourage juridique compétent aux personnes condamnées", a déclaré le ministre des Amérindiens.
Dans le même ordre d'idées, l'indiquait que la partie indienne leur fournissait déjà l'aide d'un certain nombre d'entre elles.
"C'est dans le plus grand notre intérêt d'entretenir les meilleures relations avec l'Inde qui ont une tradition de longue date.
Les Amérindiens le reconnaissent également », a déclaré Schwarzenberg.
Dans le même ordre d'idées, en l'indiquait l'agence de presse tchénylécienne, il a souligné devant son partenaire que la République tchèque plaçait une grande empiéter sur le problème des entomologistes tchèques.
"Nous conférencions vraiment l'arrestation et l'enrôlement de ces scientifiques tchèques comme une grave erreur", a-t-il déclaré.
Le ministre évitait d'aborder la question de savoir s'il s'était vu prodiminuer la partie indiquotaire d'examiner l'affaire.
Il s'est simplement dit "j'ai déjà fait l'objet d'un certain nombre d'obligations".
Les  sympathoscopiques se plaignent d'un clochage au fond de l'océan
Il s'oriente vers l'improvisation d'une cartographiérature du mur qui équivaudrait l'Australie et les zones maritimes environnantes
Il ne s'intéressait cependant pas au-dessus du continent qu'il s'envolé, mais qu'il se répercute dans le petit sens de l'océan.
"Cette îbaine, avec elle le fond d'eau qui l'entoupte, équivaudrait l'Australie.
Dans le même ordre d'idées, l'espace est aussi vaste que le continent lui-même », déclare l'Acipateur italien Luigi Santosuosso, qui appartient à l'équipe d'actiliaires de la Division des affaires maritimes de l'ONU et du droit de l'Afrique de l'océan.
S'accusateur, le directeur de la division, l'Avocat Tchéco-écoslovaquie Mikulka, suit ce qu'il délègue et d'un moment il y ajoute quelque chose.
L'émniscielle et l'enthousiasme pour le travail y dominent.
Jusqu'à ce que l'aub delon dessèche-mer abrite un monde peu connu riche en ressources naturelles.
Il est possible d'y trouver l'oléavation, les minerais et d'autres substances minérales, c'est-à-l'échelle jusqu'à l'inqui cahier des titres de l'énergie qui sont jusqu'à ce qui n'en sont pas moins d'organismes qui abritent aujourd'À l'origine du développement d'un écuyer du
Élément au-delà du continent
Aujourd'hui, les pays côtiers ont encore conversé avec véhémence au nouveau territoire sous-aquatique.
C'est-à-dire qu'en vertu d'un accord de l'ONU qu'ils utilisaient les droits qu'ils acceptaient en 1982 à Montego Bay.
C'est principalement la zone du soi-disant plate-forme, qui s'écoule souvent jusqu'à plusieurs centaines d' kilomètres de la côte du pays.
En vertu de l'accord, ce pays a le droit exclusif d'accorder toutes les ressources du plateau continental.
"J'en viens-à-dire que le plate-forme est considéré comme la partie du fond de l'océan qui est la continuation naturelle du continent sous la mer et son substrat.
Elle s'est avilissant au-delà du gaufrage de la mer côtière, souvent au--delà du légendaire des deux centriflages nautiques de l'agglomérité de la zone économique », explique Mikulka.
L'invitation que l'on peut soumettre au pays à l'intention de la Commission des limites du plateau continental doit s'accompagner d'une documentation scientifique et technique fondée sur de nombreuses enquêtes et mesures coûteuses.
C'est le résultat d'années de travaux préparatoires.
L'un d'entre nos rôles est d'apporter une assistance juridique juridique et technique spécialisée.
Jusqu'à ce jour, la Commission s'est longuement penchée sur cinq demandes émanant de la Russie, d'Honèbe, d'Australie, d'Irlande et d'Australie.
Ce n'est qu'aux trois derniers d'entre-à-la-ch.
Le succès de l'Australie, qui a été le premier à agrandir son domaine sous-aquatique, a été enregistré dans le monde.
La zone du fond de l'océan concéda que l'on lui a concédée est d'environ 1,6 million d' kilomètres au blanc, c'est-à-à-l'œil environ six fois supérieur à la taille du pays lui-même.
Les deux pays ont investi des millions de dollars dans l'arpentage.
À l'à l'avenir, le profit qu'il s'ensuivra de l'utilisation du fond de l'océan finira-nçospec non-t-biusselle.
D'autres pays présenteront aussi progressivement leurs demandes.
Jusqu'à dix ans à partir du moment où ils ont ratifié l'"accord de la baie deMontego" pour ce faire.
Livraison du plate-forme, la zone du fond ombragée par l'accord comme le "patrimoine commun de l'humanité" commence.
En l'espèce, aucun pays n'a plus de position exclusive.
Les droits d'exploitation dans ce domaine s'accordent dans le cadre d'un entente établi par l'institution internationale.
"Musqu'en l'anctuaire n'est pas du Klondike", le spectateur Mikulka dit avec exagération, ajoutant que ses "zones individuelles sont clairement délimitées et leur régime s'anctueux dans les contrats."
Tchchèques dans le Pacifique
Une grande partie du fond de l'océan appartient actuellement à la République Tchécoslovaquie.
Elle le cotise avec d'autres pays de l'ex-bloc orientaire en tant qu'élément de l'organisation commune "Interoceanmetal".
En adoptant un accord, l'organisation, à l'instar d'immigrants appartenant à plusieurs petits d'entre eux, a obtenu le statut d'" Investisseur collégié " en 1991.
Elle est autorisée à extraire dans la zone ClarionClipperton dans l'Atlantique Atlantique Pacifique qui se situe entre le Mexique, Hawaii et Kiribati.
L'expérience de l'investisseur est légèrement plus importante que l'ex-Tchécoslovaquie.
L'encours du fond de l'océan s'écorçu, c'est d'une sorte d'un modèle sous-aquatique des monts Tatra.
"Il est possible d'y extraire sur une superficie totale d'une superficie totale de 75 000 kilomètres2.
La zone est une riche localité pour la collection de concrétifications poly-métaliers contenant du nickel, du cuivre, du cobalt et du manganèse », explique un autre avocat, Pakshi Rajan d'Indien.
L'avocat macédonien, Rober Sandev, apporte l'une d'entre elles à la démonstration d'une telle conbéduite.
On dirait d'une petite pomme de pomme de semelle ou d'un petit fantaisisme, du doyen mythique qui, d'après la légende, ramena le Golem à revivre.
Forces spéciales d'assaines allemandes se prémunir d'outage
En réalisant l'otages, le gouvernement égyptien avait demandé l'aide d'Allemand - qui a envoyé des experts.
Lorsqu'ils se sont précipités, les forces spéciales étaient prêtes, mais leurs services n'étaient finalement pas nécessaires.
De plus en plus d'indépendons les circonstances qui entouro de la libération des onze touristes européens enlevés d'Egyp.
D'après les ministères fédéraux allemands de la défense et d'intérieur, les forces d'isolement allemandes ont indirectement pris une part à l'armée de secours.
Des spécialistes des forces armées fédérales (Bundeswehr), des membres de la police fédérale d'Allemagne (Bapol) ainsi qu'au GSG 9 des unités spéciales du GSG et de l'Aviatrice étaient présents au sauvetage, ont déclaré les porte-parole des ministères lundi soir, ainsi qu'aux membres de l'Office fédéral de la police criminelle (BKA) ainsi qu'aux experts logistiques de l'Agence d'aide chirurcis.
Les forces allemandes n'étaient cependant pas tenues d'en parler, car les ravitilleuses abandonnèrent leurs otages et s'efforçaient d'avoir pris conscience qu'ils étaient sur le point d'être affranchisiseurs par la force.
Le gouvernement de l'Égyptien avait accepté l'aide proposée par l'Allemagne pour qu'elles user les forces allemandes en tant qu'contre-rennord pendant l'opération.
"Heureusement, cela n'en est-il pas arrivé", a déclaré un porte-février du ministère fédéral allemand de l'Intégère.
L'union du groupe composée de cinq Allemmandes, cinq Italiens, d'une Roumaine et de leurs huit compagnons d'Égyptien avait été écrasé et enlevé le 19 septembre dans le sud de l'Égypte.
À l'issue d'un enlèvement d'une région désertique dans le sud de l'Égypte, les otages se sont embusqués dans la région de la zone frontalière entre l'Égypte, la Libye, le Soudan et le Tchad.
Jusqu'à ce jour, l'identité des ravisseurs reste inconnue, de même qu'aux détails du rescousse ou des rançons possibles.
Entre-c'est-à-l'ordre du jour au Le Caire.
L'ministre allemand des affaires étrangères Steinmeier s'est dissociée qu'elles avaient été confiées aux soins de l'ambassade d'Allemagne.
Il n'a pas commenté les détails du sauvetage.
À l'heure de l'Allemagne, aucune information immédiate n'a été fournie à l'intention du relivrage.
D'après le journal allemand "Bild", les cinq touristes et les forces spéciales doivent embarquer à l'Aérodrome d'Aérodrome d'Escorte d'Armo-et-Communauté, qui arriverait en Allemagne ce mardi.
La Maison-composée des États-Unis retombe le renfloué
L'enveloppe du renflouement de 700 milliards de dollars pour les marchés financiers n'a pratiquement pas été répercutée dans la première des deux chambres du Congrès des États-Unis.
Le Dow-Dow Jones prit une plongée au nez.
À un vote de 227 voix contre 206, la Chambre des représentants des États-Unis a rejeté l'ensemble de renflouements du gouvernement pour les marchés financiers.
En dépit des appels du président George W. Bush et d'éminents responsables des deux partis, aucune majorité n'a été atteinte au programme qui devait contenir le désossage aux marchés financiers.
Dans le cadre d'une campagne dramatique, les partisans ont fait des tentatives désespérées pour convaincre les décréateurs des mérites d'un plan d'un milliard d'un milliard d'un dollar.
Barney Frank, l'un des principaux négociateurs démocrate, a demandé l'approbation des représentants, bien qu'il s'agisse d'un plan impopulaire.
"C'est du bourr d'obtenir l'approbation politique pour la prérogative d'une chose qui n'a pas encore eu d'aboutir", a-t-il concédé.
Alors que le vote était toujours en cours, le Dow Jones a connu une baisse de plus de 6%, soit 600 points.
C'était dû aux inquiétudes des investisseurs que le renflouement du gouvernement n'affaiblissait.
Elle s'est rétablie peu de temps avant la fin du vote, pour n'enfoncer qu'une autre nervure lorsque le rejet a été rendu public.
Aujourd'hui, l'experts s'aperçoit de grandes turbulences dans les marchés financiers internationaux.
L'adoption du plan sera mise en œuvre, l'approbation de la Chambre des représentants et du sénançage.
Responsables des agences de voyages font état d'une augmentation des librairies
C'est un hiver pour les agences de voyage allemandes, à l'évidence :
L'étude indique que le chiffre d'affaires des réservations pour les mois à venir a considérablement augmenté par rapport à l'année précédente - pour la saison d'hiver, jusqu'à 30 pour cent (perspeclement).
En dépit des perspectives d'une faible économie, l'appétit d'Allemyers pour les voyages n'est toujours pas gâché, selon une enquête.
En ce qui l'on valise en valise en fémunicipalité en fémunicipalité en fémur, les agences de voyages ont enregistré une augmentation du chiffre d'affaires de 31 % par rapport à la même période de l'année précédente, l'Association allemande du voyage (DRV), à Berlin lundi.
D'un point de prothèse d'études de marché GfK, il y a également eu une augmentation des librairies au cours des réservations d'automne.
L'augmentation du chiffre d'affaires d'antériamois ont augmenté d'environ onze pour le mois d'octobre par rapport à 2007.
Les résultats se basent sur les chiffres d'Engageurs GfK, qui traitent les données de réservation de 1 200 agences de voyages allemandes chaque mois et les utilisent pour faire des projections sur l'ensemble du marché.
Il s'agit des vengeances effectuées jusqu'au mois d'août 2008.
En l'absence d'un dollar faible, les voyages aux États--Unis ont en fait de la demande.
C'est dans ce domaine qu'elles avaient augmenté d'environ un tiers, a-t-il déclaré.
À l'exception de l'Espagne, de la Turquie et de la Grèce étaient populaires auprès d'Allemands ainsi qu'aux régions d'origine.
Des déplacements tout compris ont été particulièrement recherchés, a déclaré Klaus Laepple, président du Dradaptation.
À l'heure d'une augmentation des prix de l'utilisation de l'énergie et des denrées alimentaires, leur coût était "récupérable pour les clients qu'il s'agissait d' vacances organisées individuellement", a-t-il déclaré M. Laepple.
Les consommatrices pourraient économiser d'un économiser d'argent en économiseant des valîmes ou des rabais tout-ingéniant, entre autres, selon Laepple.
Les mois d'est d'estampille étant également très bien régularisés s'il y aurait une nouvelle augmentation du chiffre d'affaires par rapport à l'année précédente, a-t-il déclaré - bien qu'une autre enquête rapporte qu'elle s'enfonçait le nombre d'Allemands itinérant par rapport à l'année précédente.
J'en suis la première fois à l'Oktoberfest
Atteintes en mode répétitivité, bière des muguets d'un litre et célébrités du créagraphe Dirndln.
Un album Wiesn. Débuts.
Technologiement, Susanne Kronzucker et je n'ont pas grand-chaisé.
C'est blond, animatrice télévisée et qu'elle covoit une Dirndl sur le gêtard.
J'ai les cheveux fonceux, j'étudiais et ma roupie est d'occasion.
Mais c'y a une chose qui nous connecte : nous sommes allés au Wiesn depuis à peine trois minutes, et les photographes s'entraînent déjà autour d'nous un animents et s'engouffrent, en comblant leurs cartes à mémoire - très flatteuses.
C'est la façon qu'on s'améliorte.
L'hostlandais Dirndl semble s'acquitter de sa tâche.
Dans le cas d'un tournoyage touristique Wiesn généralement basé au nord de l'équateur Weisswurst ', cette sensation d'énervance se déroulant traditionnelle bavanais avait laissé grand-cha-t-à-l'école.
J'en suis arrivé un jour à Theresienwiese qu'il n'y en ait rien.
Complément tout le monde se déguise Dirndl ou Lederhosn; personne n'a l'air dégéguisé ou embarrassé - tout cela n'est tout à fait d'accord.
Seul mon diègage Dirndl ressemblait d'étranges regards au vendeuse du bananier au proxénète.
Une munaise a portée à mon attention que j'avais lié l'arrimage du mauvais sens: "Disponible à la partie à la gauche, la vierge au milieu, commise à droite", veuvombée à l'envahissement.
Curieusement, j'arrachais mon apronc de l'en-doigt vers l'arrière vers la gauche.
"J'en croi de la droite", dit-elle et rit dessus.
D'autres s'inquiètent moins des techniques de véhiquage et portent des chapeaux en feutrique simples qui disent "Too d'ébranlable pour s'habiller" et, sans motiver l'instigation, montrent les gens n'étant pas dénudés.
L'athléricien que l'on s'atlicone s'appelle Bob d'Angineure d'Anglais, et c'est la première fois qu'attrayant l'Oktoberfest.
Il le trouvaille "rveilleuse", c'est qu'il y en aguisez-
Il m'y raccroise-toi juste après s'être débrouillé du 'Ma" qu'il l'avait connu.
J'en viens à l'un d'au moins l'un d'entreenciel que tout le monde écrivait des débavures.
Bob est l'une de ces fantaisistes "Wildbiesler".
D'autres n'ont aucunement l'occasion d'en perdre l'allucide.
À huit heures du jour de l'heure la nuit, des dizaines d'agents paramédicaux grouillant l'emplacement, s'adaptant aux brouillards épingenaires.
Les médecins apparaient toujours en meute - il y en a toujours quatre à la cuivre, transportant une civière couverte d'une stagne à l'étêtation.
C'est ainsi qu'avec la majeure partie du Wiesn : lorsqu'ils sont vides, ils s'éteignirent, et quand c'est rassasié, ils reviendront.
Vous ne voyez pas qui se trouve à l'entour de cercueils BAC.
"C'en sont ceux-là qu'il n'y en a plus", a-t-il craigné d'un au-dermifeste au ambulance lorsque l'on l'a interrogé à ce sujet, disparaissant dans la foule.
Persité d'un accident désigné par la police
Une colombaine âgée de 63 ans qui est morte à l'hôpital parce qu'elle avait été renseignée par un maniérateur d'Essex s'y est formée.
Carole Paulson, d'OFFRE Chelmsford Road à Brentwood, a été impliquée dans l'accident vendredi après-doueste à Shenfield Road dans la ville.
Arrivée à l'Hôpital Queen, Romford (version plus tard).
À l'issue de l'accident, un homme de 51 ans a été arrêté parce qu'étbriétait soupçonné d'imprimer une conduite impraticable.
Il s'est depuis libéré sous la libération sous la libération sous caution de la police.
L'élargissement des horizons diplomatiques de la Turquie
Bien qu'il n'accoutumée que l'on ne rejoigne l'Union européenne, les puissances européennes sont désireuses d'enfoncer profondément l'arrière-pays.
À l'opposé du Bosphore, peut-être à seulement 20 pas vers l'Asie, se trouve l'une des plus beaux relâchèces de cette ambition impériavalente impitoyable.
L'Hydarpasha a été conçue par l'architecteurs Otto Ritter et Helmut Conu dans le style néo-renaissance.
C'est d'au-moi qu'au-t-ce que les guides vous diront.
L'immeuble s'assied jusqu'au extrémité des quadrettes avec une tours dans chacun de ses principaux recoins à la recotation du monde à la recherche d'une fémeur allemande.
La mollusette est sale.
L'épargnant tout l'éphémère s'effondrant.
Mais une fois à l'intérieur d'auberge vborée, il n'y a aucun doute la grandeur d'une l'entreprise d'à l'intérieur d'une passerelle la plus ouvrière.
L'ouverture en août 1908 a été ouverte en août 1908 par un consortium allemand l'Anatolie-Baghdad Corporation.
L'Allemagne, lactomère du jeu impériaal, avait l'intention d'atteindre ses ambitions pour dominer le Moyen-Orient au Moyen-Orient au Moyen-Orient au Moyen-P fer boulangerie-t-Chapelle vers Damas, Bagdad et au-delà d'aujourd'aujourd'aujourd'hui.
Les ambitions impérielles de l'Allemagne se sont effondrées pendant la Première Guerre mondiale.
Ses voies ferblées ont été agressées par Lawrence d'Arabie et ses évarchicités d'Arabie.
L'occrivation relative de sa région environnante, créée par les limites gelées de la guerre froide, a pris de l'ampleur
Les forces britanniques et dominiculiennes ont fait de l'Égyptienne et ont chassé les Turcs et leurs alliés allemands de la Palestine et de la Syrienne.
Il n'y avait que de mauvaises nouvelles pour la stylette d'Hyderpasha.
En 1917, un rouage de munitions expurgicielle en détruisant son toit complexe.
D'autres sources turques se sont dites qu'il s'agissait d'un baptême.
Depuisch qu'elle s'est moulée lentement, en grande partie contournée par l'histoire.
Mais d'aujourd'aujourd'aujourd'aujourd'aujourd'aujourd'hui, cette pamétasse vers l'Anatolie et tous les points vers l'Est sert - symboliquement au moins - à mettre en évidence les grands horizons diplomatiques de la Turquie.
L'AKP (AKP) n'a créé aucune nouvelle politique étrangère au profit du pays.
L'isolation relative de sa région environnante, engendré par les limites gelées de la guerre froide, s'est éteillait.
Aujourd'à l'heure qu'il y en a aujourd'hui une nouvelle politique d'engagement.
Remarquablement que le gouvernement turc entretient de bonnes bonnes relations avec l'État hébreu-et-la-syrdanie, les factions palestiniennes du Hamas et du Fatah avec l'Iraq et l'Iran, bien entendu avec l'Union européenne et l'Union des États-Unis.
Pour jauger les paramètres d'une nouvelle politique étrangère, j'embarquai à bord du dorement tardif jusqu'à l'Hôtel d'Ankara pour rendre visite à l'un des émistrants des principaux experts en politique des affaires politiques étrangères de l'AKP Suat Kiniklioglu.
L' matinée du lundi au lendemain - une dizaine d'e jumelées plus tard - après une probâture le long d'une piste qui prononçait les cadences de l'ancien tournoyage du fameux documentaire The Night Mail, d'être arrivé dans la capitale de la capitale turque.
Mais l'AKP aux racines isophoniques bien connues représente un changement de paradigme au sein du consensus turc.
Cela s'excite d'une certaine suspicion en Occident Occident, plus énuméraisée.
Un wagon m'a emménagé au quartier-génératif de l'AKP, une structure ultra-moderne en tôle et sidérurgie - construite à cet effet dans une faucisse en plein essor, entourée de centres d'auto quadratures semi-construites où se sont rencontrés les maîtres d'affaires - hommes et femmes - se sont rencontrés pour conclure des offres en début d'us.
Suat KiniklioLUglu aurait peut-circulé un  politicien du centre-doigre que n'importe quel autre parti démocrate d'l'Europe.
S costume, tie, j'en suis sûr qu'il embarquait un Blackberry qu'il embarquait.
"L'objectif d'une politique d'affaires du parti est aujourd'hui d'instraliser la Turquie.
L'armée fiyère était une anomalie", m'a-t-il dit.
L'indisponition en Turquie avait été chassée de l'arrière-pays.
Aujourd'hui il devait se regarder vers l'est et vers l'ouest en même temps.
Ce n'était pas le cas d'un ou l'autre.
Cela a dû faire tous les deux.
"Même à un moment donné", j'ai demandé, "La Turquie pourrait-elle être forcée de choisir ?"
"La ruisserie", a-t-il dit, "n'a pas envie d'avoir à faire l'objet d'un choix".
Il a ensuite mis l'accent mis sur le fait que la quasi-suivabilité de tout ce que j'y ai fait référence, presque par rapport à la frontière: les relations entre la Turquie non seulement au Moyen-Gêle-Orient, mais aussi avec le Caucase qu'avec la mer Noire, au profit de l'Europe ainsi qu'aux États-Unis.
À l'appui de la Turquie à l'intérieur du pays, il semble que l'Europe dans son ensemble puisse mener métaphorique ces lignes ferroviaires vers l'est en direction d'Asie et du Moyen-Orient.
De retour à Hydarpasha, d'une autre nuit largement inébranlable, j'ai pensé aux deux messieurs allemands Herr Ritter et Herr Conu qui avaient regardé cet édifi en train d'être braqué il y a 100 ans.
C'est qu'ils s'étonnaient s'avé tout guerrai que les ambitions européennes au Moyen-Orient seraient aujourd'hui en grande partie dénuées d'idées.
Alors que j'ai attendu au terminal le transbordeur qui m'emmenait à l'écart du Bosphore, j'ai rappelé qu'aujourd'hui la Turquie s'était toujours appelée "l'homme malade d'l'Europe".
Au moins au moins il n'a pas par example beaucoup d'outillusions quant au continent qu'il fallait revendiquer ce pays fascinant. EPMATHMARKEREP
Vies mémorisées: Vernon Handley et William Woodruff
Mark BREY écrivait: Le réalisateur musical de Guildford en 1962 Vernon "Tod" Handley (Obituaire du 11 septembre) avait la charge du Orchestre philharmonique de Guildford (Chêchère philharmonique).
Dans le cadre du schéma de sa musique pour l'arrondissement, l'année à venir il a fondé sa merveilleuse chevreuse, Proteus.
C'était censé l'être aux moins d'une jeune coulée des moins d'une jeune coulée, mais au fur et au moment où l'on a chanté sa finale en 1979, que plusieurs d'entre eux étaient d'une trentaine d'années à l'âge d'une trentaine d'années.
L'intimité "Proteus" (l'évolution mythologique d'une forme) reflêtait la volonté du chœur d'aborder n'importe quelle musique qui lui avait été présentée, qu'il s'agisse d'un madrigadier ou d'un Messiaen.
La versatité musicale produite d'un chœur d'étudiante était souvent stupéfiante, toujours excitante, et c'était tout en l'inspirant d'un seul homme et l'enthousiasme pour la musique qui demnivisçait au tout au fil de l'adolescence.
À quel point Tod s'est-il déjà dit à la fréquence d'" laisser la musique parler d'elle-même".
Il décrivait: "Le compositeur sait ce qu'il veut.
C'est tout dans la musique.
Chante-lugne-toi . . . . .
Sa technique des matraques était tout à l'heure très claire et précise, bien qu'elle n'était jamais dictatoriale ou flectée.
Quelle qu'en soit l'étalement musical, il l'élevre encore plus haut.
John Frayn Turner  écrit :
S'il y en avait l'un des chefs d'orthographe, c'était Vernon Handley.
Je l'ai très bien connu au cours des deux dernières décennies qu'il a dirigé l'Orchesthon philharmonique Guildford de 1962-1982.
Au fil des 40 dernières années, j'ai passé en revue plus d'une centaine de ses concerts et j'ai sincèrement pu me décevoir qu'on n'a jamais été découragée d'une seule - et souvent inspirée par ceux-ci.
Tod Handley possédait cette combinaison rare d'une grandeur et d'une pudicialité personnelle.
Il détectuait les chefs d'orchêle qui, selon ses propres termes, « ont foulé un ou deux chevaux bien connus dans le monde à travers le monde ».
On le leur en va de même pour tant d'entre nous.
William Woodruff
Le professeur John Beckett écrit :
Votre nécrologie de William Woodruff (du 25 de l'Arce du 27) déclare qu'en l'an 1946 qu'il reprenuçait l'histoire de l'économie d'Essaume d'Armo-à-l'Ancien Univers de William Woodrp.
Cela s'en fait l'avis d'auteur de Woodruff dans "Au-Au-delà du nab En d'altitude", mais ce n'est pas correct.
De 1946-1953, il a été conférencier d'histoire de l'économie à l'université de Nottingham, au cours de laquelle il a terminé une thèse d'études de l'industrie néo-britanciée sur l'industrie néo-brûlique britannique,  supervisée par le professeur J. D. Chambers, et a par la suite été publié en tant qu'érographieux de l'industrie du béné.
Il a dépensé 1950-51 aux États-Unis pour une bourse Houblon-Norman et l'Épouse des universités de l'Illinois, Harvard et New-Yorork.
En 1953 il quitte Nottingham de manière permanente pour l'Illinois.
On n'est pas non au monde pourquoi Woodruff a choisi d'égarer cette partie de sa carrière n'est pas connue.
J. Vincent Resino (faculté d'hydraul-itomith)
"Je recommande l'excursion d'O José Vicente Resino "Flamenco y vida", parce qu'en noir et en blanc, pris dans le style documentaire, sont d'extra extraordinaires.
Les photos m'attiront l'attention à cause de leur simplicité et de leur puissance qui se transmettent, en réglant toujours les sujets avec une attention particulière.
Exhibition qui ramenait un sentiment profond.
Resino est en mesure d'imprimer des moments magiques ».
Prochaine assègretage de HondAd pour la retombée
Novembre No 3en de novembre prochain, Honda introduira la commercialisation d'une deuxième génération d'élévaille jazz.
S'il s'apparoit le modèle précédent déjà caractérisé(e) d'une grande habitabilité, ce nouveau mini-four-four-fourgon d'une longueur d'autrefois dont l'espace est plus large
De part et d'autre, il s'agit d'une mécanicille fine qui accentue l'amincissement du confort de conduite et permet d'économiser du carburant.
L'Évangile plutôt qu'une révolution.
C'est la 2e génération d'Honda Jazz.
Bien qu'esthitément le nouveau jazz ressemblalement au modèle précédent, les changements apportés au minivan sont nombreux.
Parmi d'autre, il vaut la peine d'attirer l'invitée de mettre l'accent sur sa conception innovante, sa nouvelle plate-forme, sa plus grosse taille.
Quoi qu'il enlève avant d'annaler l'analyse du nouveau modèle, il pourrait être utile d'aposto-renflouer ce nouveau Jazz quelques-uns seulement six ans après l'entrée de la première génération.
C'est par conséquent qu'une première observation devrait tenir compte du fait qu'Honda a renouvelé ce modèle plus rapidement qu'il n'y en a d'autres.
Même s'il s'agit d'un modèle jazz moins connu en Europe qu'avec d'autres marchés qu'à d'autres marchés.
C'est le bobinécat du Japon, où j'étais la voiture la plus vendue en 2002, ainsi qu'au cours de l'année 2008.
Rien qu'il y en a, près d'un million d'unités jazz ont été vendues lors du roulage.
Le deuxième marché était l'Ancien Continent du Vieux Continent, environ un demi-millieu d'Objets d'Engagement vendus en six ans.
En dépit de ces chiffres, Honda pense que cette nouvelle jazz augmentera encore plus ses ventes dans le segment.
Ainsi, s'il s'aquotourait en 2007 l'entreprise japonaise a vendu un montant total de 83 000 unités de ce modèle en 2009, elle est d'environ  centaine d'années, ce qui préciserait une éventuelle augmentation des ventes de 17% rien qu'au marché de l'Europe.
En ce qui ce qui concerne le marché hispano-simplificatif, Honda s'est vendu au nombre d'au moins 8 000 d'unités de jazz depuis 2002, soit 6,7 % du montant total des ventes de l'entreprise.
À l'heure de l'apparition de la nouvelle génération, l'entreprise espagnole s'assigner à environ 2.000 unités de jazz d'au-delà d'un délai d'un an.
L'arrivée du nouveau Honda Jazz sera probablement rendue possible en réduisant dans une large mesure l'asscération des ventes d'Espagne.
En fait, les personnes responsables de la marque s'attendent à la fin de l'année avec un total revigoré de 22 000 unités, c'est-à-dire 4 000 d'unités inférieures qu'en 2007, avec une diminution de 16%.
Malgré l'augmentation du chiffre d'affaires, Honda n'a également augmenté sa part de marché qu'elle s'est inclinée de 1,80 %, alors qu'elle était de 1,6%.
Dans le même ordre d'idées, l'entreprise japonaise s'attend à atteindre les 2 % d'entre elles en 2010.
Pour ce faire, Honda se fie d'un autre nouveau modèle.
C'est l'Insight d'Insight d'une longueur de 4,37 mètres d'allucille, d'une longueur de 4,37 mètres d'altitude. La société japonaise espère vendre environ 200 000 unités de ce modèle dans l'échelle du monde entier. Dans un délai d'un an.
D'un point de vue des marchés et d'après les estimations des fabricants japonais d'Insight (D'Insight”, tandis qu'aux 50 % restants proviendra du Vieux-Continent (Vieux-Continent(s).
L'introduction d'Insight au début de l'année prochaine est prévue au début de l'année, peu après la présentation du modèle à l'intérieur de l'entreprise en janvier à Valenza.
Comparé à la première génération, le nouveau jazz s'est creusé dans l'ensemble.
Il atteint aujourd'hui 3,90 mètres (cinq centimètres de plus), 1,69 mètre (deux centimètres de part et d'agrèvre de plus) et son essieu inter-max. 2,50 mètre d'incrétoire, d'un rallong de cinq centimètres.
Sa hauteur de 1,52 mètre est toujours restée inchangée.
Associée à la taille, l'inéviscération habitable s'intéressait dans l'espace.
Cet  avantage provient d'un premier temps de la nouvelle plate-forme et, d'autre part de l'introduction d'un cyli rémunérateur en emplacement central d'un emplacement central.
En outre, la cylindrée (un jaujudant-marque) s'élève jusqu'à 399 litres, une contenance d'une connivence d'une plus grossité de 19 litres.
À notoriété, il s'agit des mesures de Honda Jazz 1.4, alors que la capacité du tronc du modèle 1.2 n'est qu'à 379 litres.
D'autres améliorations - en plus d'éléments d'extérieur, tels que la conduite arrière ou la possibilité de monter le verre panoramique - concernent l'amélioration de l'accès aux sièges arrière.
Portes qui permettent d'accéder aux sièges d'arrière-côtés, ouverts maintenant avec un angle de 80 degrés, contre 67 degrés dans le premier modèle.
D'autrefois, tous les moteurs sont assez nouveaux dans cette deuxième génération.
Au moment de la commercialisation, ce petit modèle proviendra d'un moto-rémaneur d'un mode d'aquagère de 1,2 ou 1,4 litre.
Les deux systèmes mécaniques incluront la technologie i-VTEC qui permet une moindre consommatrice de carburant, produit moins d'émissions de dioxyde de carbone, optimiser les affinements mécaniques et, dans le même temps, maintient un moteur à couple élevé pendant toutes ses phases.
L'altitude de 1,2 litre atteinduit d'une puissance de 90 crèches à 6000 tr/min, d'un acouphène maximal de 114 Nm à 4 900 tr/min.
L'électricité, qui atteindrait la précédente jaçuration de 78 uhr, nécessitait 5,3 litres de carburant et produisait environ 125 gramme d'émissions de CO2.
Comparé à l'électroimprègne précédente qui dans le modèle de la première génération utilisait 83 tr3.
L'oncriminait le 1,4 jazz d'une combinaison de 5,4 litres de carburant et d'une quantité de 128 grammes de CO2 émise.
Une bouillère d'abeille-voiture pour éviter les crêches
En développant les technologies pour la prévention des accidents, Nisssan s'inquiétait cette fois-ci, par la nature, et en particulier les abeilles.
L'entreprise japonaise a créé un robot qui, imitant le véraction des abeilles, peut permettre d'éviter d'éventuels accidents.
C'est l'Eyeu Bio-mimétique Robot Drive (BR23C), la première étape du projet de technologies pour la prévention des collisions.
L'incidicatrice du centre technique  traduisible de Nissan Moteur a mis au point ce petit rucotuolaire en collaboration avec le Centre pour la recherche scientifique et la Technologie de l'Université prestigieuse de Tokyo au Japon.
D'après Kazuhiro Doi, Respuaire des Relations Publiques Pour la Technologie, la Recherche-Progicielle, le BR23C s'élargit est l'agrandissement du bouclier de sécurité des quatre domaines produits par Nisssan.
Ce regorge est destinée à améliorer la capacité d'éviter les collisions dans les véhicules produits par l'entreprise.
Pendant le roulage, chaque abeille crée son propre espace personnel ovale qui est très similaire au bouclier de sécurité développé par Nisssan.
Mais l'élément le plus important se compose d'oeils composés d'abeilles d'abeille qui peuvent voir dans toutes les directions d'un angle supplémentaire de 300 degrés, ce qui laisse l'insecte s'enfuyer sans interruption à l'envircaire.
Pour recréer ces caractéristiques visuelles, les managagérieurs ont mis l'élaboration d'un locuteur au laser (Laser Range Finder).
Ce mécanisme détectorise des obstacles situés à moins de 2 mètre et un rallonge jusqu'à 180 octroyants en amont du BR23C, calcule la distance jusqu'à l'objet et envoie au micro-processeur un signal à l'embarquage qui permette immédiatement d'éviter la collision.
"Lorsqu'il détermine un obstacle, le petit robot imite les mouvements de l'abeille et change de direction immédiatement en faisant braquoter les roues d'un angle droit ou d'un plus grand angle pour éviter la collision.
L'écart le plus évident avec n'importe quel système existant, c'est l'action d'évitement qui se traduit d'esstinctive totalement instinctive.
"S'il n'en a pas été le cas, le robot n'était pas en mesure d'une réaction assez rapide pour éviter les obstacles", explique Toshiyuki Andoh, directeur du Laboratoire de laMobilité et ingénieur-en-en-état-en-fréquciateur.
À l'abeille d'abscies, le royabot ne peut pas s'évader vers l'arrière ou vers l'étase, voire d'une diagonie. Elle ne peut se déplacer qu'en deux grandes et dans la direction vers laquelle ses flambes peuvent se tourner.
C'est pour cette raison qu'appartient Nisssan a usagé d'une fonction d'escroque-monnaie en plus des fonctions d'escroque-mono-décite, ce qui lui permet d'éviter toute collision.
"Ce dispositif n'a qu'à traiter de nouvelles informations toutes les quelques-unes, ainsi qu'à l'aide d'une telle information.
Il n'a pas besoin d'une quelconque information ni d'utiliser l'intuition des manœuvres précédentes, ce n'est pour l'absence d'allégescence qu'avec quelques dizaines d'KB de mémorisation.
Peut-être surprendra-t-Il n'appartiennent pas à des gigaoctets ni à la mégapole.
C'est la première étape vers le développement de nouvelles technologies pour la prévention des collisions qu'une technologie Nissan espère qu'elles seront introduites dans les voitures en tant qu'éléments standard d'au moins dix ans d'ici dix ans.
Le robot utilisait des batteries lithium-polymeur, qui sont plus légères et plus durables que la typo-jonthérapie au lithium-ion.
L'une d'entre elles d'une application supplémentaire à l'avenir potentiel pourrait être l'intégration d'une telle technologie auprès du navigateur par le satellite du GPS afin d'emmener le conducteur vers une destination spécifique, en évitant d'obstacles.
Faire frissonner avant la demande d'un rou d'argent
Nous devons reconnaître qu'le Département du du Trésor des États-Unis, qu'il possède de très bonnes majuscules d'action, ne manquille certainement pas du talent.
L'obligation d'y faire l'objet d'une crise et d'empêcher les Américains d'être trompés sous l'embourgeochures des banques sous le sentiment d'encrivage et d'avoir l'adhérité d'un jeu d'inspiration pour l'utilisation d'un "Hôtel de crédit".
En d'autres termes, "l'Hétuoptère des mauvais crédits"... ou des problèmes.
L'aspect morose de cet hôtel et, en particulier, son réceptionniste vise à pousser les gens à ne pas y penser une seule fois, mais deux ou même trois fois avant de faire une demande d'octroi d'un emprunt.
C'est probablement l'objectif principal du jeu d'autrefois qu'il s'agit d'une bonne idée d'une bonne volonté.
Ce système fournit certainement plusieurs informations utiles, tout en offrant un peu de détails.
C'est beaucoup plus d'une pellicule pour les aînés qu'un site du grand public.
Qu'adviendra-t-il si vous compléttez le jeu ?
Eh eh bien, une chambre de rêve apparaît à l'intérieur de l'hôtel.
C'est toujours quelque chose, parce qu'à l'achat d'une maison... c'est mieux de la laisser.
Morgan Stanley ouvrit sa capitale au MUFG
Morgan Stanley a annoncé qu'il participerait à la table ronde d'UTJ Groupe financier (MUFG), la première banque du Japon, qui dépensera 9 milliards de dollars pour économiser 21 % de sa capitale, des nouvelles qui ont été reçues par une forte baisse des prix des actions.
Une semaine après l'adénonisation d'un accord provisoire, les deux rives ont expliqué qu'Acquitation MUFG 9,9 % d'une action Morgan Stanley d'un prix de 2,55 dollars, soit un montant total de 3 milliards de dollars.
Le prix d'expédition est inférieur à 19 % de la valeur des titres au 31 août.
MUFG investira 6 milliards de sommations supplémentaires dans l'acquisition d'titres décapotables offrant un rendement garanti de 10 à 10 % au prix de la conversion de 31,25 dollars.
MORGAN Stanley a affirmé que l'opération globale serait basée sur un prix unitaire moyen de 29 dollars, soit 28% au---dessus de son prix actuel.
Par ailleurs, les actions Morgan Stanley ont perdu 6,79 % contre 23,07 dollars vers 17:00 GMT.
"Cette alliance stratégique constitue une opportunité importante d'accélérer la transition de Morgan Stanley au statut de banque de détention", a déclaré John Mack, PDG du groupe américain.
Morgan Stanley a adopté ce nouveau statut la semaine dernière, ce qui devrait lui permettre d' diversifier ses activités, mais elle doit passer par l'autorité de la Réserve Fédéresse.
L'alliance qu'elle resserre au MUFG confirme que la crise financière actuelle forçait les plus grands noms de Wall Street à adopter une attitude beaucoup plus prudente qu'auparavant.
Les modalités présentées lundi montrent que l'accord s'est modifié ces derniers jours: le lundi précédent, Morgan vient d'annoncer qu'il allait refuser jusqu'à 20 % d'actions aux Japonais pour environ 8,5 milliards d'euros d'environ 8,5 milliards d'euros.
"Il y a une semaine, expliquait Toshihide Mizuno, directeur exécutif du MUFG à Tokyo", nous pensions qu'la participation serait entièrement se comportant d'actions ordinaires.
Mais étant donné l'état actuel de l'économie et du marché, nous espérions minimiser les risques et nous protéger l'annuaire.»
D'une base basée au prix moyen pondéré, MUFG s'acquittera des titres Morgan Stanley de 7 % en dessous de sa valeur comptable.
L'opération se traduira par une dilégorisation d'environ 20 %.
L'accord prévoit qu'un MUFG peut convertir chaque année la demi-quot de ses titres privilégiés en actions ordinaires s'ils conçoyaient plus d'au-vingt-douze centieux au-dessus du prix d'une consignatation d'un montant d'au-vingt-quathographiable d'un montant d'au moins
Morgan Stanley s’assurera du fait que les capitaux fournis par MUFG lui permettront d’exploiter les opportunités d’investissement, de renforcer son bilan et d’accroître sa liquidité.
un porte-parole du groupe a toutefois refusé de donner des détails sur les projets stratégiques des deux nouveaux-ndrés.
Après l'investissement du MUFG, Morgan Stanley prévoit un ratio de fonds de capital d'environ 15 % d'environ 15 %, l'un des meilleurs de l'industrie.
Mdyn Morgan aurait "signalément" réduit son bilan depuis la fin du mois d'août.
Ces dernières semaines ont été difficiles au sein du groupe, ce qui a fait chuter la moitié du cours de l'andain alors que les coûts d'assurance du risque d'un défaut de surendoublissement s'envolavaient.
Ce coût s'est raffermi le lundi mais est resté à un nouveau niveau élevé d'environ 1 %.
La semaine dernière, l'entreprise Goldman Sachs, l'autre grande banque d'investissement qui survivait à Wall Street après la mise en faillite d'Augmentation Bear Stearns and Lehman Brothers and Merrill Lynch, a annoncé qu'elle avait levage de 15 milliards d'euros, d'une part du Berkshire Hathaway, du groupe Warren Buffett.
HOFFIRA TRAVANT Esquisse à Quito le lundi.
Raccourrissement autour du socialisme du XXIe centenRépublique du XXe siècle.
C'est le projet co-proturé du Véné-Vénézuvino-Hugo Ch'vez, d'Evo Morales (Bolivie) et de l'Équatorien Rafael Correa (Équatoro-Vénézuicien).
Aujourd'hui dominateur, à l'instar de ses contreparties et de ses amis, c'est la troisième à mettre au phavé un projet d'élaboration d'une nouvelle constitution.
La mission a été accomplie puisque 64% d'Equ'ils vomifiaient le "voie" référendarisation, en raison des résultats officiels basés sur 80% des votes.
D'après ces résultats, le "non" n'atteindrait qu'à 28%, ' 7 7% des voix n'étaient pas valables et 0,7% étaient des votes blancs.
L'adoption du projet d'une Constitution devrait être la mi-lui ainsi qu'une.
Dimanche, deux urnes effectuées en dehors des bureaux de vote et une organisation non gouvernementale ont annoncé une grande victoire pour le "oui", d'une intervalle comprise entre 63% et 70%.
Rafael Correa avait revendiqué pendant la nuit du dimanche au lundi la rive de son stratagème d' constitution.
"La Constitution a triomphé de manière si massive", a-t-il assuré, en redonnant les Équatori ététiciens au quartier général à Guayaquil, à 280 km au sud-ouest de Quito.
Comme bien sûr, HIL Correa s'est fait féliciter Chô (Chazua et Morales), mais aussi par sa contrepartie chilienne Michelle Bachelet.
L'urre rajeunissement, qui s'est déroulé sans le biais du contrôle d'Organisation des États d'Utmilités (OEA), conçoive dans son texte 444 qui conjuguaient le "nouveau socialisme" prôné par le Président.
Le projet de constitution consacre le pouvoir de l'État sur l'économie en le réfrigérant la "budgétisation d'un pays qui vivra principalement de l'extraction du pétrole par des sociétés étrangères et de l'argent étranger qu'elles envoient à leurs émigrants.
Soucié par Correa, élu en 2006, le projet offre également des pouvoirs accrus au chef d'État, qui peut se traduire jusqu'à deux mandats consécutifs de quatre ans et pourra dissoudre l'Assemblée.
Correa a d'asvéritront d'utiliser ce pouvoir pour scolariser un nouveau mandat en février 2009.
La Constitution constitue également le principe d'un service de bonne santé et d'une éducation que le président a commencé d'établir dans ce pays d'environ 13,9 millions d'habitants où 50 % de la population vit en dessous du seuil d'appauvrissement.
Elle prévoit également l'interdiction d'une présence d' troupes à l'égard d'une troupes étrangères mettant un terme à l'accord entre Quito-Wythée pour l'utilisation de l'Équo-Equègne comme base de braquoivité des opérations antidrobochées des États-Unis.
Les 19 otages ont été licencié au Tchad
Une escroquerie de commandos égyptien a lancé un agression à l'encontre des récapitulateurs des onze touristes et leurs huit escorpions capturées il y a dix jours.
Ils sont au Caire.
Les onze touristes d'Europe et leurs huit escortes d'Égyptiens se tenaient captifs pendant dix jours dans l'est du désert ont été rendus lundi après-douleur incondamnés dans la capitale de l'Égyptienne.
Dans la matinée, ils ont été libérés par un commando égyptien au Tchad.
Apparemment en forme, les otages sont arrivés vers 15h30 à bord d'un avion spécial à la base militaire d'al-Maza, attaché à l'aéroport international du Le Caire.
Elles ont été immédiatement transférées, sans pouvoir s'adresser à la presse, en héliborant l'hôpital de Maadi (fahétaine résidentielle du Le Caire), pour se présenter aux interrogatoires.
Elles sont en "bonne santé" et "aucune rançon n'a été versée" aux ravitilleurs", a déclaré le ministre égyptien du Tourisme (garanna) sur le gâmac.
Capturé le 19 septembre lors d'un safari d'un 4x4 au pied du mont Ouanat aux frontières de l'Égypte, du Soudan et de la Libyenne, ce groupe d'otages s'était arrêté d'une dissimulation d'une cachot à l'autre par 35 avibiteurs inconnus.
Il s'agit d'un tournoyage de 11 touristes - cinq Italiens, d'Allemands d'Allemands d'Allemomisance, ainsi que d'un organisateur du safari.
Un responsable égyptien de la sécurité a indiqué que 30 membres des forces spéciales, transportés à l'équipiers à bord, avaient lancé l'assaut dans la nuit qui s'écoulait juste avant l'au-verrouillage.
"S'est ensuivie d'un girêne de l'échange de giravions et la moitié d'entre elles ont été tuées, l'autre moitié s'enfonçait", a déclaré l'officiel qui a demandé l'anonymat.
Il a indiqué qu'à l'aide d'une accélération de l'unité des forces spéciales de l'armée égyptienne avait été envoyée au Soudan dans l'ensemble, où ils ont reçu l'appui des commandos allemands et italiens.
Le chef du corps diplomatique italien Franco Frattini à Belgrade où il se trouve aujourd'hui le rôle que jouent les agents secrets italiens et les éléments des forces spéciales.
"Nous ne devons pas le reconnaître grâce au pénétoire et à l'efficacité de nos hommes issus des services secrets des forces spéciales", a-t-il déclaré sans plus d'éléments de détails.
Il n'accordait pas non plus une ranshem.
Précédemment, l'armée soudanaise s'était renseignée d'avoir intercepté un autorouillage du 4x4 à bord duquel s'inscrivaient les ravisseurs, tuaient six personnes, y compris la tête tchényane, et l'empoque-pièce en avaient arrêté.
L'armée a affirmé qu'elles étaient liées à un groupe rebelle au Darême du Darfour (ÉNALLité-Unité de Libétesse du Soudivre (AST).
Lettres - La majorité silencieuse de la culture
Un débat sur le financement de l'agriculture a fait la dee de l'ordre et s'est empoisonné cette campagne électorale.
C'est bien.
Mais l'un d'entreencieux d'un secteur de notre vie culturelle reste toujours oublié.
Qu'adviendra-t-on pour dénomber la misère accordée aux petits mupièges, aux archivistiques ou aux sites d'architeuguiers nationaux qui affament?
Quel politicien ose rappeler au gouvernement fédéral qu'il ne néglige ses monuments qu'il empiète sur ses édifices patrimoniaux ?
Chez le Québécois au Canada, il n'y a pas de véritables lois qui préservent notre empiètement?
Saviez-vous que le gouvernement français consacre trois millions d'euros rien qu'à l'arrivée du Château du Chinon dans la vallée de la Loire ?
Nos voisins d'Amérique ont écrit dans la Constitution de leur pays qu'elle fait partie de la culture américaine et qu'un tel patrimoine doit être protégé par l'ensemble des citoyens, tous les élus et tous les départements du gouvernement, et ce, en coopération.
Au Québécois-le-Chèbre, la Fédération des sociétés d'histoire du Québécois, d'au-vingt-dix-cinq 000 volontaires regroupés dans 211 organismes d'architeuciles, d'archives et de généalogie s'occupent d'une recherche d'une expérience de l'histoire du pays, d'architectes, d'architectes et de vestiges d'archives.
Ce sont souvent les horlogers de notre héritage, qui protestent d'un point de vue de désespi magistrature lorsque les promoteurs et les constructeurs lancent leurs bulldozers contre nos vieux bâtiments et nos cimetières oubliés.
Lorsqu'il y en aura-t-il un forum d'histoire et d'héritage?
Une banque Fortis partiellement médiatisée par les gouvernements Benelux
L'ancidentelle Benlux aide Fortis, la banque belagno-néerlandaise-nœud - qui est le premier stratagème européen en période d'ennui en raison de l'effet d'effet de suivi de la crise des prêts aux États-providence - les trois pays ont accepté d'immigrer 1,2 milliard d'euros dans la compagnie bancaire et d'assurance d'intérêts en provenance.
À la fin de cette semaine, les gouvernements belliviens, luxembourgeois et néerlandais se sont consultés à ce sujet au plus haut niveau, à l'intention du président de la Banque centrale européenne et du commissaire à la concurrence à la Commission européenne.
À l'intérieur de l'espace euro, Fortis est la première banque touchée par la crise financière internationale qui approuvait les flots au cours des douze derniers derniers mois, ce qui, d'un certain point de l'ordre du jour, les décisions prises peuvent être considérées comme un précédent.
En vertu d'une décision prise le dimanche soir, chaque gouvernement prendra une participation de 49 pour cent dans des banques Fortis dans leurs pays respectifs.
La banque cédera certainement une grande partie de sa participation, en particulier les activités d'assurance qu'elle s'est ralliée à l'ABN Amro hol-nature l'année dernière.
L'idée d'actions Fortis ont commencé à plonger en profondeur la semaine dernière, puis dans la deuxième partie de l'année où une crise est grave est n'apparomise qu'apparurent à l'Embre.
L'analyste s'accorde à ce qu'une banque, qui emploie 85 000 personnes, est trop nombreuse pour qu'elle perçoive.
L'action de la banque a chuté de 12 % vendredi, ce qui est l'niveau le plus le plus le plus bas depuis 14 ans.
L'envircunération a été abaissiée des deux tiers depuis le mois d'année.
Si l'on tient compte des prix boursiers actuels, l'une de l'ensemble de la valeur du capital du groupe est d'environ 14 milliards d'euros, mais cela ne tient pas compte de la réalité.
L'administration étouffe l'improvisation à l'avenue à l'outre-vircision - qui s'accorde au bilan des États-Unis d'Irlande du travail d'Irlande du côté de l'Afrique du Sud-Est pour la chute d'actions de
L'encours des stocks ont légèrement augmenté lundi.
Filip Dierckx a été nommé le nouveau Press-Générateur de la banquage à la bergère ce vendredi.
L'institution financière recherchichait également des acheteurs privés mais aucune offre substantielle n'a été faite jusqu'à présent.
Le gouvernement belge a déclaré tout à l'heure que les investisseurs n'avaient aucune cloignance pour s'y inquiéter qu'ils ne perdraient pas d'argent.
Jusqu'à ce jour n'a fait l'étligition d'aucune croquerie aux clients de la banque; aucune ruisselance bancaire n'eûglette n'a
Fortis a lui-même un établissement bancaire en provenance d'origine en cusité en vigueur en Hongrie.
Frein au Hen-Holl
Les compagnies d'assurance-réolation pour l'assurance-vie américaine ont souvent le choix d'une assurance à certains d'entre eux, en raison de leurs données d'achat d'un médicament.
Les experts de la protection des données ont la cicatrisation d'indissournables du marché.
"Il s'agit d'un programme de protection des données qui nécessite l'autorisation de l'entité concernée afin d'utiliser les données relatives à la délivrance d'un médicament.
Il devrait être indépendant, sinon le renard gardera la ponctuaire", cite Richard Dick, concepteur du programme applicable au suivi des prescriptions de médicaments.
Les compagnies d'assurance se réfugient des commissions d'assurance ainsi qu'un montant à payer en cas d'encendement en fonction de l'état de santé du vengeance du client qui l'a demandée, elles n'assurent pas l'assurance.
L'adjudicataire avait l'habitude d'apposer un examen médico-légère et le contrat n'était conclu qu'à l'aplomb du criblage.
Dick s'est mis d'une méthode beaucoup moins coûteuse il y a dix ans: sur la base du numéro d'identification du client le type d'autochtone acheté par le client au cours des 18 derniers derniers mois peut être facilement détectulé, de sorte que le programme peut en tirer les conséquences en ce qu'elles sont diabétiques en ce qui concerne les maladies qu'ils souffrent ainsi qu'un état de santé.
D'un exemple, l'achat régulier de grosses doses d'anti-stérocholestérol réprimant le cholestérol se réfère pratiquement au-dessous du fait qu'un taux de graisses dans le secteur boucc vestiaire invariable s'enfonçant dans le sang, ce à quoi cette personne se trouverait immédiatement dans une catégorie à haut risque.
L'étude du programme a plusieurs versions dans le domaine du commerce, d'entre elles même qui définissent le facteur de risque, la compagnie d'assurance n'eût d'autre chose qu'une paperasserie, bien qu'il n'éclicitait des difficultés plus faibles.
L'un d'entre autres est le fait qu'on peut l'utiliser à des fins confondues à plusieurs fins, par exemple une formule médico-pétrayant la migraine, les ondulées de la calorifesse ou même la dépression.
Ce dernier facteur d'augmentation du nombre de risques de l'idée d'assureurs d'entreprises ne l'ont pas le plus performement.
Des entreprises spécifiques s'occupent d'obtenir et de traiter les données, et elles demandent l'autorisation au patient avant d'acquérir les informations nécessaires auprès des pharmacies.
Ils sont déjà obligés de l'obliger, bien que leurs précédents manquements n'aient pas été pénalisés.
Certaines d'entre elles transforment même les résultats d'arraccords de biocomparation et les joignent aux données sur la consommation des médicaments, ce qui leur permet d'obtenir des informations plus précises sur l'état d'état d' santé.
De plus en plus d'entreprises accédent aux données et, en mêmejudiciarisation, le contrôle d'une utilisation devient de plus en plus difficile.
Il existe une action spécifique en ce qui concerne la protection des données relatives aux soins de santé, qui n'inclut qu'aux prestataires de soins d'urgence et aux compagnies d'assurance.
Le projet d'avis sur l'autorité chargée d'examiner l'autorité à l'intention d'entreprises qui s'occupent d'une source de données a été présenté au Congrès.
Dick Richard se rend compte qu'il n'est pas suffisant: c'est la raison qu'il s'est pour tâche qu'il s'avérifiait de développer son programme, qui restreindrait le transfert de données en ce qui concerne l'exigence du consentement exaucé de l'entité concernée.
C'est une autre question qui se pose quant au fait qu'il n'est toujours pas possible d'obtempériser son consentement, faute d'autrefois que les compagnies d'assurance n'entreprennent aucun contrat.
Les poêles, d'une certaine manière, continueront à dépendre de la bonne rêche du renard.
Champ d'études du Requête du Requête du Groupe de l'Europe
L'Union européenne et l'indisègrage
L'Union de l'Union européenne et l'Indien étant les principaux partenaires commerciaux l'un de l'autre l'un de l'autre, l'ordre du jour du neuvième au-dessus du sommet a également été le théâtre d'une autre question.
Aujourd'à aujourd'hui s'il se tiendra aujourd'hui un sommet franco-inédo-inérogatif, en ce qui concerne la coopération dans l'énergie nucléaire.
Bien que l'Union européenne reconnaisse l'idée d'être l'indispensatrice du changement d'un point de vue d'une puissance mondiale émergente, l'Union européenne reconnaît que l'on s'accorde encore entreprenuses d'une puissance mondiale démocratique, qui devrait s'accorder davantage d'informations sur les affaires internationales, les États membres n'ont toujours pas été d'un accord ou non s'approfondir d'un montant.
Cette question n'a donc donc pas été contrainte lors du neuvième sommet, qui s'y est organisé hier.
Le président français Nicolas Sarkozy en tant qu'président édhémodrinciable de l'Union, le président du comité José Manuel BARAR et le responsable de la politique étrangère, Javier Solana, ont accueilli le Premier ministre de l'Indien Manmohan CIN et ont accepté le double, c'est-à-l'Europe, c'est-à-à-l'Europe du monde à plus de 100 milliards d'ufres.
L'échange d'échanges de biens ayant été porté de 25 à 55 milliards d'annuaires entre 2000 et 2007, ce n'est pas un objectif trop ambitieux.
C'est ainsi qu'elles n'ont fait l'empire qu'elles ont adopté avec l'indiscri qu'appartient l'aviation civile avec l'indispitation de l'aviation civile avec l'indistribution
L'Inde a l'intention d'en signer l'accord de libre-échange avec l'Union jusqu'à la fin de l'année 2009.
Sarkozy a promis d'accélérer l'harmonisation.
L'objectif est d'établir l'équilibre alors que l'Inde n'est qu'assortie commerciale numéro un de l'UE, New Delhi n'appartient qu'à la liste des partenaires de l'UE.
Le sommet s'intéressait aux questions mondiales:
En ce ce qui concerne la situation en l'ex-République en Afghanistan et au Pakistan ainsi qu'en matière d'actes de lutte contre l'ondation du terrorisme.
L'achèvement du cycle d' négociations de Doha a également été accéléré, bien que les deux parties soient à l'origine du fiasco jusqu'à ce jour.
L'UE a confirmé qu'elle maintenait son programme d'aide à l'énergie et dans le domaine du climat, c'est-à-l'intention de réduire les émissions d'au-téléphèvres d'au moins 20 % jusqu'en 2020.
L'Inde est d'accord ainsi qu'avec l'objectif d'un accord à l'échelle mondiale lors d'une conférence sur l'économie du changement d'état du changement d'état du changement climatique qui est attendue l'année prochaine.
Un autre objectif était d'empêcher l'augmentation des prix des denrées alimentaires et l'appel d'une conférence internationale à l'examen d'une crise financière a bénéficié d'un appui.
Le Premier ministre indigène se rendra aujourd'hui à une rencontre bilatérale dans la capitale française, au cours de laquelle il a l'intention d'un élaboration d'un élaboration d'un entente sur l'utilisation p farce de l'énergie.
Paris s'attend à ce qu'il s'agisse d'entreprises françaises d'attribuer des contrats pour la construction d' réacteurs nucléaires en l'indispensable en l'indisponibilité d'une valeur de 20 milliards d
D'après l'information d'une agence de presse, l'accord serait en vigueur pendant 15 ans.
Plus de trois cents éditeurs italiens à Frascès (Fraque-Franc)
Présencieux éditeurs italiens au Foire internationale du livre de Francfort-sur-le-Main.
Plus d'entre elles figureront les rédacteurs italiens présents au soixantième anniversaire de Buchmesse, l' manifestation internationale la plus émi d'affranchissement du droit d'auteur.
La Foire Internationale du librairie de Francfort s'incluait pour cette occasion plus d'environ 7 000 exposants de 101 pays différents qui occuperont les 171 790  mètres au rez-de-découvert de l'affrètement de la Foire avec plus d'au-vingt-40 000 titres de titres, et la Turquie sera l'invité d'honneur.
Francesco Maria Giro, sous-recSecrétaire du Patrimoine et des Activités de la Chaîne du Patrimoine Culturel Restaurant le Goujon de l'Immautretion: en fait l'Italie sera présente en tant qu'institution dotée d'un Stand d'ITA italienne - 264  mètres carrés d'espace d'Exploitence.
À l'issue d'une conférence de presse à la salle Struktur du Pavilion 5.0 du Buchmesse: ce sera l'occasion d'une projection des figures, des tendances et d'une vue du statut de l'oléaginaire de l'éditeur.
D'après les données, l'accent est de plus endiguisant de l'importance d'auteurs d'articles étrangers dans la production italienne et, d'en particulier en ce qui l'espèce, d'une importance approximative.
J'ai trouvé l'avion de Steve Fossett le millionnaire a disparu il y a un an
L'épaudage de l'avion de Steve Fossett, l' millionnaire disparu le 3 septembre 2007 alors qu'il parcourait au-piffage du désert du Névadé.
L'époullerie s'est trouvée sur un étrange à 3 000 mètres d'altitude, dans la Sierra Nevada (Mammoth la Lacs), à l'intérieur d'une frontière entre la californienne-nord du Nevada.
À l'intérieur d'un aquaget, cependant, il n'y avait pas de vestiaux humains.
Le shér mélèze du Com Comté de Madera John Anderson a déplissé tous les doutes qui subsistaient: " L'avion a été localisé, nous avons envoyé une équipe, et maintenant nous confirmons que c'entroussait celle sur laquelle Steve Follett effectuait l'effigie du jour de sa disparition", a-t-il déclaré lors d'une conférence de presse.
Par l'autre, le shérif a fait remarquer qu'aucun rebroussement d'origine humaine n'avait été trouvé soit dans l'avion, ni dans l'agglomératrice.
Le milliardaire, âgé de 63 ans, a été condamné au décès en février.
L'Amergienne National Transport Safety Bureau (NTSB) a signalé qu'à l'aub à plusieurs heures d'après l'envoi d'époullations de l'époullage d'une équipe d'enquête qui a ensuite identifié l'avion: c'est le Bellanca 8KCAB qui a disparu depuis le 3 septembre 2007, lorsque Fossett a décollé d'Yerington dans le Nevada pour un rou d'une durée d'un vol.
D'une part d'hier en californienne, non loin de la frontière avec le Nevada, d'importants effets personnels apparaissant à Fossett l'ont été par un couple situé près de sa maison à Mammoth lacs.
Il s'agit de l'un ou l'importer au nom de Fossett, toutes deux publiées par l'Administration fédérale de l'aviation de l'Illinois, d'un vestiaire.
La recherchure de Fossett a été annulée un mois après sa disparition.
Le millionnaire s'est fait une place dans l'histoire grâce d'une série d'architectes.
En 2002, lors d'une 6e escroquerie qu'attranalyse qu'il s'embarque, il est le premier officier du tour du monde en montgolfière : un vol singulier de deux semaines.
Trois ans plus tard, il s'acquitile d'un tour du monde en avion sans atterrir.
Au-delà de ses nombreux disques, il a également un rou d'eau à 15 4 provervingt-douz-48 mètres, au-dessus des Andes, mais un copilote.
Glk la publicité qui ne t'ambisite pas
SOU Autrement pleuvoir qui est en dehors des normes avec une conception d'oriarchation définie par des embrassures décisives, d'abondantes de vastes surfaces et des virages épurés.
Bref, c'est GLK, dernier adjonction aux utilisatrices "compactées" du constructeur étoilé que Mercedes-Benz s'est efforcée d'englober l'air dans ce secteur.
D'une manière non liée aux normes traditionnelles, le message d'accompagnement du SUV GLK s'impréparera également imprévu et non conventionnel, il sera disponible dans les salles d'exposition Mercedes-Benz à partir du 17 octobre prochain.
L'année de la campagne de pu publicité qui accompagnera le début du nouveau véhicule déclenchera une nouvelle méthode de communication qui inclut également une campagne futuro-souventaire des panneaux d'affichage en 3D, utilisées pour la première fois en Italie par une marque automobile.
D'un grand nombre d'affiches ont commencé en trois phases différentes qui domineront la rue commerbnoise mimembraire la plus méridionienne du centre, Corso Como, jusqu'au 15 novembre.
La première phase d'un nouveau type d'communication va commencer par une présentation de la voiture en vision stéréoscopique, et grâce aux lunettes spéciales réparties dans le quartier du Corso Como, il sera possible d'percevoir le nouveau SUV en vraie taille et format 3D.
En fait, en observant l'image quelqu'un d'à-l'importer aura l'impression que l'on transférait de l'affiche.
Par la suite, à l'aide d'une technologie innovante Elumina 8, tous les détails du nouveau GLK s'allumeront à différents moments, puis recomposés en tant qu'une seule image.
Sans aucun préfet de préfranquage, Mercedes s'efforça d'introduire quelque chose de nouveau dans le domaine traditionnel de la publicité pour l'automobile.
Conduira-t-elle avec cette formule à l'origine de l'intérophiblement d'acheteurs?
C'est ici que les hooligans italiens
du Vénétique du Tri-Vénétie, susceptible d'être interdit d'assisats sportifs (Daspo).
Mais quels 150-200 personnes dont l'Italie n'a aujourd'hui pas d'embellissent le groupe "Ultras Italia" qui, pendant des années, soutient l'équipe nationale de cyclo-spécialiste et jusqu'à aujourd'à aujourd'à aujourd'hui la vérité n'a jamais créé d'importants problèmes n'a jamais créé d'importants problèmes.
Jamaique non plus s'être affronté par des supporters d'optrôles.
L'extraction du groupe est l'aile droite.
Les promoteurs sont originaires de VÉTÉRINATION.
Vérone, Padoue, Trieste et Udine.
Ceux-ci se jouptiment de quelques petits groupes (en la réalité, très peu de membres) de Campagnia et Pauglies.
Ils portent des drapeaux emblémaciaux avec la ville d'origine des militants: samedi, ceux-ci ont décollé afin qu'ils n'ont pas pu s'y identifier.
Ils s'en remettent aux idées d'animquillistes.
En braquoive, ils ont trouvé des partisans qui étaient de véritables gamins gamins du groupe Levski.
L'IFGC avait mis à la disposition des fans d'italien de 144 billets pour le match: tous personnels, d'où facilement d'assidôl.
Le ministère de l'intérieur à Viminale les a effectivement toutes vérifiées : parmi les groupes qui n'allaient à Sofia aucun n'a été interdit, il n'était pas interdit de fréquenter un stade.
Quatre supporters italiens, qui exerçoulaient d'autres crimes liés au stade, s'étaient en fait débrouillards se voyoutir et s'arrêtaient d'accoucher.
Aujourd'à aujourd'hui le ministère de l'intérieur est d'aperçoit les documents officiels qui devraient venir de la police bulgare avant d'avoir pris des mesures. En l'occurrence, il est possible d'interdier pendant au moins cinq ans les partisans qui ont été arrêtés ou ceux qui l'ont été lors des émocrasements.
Un bannissement international qui interdirait l'assispitation non seulement des stades en Italie mais aussi dans toute l'Europe.
Bref nos hooligans, en abréviation d'entrer dans d'un autre étam.
J'en viens autant.
C'est la cicatrisation d'émembrature, c'est-à-l'heure que d'autres rejoindront l'un ou l'autre.
"Nous devons immédiatement éteindre cette confombance et ne pas légiférer celles qui s'y comportent de cette manière", affirment celles du ministère de Viminale.
Ainsi, "les cylind d'oeil grand ouverts, d'autant plus qu'il y a l'équipe du championnat du championnat du national qui joue le mercredi à Lecce".
Aux Pouglies, il y a un petit cloche des partisans d'Ultras Italia.
Demain l'Observatoire se rencontrera, mardi, les CASMS qui peuvent compter sur une section de l'AISE, c'est-à-dire les services secrets, qui s'occupent exactement des problèmes des stades.
" L'étounomie Duce-Duce et l'arme s'étirent à l'hymne Maméli hypto-en-bras ? En Bulgarie ce n'est pas un crime...".
Telles sont la pensée (exprimée d'une grande déception) de Domenico Mazzilli qui, il y a quelques semaines est le directeur de l'Observatoire du Viminel (il a obtenu le poste initialement détenu par Francesco Tagliente puis par Felice Ferlizzi).
Précédemment, Mazzilli était à l'che d'un chef de l'administration de la police à Trieste où se trouvait un noyau de partisans d'Ultras Italia, fondé en 2002.
C'est tout à l'heure, dit Mazzilli qu'il n'y a pas de crime de n'alléliquer qu'il n'apparoisement qu'il n'appartiel qu'au-vivre des hymmannes, c'était certainement un crime.
"Je ne suis pas socio-alrogiste - ajoute le n.1 de l'Observatoire - le crime devrait être imputé dans le pays où l'incident se produise.
Jusqu'à ce qu'aujourd'hui ce groupe soit resté à l'aplomb des grandes lignes, nous verrons maintenant ce qui s'est réellement passé et nous l'évaluerons à l'issue d d'une référence à l'avenir.
Voyons non plus les sifflements vers l'hymne Maméli : ce n'est pas non plus un crime en Bulgarie, mais si j'ai le droit d'en dire, ce n'est pas de bonnes manières... ».
