Pravicoví populisté triumovali v Rakousku, mají celkem 29 procent
Podle prvních předběžných výsledků předčasných parlamentních voleb v Rakousku přinesly postřehnutelné oslabení obou stran v současné velké koalici a výraznou vzpruhu pro pravicové populistické strany.
Rakouská lidová strana (ÖVP), kde je pozice současného šéfa Wilhelma Molterera těžce otřesena, utrpěla obzvláště velké ztráty.
Vůdce předvolební kampaně Aliance pro budoucnost Rakouska (BZÖ), kosaterský guvernér Jörg Haider, naopak připravuje triumfální návrat do celostátní politiky.
Sociálně demokratická strana (SPÖ) podle předběžných výsledků zůstává nejsilnější v zemi s 29,8 procenta hlasů, nicméně od posledních voleb v roce 2006 ztratila 5,5 procenta hlasů.
ÖVP, která se svými 25,6 procenty ztrácí téměř devět procent hlasů, dopadla ještě hůře.
Jedná se o nejhorší výsledky obou velkých stran v rakouské poválečné historii, a zejména pro Lidovou stranu, kteří naléhali na předčasné volby, je to doslova katastrofický výsledek.
Začátkem července, kdy ÖVP opustila koalici, měla Lidová strana v průzkumech ještě výrazný náskok na SPÖ.
Voliči je však zřejmě potrestali za to, že nechali vládu zmítat.
V prvních reakcích na výsledky se již objevily spekulace o možné rezignaci stranického šéfa a současného vicekancléře Wilhelma Molterera.
Pozorovatelé předpokládají, že by se tak mohlo uskutečnit už na mimořádném zasedání vedení strany v pondělí.
Takový vývoj by jistě zjednodušil cestu ke stále nejpravděpodobnějšímu postihu od volebních výsledků, tedy obnovy velké koalice SPÖ a ÖVP.
Vzhledem k posílení obou pravicových populistických stran - Strany svobody (FPÖ) získala předběžných 18 procent a BZÖ jedenáct procent hlasů - vyjádřili však sociální demokraté strach z opakování roku 1999, kdy lidová strana souhlasila s populisty (FPÖ byla v té době ještě jednotná, od BZÖ se odtrhla v roce 2005) ze společné vlády, která nakonec vyprov.
Haider, který již oznámil, že je připraven spolupracovat s jakoukoli stranou a předpokládá, že se do Vídně vrátí do celostátní politiky, evidentně spoléhá na tento vývoj.
Strana zelených se také dostala do parlamentu, ale utrpěla mírnou prohru a mezi rakouskými politickými stranami se propadla ze třetího na páté místo.
Evidentně žádná z ostatních stran nepřekročila čtyřprocentní hranici a dostala se do parlamentu.
Schwarzenberg: Vztahy s Indií by se mohly zhoršit
Podle ministra zahraničí Karla Schwarzenberga, pokud nebude možné vyřešit problém českých vědců obviněných v Indii z nelegální sbírky brouků, mohlo by dojít k určitému zhoršování česko-indických vztahů.
Ministr učinil toto prohlášení v New Yorku po dnešním setkání se svým indickým protějškem Pranabem Mukherjeem.
"Pokud se to nevyřeší, pak ano, pak by došlo k určitému zhoršení," uvádí po schůzce iniciované z české strany.
V návaznosti na jednání Mukherjee řekl, že pro výkonnou složku je obtížné zasáhnout do soudních záležitostí.
Přesto uvedl, že v případě Petra Šváchy, který byl zproštěn obvinění a penalizován pokutou, může centrální vláda jednat s místní samosprávou v Darjeelingu, pod jehož jurisdikcí věc patří.
"Jeho problém by se dal vyřešit," řekl ministr.
Podle Mukherjeeho by bylo nejlepší, aby Emil Kučera, odsouzený ke třem letům vězení, apeloval na vyšší úřady.
Poté může požádat o propuštění na kauci a počkat na verdikt mimo vězení, vysvětlil.
Schwarzenberg potvrdil, že během jednání to řekl i jeho partner.
"Doporučuje odvolat se k vyššímu soudu, pak by bylo možné omilostnit," řekl šéf české diplomacie.
Jediným způsobem, jak se česká strana může zapojit do celé věci, je poskytnout odsouzeným jednotlivcům "kompetentní právní podporu", uvedl indický ministr.
Současně řekl, že indická strana jim již také poskytuje pomoc tohoto typu.
"Je v našem největším zájmu udržovat ty nejlepší vztahy s Indií, které mají dlouholetou tradici.
Uznávají to i Indové," řekl Schwarzenberg.
Zároveň, jak řekl české tiskové agentuře, zdůraznil před svým partnerem, že Česká republika klade velký důraz na problém českých entomologů.
"Opravdu považujeme zatčení a obvinění těchto českých vědců za vážnou chybu," prohlásil.
Ministr se vyhýbal odpovědi na otázku, zda dostal od indické strany slíbek, že se věcí bude zabývat.
Uvedl pouze "již jsem obdržel několik slibů".
Čeští rozhodčí bojují o dno oceánu
Vystupuje směrem k elektronické nástěnné mapě zobrazující Austrálii a okolní mořské oblasti.
Kontinent ho však nezajímá, ale v maličkém bodě ztraceném v modři oceánu.
"Tento ostrov, a s ním i oceánské dno, které ho obklopuje, patří Austrálii.
Zároveň je oblast velká jako samotný kontinent," říká italský právník Luigi Santosuosso, který patří do třicetičlenného týmu zaměstnanců Divize OSN pro záležitosti oceánů a mořského práva.
Jeho šéf, divizní ředitel, český právník Václav Mikulka, sleduje to, co říká a občas něco přidá.
Zde jsou dominantní chuť a nadšení pro práci.
Oceánské dno ukrývá dosud málo známý svět bohatý na přírodní zdroje.
Je možné najít ropu, rudy a další minerály, ale také dosud neznámé živé organismy, které drží klíč, například k vývoji léku na rakovinu.
Podlaha větší než kontinent
Pobřežní země dnes začaly vehementně soutěžit o nové podmořské území.
To znamená, že podle dohody OSN využívají práva, na kterých se dohodli v roce 1982 v Montego Bay na Jamajce.
Jedná se především o rozlohu tzv. kontinentálního šelfu, který často sahá až několik set kilometrů od pobřeží dané země.
Podle dohody má tato země výlučné právo na všechny zdroje kontinentálního šelfu.
"Jednoduše řečeno, kontinentální šelf je považován za část dna oceánu, která je přirozeným pokračováním kontinentu pod mořem a jeho substrátem.
Dosáhla za okraj pobřežního moře, často i za okraj dvou stě námořnických mil takzvané výlučné ekonomické zóny," vysvětluje Mikulka.
Požadavek, který daná země předkládá Komisi o mezích kontinentálního šelfu, musí být podpořena vědeckou a technickou dokumentací založenou na mnoha nákladných průzkumech a měřeních.
Je výsledkem mnohaleté přípravné práce.
"Jednou z našich rolí je poskytovat komisi právní a specializovanou technickou pomoc.
Komise dosud projednala pět žádostí, od Ruska, Brazílie, Austrálie, Irska a Nového Zélandu.
Úspěšné byly zatím jen poslední tři země," dodává Mikulka.
V poslední době byl po celém světě zaregistrován úspěch Austrálie, která jako první rozšířila svou podmořskou doménu.
Získal ale i Nový Zéland - rozloha oceánského dna, kterou jí komise připustila, je kolem 1,6 milionu čtverečních kilometrů, tedy zhruba šestkrát větší, než je velikost samotné země.
Obě země investovaly miliony dolarů do průzkumu.
Zisk, který budou vyplývat z využití mořského dna v budoucnu, bude, doufají, k nezaplacení.
Své žádosti budou postupně předkládat i další země.
Zbývají jim deset let od chvíle, kdy k tomu ratifikovali "Dohodu o zálivu Montego".
Tam, kde končí kontinentální šelf, začíná rozloha oceánského dna prohlašovaná dohodou jako "společné dědictví lidstva".
Zde žádná země již nemá žádnou výlučnou pozici.
Těžební práva v této oblasti se udělují prostřednictvím dohody stanovené mezinárodní institucí.
"Oceánské dno ale není žádné Klondike," říká přehnaně režisér Mikulka a dodává, že jeho "individuální oblasti jsou právně jasně vymezeny a jejich režim je ukotvený ve smlouvách".
Češi v Tichomoří
Část mořského dna v současné době patří České republice.
Sdílí ji s dalšími zeměmi z bývalého východního bloku v rámci společné organizace "Interoceanmetal".
Dohodou tato organizace, stejně jako investoři několika malých dalších zemí, získala v roce 1991 status takzvaného "průkopnického investora".
Je oprávněn těžit v zóně ClarionClipperton v Tichém oceánu, která leží mezi Mexikem, Havají a Kiribati.
Oblast vyšetřovaná investorem je o něco větší než bývalé Československo.
Oceánské dno je drsné, jedná se o jakýsi podmořský model Tatry.
"Je možné tam těžit na celkové ploše 75.000 kilometrů čtverečních.
Oblast je bohatou lokalitou pro sběr poly-kovových konkrétů obsahujících nikl, měď, kobalt a mangan," říká další právník Pakshi Rajan z Indie.
Makedonský právník z divize Rober Sandev přináší jednu takovou konkreci, aby demonstroval.
Vypadá to jako malá brambora nebo s trochou fantazie bájný shem, který podle legendy oživil Golema.
Německé speciální jednotky přítomny při záchraně rukojmích
Při řešení krize s rukojmími si egyptská vláda vyžádala pomoc od Německa - které vyslalo experty.
Když přišla tlačenice, speciální jednotky byly připraveny, ale jejich služby nakonec nebyly vyžadovány.
Stále více podrobností o okolnostech osvobození jedenácti evropských turistů unesených v Egyptě.
Podle německých spolkových ministerstev obrany a vnitra se záchranné mise nepřímo zúčastnily německé speciální jednotky.
Specialisté Spolkových ozbrojených sil (Bundeswehr) a členové německé spolkové policie (Bpol) a jejích speciálních jednotek GSG 9 a Air Guard byli přítomni záchraně, uvedli v pondělí večer mluvčí ministerstev, stejně jako členové Spolkového úřadu kriminální policie (BKA) a logističtí experti Agentury pro technickou úlevu (THW).
Německé síly však nebyly vyžadovány, protože věznitelé opustili své rukojmí a uprchli, když se dozvěděli, že rukojmí se chystají osvobodit násilím.
Egyptská vláda přijala pomoc, kterou Německo nabídlo, aby se během operace spoléhalo na německé síly jako na zálohu.
"Naštěstí k tomu nepřišlo," řekl mluvčí německého spolkového ministerstva vnitra.
Cestovní skupina složená z pěti Němců, pěti Italů, Rumunky a jejich osmi egyptských společníků byla přepadena a unesena 19. září na jihu Egypta.
Po jejich únosu v pouštní oblasti na jihu Egypta byli rukojmí nošeni tam a zpět v pohraničí mezi Egyptem, Libyí, Súdánem a Čadem.
K dnešnímu dni zůstává identita věznitelů neznámá, stejně jako podrobnosti o záchraně nebo o možných výkupech.
Bývalí rukojmí mezitím dorazili do KÁhiry bezpečně a tvrdě.
Německý ministr zahraničí Steinmeier uvedl, že byly svěřeny do péče německé ambasády.
K podrobnostem záchrany se nevyjádřil.
V Berlíně nebyly poskytnuty žádné bezprostřední informace o jejich návratu do Německa.
Podle německého listu ‚Bild‘ má pět turistů a speciální jednotky nastoupit do Airbusu německého letectva, který prý v úterý dorazí do Německa.
Sněmovna reprezentantů Spojených států odmítla záchranu
Záchranný balíček ve výši 700 miliard dolarů pro finanční trhy těsně neprošel v první ze dvou komor amerického Kongresu.
Dow Jones se ponořili do nosu.
Hlasováním 227 ku 206 proti americká Sněmovna reprezentantů odmítla vládní záchranný balíček pro finanční trhy.
Všechny apely prezidenta George Bushe a předních představitelů obou stran bez ohledu na to nebyla dostatečná většina pro program, který měl potlačit chaos na finančních trzích.
Příznivci v dramatické kampani učinili zoufalé pokusy přesvědčit kritiky o opodstatněnosti plánu 700 miliard dolarů.
Barney Frank, jeden z hlavních demokratických vyjednavačů, vyzýval zástupce ke schválení, i když šlo o nepopulární plán.
"Je těžké získat politický souhlas pro prevenci něčeho, co se ještě nestalo," připustil.
Zatímco hlasování stále probíhalo, Dow Jones zaznamenal pokles o více než šest procent, tedy 600 bodů.
Způsobily to obavy investorů, že vládní záchrana by mohla zkrachovat.
Zotavila se krátce před koncem hlasování, jen aby se při zveřejnění zamítnutí ponořila do nosu.
Experti nyní očekávají další silné turbulence na mezinárodních finančních trzích.
Aby byl plán realizován, je vyžadováno schválení Sněmovny reprezentantů i Senátu.
Cestovní agentury hlásí nárůst rezervací
Pro německé cestovní kanceláře to bude dobrá zima, evidentně:
Průzkum říká, že obrat rezervací pro následující měsíce se výrazně zvýšil oproti předchozímu roku - pro zimní sezonu až o 30 procent.
Navzdory vyhlídkám na slabou ekonomiku zůstává chuť Němců cestovat nezkažená, říká průzkum.
U rezervací během zimní sezony zaznamenaly cestovní kanceláře nárůst obratu o 31 procent oproti stejnému období předchozího roku, informovala v pondělí v Berlíně Německá cestovní asociace (DRV).
Podle společnosti GfK zabývající se průzkumem trhu došlo během podzimních měsíců k nárůstu rezervací.
Cestovatelské agentury zaznamenaly za říjen oproti roku 2007 nárůst obratu přibližně o jedenáct procent, uvedla DRV.
Výsledky jsou založeny na číslech společnosti GfK, která každý měsíc zpracovává rezervační údaje 1200 německých cestovních kanceláří a používá je k projekcím pro trh jako celek.
Zahrnuty jsou cestovní rezervace uskutečněné do srpna 2008.
Kvůli slabému dolaru byly žádané zejména cesty do Spojených států, uvedl DRV.
V této oblasti se rezervace zvýšily přibližně o jednu třetinu, uvedlo.
Kromě toho poukázala na to, že Španělsko, Turecko a Řecko jsou populární mezi Němci, stejně jako mezi domácími regiony.
Výlety all-inclusive byly obzvláště vyhledávané, řekl prezident DRV Klaus Laepple.
S ohledem na rostoucí ceny energií a potravin byly jejich náklady pro klienty „vypočitatelnější než u individuálně organizovaných dovolených,“ řekl Laepple.
Spotřebitelé by mohli ušetřit peníze mimo jiné díky slevám pro rané ptáky nebo all-inclusive, uvedl Laepple.
Vzhledem k tomu, že letní měsíce byly velmi dobře rezervovány, došlo by také k dalšímu nárůstu obratu oproti předchozímu roku, řekl - ačkoli jiný průzkum uvádí, že počet cestujících Němců klesl ve srovnání s předchozím rokem.
Poprvé na Oktoberfestu
Jaro-přestávka- a après-ski-style hity v opakovaném módu, pivo od jednolitrových hrnků a celebrity v návrháři Dirndln.
Wiesnova Debutka.
Technicky vzato, Susanne Kronzuckerová a já nemáme mnoho společného.
Je blonďatá, televizní moderátorka a nosí Dirndla na míru.
Mám tmavé vlasy, jsem student a moje šaty jsou z druhé ruky.
Ale je tu jedna věc, která nás spojuje: Byli jsme ve Wiesnu sotva tři minuty a fotografové už se kolem nás tísní a střílejí, vyplňují si paměťové karty - velmi lichotivé, a je to moje první návštěva Wiesnu, na boot.
Takhle si děláš přátele.
Zdá se, že levný Dirndl dělá svou práci.
Pro Wiesnova turistu, který obvykle sídlí severně od ‚Weisswurstova rovníku‘, tento pohodlný pocit v tradičním bavorském oděvu zanechal mnoho, co je žádoucí.
Ale jednou dorazil do Theresienwiese, není to tak špatné.
Téměř každý má na sobě Dirndl nebo Lederhosn; nikdo nevypadá znechuceně nebo rozpačitě - je to všechno naprosto normální.
Jen moje zástěra Dirndl vyvolala podivné pohledy na prodejce čokoládových banánů.
Mnichovská žena mě upozornila, že jsem uvázal zástěru špatným způsobem: ‚Dostupné nalevo, panna uprostřed, spáchané vpravo, ovdovělé vzadu.‘
Jinak vytahuji zástěru zezadu nalevo.
"Vypadá správně," řekne a zasměje se.
Jiní se méně zabývají jemnými flirtovacími technikami a nosí jednoduché plstěné klobouky, které říkají "Příliš opilé, aby se oblékli" a bez vyzvání ukazují lidem své nahé vzadu.
Mladík s exhibicionistickým postojem se jmenuje Bob, je z Anglie a je to také poprvé na Oktoberfestu.
Připadá mu to ‚nádherné‘ s dlouho nataženým ‚oooo.‘
Vypráví mi to hned poté, co se zbavil "Maß", kterou měl předtím.
Hned vedle jednoho z těch fireplugů, které si každý spletl se skládkami odpadu.
Takže Bob je jedním z těch nechvalně proslulých "Wildbiesler".
Jiní nemají takové štěstí, aby tímto způsobem ztratili alkohol.
Jdoucí v osmou hodinu v noci, desítky záchranářů rojí lokalitu a starají se o ubohé bingery.
Zdravotníci se vždy objevují ve smečkách - jsou vždy čtyři najednou, přenášejí kryté nosítka ze stanu do stanu.
Funguje to jako u většiny Wiesnových návštěvníků: Když je prázdná, vyrážejí, a když je plno, tak se vrátí.
Nevidíte, kdo je uvnitř rakví BAC.
‚Jsou to ty, které už nemohou trvat,‘ zakřičel jeden ze záchranářů, když jsem se ho na to zeptal a zmizel v davu.
Nehodová oběť pojmenována policií
Byla jmenována 63letá chodkyně, která zemřela v nemocnici poté, co ji srazilo vozidlo v Essexu.
Carole Paulsonová z Chelmsford Road v Brentwoodu se na nehodě podílela v pátek odpoledne na Shenfield Road ve městě.
Byla převezena do Queen's Hospital v Romfordu, ale později zemřela.
Po nehodě byl pro podezření z neopatrné jízdy zatčen 51letý muž.
Od té doby byl propuštěn na policejní kauci.
Rozšiřující se diplomatické obzory Turecka
Dávno předtím, než Turecko usilovalo o vstup do Evropské unie, evropské mocnosti dychtivě pronikaly hluboko do tureckého vnitrozemí.
Na východní straně Bosporu, možná pouhých 20 kroků do Asie, stojí jedna z nejlepších relikvií této neúspěšné imperiální ctižádosti.
Železniční stanici Hydarpasha navrhli dva němečtí architekti Otto Ritter a Helmut Conu v neorenesančním stylu.
To je alespoň to, co vám říkají příručky.
Budova se nachází na konci nástupišť s věží v každém ze svých předních rohů, která hledá celý svět jako nějaká provinční německá radnice.
Kámen je špinavý.
Celá budova mírně chátrá.
Ale jednou uvnitř klenuté pokladny není pochyb o velkoleposti podniku, jehož to byla nejzápadnější brána.
Stanice byla otevřena v srpnu 1908 německým konsorciem Anatolia-Baghdad Corporation.
Německo, opožděné císařské hře, mělo v úmyslu realizovat své ambice ovládat Blízký východ touto železnicí vedoucí do Damašku v Bagdádu a dále do dnešní Saúdské Arábie.
Německé imperiální ambice ale za první světové války zakotvily.
Její železniční koleje byly napadeny Vavřincem z Arábie a jeho arabskými nepravidelnci.
Relativní izolace od okolního regionu, vyvolaná zamrzlými hranicemi studené války, zmizela
Britské a nadvládní síly vystoupily z Egypta a vytlačily Turky a jejich německé spojence z Palestiny a Sýrie.
A byla tu i špatná zpráva pro stanici Hyderpasha.
V roce 1917 vybuchl muniční vlak, který ničil jeho propracovanou střechu.
Turecké zdroje tvrdí, že šlo o sabotáž.
Od té doby se pomalu otřásá, z velké části obcházející historií.
Ale dnes tato železniční brána do Anatolie a všechny body na východ slouží - přinejmenším symbolicky - ke zdůraznění rozšiřujících se diplomatických obzorů Turecka.
Vládní strana Spravedlnost a rozvoj - AKP - vytvořila zcela novou zahraniční politiku pro zemi.
Relativní izolace od okolního regionu, vyvolaného zamrzlými hranicemi studené války, zmizela.
Nyní existuje nová politika angažovanosti.
Pozoruhodné je, že turecká vláda má dobré vztahy s Izraelem a Sýrií, s palestinskými frakcemi Hamásu a Fatáhu, s Irákem a Íránem a samozřejmě s Evropskou unií a Spojenými státy.
Abych odhadl parametry této nové zahraniční politiky, nalodil jsem se do nočního spánku do turecké metropole Ankary, abych navštívil jednoho z předních zahraničněpolitických expertů AKP, tureckého poslance Suata Kiniklioglua.
Druhý den ráno - o nějakých deset a půl hodiny později - poté, co se projíždění po kolejích, které produkovaly staré světové kadence slavného dokumentu The Night Mail, jsem dorazil do turecké metropole - navrhl jako nové město pro nový sekulární státní záměr obrátit se zády k osmanské minulosti.
Ale AKP se svými známými islamistickými kořeny představuje změnu paradigmatu v tureckém konsensu.
Vyvolalo to určité podezření na Západě, zejména ve Washingtonu.
Taxík mě odvezl do sídla AKP, ultramoderní kamenné a ocelové konstrukce - účelové - na rozvíjejícím se předměstí, obklopené napůl postavenými nákupními centry a elektrárnou, kde se setkali střední manažeři v obchodních oblecích - muži i ženy, aby uzavírali brzké ranní dohody.
Suat Kiniklioglu mohl být středopravicovým politikem z téměř jakékoli jiné politické strany v Evropě.
Oblek, kravata, jsem si jistý, že dokonce balil Blackberry.
"Cílem zahraniční politiky strany je nyní znovu integrovat Turecko do svého bezprostředního sousedství.
Studená válka byla anomálie," řekl mi.
Turecko bylo odříznuto od svého vnitrozemí.
Dnes se musela zároveň dívat na východ a na západ.
Nešlo o případ jednoho nebo druhého.
Muselo to udělat obojí.
"Ale určitě v určitém okamžiku," zeptal jsem se, "Turecko by mohlo být nuceno si vybrat?"
"Turecko," řekl, "nechtěl být tomuto rozhodnutí."
Zdůraznil pak, že téměř všichni, s nimiž jsem zde mluvil, recitovali téměř hnilobou: vazby Turecka nejen na Blízký východ, ale na Kavkaz a kolem Černého moře jsou stejně ve prospěch Evropy a Spojených států jako pro Turecko.
S Tureckem na palubě se zdá, že Evropa jako celek může metaforicky jezdit těmito železničními tratěmi směrem na východ směrem k Asii a Střednímu východu.
Zpátky ve stanici Hydarpasha, po další převážně bezesné noci, jsem si vzpomněl na ty dva německé pány Herra Rittera a Herra Conua, kteří sledovali, jak tuto budovu stavěli před 100 lety.
Jak by byli překvapeni, kdyby zjistili, že blízkovýchodní ambice Evropy mohou být nyní z velké části v rukou Turecka.
A když jsem čekal u terminálu na trajekt, který mě odvezl zpět přes Bospor, vzpomněl jsem si, že v té době se Turecku vždy říkalo "nemocný muž Evropy".
Pak se alespoň nezdálo, že by existovaly velké pochybnosti o tom, který kontinent by si měl tuto fascinující zemi nárokovat.
Vzpomínané životy: Vernon Handley a William Woodruff
Mark Brown píše: Jako hudební ředitel Guildfordu z roku 1962 měl Vernon "Tod" Handley (nekrolog, 11. září) na starosti Guildford Philharmonic Orchestra and Choir.
V rámci svého hudebního schématu pro čtvrť založil v příštím roce svůj báječný mládežnický sbor Proteus.
Mělo to být pro mladší 21 let, ale v době, kdy Proteus zpíval své finále v roce 1979, několik z nás bylo ve svých pozdních dvacítkách - prostě jsme se odmítli vzdát sboru.
Jméno "Proteus" (mytologická změna tvaru) představovalo ochotu a schopnost sboru vypořádat se s jakoukoli hudbou, ať už madrigální nebo Messiaen, ať už bez doprovodu nebo s plným orchestrem.
Muzikálová všestrannost produkovaná takovým mládežnickým sborem byla často udivující, vždy vzrušující a bylo to všechno díky inspiraci jednoho muže a nadšení pro hudbu, které zůstalo naprosto konstantní po celá léta.
Jak často nám Tod řekl, abychom "nechali hudbu mluvit sama za sebe".
Řekl: "Skladatel ví, co chce.
Všechno je v hudbě.
Tak to zpívej!"
Jeho obušková technika byla naprosto jasná a precizní, i když nikdy diktátorská, ani floridní.
Ať už je hudební standard jakýkoliv, vždy ho pozvedl ještě výše.
John Frayn Turner píše:
Jestli nějaký dirigent měl být pasován na rytíře, byl to Vernon Handley.
Znal jsem ho dobře během dvou desetiletí, kdy dirigoval Guildfordskou filharmonii v letech 1962 až 1982.
Za posledních 40 let jsem recenzoval více než 100 jeho koncertů a mohu upřímně říci, že jsem nikdy nebyl zklamán jedinou - a mnohokrát jimi inspirovanou.
Tod Handley měl tu vzácnou kombinaci velikosti a osobní skromnosti.
Nenáviděl dirigenty, kteří podle jeho slov jednoduše "zaječeli jednoho nebo dva známé válečné koně po celém světě".
Tolik z nás bude chybět.
William Woodruff (rozcestník)
Profesor John Beckett píše:
Váš nekrolog Williama Woodruffa (25. září) uvádí, že "v roce 1946 obnovil ekonomickou historii v Oxfordu a v roce 1950 se stal Houblon-Normanským výzkumným pracovníkem... zatímco současně studoval na BSc, MA a PhD".
Vyplývá to z Woodruffovy autorské poznámky v Beyond Nab Endu, ale není to správné.
V letech 1946 až 1953 přednášel ekonomické historie na univerzitě v Nottinghamu, během nichž dokončil disertační práci o britském gumárenském průmyslu, na kterou dohlížel profesor J. D. Chambers, a následně publikoval v roce 19858 jako The British Rubber Industry.
Utrácel 1950-51 v USA na Houblon-Norman stipendiu a v létě 1952 na univerzitách v Illinois, Harvardu a New Yorku.
V roce 1953 opustil Nottingham natrvalo do Illinois.
Proč se Woodruff rozhodl glosovat tuto část své kariéry, není známo.
J. Vincent Resino na Filologické fakultě
"Doporučuji výstavu Josého Vicente Resina "Flamenco y vida", protože jeho černobílé fotografie, pořízené v dokumentárním stylu, jsou mimořádné.
Fotografie přitáhly mou pozornost kvůli jejich jednoduchosti a síle, které přenášejí, vždy zacházely s předměty se zvláštní pozorností.
Výstava, která předvádí hluboký pocit.
Resino je schopen zachytit kouzelné okamžiky.“
Druhý útok za superprodávání Hondy
Příště v listopadu Honda spustí marketing druhé jazzové modelové generace.
Pokud byl předchozí model již charakterizován vysokou obyvatelností, má tento nový minivan vnitřní širší prostor.
Kromě toho je vybaven jemnou mechanikou, která zvyšuje jízdní komfort a umožňuje šetřit palivo.
Evoluce místo revoluce.
Jedná se o druhou generaci Honda Jazz.
Zatímco esteticky nový Jazz vypadá jako předchozí model, změny přinesené do minivanu jsou četné.
Mimo jiné stojí za to poukázat na svůj inovativní design, novou platformu, větší velikost a docela novou mechaniku.
Každopádně, než přejdeme k analýze nového modelu, může být užitečné zdůraznit, že tento nový Jazz přichází pouze šest let po vstupu první generace.
První pozorování by proto mělo vzít v úvahu, že Honda tento model obnovila rychleji než obvykle ostatní společnosti.
I když je jazzový model méně známý v Evropě než na jiných trzích, zůstává z hlediska tržeb fenoménem.
To je případ Japonska, kde byl Jazz nejprodávanějším vozem v roce 2002 a také během tohoto roku 2008.
Právě tam se z uvedení modelu prodalo téměř milion kusů Jazzu.
Druhým trhem byl Starý kontinent, za šest let se prodalo zhruba půl milionu kusů.
Navzdory těmto číslům Honda věří, že tento nový Jazz ještě zvýší své prodeje v segmentu.
Takže pokud v roce 2007 japonská společnost prodala celkem 83.000 kusů tohoto modelu, v roce 2009 odhaduje, že to bude kolem 100.000 vozů. To předpokládá možný nárůst prodejů o 17% právě na evropském trhu.
Pokud jde o španělský trh, Honda od roku 2002 prodala celkem 8 000 kusů Jazz, což odpovídá 6,7% celkových tržeb pro společnost ve Španělsku.
S příchodem nové generace, odpovědná za společnost ve Španělsku očekává, že do jednoho roku prodá kolem 2.000 kusů Jazz.
Příchod nové Hondy Jazz to pravděpodobně umožní, a to snížením prodeje ve Španělsku do značné míry.
Ve skutečnosti osoby odpovědné za značku očekávají, že se dostanou na konec roku s celkovým počtem 22.000 prodaných kusů, což je o 4.000 jednotek méně než v roce 2007, s poklesem o 16%.
Navzdory nárůstu tržeb Honda také zvýšila svůj tržní podíl ve Španělsku a dosáhla 1,8% ve srovnání s loňským 1,6%.
Zároveň japonská společnost očekává, že v roce 2010 dosáhne 2 %.
K dosažení tohoto cíle si Honda věří v další nový model svého.
Jedná se o Insight, hybridní pětidveřový kompaktní vůz o délce 4,37 metru. Japonská společnost doufá, že během jednoho roku prodá asi 200.000 kusů tohoto modelu po celém světě.
Podle odhadů japonských výrobců bude 50% prodeje Insightu pocházet ze Spojených států, zatímco zbývajících 50% bude ze starého kontinentu i Japonska.
Komerční spuštění Insight je plánováno na začátek příštího roku, krátce po prezentaci modelu uvnitř společnosti v lednu ve Valenze.
Ve srovnání s první generací se nový Jazz rozrostl v celém rozsahu.
Dosáhne nyní délky 3,90 metru (o pět centimetrů více), šířky 1,69 metru (o dva centimetry více) a jeho interaxle 2,50 metrů, s přírůstkem pěti centimetrů.
Jeho výška 1,52 metru, stále, zůstala nezměněna.
Spolu s velikostí se v prostoru zvětšoval jeho obyvatelný interiér.
Tato výhoda pramení především z nové plošiny a zadruhé ze zavedení palivové nádrže na centrálním místě, což je řešení, které již bylo přijato v předchozím Jazzu.
Kapalita kufru - dvojitý spodní objem - navíc stoupá na 399 litrů, což je o 19 litrů větší úcta k první generaci.
Poznamenáme-li, jedná se o měřítka Honda Jazz 1.4, zatímco kapacita kufru v modelu 1.2 je pouhých 379 litrů.
Další vylepšení - kromě vnějších prvků, jako je zadní vedení nebo možnost namontovat panoramatické sklo - se týkají lepšího přístupu k zadním sedadlům.
Dveře, které umožňují přístup na zadní sedadla, se nyní otevírají s úhlem 80 stupňů, ve srovnání s 67 stupňi v prvním modelu.
Kromě toho jsou všechny motory v této druhé generaci vozů docela nové.
V době marketingu bude tento malý model dodáván s benzinovými motory o objemu 1,2 nebo 1,4 litru.
Oba mechanické systémy budou zahrnovat technologii i-VTEC, která povoluje nižší spotřebu paliva, produkuje méně emisí oxidu uhličitého, optimalizuje mechanická zdokonalení a současně udržuje motor s vysokým točivým momentem ve všech svých fázích.
Verze o objemu 1,2 litru dosahuje výkonu 90 koní při 6000 ot./min. s maximálním točivým momentem 114 Nm. při 4900 ot./min.
Pohon - který v předchozích Jazz dosáhl 78 koní - potřebuje jen 5,3 litru paliva a vyprodukuje přibližně 125 gramů ekvivalentu emisí CO2.
Ve srovnání s předchozím pohonem, který v modelu první generace použil 83 koní, může nový využít 100 koní.
1,4 Jazz se 100 koní dosahuje kombinace 5,4 litru paliva a 128 gramů emisí CO2.
"Včelí vůz", aby nedošlo ke srážkám
Ve vývoji technologií pro prevenci nehod se Nissan tentokrát nechal inspirovat, od přírody, a zejména včelami.
Japonská společnost vytvořila robota, který napodobuje let včel, může zabránit nehodám.
Jedná se o bio-mimetický pohon automobilových robotů neboli BR23C, což je první krok k projektování technologií pro prevenci kolizí.
Inženýři Pokročilého technického centra společnosti Nissan Motor Co. vyvinuli tento malý robot ve spolupráci s Centrem pro vědecký výzkum a technologii prestižní Tokijské univerzity v Japonsku.
Podle Kazuhiro Doi, generálního ředitele Public Relations for the Technology, Research and Development of Brand Management, je BR23C rozšířením Security Shield čtyř oblastí vyráběných společností Nissan.
Tento robot má zlepšit schopnost předcházet kolizím ve vozidlech vyráběných společností.
Během letu každá včela vytváří svůj vlastní oválný osobní prostor, který je velmi podobný Štítu bezpečnosti vyvinutému společností Nissan.
Nejdůležitější prvek je však tvořen složenými očmi včely, které mohou vidět ve všech směrech s úhlem dalších 300 stupňů, což umožňuje hmyzu létat bez přerušení uvnitř svého osobního prostoru.
Aby inženýři obnovili tyto vizuální rysy, vyvinuli to, co definovali laserový lokátor (Laser Range Finder).
Tento mechanismus detekuje překážky v rozmezí 2 metrů a v poloměru do 180 stupňů před BR23C, vypočítá vzdálenost k objektu a vysílá signál mikroprocesoru na palubě, který okamžitě umožňuje zabránit srážce.
"Když zjistí překážku, malý robot napodobuje pohyby včely a okamžitě změní směr otáčením kol v pravém nebo širším úhlu, aby nedošlo ke srážce.
Nejzřetelnějším rozdílem u každého existujícího systému je jeho vyhýbavé jednání, jehož výsledkem je být naprosto instinktivní.
"Kdyby tomu tak nebylo, robot by nebyl schopen reagovat dostatečně rychle, aby se vyhnul překážkám" vysvětluje Toshiyuki Andoh, ředitel Laboratoře mobility a hlavní inženýr tohoto projektu.
Na rozdíl od včely se robot nemůže odchýlit nahoru nebo dolů, nebo dokonce diagonálně. Může se pohybovat pouze ve dvou rozměrech a ve směru, na který se jeho kola mohou otočit. Je zřejmé, že nemůže běžet nekonečné směry a způsoby, jako to dělají včely.
Z tohoto důvodu Nissan kromě funkcí zrychlení a zpomalení použil funkci otáčení, aby malému robotovi umožnil vyhnout se srážkám.
"Toto zařízení potřebuje pouze zpracovávat nové informace každých pár sekund a funguje z těchto dat.
Nevyžaduje ukládat žádné informace nebo používat intuitivní logiku předchozích manévrů. Z tohoto důvodu může jít bez přerušení dodávaného pouze několika desítkami KB paměti.
Možná to překvapí, ale nemluvíme o gigabajtech nebo mega paměti.“
Jedná se o první krok k vývoji nových technologií pro prevenci kolizí, technologie, o které Nissan doufá, že budou zavedeny v automobilech jako standardní funkce do deseti let.
Robot používá lithium-polymerové baterie, které jsou lehčí a odolnější než typologie lithium-iontu.
Dodatečnou aplikací v potenciální budoucnosti by mohla být integrace této technologie se satelitním navigátorem GSP s cílem přivést řidiče na konkrétní místo určení a vyhnout se překážkám podél cesty.
Otřásejte se před podáním žádosti o půjčku
Musíme si uvědomit, že ministerstvo financí Spojených států, které vlastní docela dobré metropole, aby jednaly, rozhodně nemá nedostatek talentů.
Muset čelit krizi a zabránit Američanům, aby byli podváděni odpadkovými půjčkami bankami pod pochybnostmi o insolvenci, vytvořilo zábavnou a vzdělávací hru pro uživatele internetu. Toto je "Bad Credit Hotel".
Jinými slovy "Hotel špatných kreditů"... nebo problémů.
Chmurský aspekt tohoto hotelu a zejména jeho recepční si klade za cíl tlačit lidi, aby přemýšleli nejednou, ale dvakrát nebo dokonce třikrát, než požádali o půjčku.
A především poměrně pečlivě rozmyslet nad tím, kde se o něj ucházet. To je asi hra primární cíl.
Určitě tento systém poskytuje několik užitečných informací, ale nabízí poměrně málo podrobností.
Je to mnohem více webová stránka pro dospívající než stránka pro širokou veřejnost.
Co se stane, když hru dokončíte?
Uvnitř hotelu se objeví místnost pro sny.
Pořád je to něco, protože o koupi domu... je lepší ho opustit.
Morgan Stanley otevřela svůj hlavní město MUFG
Morgan Stanley oznámila svůj vstup do stolního kola Mitsubishi UFJ Financial Group (MUFG), první japonské banky, která utratí devět miliard dolarů, aby získala 21% svého kapitálu, zprávy, které byly obdrženy prudkým poklesem cen akcií.
Týden poté, co představily prozatímní dohodu, obě banky vysvětlily, že MUFG nakoupí 9,9% akcií Morgan Stanley za cenu 25,25 dolaru v celkové výši tří miliard dolarů.
Prodejní cena je k 31. srpnu nižší než 19 % hodnoty cenných papírů.
MUFG investuje navíc šest miliard dolarů do akvizice konvertibilních titulů poskytujících zajištěný výnos 10% a s konverzní cenou 31,25 dolaru.
Morgan Stanley potvrdila, že celková operace bude založena na průměrné jednotkové ceně 29 dolarů, tedy 28% nad jeho současnou cenou.
Akcie Morgan Stanley však kolem 17:00 GMT ztratily 6,79 % na 23,07 dolaru.
"Tato strategická aliance představuje důležitou příležitost k urychlení přechodu Morgan Stanley ke statusu holdingové banky," řekl generální ředitel americké skupiny John Mack.
Morgan Stanley přijala tento nový status minulý týden, což by jí mělo umožnit diverzifikovat svou činnost, ale musí projít autoritou Federálního rezervního systému.
Její spojenectví s MUFG také potvrzuje, že současná finanční krize donutila největší jména na Wall Street zaujmout mnohem opatrnější postoj než dříve.
Modality prezentované v pondělí ukazují, že dohoda byla v posledních dnech změněna: předchozí pondělí Morgan právě oznámila, že prodá až 20% svých akcií Japoncům za zhruba 8,5 miliardy dolarů.
"Před týdnem vysvětlil Toshihide Mizuno, výkonný ředitel MUFG v Tokiu," mysleli jsme si, že účast bude zcela složena z kmenových akcií.
Ale vzhledem k současnému stavu ekonomiky a trhu jsme doufali, že minimalizujeme rizika a ochráníme záda."
Na základě vážené průměrné ceny bude společnost MUFG platit za své cenné papíry Morgan Stanley o 7 % pod svou účetní hodnotou.
Transakce bude mít za následek rozmělnění kolem 20% zisku na akcii.
Dohoda předpokládá, že MUFG může ročně převést polovinu svých preferovaných cenných papírů na kmenové akcie, pokud se tyto obchodovaly o více než 50% nad konverzní cenou, asi 47 $ za dané období.
Morgan Stanley ujišťuje, že kapitál poskytnutý společností MUFG mu umožní využít investičních příležitostí, posílit svou rozvahu a zvýšit svou likviditu.
Mluvčí skupiny však odmítl sdělit podrobnosti o strategických projektech obou nových spojenců.
Po investici MUFG Morgan Stanley předpovědí kapitálový poměr Tier One asi 15%, jeden z nejlepších v oboru.
Morgan prý "výrazně" snížil svou bilanci od konce srpna.
Nedávné týdny byly obtížné pro skupinu, která zaznamenala roztavení poloviční ceny akcií, zatímco náklady na pojištění proti riziku nesplácení jejího dluhu prudce vzrostly.
Tyto náklady se v pondělí snížily, ale zůstaly na nové vysoké úrovni, kolem 12%.
Minulý týden Goldman Sachs, jediná další přežívající velká investiční banka na Wall Street po bankrotu Bear Stearns a Lehman Brothers a Merrill Lynch akvizice, oznámila, že získala 15 miliard dolarů, částečně od Berkshire Hathaway, skupiny Warrena Buffetta.
Rafael Correa v Quitu v pondělí.
Přestavba kolem Republiky jednadvacátého století socialismu.
Jedná se o společný projekt venezuelského Huga Cháveze, Evo Moralese z Bolívie a Ekvádora Rafaela Correy.
Tuto neděli, stejně jako její protějšky a přátelé, je to třetí, která dala k hlasování návrh nové ústavy.
Mise splněna, protože 64% voličů hlasovalo "ano", podle oficiálních výsledků založených na 80% hlasů.
Na základě těchto výsledků "ne" dostalo 28%, 7% hlasů bylo neplatných a 0,7% byly prázdné hlasy.
Aby byl návrh Ústavy přijat, měla by dostat polovinu hlasů plus jeden.
V neděli, dva průzkumy provedené před volebními místnostmi a jedna nevládní organizace oznámila velké vítězství pro "ano", z rozsahu mezi 63% a 70%.
Rafael Correa tvrdil, že během noci od neděle do pondělí zvítězil ve svém návrhu ústavy.
"Ústava zvítězila tak drtivě," ujistil a pochválil Ekvádorce ve vládním sídle v Guayaquilu, 280 km jihozápadně od Quita.
Rafaelu Correovi samozřejmě gratulovali Chávez a Morales, ale také jeho chilská protějšek Michelle Bacheletová.
Anketa, která byla prováděna pokojně pod drobnohledem Organizace amerických států (OAS), zahrnovala ve svém textu 444 bodů, které upevňují "nový socialismus" prosazovaný prezidentem.
Návrh ústavy zakotvuje moc státu nad ekonomikou tím, že jí vyhrazuje "rozvojové plánování" země žijící hlavně z těžby ropy ze strany zahraničních firem a zahraničních peněz, které posílají svým emigrantům.
Povzbuzený Correou, zvolený v roce 2006, projekt také poskytuje větší pravomoci hlavě státu, která může nést až dvě po sobě jdoucí funkční období ve čtyřech letech a bude moci rozpustit shromáždění.
Correa již oznámil, že tuto pravomoc využije k tomu, aby v únoru 2009 usiloval o nový mandát.
Ústava také upevňuje zásadu bezplatných zdravotnických služeb a vzdělávání, který prezident začal zřizovat v této zemi 13,9 milionu obyvatel, kde 50% populace žije pod hranicí chudoby.
Předpokládá také zákaz přítomnosti cizích vojáků, které vypoví dohodu mezi Quitem a Washingtonem o využití Ekvádoru jako startovací základny pro americké protidrogové operace.
19 rukojmích bylo propuštěno v Čadu
Egyptský oddíl komanda zahájil útok proti únoscům jedenácti turistů a jejich osmi eskortů zajatých před deseti dny.
Jsou v Káhiře.
Jedenáct evropských turistů a jejich osm egyptských egyptských eskortů držených deset dní v poušti bylo v pondělí odpoledne vráceno nezraněno do egyptského hlavního města.
Ráno je propustilo egyptské komando v Čadu.
Zjevně fit, rukojmí dorazili kolem 1530 hodin na palubě speciálního letadla na vojenské základně al-Maza, připojené k mezinárodnímu letišti v Káhiře.
Byli okamžitě převezeni, aniž by mohli mluvit s tiskem, vrtulníkem do nemocnice v Maadi, obytném předměstí Káhiry, aby podstoupili vyšetření.
Jsou v "dobrém zdravotním stavu" a "žádné výkupné nebylo zaplaceno" věznitelům", prohlásil egyptský ministr pro cestovní ruch Zoheir Garanna na asfaltu.
Tato skupina rukojmích, která byla zachycena 19. září na úpatí hory Ouanat na hranicích s Egyptem, Súdnem a Libyí, byla tato skupina rukojmí přehozena z jednoho úkrytu do druhého 35 neznámými únosci.
Zahrnuje 11 turistů - pět Italů, pět Němců a Rumuna - a také osm Egypťanů: dva průvodci, čtyři řidiči, pohraniční stráží a ředitel agentury Aegyptous, pořadatel safari.
Egyptský bezpečnostní činitel uvedl, že 30 příslušníků speciálních jednotek, odvezených na palubě dvou vrtulníků, zahájilo útok během noci těsně před úsvitem.
"Následovala výměna požárů a polovina únosců byla zabita, druhá polovina uprchla," řekl úředník, který požádal o anonymitu.
Uvedl, že 150 příslušníků egyptské speciální jednotky "rychlé reakce" jednotky bylo posláno do Súdánu jako celku, kde se jim dostalo podpory od německých a italských komand.
Šéf italského diplomatického sboru Franco Frattini v Bělehradě, kde je v současné době, se zmínil o úloze italských tajných agentů a složek speciálních jednotek.
"Musíme si uvědomit, že jsme tohoto výsledku dosáhli profesionalitou a efektivitou našich mužů z tajných služeb, od speciálních jednotek," řekl bez dalších podrobností.
Odmítl také zaplatit výkupné.
Den předtím súdánská armáda tvrdila, že zachytila hlídkové vozidlo 4x4, na jehož palubě byli věznitelé, zabili šest, včetně čadského šéfa, a zatkli dva.
Armáda tvrdila, že jsou napojeni na povstaleckou skupinu v Dárfúru, Súdánské osvobozenecké hnutí-Jednota (SLA-U), což je něco, co toto hnutí okamžitě popřelo.
Písmena - mlčenlivá většina kultury
Debata o financování kultury se dostala do titulků a ponořila tuto volební kampaň.
Výborně.
Ale jedno odvětví našeho kulturního života vždy zůstává zapomenuto.
Kdo se přihlásí, aby odsoudil bídu, která je přiznána malým muzeím, archivům, archeologickým nebo národním historickým památkám, které hladoví po financování?
Který politik se odváží připomenout federální vládě, že zanedbává své památky a památkové budovy?
V Québecu, v Kanadě, nemáme žádné skutečné zákony, které účinně zachovávají naše dědictví?
Věděli jste, že francouzská vláda věnuje tři a půl milionu eur jen na restaurování hradu Chinon v údolí Loiry?
Naši američtí sousedé napsali v ústavě své země, že ochrana dědictví je součástí americké kultury a že takové dědictví musí být chráněno všemi občany, všemi zvolenými a všemi vládními útvary, a to ve spolupráci.
V Québecu, federaci historie Québecu, se nejméně 40 000 dobrovolníků seskupených ve 211 agenturách pro historii, dědictví, archivy a genealogii se zabývá výzkumem historie, zachováním, máním málo finančních prostředků, hromadami soukromých archivů a zachováním archeologických pozůstatků.
Často jsou hlídači našeho dědictví, kteří protestují s energií zoufalství, když developeři a konstruktéři vypouštějí své buldozery proti našim starým budovám a našim zapomenutým hřbitovům.
Kdy bude fórum pro historii a dědictví?
Fortis banka částečně znárodněna beneluxskými vládami
Státy Beneluxu pomáhají Fortisovi, belgicko-nizozemské bance - která je prvním evropským finančním institutem v problémech kvůli následnému efektu americké úvěrové krize - částečným státním odkupem. Tyto tři země se dohodly, že do bankovní a pojišťovny, která má maďarské zájmy, vloží 11,2 miliardy EUR.
Na konci tohoto týdne Belgičanka, Lucemburská a nizozemská vláda konzultovaly tuto otázku na nejvyšší úrovni, do které se zapojil předseda Evropské centrální banky a komisař pro hospodářskou soutěž Evropské komise.
V rámci Eurozóny je Fortis první bankou zasaženou mezinárodní finanční krizí, která se ve vlnách blíží za posledních 12 měsíců. Z určitého pohledu tedy mohou být učiněná rozhodnutí považována za precedens.
Podle rozhodnutí učiněného v neděli večera převezme každá vláda 49procentní podíl v bankách Fortis ve svých příslušných zemích.
Banka jistě prodá část svých podílů, zejména pojišťovacích aktivit, které loni nakoupila od nizozemské ABN Amro.
Akcie Fortisu se začaly hluboce propadat minulý týden, pak se ve firmě objevily druhé části týdne známky vážné krize.
Analytici se shodují, že banka - se svými 85 000 zaměstnanci - je příliš velká na to, aby mohla zbankrotovat.
Akcie banky se v pátek propadly o 12%, což je rekordně nejnižší úroveň za posledních 14 let.
Hodnota akcií se od ledna snížila o dvě třetiny.
S ohledem na současné ceny akcií se celá hodnota tržního kapitálu skupiny pohybuje kolem 14 miliard EUR. Ředitelé společností však tvrdí, že to neodráží realitu.
Vedení obviňuje nejistoty v zámoří - které jsou spojeny s přijetím amerického balíku ve výši 700 mld. USD - z pádu akcií Fortisu.
Akcie v pondělí vykázaly mírný vzestup.
Filip Dierckx byl v pátek jmenován novým výkonným ředitelem banky.
Finanční institut také usiloval o soukromé odběratele, ale dosud nebyla učiněna žádná věcná nabídka.
Belgická vláda dříve prohlásila, že investoři nemají důvod se obávat, nepřijdou o své peníze.
Mezi zákazníky banky se zatím neobjevila žádná panika; neuskutečnil žádný bankovní spěch.
Fortis má v Maďarsku vlastní bankovní provozovnu a vykoupil i leasingové společnosti.
Liška V Domku Henhouse
Americké životní a zdravotní pojišťovny často odmítají prodat pojištění některým občanům, a to kvůli jejich údajům o nákupu drog.
Odborníci na ochranu osobních údajů se obávají, že trh s daty se stane nekontrolovatelným.
"Existuje program ochrany osobních údajů, který vyžaduje povolení dotčené osoby, aby bylo možné použít údaje o lékovém předpisu.
Mělo by to být nezávislé, jinak liška bude hlídat slepičí domek," cituje The Washington Post Richarda Dicka, vývojáře programu použitelného pro sledování receptů na léky.
Pojišťovny rozhodují o pojistném poplatku a výši, která má být zaplacena v případě náhrady škody v závislosti na zdravotním stavu žádajícího zákazníka, a pokud to považují za příliš riskantní, nezajišťují pojištění.
Uplatňující zákazníci bývali zasíláni k provedení lékařské prohlídky a smlouva byla uzavřena pouze s ohledem na výsledky prověřování.
Dick před deseti lety vyvinul mnohem levnější metodu: na základě identifikačního čísla zákazníka lze snadno zjistit typ léků zakoupených zákazníkem za posledních 18 měsíců, takže program může čerpat své vlastní důsledky, pokud jde o nemoci, kterými žadatel trpí, stejně jako jejich zdravotní stav.
Například případ pravidelného nákupu velkých dávek léků snižujících hladinu cholesterolu prakticky odkazuje na skutečnost, že zákazník má neléčitelně vysokou hladinu tuku v krvi, v důsledku čehož by tato osoba byla okamžitě zařazena do kategorie vyššího rizika.
Program má různé verze v obchodě, některé z nich dokonce definují rizikový faktor, takže pojišťovna nemá nic jiného než papírování, i když vznikají menší potíže.
Jednou z nevýhod je skutečnost, že některé léky mohou být použity pro několik účelů, například některé lékařské vzorce jsou k léčbě migrény, vlny veder nebo dokonce deprese.
Ten druhý z nich je významným faktorem zvyšujícím riziko z pohledu pojistitelů podniků, zatímco další dva nejsou.
Konkrétní společnosti, které se zabývají získáváním a zpracováním údajů, a před získáním nezbytných informací z lékáren požádají od pacienta svolení.
Jsou již povinni tak učinit, i když jejich předchozí neúspěchy nebyly penalizovány.
Některé společnosti zpracovávají i výsledky laboratorních vyšetření a propojují je s údaji o konzumaci léků. Tímto způsobem mohou poskytnout přesnější informace o zdravotním stavu pacientů.
Stále více společností získává přístup k datům a souběžně kontrola jejich používání je stále obtížnější.
Existuje specifický akt týkající se ochrany údajů o zdravotní péči, ale její rozsah zahrnuje pouze poskytovatele zdravotní péče a pojišťovny.
Návrh zákona o poskytování inspekčních pravomocí pro úřady kvůli společnostem, které se zabývají poskytováním údajů, byl předložen Kongresu.
Dick Richard si uvědomuje, že to nestačí: proto dále rozvíjel svůj program, který by nyní omezoval přenos údajů, pokud jde o požadavek vyjádřeného souhlasu dotčené osoby.
Je to však další otázka, že žadatel nemůže skutečně odmítnout souhlas, jinak s nimi pojišťovny neuzavřou smlouvu.
Takže slepice do jisté míry budou i nadále záviset na benevolenci lišky.
Globální Marseille Menu
Evropská unie a Indie zdvojnásobily obchod
Vzhledem k tomu, že Evropská unie a Indie jsou navzájem předními obchodními partnery, dominovala této problematice kromě dalších, především globálních problémů agenda devátého summitu.
Dnes se bude konat také francouzsko-indický summit, zejména pokud jde o spolupráci v oblasti jaderné energetiky.
Ačkoli Evropská unie uznává, že Indie je rozvíjející se demokratickou světovou mocností, která by měla mít větší slovo v mezinárodních záležitostech, členské státy ještě nemohly dospět k dohodě, zda podpořit stálé členství v Novém Dillí v Radě bezpečnosti OSN nebo ne.
Takže tato záležitost nebyla během devátého summitu, organizovaného včera v Marseille, vynucena.
Francouzský prezident Nicolas Sarkozy jako rotující předseda Unie, předseda výboru José Manuel Barroso a šéf zahraniční politiky Javier Solana přivítali indického premiéra Manmóhana Singha a dohodli se na zdvojnásobení, tj. Zvýšení na více než 100 miliard eur, obchodní tok za 5 let.
Vzhledem k tomu, že v letech 2000 až 2007 došlo k výměně zboží ve výši 25 miliard na 55 miliard, nejedná se o příliš ambiciózní cíl.
V souladu s tím bylo 26 stávajících dvoustranných úmluv o civilním letectví s Indií legálně harmonizováno, což znamená, že letecká doprava může v budoucnu křídlit.
Indie si klade za cíl podepsat dohodu o volném obchodu s Unií do konce roku 2009.
Sarkozy slíbil, že urychlí harmonizaci.
Cílem je najít bilanci, dokud je Indie obchodním partnerem EU číslo jedna, zároveň Nové Dillí má pouze deváté místo na seznamu partnerů EU.
Vrcholná schůzka se zaměřila na globální otázky:
Pokud jde o situaci v Afghánistánu a Pákistánu, stejně jako o terorismu. Posledně jmenovaný byl oběma stranami odsuzován v každé formě a svolání konference OSN bylo nabádáno.
Zrychleno bylo i dovršení obchodního kola z Dauhá, i když za fiasko jsou zatím zodpovědné obě strany.
EU potvrdila, že bude pokračovat ve svém energetickém a klimatickém programu, což znamená záměr snížit emise látek znečišťujících ovzduší alespoň o 20 procent do roku 2020.
Indie s tím souhlasila, stejně jako s cílem dosáhnout globální dohody na klimatické konferenci, která má být předložena v příštím roce, a snížit emise skleníkových plynů o 50 procent až do roku 2050.
Dalším cílem bylo zabránit růstu cen potravin a byla podpořena výzva k mezinárodní konferenci o přezkoumání finanční krize.
Indický premiér se dnes chystá na dvoustrannou schůzku ve francouzské metropoli, kde hodlá dospět k dohodě o mírovém využití jaderné energetiky.
Paříž očekává, že francouzským společnostem získají zakázky na výstavbu jaderných reaktorů v Indii v hodnotě 20 miliard eur.
Podle informací tiskové agentury by dohoda platila 15 let.
Více než tři stovky italských redaktorů ve Frankfurtu
Silná přítomnost italských redaktorů na Mezinárodním knižním veletrhu ve Frankfurtu.
Více než tři stovky budou italští redaktoři přítomni k šedesátému výročí Buchmesse, nejvýznamnější mezinárodní akce pro výměnu autorských práv.
Mezinárodní knižní veletrh ve Frankfurtu očekává pro tuto příležitost více než sedm tisíc vystavovatelů ze 101 různých zemí, kteří obsadí 171 790 metrů čtverečních půdy s více než 403 tisíc tituly a Turecko bude čestným hostem.
Náměstek ministra kulturního dědictví a aktivit Francesco Maria Giro zastupuje italskou vládu na slavnostním zahájení italského pavilonu: ve skutečnosti bude Itálie přítomna jako instituce s italským stánkem – 264 metrů čtverečních výstavní plochy.
Následuje tisková konference v Místnosti převlékání pavilonu 5.0 Buchmesse: bude to příležitost, kde budou prezentovány postavy, trendy a pohled na status italského vydavatelského průmyslu.
Podle těchto údajů dochází k postupně se zmenšujícímu významu knih zahraničních autorů v italské produkci, a to zejména u dospělých i dětí.
Milionář našel letadlo Steva Fossetta zmizelo před rokem
Vrak letadla Steva Fossetta, milionáře, který zmizel 3. září 2007 při letu nad nevadskou pouští, byl nalezen.
Trosky byly nalezeny na náhorní plošině ve výšce 3000 metrů, v oblasti Sierra Nevada v Mamutích jezerech, na hranici mezi Kalifornií a Nevadou.
Uvnitř letadla však nebyly žádné lidské ostatky.
Šerif okresu Madera, John Anderson, rozptýlil všechny zbývající pochybnosti: "Letadlo bylo nalezeno, poslali jsme tým a nyní máme potvrzení, že je to ten, na kterém Steve Follett létal v den, kdy zmizel," řekl na tiskové konferenci.
Poté šerif upozornil, že nebyly nalezeny žádné lidské ostatky ani v letadle, ani v okolí.
Milionář ve věku 63 let se v únoru vzdal za mrtvou.
Americký Národní úřad pro bezpečnost dopravy (NTSB) oznámil, že některé hodiny poté, co byl vrak spatřen, byl vyslán vyšetřovací tým, který pak identifikoval letadlo: je to Bellanca 8KCAB, která je nezvěstná od 3. září 2007, kdy Fossett vzlétl z Yeringtonu v Nevadě na tříhodinový let.
Včera, vždy v Kalifornii, nedaleko hranic s Nevadou, byly nalezeny některé osobní věci patřící Fossettovi párem poblíž jejich domu v Mamutích jezerech.
Tyto položky jsou dva dokumenty na jméno Fossett, oba vydané Federálním úřadem pro letectví v Illinois, nějaké peníze a mikina.
Pátrání po Fossettovi bylo odvoláno měsíc poté, co zmizel.
Milionář si získal místo v historii díky řadě světových rekordů.
V roce 2002 se při svém šestém pokusu stal prvním mužem, který dokončil cestu kolem světa v horkovzdušném balónu: dvoutýdenním sólovým letem.
O tři roky později podnikl cestu kolem světa letadlem bez přistání.
Mezi jeho četnými rekordy letí i na 15.445 metrech, nad Andami, ale s druhým pilotem.
Glk, reklama, která vás nečeká
SUV, které je mimo normy s originálním designem definovaným rozhodnými liniemi, dostatečnými povrchy a čistými broušenými zatáčkami.
Stručně řečeno, to je GLK, nejnovější přírůstek do "kompaktních" terénních vozidel od hvězdného výrobce, s nímž se Mercedes-Benz pokusil vpustit do tohoto sektoru závan čerstvého vzduchu.
Vzhledem k tomu, že jeho funkce jsou mimo tradiční normy, zpráva doprovázející uvedení SUV GLK bude také neočekávaná a netradiční, bude k dispozici v showroomech Mercedes-Benz od příštího sedmnáctého října.
Takže reklamní kampaň, která bude doprovázet debut nového vozidla, odstartuje novou komunikační metodu, která zahrnuje také futuristickou kampaň 3D billboardů, kterou v Itálii poprvé používá automobilová značka.
Projekt velkých billboardů, uvedený do pohybu ve třech různých fázích, které do 15. listopadu ovládnou nejcentrálnější milánskou nákupní ulici Corso Como.
První fáze tohoto nového typu komunikace bude zahájena prezentací vozu ve stereoskopickém vidění a díky speciálním brýlím distribuovaným v sousedství Corso Como bude možné vidět nové SUV ve skutečné velikosti a 3D formátu.
Ve skutečnosti, při pohledu na obrázek člověk dostane pocit, že auto vyčnívá z plakátu.
Následně pomocí inovativní technologie Elumina 8 všechny detaily nového GLK budou v různou dobu osvětleny, a poté budou rekonstruovány jako jediný obrázek.
Bez jakýchkoli pochybností se Mercedes prostřednictvím této reklamy snaží zavést do konvenční oblasti automobilové publicity něco nového.
Uspěje s tímto vzorcem vyvolat zájem budoucích kupujících? Uvidíme.
Zde je to, kdo jsou italští chuligáni
Tri-Veneto, které může být zakázáno navštěvovat sportovní zařízení (Daspo).
Ale kdo jsou ti 150-200 lidí, z nichž se Itálie nyní stydí? Tvoří součást skupiny "Ultras Italia", která po celá léta podporovala národní fotbalový tým a až doteď, popravdě známá, nikdy nevytvářela velké problémy.
Ani se nikdy nestřetla s protějškovými fanoušky.
Extrakcí skupiny je pravé křídlo.
Promotéři jsou z Tri-Veneta.
Od Verony, Paduy, Terstu a Udine.
Připojily se k nim některé malé skupiny (ve skutečnosti jen velmi málo členů) z Campagnie a Puglie.
Mají tříbarevné vlajky s městem původu ozbrojenců na nich: v sobotu byly tyto sundány, aby nemohly být identifikovány.
Přebírají své nápady od anglických fanoušků.
V Bulharsku našli příznivce, kteří byli skutečnými nacisty, skupinou Levski.
FIGC dala italským fanouškům k dispozici 144 lístků na zápas: všechny osobní, tudíž snadno ověřitelné.
A ministerstvo vnitrozemí ve Viminale je ve skutečnosti zkontrolovalo všechny: mezi těmi skupinami, které do Sofie chodily, žádný nebyl zakázán, nebylo zakázáno navštěvovat stadion.
Čtveřice italských příznivců, kteří měli předchozí zločiny související se stadionem, byly ve skutečnosti odmítnuty vstupenky a bránily jim.
Nyní ministerstvo vnitra čeká na to, aby si mohlo přečíst oficiální záznamy, které by měly dorazit od bulharské policie, než podnikne kroky: v tomto případě je možné zakázat na pět let nejméně příznivce, kteří byli zatčeni, nebo ty, kteří byli identifikováni během nepokojů.
Mezinárodní vyhoštění, které zakazuje návštěvnost nejen stadionů v Itálii, ale i v celé Evropě.
Naši chuligáni by zkrátka nevstoupili na další stadion.
Naštěstí.
Ale nyní panuje strach z emulace: to znamená, že ostatní se k tomu připojují jen o málo více než sto padesát.
"Musíme okamžitě vyvěsit tento požár a ne legitimizovat ty, kteří se chovají tímto způsobem," tvrdí na ministerstvu ve Viminale.
"Oči dokořán, zejména proto, že ve středu v Lecce hraje národní tým".
V Puglii ve skutečnosti existuje malé jádro příznivců Ultras Italia.
Observatoř se zítra sejde, v úterý CASMS, který se může spolehnout na sekci AISE, to je tajná služba, která řeší přesně problémy na stadionech.
"Chór Duce-Duce a paže se natáhly při mamelské hymně? V Bulharsku to není zločin..."
Jsou to myšlenky (vyjádřené s velkým zklamáním) Domenica Mazzilliho, který je před několika týdny ředitelem Observatoře Viminale (dosáhl funkce, kterou původně zastával Francesco Tagliente a poté Felice Ferlizzi).
Již dříve byl Mazzilli šéfem policejní správy v Terstu, kde existuje jádro příznivců Ultras Italia, založené v roce 2002.
Je pravda, říká Mazzilli, že v Bulharsku není zločin skandovat chvalozpěvy na Duce, ale rozhodně chování těchto 150-200 fanoušků bylo ostudné.
"Nejsem sociolog - dodávám číslo 1 observatoře - trestný čin by měl být přičítán v zemi, kde k incidentu dochází.
Dosud tato skupina zůstávala v řádcích, nyní uvidíme, co se skutečně stalo a vyhodnotíme to pro budoucí referenci.
Promluvme si však také o pískání mamelské hymny: to v Bulharsku také není zločin, ale mám-li říci, že to nejsou dobré mravy...“
