Triumph of the populist right in Austria, together they form 29%
Early elections to the Austrian parliament have brought according to the first approximate results, an appreciable weakening of both parties of the current grand coalition and an expressive strengthening of the populist right party.
Some strong and special losses have suffered the Austrian Popular Party (OVP), where the position of the current president, Wilhelm Molterer, is seriously wobbling.
By contrast, the leader of the Alliance for the future of Austria (BZO), the head of the Carinthian state government, Jörg Haider, prepares his triumphant return to national politics.
According to approximate results, social democracy (SPÖ) remains the strongest party in the country with 29.8 percent of votes, losing a 5.5 percent vote compared to the last elections in 2006.
Worst the OVP has yet lost 25.6 percent, nearly nine percent vote.
They are the worst results, literally catastrophic, in the history of these two great Austrian parties from the post-war and especially for the people who called these early elections.
Still in early July, when the OVP left the coalition, the popular had in terms of preference against the SPO, a considerable advantage.
It’s clear, however, that voters punished them for letting the government shipwreck.
Already in the first reactions to the results, speculation was heard about the resignation of the president of the party and, until today, vice chancellor, Wilhelm Molterer.
Observers believe that it could already arrive on Monday at the exceptional meeting of the presidency of the party.
Such an evolution would obviously facilitate the path of the constant and closest starting point of the electoral results, that is, of the renewal of the grand coalition between SPO and OVP.
In view of the fact that the reinforcement of both parties of the populist right – the liberals (FPOs) have won approximately 18 percent and the BZO, eleven percent of the votes – and that the Social Democrats at the same time expressed their fears that the same would be repeated in 1999 when the people negotiated with the populists (then FPO was a unity, but in 2005 they dismantled from BZO)
Because of this evolution, Haider clearly bets who already announced that he is prepared to collaborate with any party and that he already assumes his return to Vienna, to national politics.
Also the Green Party has managed to reach parliament although it has lost slightly and descended from third to fifth place among the Austrian political parties.
No other party clearly exceeded the four percent limit and is therefore not part of parliament.
Schwarzenbeng: relations with India can cool
If it is not possible to solve the problem of the Czech scientists who have been accused in India for illegally collecting beetles it could lead to a cooling of Czech-Indian relations, according to Foreign Minister Karel Schwarzenberg.
This is how the minister said in New York, after today’s meeting with his Indian counterpart, Pranab Mukherjee.
"If this were not fixed then yes, then it would surely arrive at this cooling," he said after the meeting that was organized on a Czech initiative.
Mukherjee said, after the meeting, that in legal matters the executive can hardly get involved.
However, he said that in the case of Petr Švácha, who was exempt from prosecution and punished with a fine, the government can negotiate with the local government of Darjiling in whose jurisdiction the matter falls.
"Their problem could be solved," the minister said.
For Emil Kučera, sentenced to three years in prison it would be best, according to Mukherjee, to appeal to the highest instances.
You can then apply for exoneration of the case and wait the sentencing free, he explained.
Schwarzenbeng confirmed that his colleague expressed himself on the same terms during the meeting.
"He advises to appeal to the High Court and then it would be possible to pardon," the head of Czech diplomacy said.
The only way the Czech side can get into the matter is to get the convict a "legal competent support," the Indian minister said.
On the other hand, he said that such support has already been achieved by the Indian side.
“We have the greatest interest in maintaining with India the best relations, which have a long tradition.
The Indians also recognize it," Schwarzenberg said.
On the other hand, as the ČTK said before his colleague he insisted that the Czech Republic considers the problem of Czech entomologists of great importance.
"We really think it's a tremendous mistake to imprison and condemn these Czech scientists," he said.
The minister circumvented the answer to the question of whether he received from the Indian side the promise that he would deal with the matter.
“I’ve received quite a few promises,” he only found.
Czech arbitrates a fight on the seafloor
I approach an electronic wall map, it depicts Australia surrounded by sea.
He is not interested, however, by the mainland but by a small point lost in the blue ocean.
"The island belongs to Australia and next to it also the seafloor that surrounds it.
“The region is, at the same time, as large as a single continent,” says Italian lawyer Luigi Santouosso, who belongs to the thirty-member team working in the U.N. Division for Ocean and Sea Law Affairs.
Its boss, director of the Division, Czech lawyer Václav Mikulka, follows the exposure and sometimes completes it.
Govern this mood and enthusiasm of work.
The seafloor hides to this day a little-known world, rich in natural sources.
Oil and other mineral raw materials can be found, but also unknown organisms until today that themselves carry the key to the development of anti-cancer drugs.
The bottom is greater than the mainland
The countries with the coast have begun today to vehemently contest the new territories under the sea.
According to the U.N
It is mainly the so-called mainland Edge which sometimes extends a few hundred kilometers from the coast of the given country.
It has, according to the Treaty, exclusive rights in all the resources of the mainland Edge.
"Simplically, by mainland Edge is meant the part of the seabed and its surface, which is a natural continuation of the continent underwater.
It reaches the edge of the sea coast, and often, to the border of the two hundred marine miles, i.e. pure economic zone," Mikulka explains.
The request that the given country submits to the Commission, for the delimitation of the outer limits of the Edge continent, must be delivered with scientific technical documentation based on research and measures.
It is the result of a series of years of job preparation.
“One of our tasks is to organize a technical and legal specialist aid commission.
The commission has filed five requests from Russia, Brazil, Australia, Ireland and New Zealand.
For now, only those of the last three aforementioned countries have come forward," Mikulka adds.
Not long ago, Australia’s success had a worldwide repercussion as it was the first to essentially expand its marine dominance.
However, New Zealand also succeeded - the seafloor surface granted by the commission last week is 1.6 million square kilometers, that is, almost six times more than the size of the state itself.
Both countries invested millions of pains for their study.
The gain that will arise from the use of the seafloor will be, as they promise, invaluable.
Other states are also slowly submitting their applications.
They can carry it out until ten years from the moment they ratified the "Treaty of Montego Bay".
Where the mainland ends begins the region of the ocean floor declared by Treaty as "common heritage of humanity".
Already here, none nation has an exclusive position.
The right of exploitation in these areas is administered by the Treaties established by international institutions.
"The seabed, however, is no gold mine," director Mikulka says with emphasis, adding "that its separate areas are legally and clearly restricted and its regime defined by contract."
Czech in the Pacific
And today, part of the seabed also belongs to the Czech Republic.
It is distributed with other countries of the then Eastern Bloc within the common organization "Interoceanmetal".
This was achieved in 1991 with a treaty as investors the same as a few other states, states called "the pioneering investor".
It is empowered to explode in the ClarionClipperton area in the Pacific Ocean, between Mexico, the Hawaii Islands and Kiribati.
The area to be researched by the investor is somewhat larger than the old Czechoslovakia.
The bottom there is bumpy, it's about something like a tatra marine aftershock.
"An area can be exploited of a total area of 75,000 square kilometres.
The area is rich in polymetallic concretion deposits containing nickel, copper, cobalt and manganese, "adds Indian lawyer Pakshi Rajan.
A Macedonian employee of the Division, Rober Sandev, brings us a sample of that kind of concretion.
It reminds us of a small potato or with a little fantasy, the Shem, which according to legend revived the Golem.
During the release of the hostages the German special forces command was at the place of action
To solve the hostage crisis the government of Egypt had asked for Germany’s help – experts came.
When the situation became serious, the special forces command was ready, but the operation was not carried out.
More and more details are known about the circumstances of the liberation of 11 European tourists in Egypt.
According to the data of the Ministry of Defense and the Ministry of the Interior in the action of salvation the German special forces also indirectly participated.
Therefore in the place of liberation were the specialists of the German army as well as officials of GSG 9, aircraft squadron of the federal police, of the Federal Office of Criminal Investigation also experts in the field of logistics of the technical charity.
As ministry spokespersons reported on Monday night, German forces weren’t needed because hijackers, realizing a violent release, let their prisoners go and escape.
The government of Egypt accepted Germany's help to use it as support at the site.
"Fortunately there was no time," a spokesman for the Federal Interior Ministry said.
On September 19, the assailants had hijacked a group of travelers composed of 5 Germans, 5 Italians, a Romanian as well as their 8 Egyptian companions.
After the abduction in Egypt's southern desert, the hostages were deported side-to-the-back in the border area between Egypt, Libya, Sudan and Chad.
The identity of the hijackers remained unknown to the end as well as the details of the release or possible ransom payments.
In the meantime, the saved people came to Cairo.
Steinmeier said the released hostages were under the guardianship of Germany's embassy.
He didn’t say any words about the details of liberation.
At first in Berlin there was no information about their return to Germany.
According to "Bild" newspaper, 5 tourists and special forces have to return on Airbus from Germany's air forces and arrive in Germany on Tuesday.
U.S
The first chamber of the United States Congress soon failed with a large salvation package of 700 billion dollars for the financial markets.
The Dow Jones fell very drastically.
The U.S
Despite all appeals from President George W. Bush and former politicians from both parties he did not reach a majority for the program with which disorder in financial markets should be limited.
With dramatic action the desperate defenders had still tried to convince critics to accept the large 700 billion dollar package.
Barney Frank, the leader of the Democratic negotiations, had asked deputies to take a vote even though the plan isn’t so popular.
"It's difficult to receive political approval to avoid something that hasn't yet absolutely didn't happen," he admitted.
Already during the vote the Dow Jones fell to more than 6 percent or 600 points.
The cause of that were investor concerns that the state salvation package could fail.
He rested at the end of the vote and after the failure was made public, he fell again.
Experts have other serious turbulence in international financial markets.
To let go of the current program it is necessary to have the approval of both the House of Representatives and the Senate.
Organizers register the increase in the number of reservations
It seems to be a good winter for German travel organizers:
According to a study, the sales volume of travel reservations for the coming months increased compared to last year – even the winter season by more than 30 percent.
According to a study, despite the weakened juncture the desire to travel of the Germans remains as before.
As the German travel association (DVR) reported on Monday in Berlin, with travel reservations for the winter season travel agencies recorded a sales volume that is 31 percent more compared to the same period last year.
According to GfK’s market research institute’s research institute, reserves for the fall months had already risen in number.
Thus the sales volume of travel agencies in October was almost eleven percent more compared to 2007, the DVR reported.
The basis of the results are GfK figures that are the information analyzed about the reservations in 1200 travel agencies and computed approximately for the entire market.
The data collected are the travel reservations made until the end of August 2008.
Due to the weakened course of the dollar especially travel to the United States is in high demand, the DRV reported.
In this case the number of reservations increased to almost a third.
The preferred destination points of the Germans are not only Spain, Turkey and Greece but also the regions of Germany.
Above all, organized trips are very preferred, explains Klaus Laepple, the president of DRV.
In view of the fact that energy and food prices increase, in this case travel expenses are "better calculable for the customer than during an individual trip".
Among other things consumers can save money with early booking discounts or All-Inclusive offers, Laepple explained.
Also in the summer months the trips were well reserved, so that the volume of sales compared to last year again rose – although according to another study the number of Germans making a trip, comparing last year, fell.
My first Oktoberfest
Festivity hits under the open sky in the Endless Spa, beer in one-liter pitchers, and famous people dressed in traditional Bavarian designer costumes.
Debut in a tent.
Susanne Kronzucker and I don’t have much in common.
She is blonde, the moderator on television and wears a custom-made traditional Bavarian costume.
I have dark-colored hair, I'm a student and my dress is already worn.
But there’s one thing that binds us together: we’re barely in a tent, the photographers already rushed towards us and filled their memory cards with the photos – it’s very smoothy especially because I’m first at Oktoberfest.
That's how you become friends.
Cheap traditional Bavarian costumes seem to fulfill their function.
In reality as a tourist in the Oktoberfest coming from northern Germany my sense of well-being in a traditional Bavarian costume to this day was still limited.
But after arriving at the Prado de Teresa, everything is not a big deal.
Almost everyone wears the traditional Bavarian suits or leather pants; none seems to be standing up or feeling unpleasant - everything is absolutely normal.
Only my apron gets weird looks next to a banana stand in chocolate.
A muniquesa draws my attention to my apron who had dressed in the wrong way: "the left part is single, the half is the virgin, on the right side is compromised, behind it is a widow."
O God, I'll buckle from behind on the left now.
"It's okay," he says laughing.
Others don’t care about many of the subtle methods of flirting and wear caps where “To drink to get dressed” is written and show, without asking them, their ass knot.
A young boy who behaves exhibitionist is named Bob, he is from England and is also for the first time at Oktoberfest.
He looks "gorgeous", which he pronounces with a very long "o".
He tells me about it after putting next to his one-liter glass of beer he finished drinking.
He put it right next to the fire hydrants, most people think that's a trash can.
Then Bob is one of the famous people who know how to drink a lot.
The others are not very lucky and can not consume so much alcohol.
Around eight o'clock at night the groups of toilets run through the party place and have to worry about poor drunkards.
Sanitaries appear each time in a group - suddenly there are always four people who bring the covered walks from one tent to the other.
That works as with the majority of visitors: Sobers arrive, they return drunk.
You don’t see who suffers the degrees of alcohol and is in the walks.
"They are the ones who "can't anymore", gave me the answer a toilet answering my question and disappeared in tumult.
Victim accident identified by police
The 63-year-old pedestrian who died at the hospital has been identified after being hit by a vehicle in Essex County.
Carole Paulson of Chelmsford Road in Brentwood was implicated in the crash that occurred on Shenfield Road Friday afternoon.
The woman was taken to Queen's Hospital in Romford but later died.
Following the accident, a 51-year-old man was arrested on suspicion of negligent driving.
Since then he has been released on bail.
Turkey widens its diplomatic horizons
Long before Turkey intended to be a member of the European Union, the European powers nested the desire to penetrate the interior of this country.
In the eastern part of the Bosphorus, perhaps only 20 steps inland Asia is one of the most interesting relics of disastrous imperial ambition.
Hydarpasha train station was designed by two German architects, Otto Ritter and Helmut Conu, in neo-Renaissance style.
At the very least, this is what the guides say.
The building is tipped at the end of the platforms and has in front two towers, one for each corners, looking like a typical German town hall.
The stone's dirty.
The building in your complex is a bit decadent.
But once the bocquery to vault, there is no doubt of the greatness of the enterprise that this was the most western gate.
The station was inaugurated in August 1908 by the German consortium Anatolia-Bagdad Corporation.
Germany, a "latecomer" in the imperial game, had the ambition to dominate the Middle East through this railroad being curated to Damascus, Baghdad, and further into what is now Saudi Arabia.
However, the ambitions of this imperial Germany failed during the First World War.
Its railways were attacked by Lawrence of Arabia and his irregular Arabs.
Due to the relative isolation of the surrounding regions, generated by the frozen borders of the Cold War, it fell low
British dominance and as forces advanced into Egypt, they pushed the Turks and their German allies out of Palestine and Syria.
The news was also bad for Hyderpasha station.
In 1917 a train of ammunition exploded destroying its elaborate roof.
Turkish sources said it was sabotage.
Since then, the station has declined and stayed out of history.
But today, this railway, gateway to Anatolia and all the eastern centers, serves – at least symbolically – to highlight Turkey’s willingness to broaden its diplomatic horizons.
The Justice and Development Party that is with the government - the AKP - has planned a new foreign policy for the country.
The relative isolation of the surrounding regions, generated by the frozen borders of the Cold War, has disappeared.
Now there's a new policy of collaboration.
The Turkish government excellently maintains good relations with Israel and Syria, with both the Palestinian factions of Hamas and Fatah, with Iraq and Iran and, of course, with the European Union and the United States.
In order to assess the parameters of this new foreign policy, I climbed into a bunk and went to the Turkish capital Ankara, in order to visit one of the AKP leaders, an expert in foreign policy, Turkish Prime Minister Suat Kiniklioglu.
The next morning - about ten and a half hours later - after a jolting trip, which produced the cadences of the ancient world in the famous documentary The Night Mail, I arrived in the Turkish capital - new city, designed to govern a new secular state, away from the Ottoman past.
However, the AKP, with its clear Islamist roots, represents a paradigmatic change in Turkish consensus
that has raised some suspicions in the West and especially in Washington.
A taxi takes me to the headquarters of the AKP, an ultra-modern structure of stone and steel – built ad hoc – in a developing suburb, surrounded by half-built shopping malls and “power pastries” where middle-class managers in business suit – men and women — meet early in the morning to agree/do business.
Suat Kiniklioglu could be a centre-right politician of almost any party in Europe.
Suit, tie, I'm sure he's still got a Blackberry.
"The objective of the party's foreign policy is to re-integrate Turkey into its immediate neighbourhood.
The Cold War was an anomaly," he tells me.
Turkey has been cut into relations with its interior.
Today you have to look at the same time towards East and West.
It’s not a case if it’s not for one or the other.
He's got to do both.
"But surely at some point," I asked, "Turkey might be forced to choose?"
"Turkey," he replies, "does not want to face that choice."
He then underlines a point that almost everyone I have spoken to up to that point had recited me almost by heart: Turkey's relations not only with the Middle East, but with the Caucasus region, and with the entire Black Sea, represent a benefit for Europe and the United States as for Turkey itself.
The message seems to be: with Turkey on board, Europe in its complex can metaphorically mount those railway lines that open the world towards East Asia and the Middle East.
Again at Hydarpasha station, after a second sleepless night, my thought returns to the two German lords, Herr Ritter and Herr Conu, who had attended the construction of this building 100 years ago.
How surprised to learn that Europe’s ambitions in the Middle East, in large part, would today be in the hands of Turkey?
And waiting for the terminal the ferry that will take me back through the Bosphorus, I remember that in those days Turkey was considered "the sick man of Europe."
So, there are not many doubts in what will be the continent to which this fascinating country must claim.
Vernon Handley and William Woodruff
Mark Brown writes: which Guildford musical director since 1962, Vernon "Tod" Handley (September 11) was responsible for the Guildford Philharmonic Orchestra and the Choir.
As part of the musical project for the city, in the following year he founded his magnificent youth choir, Proteus.
It was supposed to be for those under 21, but by the time the Proteus sang its end in 1979, several of us were running out of age 20 - let's only refuse to hit the choir.
The name "Proteus" (the mythological being changer of forms) represented the will of the choir and the ability to perform any music that is presented to it, whether madrigal or Messiaen, indifferently unaccompanied or with full orchestra.
The musical versatility produced by this young choir was often surprising, always exciting, and it was all due to that man’s inspiration and the enthusiasm for music that remained absolutely constant over the years.
Tod often told us to "let the music speak for itself."
He’d say, “The composer knows what he wants.
It's all there in music.
That’s how you just have to sing!”
His wand was always absolutely clear and precise, although never imposed, or too flowery.
Whatever the musical scatter, always ended at an even greater level.
John Frayn Turner writes:
If any driver should've been a gentleman, this is Vernon Handley.
I knew him very well during the two decades in which he directed the Guildford Philharmonic from 1962 to 1982.
Especially in the last 40 years, I’ve reviewed more than 100 of their concerts and I can honestly say that I’ve never, by anyone, been disappointed – otherwise I’ve often been inspired by them.
Tod Handley had that rare combination of greatness and extreme personal modesty.
He hated drivers who, in his words, simply “sold one or two well-knowned warhorses all over the world.”
We'll miss a lot.
William Woodruff
Professor John Beckett writes:
In his sequela by William Woodruff (September 25) you state that "in 1946 the studies of economic history were resumed at Oxford and in 1950 he won a Houblon-Norman research grant... at the same time he was studying for a bachelor's degree, a master's degree and a doctoral one."
This is learned in a note from Woodruff’s author in Beyond Nab End, but it’s not totally correct.
From 1946 to 1953 he was professor of economic history at the University of Nottingham, during which he completed a doctoral thesis on the British rubber industry, supervised by Professor J.D. Chambers, and later published in 1958 with the title The British Rubber Industry.
He spent the years between 1950 and 51 in the United States, enjoying a Houblon-Norman scholarship, and the summer of 1952 at the universities of Illinois, Harvard and New York.
In 1953 he definitively left Nottingham for Illinois.
The reason Woodruff opted to overlook this part of his career, remains unknown.
J. Vicente Resino in Faculty of Philology
"I recommend the exhibition of José Vicente Resino "Flamenco y vida" because his black and white photographs, documentary style, are fantastic.
They caught my attention for their simplicity and the strength they transmit, always treating the protagonists with a lot of respect.
An exhibition that shows a lot of feeling.
Resino knows how to capture magical moments."
Second round for Honda's bestsalers
In the month of November Honda will begin the commercialization of the second generation of Jazz.
If its predecessor already had a wide habitability, this new minivan has an even wider interior space.
To all this are added refined mechanics, which increase driving comfort and save more fuel.
Evolving in the face of revolution.
That's the second generation of Honda Jazz.
Althus aesthetically the new Jazz presents a line very similar to the model that happens, the changes introduced in this minivan are numerous.
Among others, it is worth mentioning an innovative design, a new platform, larger dimensions and new mechanics.
However, before analyzing the new model it must be said that this new Jazz comes six years after introducing the first generation on the market.
Therefore, a first observation is that Honda has renewed this model in a shorter term than that used by other manufacturers.
Although in Europe, Jazz is less well-known, in other markets this model is a sales phenomenon.
This is the case of Japan, a country where Jazz has been the most marketed car in 2002 and also during 2008.
Precisely in Japan about a million Jazz units have been sold since its launch.
The second market has been that of the Old Continent, with about half a million units in six years.
However, Honda intends that this new Jazz will increase sales within the segment.
Thus, while in 2007 the Japanese firm traded a total of 83,000 units of the Jazz, in 2009 the estimates point to 100,000 cars, which would mean a growth of 17% in the European market.
Regarding the Spanish market, Honda has marketed a total of 8,000 Jazz units since 2002, which represents 6.7% of Honda’s total sales in Spain.
Regarding the new generation, those in charge of the Spanish subsidiary expect to sell 2,000 units of the Jazz in a full year.
Precisely the arrival of the new Jazz will allow Honda to greatly alleviate the decrease in sales in Spain.
In fact, those responsible for the brand expect to end the year with a total of 22,000 units marketed, which is 4,000 less than in 2007, a decrease of 16%.
Despite this increase in Honda sales has increased its market share in Spain, reaching 1.8%, compared to 1.6% last year.
In addition, the Japanese firm expects to achieve 2% in 2010.
To achieve this quota Honda is confident in the arrival of another new model.
It is about the Insight, a hybrid of five doors and compact size - 4.37 meters in length - of which the Japanese company expects to commercialize about 200,000 units a year worldwide.
By markets and according to estimates from the Japanese manufacturer, 50% of the Insight’s sales will occur in the United States, while the remaining percentage will be distributed between the Old Continent and Japan.
The commercial launch of the Insight is planned for the first months of the year, once its presentation is made in society in January in Valencia.
Regarding the first generation, the new Jazz grows in all its heights.
Its length amounts to 3.90 meters (five centimeters more), the width up to 1.69 meters (two centimeters more) and the wheelbase to 2.50 meters, which means an increase of five centimeters.
The height, on the other hand, does not vary and remains at 1.52 meters.
Together with the increase in dimensions, the interior habitability also grows.
This gain is due, on the one hand to the inclusion of a new platform and, on the other, to the introduction of the fuel tank in the central position, a solution also adopted in the previous Jazz.
Also, the capacity of the trunk - which has a double-bottomed system - rises to 399 liters, 19 liters more capacity of the trunk of the first generation.
It should be noted that these measurements are of the version with the 1.4 engine, since the trunk capacity of the Honda Jazz 1.2 is 379 liters.
Other improvements - in addition to exterior elements such as rear LEDs or the possibility of mounting the panoramic glass - is an improvement in access to the rear seats.
And it is that the doors that give access to the second row have an opening angle of 80 degrees, compared to the 67 degrees of the first Jazz.
They are also new engines in this second generation of Jazz.
At the beginning of its commercialization, this small model will have two gasoline thrusters of 1.2 and 1.4 liters.
Both mechanics incorporate i-VTEC technology that achieves lower consumption, emits less carbon dioxide, achieves excellent mechanical refinement and at the same time achieves a high torque throughout the engine speed.
The first 1.2-liter mechanique obtains power from 90 horsepower to 6,000 revolutions with a maximum torque of 114 Nm to 4,900 laps.
This thruster - which in previous Jazz reached 78 horses - has an expenditure of 5.3 liters and emissions of 125 grams of CO2.
Regarding the previous thruster, which in the previous generation achieved 83 horses, it now happens to have 100.
This Jazz 1.4 of 100 horses achieves a combined consumption of 5.4 liters and 128 grams of CO2.
'Bee car' that avoids collisions
To advance the development of technologies for the prevention of accidents Nissan has been inspired, this time, in nature, in particular, in bees.
The Japanese company has created a robot that, based on the flight of bees, avoids accidents.
This is the Bio-mimetic Car Robot Drive, or BR23C that is the first step in collision prevention technologies.
Engineers at the Nissan Motor Co. Advanced Technical Center have developed this small robot in collaboration with the Center for Advanced Science and Technology Research at the prestigious University of Tokyo in Japan.
Kazuhiro Doi, Managing Director of Public Relations for Technology and Brand Management Research and Development, the BR23C is presented as an expansion of Nissan’s Four-Areas Safety Shield.
This robot intends to reinforce the collision prevention capacity of the brand’s vehicles.
During their flight, each bee creates its own oval-shaped personal space that closely resembles the Nissan Safety Shield.
But the most important thing is the bee’s compound eyes, able to see with an angle of more than 300 degrees in all directions, allowing it to fly uninterrupted within its own personal space.
To recreate this visual function, the engineers designed what they’ve called a Laser Range Finder.
It detects obstacles that lie up to two meters away within a radius of 180 degrees in front of the BR23C, calculates the distance to said object and sends a signal to an on-board microprocessor which immediately results in collision prevention.
"The moment it detects an obstacle, the small robot will mimice the movements of a bee and immediately change direction by turning its wheels at right or greater angles to avoid the collision.
The biggest difference with any existing system is that the evasion maneuver is totally instinctive.
If not, the robot would not be able to react quickly enough to avoid obstacles," explains Toshiyuki Andoh, director of the Mobility Laboratory and chief engineer of this project.
Unliking to a bee, the robot cannot deflect upwards or downwards; it can only move in two dimensions and in the direction that allows it to rotate its wheels and not in infinite directions and ways like bees.
For this reason, Nissan has used a rotation function, in addition to acceleration and deceleration, so that the small robot avoids collisions.
"This device only needs to process information every few seconds, and act according to that data.
It doesn’t require saving information or intuitive logic from previous manoeuvres, so it can work continuously with just a couple of dozen KB of memory.
This may surprise, but we’re not talking about giggles of memory, not even megas.”
This is the first step in developing new instant collision prevention technologies, a technology that Nissan predicts that will be introduced into standard cars within ten years.
The robot uses lithium-polymer batteries, which are lighter and last longer than the variety of lithium ions.
Another possible future application of this technology could be the integration of the unit with a GPS satellite navigation system to guide the driver to their destination avoiding obstacles along the way.
Timble Before Mortgaging
It must be acknowledged that the U.S. Treasury Department, in addition to having a lot of liquid to make injections, is not lacked of ingenuity.
Faced with the crisis, and to prevent Americans from embarking on junk mortgages in banks of questionable solvency, they have created an enjoyable and informative game for the browser: 'Bad Credit Hotel'.
That is, the 'Hotel of bad credits'... or of the messes.
The gracious appearance of this accommodation and especially of its receptionist is to think one, two and up to three times if it is time to ask for a loan.
And, above all, where to do it, which is probably your goal.
Truly, it has useful information, but undetained.
It’s more of a teen page than a site for all audiences.
What happens if the game is completed?
Well, a dream room appears inside the hotel.
It's something, 'cause buying a better house we don't even talk...
Morgan Stanley sells stake to Japanese MUFG
Morgan Stanley announced the entry into its capital of Mitsubishi UFJ Financial Group (MUFG), the first Japanese bank, which will disburse nine billion dollars to acquire 21% of its capital, a news that has been accepted with a sharp decrease in its listing.
A week after discovering a provisional agreement, both banks explained that MUFG was going to buy 9.9% of the Morgan Stanley common shares at the price per unit of 25.25 dollars, i.e. an amount of three billion dollars.
The agreed price is less than 19 % of the share’s book value as at 31 August.
MUFG will invest six billion additional dollars with the purchase of convertible securities which will insure a return of 10% and a conversion price of 31.25 dollars.
Morgan Stanley specified that the overall operation would be carried out based on a price per unit of measure of 29 dollars, that is 28% above its current change.
The Morgan Stanley share lost 6,79% to US$23.07 each at 17:00 GMT.
“This strategic alliance is an important opportunity to accelerate Morgan Stanley’s transition to banking holding status,” explained Juan Mack, the American group’s CEO.
Morgan Stanley adopted this new statute last week, which would have to allow him to diversify his activities but he passes under the authority of the Federal Reserve.
Their alliance with MUFG also confirms that the current financial crisis forces Wall Street’s biggest names to adopt much more prudent behavior than before.
The modalities presented last Monday also show that the agreement has been modified in recent days: last Monday, Morgan had announced that it would sell up to 20% of its shares to Japanese for almost 8.5 billion dollars.
"A week ago, Toshihide Mizuno, MUFG's chief executive, explained in Tokyo, " we thought that participation would have been made up only of ordinary shares.
But in view of the current situation of the economy and the market, we have wished to minimize the risks and cover ourselves.”
Based on the weighted average price, MUFG will pay its Morgan Stanley securities 7% below its accounting value.
And the operation will be translated by a dilution of about 20% of the profit per share.
The agreement provides that MUFG may convert within one year half of its preferred securities into common shares if they are solded more than 50 % above the conversion price, i.e
Morgan Stanley assures that MUFG’s capitals will allow it to pick up investment opportunities, bolster its balance sheet and increase its liquidity.
A spokeswoman for the group nevertheless refused to give clarifications on the strategic projects of the two new allies.
After MUFG’s investment, Morgan Stanley should show a Tier One solvency ratio of about 15%, one of the best in the industry.
Morgan claimed to have greatly alleviated his balance since the end of August.
The last few weeks were tiring for the group, which saw its listing fall by half while the cost of security against a risk of defects on its debt took off.
This cost fell last Monday but remained at a high level, around 12%.
Last week, Goldman Sachs, the only other “survivor” of Wall Street’s large investment banks after the bankruptcies of Bear Stearns and Lehman Brothers and the purchase of Merrill Lynch, announced that it raised US$15 billion, in part for Berkshire Hathaway, Warren Buffett.
Rafael Correa in Quito on Monday.
Refounding the republic around 21st century socialism.
This is the common project of the Venezuelan Hugo Chavez, the Boliviano Evo Morales and the Ecuadorian Rafael Correa.
This Sunday, by way of his colleagues and friends, it is the third that put to the vote a project for a new Constitution.
Mission fulfilled since 64% of voters voted "yes" to the referendum, according to official results referring to 80 % of votes.
According to these results, the "no" obtained 28%, 7% of the votes were null votes and 0.7 % were blank votes.
In order for the draft Constitution to be adopted, it had to obtain half of the suffrages plus one.
On Sunday, two polls carried out at the exit of the polling stations and a recount by a non-governmental organization had announced a broad "yes" victory, estimating it between 63% and 70%.
Rafael Correa had also vindicated the victory of his draft Constitution on Sunday night to Monday.
The "Constitution triumphed overwhelmingly", he had assured, congratulating the Ecuadorians who head the government of Guayaquil, 280 kilometers southwest of Quito.
Thus, Rafael Correa has been congratulated by Chávez and Morales but also on their Chilean colleague Micaela Bachelet.
The elections, which will take place in full calm, according to the observation mission of the Organization of American States (OAS), referred to a 444-point text that consolidated the " new socialism " defended by the president.
The draft Constitution implies the increase of the power of the State over the economy, reserving the " development planning " of a country that lives essentially thanks to the extraction of oil by foreign companies and thanks to currencies sent by their emigrants.
Carried by Correa, elected in 2006, the project also grants reinforced powers to the head of state, who will be able to do up to two consecutive terms of four years each and will have the possibility of dissolving the Assembly.
Correa already announced that he would use this power and would want a new term in February 2009.
The Constitution also consolidates the principle of the free health and education services that the president began to establish 13.9 million inhabitants in this country, in which 50% of the population lives below the poverty line.
It finally foresees the interdiction of the presence of foreign troops, which will end the agreement between Quito and Washington for the use of an Ecuadorian base as a starting point for American anti-drug operations.
All 19 people kidnapped have been liberated in Chad
An Egyptian commando launched the assault on the raptors of the eleven tourists and their eight companions captured ten days ago.
They are in Cairo.
The eleven European tourists and their eight Egyptian companions kidnapped ten days ago in the desert arrived unharmed in the Egyptian capital after being released Monday afternoon.
In the morning, they had been liberated by Egyptian special forces in Chad.
All of them looked good upon arrival at 15H30 aboard a special aircraft to the Al Maza military base, adjacent to Cairo International Airport.
Helicopters immediately transported them to Maadi hospital, a residential suburb of Cairo, for medical testing, so they have not been able to talk to the press.
"They are in good health" and "no ransom was paid" to the hijackers, Egyptian Tourism Minister Zoheir Garana said at the airport.
On 19 September these hostages fell in the possession of 35 unknown kidnappers while enjoying an off-road safari in a desert area at the foot of Mount Ouanat, on the ends of Egypt, Sudan and Libya, and have since gone from one zulo to another.
The group consisted of eleven tourists – five Italians, five Germans and one Romanian – and eight Egyptians: two guides, four drivers, a border guard and the director of the Aegyptous travel agency, in charge of the safari organization.
An Egyptian security official said that 30 members of the special forces, transported aboard two helicopters, had launched the assault during the night before dawn.
"An exchange of gunfire occurred, killing half of the kidnappers, the others have fled," said this official who kept the anonymous.
According to him, 150 members of the Egyptian special forces of the "lightning" unit were sent to Sudan, where they had the support of German and Italian commandos.
Italian Foreign Minister Franco Frattini mentioned in Belgrade the role played by secret agents and members of the Italian special forces.
"It must be recognized that we have achieved this result thanks to the professionalism and effectiveness of our men of the secret services, of the special forces," he said without elaborating.
He also denied paying a ransom.
On the eve of the Sudanese army claimed to have intercepted during an all-terrain patrol aboard which the kidnappers were located, of which they killed six, including the Chadian chief and arrested two.
He also stated that they were related to a rebellious group in Darfur, the Sudan-Unity Liberation Movement (SLA-U), an assertion immediately denied by this group.
Letras - Silent majority of culture
A debate on the financing of fait les manchette culture and occupies the current electoral campaign.
Better like that.
But a sector of our cultural life remains forever forgotten.
Which will arise to denounce the miserable sums granted to small museums, archives, archaeological excavations or starving national historical sites?
Which politician will dare to remind the federal government to neglect its monuments and heritage buildings?
Why don’t we have true laws that effectively preserve our heritage as in Canada and Quebec?
Did you know that the French government devotes three and a half million euros to restoring only the castle of Chinon in the Loire valley?
In the United States, it is written in its Constitution that the protection of heritage is part of the culture of Americans and that this heritage has to be protected by all citizens, all elect and all government departments, and all of this, in consultation.
In Quebec, in the Federation of Quebec History Societies, at least 40 000 benevolent people regrouped into 211 societies of history, heritage, archives and genealogy are concerned to seek in history, preserve with little money piles of private archives and preserve archaeological vestiges.
These are often the watchdogs of our heritage, who protest with energy and despair when promoters and perpetrators throw their bulldozers against our old stones and our forgotten cemeteries.
By when, a memorial for history and heritage?
The governments of the Netherlands nationalize a part of Fortis Bank.
The States of the Netherlands - being the first in Europe - will help with a nationalization the Belgian-Dutch bank Fortis that is in distress due to the effect of the mortgage crisis of the North American market: the three countries will support in total with 11.2 billion euros to this financial and insurance institution that also has business in Hungary.
This weekend the governments of Belgium, Luxembourg and the Netherlands held higher-level consultations with the president of the European Central Bank and responsible for the economic competition of the European Commission.
Fortis Bank is the first that suffered the Eurozone crisis within the framework of the international financial crisis that has been taking place in several waves more than a year ago, therefore the decisions taken with regard to the Bank, in a sense they can be considered as precedents.
According to the decision taken in the early hours of Sunday, the three states will buy about half (49 percent) of the property owned by the Bank in their area.
The Bank will surely sell a part of its businesses, including above all the activities -mainly insurance- bought last year of the Dutch ABN Amró.
Fortis actions began a sharp decline last week and for the second half of the week there were already significant signs of crisis in the institution.
However, analysts agree in pointing out that with its 85 thousand employees this Bank is too large to allow it to break.
The company’s shares on Friday alone declined by 12 percent, this being the lowest point in the last 14 years.
Since January the value of stocks declined with more than two-thirds.
Looking at current stock prices, the total value of the group’s capital in the market is around 14 billion euros, but according to the company’s executives this is not real.
The Bank’s management charged the sharp decline in Fortis stocks with U.S. market insecurities in relation to the approval of the 700 billion-dollar U.S. package plan.
On Monday, stocks already showed a slight increase.
On Friday Filip Dierckx was appointed as the bank’s new CEO.
The Bank also looked for private investors, but so far no one has given a concrete offer.
The Belgian government had previously assured that investors didn’t have to worry, they won’t lose their money.
Among the Bank’s clients so far there was no panic, they did not invade the bank offices to withdraw their money.
Fortis has its own branch in Hungary and has also bought leasing companies.
Zorro in the chicken coop
In the U.S., living and health insurance companies by looking at drug purchase data often denies signing an insurance contract.
Specialists in the privacy policy fear that the personal data market will become uncontrollable.
"There are personal data protection programs, which to the use of prescription data in all cases binds you to the approval of the given person.
It must be in independent hands, because if not, "we entrust the fox chicken coop" - quotes the Washington Post to Richard Dick, designer of the prescription follow-up program.
Insurance companies depend on the price of insurance and the amount of compensation of the client’s health status and if they believe that the risk is excessive, they simply don’t make the contract.
Previously they sent the client to medical control and signed with him the contract already knowing the result of the control.
Dick ten years ago invented a much cheaper procedure: with the client’s identification number he easily gets from pharmacies the list of medicines purchased in the last year and a half and the program itself draws the conclusion on the client’s diseases and health status.
For example, if you systematically take large doses of cholesterol-lowering pills, it indicates that the level of fat in the blood is virtually incurably high, so you are immediately included in a higher risk category.
Numerous versions of the program circulate, some even establish a risk number, so the insurance company in addition to the administration barely has something to do, although there are small difficulties in this regard.
Among the disadvantages of the program is for example that some medications are multipurpose, for example certain substances serve both to treat the headache and heat waves and even as antidepressants.
The latter is an important risk-increasing factor for insurance companies while the former are not.
Special companies were constituted to consult and process this data, which before acquiring the necessary information from the pharmacies, ask for the approval of the patient.
The authorities already force them to this, although they did not receive a fine for the negligence so far.
Some companies lately also elaborate the results of the laboratory tests and joining them with the drug consumption data get more accurate information about the patient’s health status.
More and more companies have access to this data and simultaneously it is increasingly difficult to control its use.
There is an exclusive law for the protection of personal health data, but it applies only to insurance companies and those that provide health services.
Already before Congress is the bill that provides the right to the authority for the control of specialized companies for the provision of personal data.
Dick Richard acknowledges that this is insufficient: he therefore developed his program, which will require the specific approval of the person for the provision of their own personal data.
It is another issue that that person cannot deny their approval, because otherwise the insurance companies will not sign the contract with him.
So the chickens, despite everything, are exposed to the goodwill of the fox.
Marsella Global Menu
The European Union doubles its trade with India
As the European Union and India are reciprocally trading partners, this issue in addition to the other mostly global problems dominated the agenda of the ninth summit.
There will also be a Franco-Indian summit today, mainly to discuss cooperation in nuclear energy.
Although the European Union recognizes that India is a great developing democratic power that should have more voice and vote in international affairs but member countries have not yet been able to reach a common denominator on whether they should support New Delhi as a permanent member of the UN Security Council.
This issue has not been dealt with at the 9th summit started yesterday in Marseille.
French President Nicolas Sarkozy, President-in-Office of the EU, José Manuel Barroso president of the Commission and Javier Solana main representative of foreign policy, received Manmohan Singh, Prime Minister of India with which they reached an agreement to double in five years, i.e
Bearing in view that between 2000 and 2007 the exchange of goods increased from 25 billion to 55 billion, this is not an overly ambitious objective.
This legally harmonized the twenty-six existing bilateral civil aviation conventions with India, so air transport may also fly in the future.
India until the end of 2009 wants to sign the free trade agreement with the Union.
Sarkozy vowed to expedite negotiations.
The goal is balance, because while the EU is India’s first trading partner, New Delhi is only in the 9th place among the Union’s trading partners.
The summit paid attention to global issues.
Both sides condemned the Afghan and Pakistani situation and terrorism - all forms of the latter - and urged the convening of a UN conference.
The conclusion of the Doha round of trade liberalization was also encouraged, although both sides have great responsibility for their failure.
The EU confirmed that it will cling to its energy and climate programme, that is, until 2020 it wants to reduce polluting emissions by at least twenty percent.
India also agrees with this, just as in next year’s climate conference a global agreement should be reached and greenhouse gas production decreased to 2050.
They also want to hamper the rise in food prices and supported the convening of an international conference to review the financial crisis.
Today the head of government of India will travel to the French capital, where - in a bilateral meeting - he will sign an agreement on the peaceful use of nuclear energy.
Paris is confident that the French companies will receive commissions worth twenty billion euros to build nuclear reactors.
According to news agency reports the agreement would be for a period of 15 years.
In Frankfurt more than three hundred Italian publishers
Strong presence of Italian publishers to the international exhibition of the Frankfurt book.
More than three hundred Italian publishers present at the 60th edition of the Buchmesse, the most important international meeting for the exchange of rights.
The international exhibition of the Frankfurt book awaits for this edition more than 7 thousand exhibitors from 102 different countries that will occupy the 171,790 square meters of the exhibition with more than 403 thousand titles in exhibition and with Turkey as a guest of honor.
It will be the undersecretary of the Ministry of goods and cultural activities Francisco Maria Giro to represent the Italian government in the opening ceremony of the Italian pavilion: Italy will be institutionally and effectively present with a point Italy - 264 square meters of exhibition space.
There will be an encounter with the picture in the Room Struktur in Hall 5.0 of the Buchmesse: this will be the occasion to present numbers, trends and prospects on the status of publishers in Italy.
According to the data, the weight of the books of foreign authors progressively decreases over the total of Italian production, and in particular that for adults and adolescents.
Steve Fossett's plane found missing millionaire a year ago
The wreckage of Steve Fossett’s plane, the millionaire missing on September 3, 2007 while flying over the Nevada desert, has been found.
Debris has been found over a 3000-meter-altitude plateau in the area of Mammoth Lakes’ Nevada mountain range at the California-Nevadia site.
Inside the plane, there were no human remains.
Madera County commissioner John Anderson has dispelled the remaining doubts: "The plane has been located, we have sent a squad, and now we have the confirmation that it is typical of what Steve Fossett was flying on the day of his disappearance," he said in a print conference.
The commissioner has specified that no human remains have been found either on the plane or in the surroundings.
The 63-year-old has been killed in February.
The U.S. Transportation Safety (Ntsb) office has made it known that a few hours after sightinging of the wreckages has been sent by an investigator that has identified the apparatus: it’s typical of the Bellanca 8kcab, scattered since September 3, 2007, when Fossett took off from Yerington in Nevada for a three-hour flight.
Yesterday, always in California, not far away with the confine of Nevada, some Fossett’s personal remains have been found by a couple near their Mammoth Lakes home.
These are two documents called Fossett, the two issued by the Federal Aviation Administration of the Illinois, cash and a sweatshirt.
Fossett's search had been interrupted a month after his disappearance.
The millionaire had become a place in history thanks to a long series of scoops.
In 2002, to the sixth attempt, he had become the first Man to complete the turn of the world in a hot air balloon: two solitary weeks of flight.
Three years later he had made the turn of the world by plane and nonstop.
Among his record, also that for having flowned at 15,445 meters high, over the Andes, but with a co-driver.
Glk, the advertising you don't expect
A Suv outside the schemes with an original and well-established design with defined lines and certain angles.
It is this, in short, Glk the last born among the "compacted" all-terrain vans of the house of the star with which Mercedes-Benz has sought to give a novelty window in this sector.
Proper for the content outside the traditional, it will be unexpected and unconventional, the communication that will accompany the launch of the suv Glk, available in Mercedes-Benz exhibition halls from next October 17.
The advertising campaign that will accompany the debut of the new car launched an unpublished form of communication through a 3D advertising campaign, used for the first time in Italy by an automobile brand.
A project with maxi-posters, articulated in three different phases, that dominated the central street of the Milanese shopping, Avenida Como, until November 15.
The first phase of this new type of communication will begin with the presentation of the car in stereoscopic version and thanks to special glasses distributed in the avenue How it will be possible to see the new suv in almost real dimensions and in three-dimensional format.
Indeed, looking at the images you will have the impression that the car leaves the poster.
Successively, through the use of the innovative Elumina8 technology the new Glk will be illuminated at different times in all its details, to recompose in a single image.
Undoubted Mercedes with this advertising is trying to introduce something new in the stereotype of automotive communication.
Will you be able with this formula to capture the interest of future buyers? we will see.
It’s clear who the Italian hooligans are
In the Triveneto, the prohibition of access to sports demonstrations is played.
But who are those 150-200 girls and boys from which Italy is now ashamed? They are part of the group "Ultras Italia" that has been followed for years by the Italian National and that until now, to tell the truth, had never created too many problems.
And they had never met the opponent’s fans either.
Extraction of the group is from the right.
Promoters come from the Triveneto.
From Verona, Padova, Trieste and Udine.
A small group (few units, in reality) of the Campaign and Apulia have been added to these of Sofia.
They have three-colored flags where the city of origin of the militants appears: Saturday night they have been taken out so that they are not identified.
English fans are inspired.
In Bulgaria they have found a group of true Nazist fanatics, those of Levski.
Figc had made 144 tickets available to Italian fans for the match: all already with names, so easily controllable.
And the interior minister had already controlled them all: among what had come out for Sofia there was none with a Daspo (prohibition of access to sporting events) at that time, none that had forbidden him to frequent a stadium.
Four Italian fans, who had a history of crime in stadiums, have been turned down the ticket and also the trip.
Now the interior ministry hopes to read the acts that come from the Bulgarian police to take action: in this case, it is possible to give Daspo (prohibition of access to sporting events) for at least five years to fans who have been arrested or who have been identified in the disorders.
An international Daspo (prohibition of access to sporting events) that prevents frequenting not only Italian stadiums but also those throughout Europe.
Our hooligans won't set foot in a stadium anymore.
Luckily!
But now there is the fear of imitation: that others will be added to those a few fifties.
"We have to immediately put out this fire and not legitimize who behaves in this way," they maintain the Interior Ministry.
That's why "eyes wide open" especially in view of Wednesday's National Party in Lecce."
In Apulia there is also a small core of Ultras Italia holders.
Tomorrow the Observatory meets, on Tuesday the Cams that can also have a section of the Aise (information agency and external security, that is, the secret service, which takes care of the problems in the stadiums.
"Duce-Duce's choirs and raised arm during Mameli's anthem? In Bulgaria non it's a challenge..."
This is Domenico Mazzilli’s (express in an unhappy way) thought (for a few weeks ago, the director of the Observatory of the Ministry of the Interior (has taken the post that was formerly by Francesco Tagliente and after Felice Ferlizzi).
Mazzilli had been Trieste’s head of public safety where there is a center of supporters of the Ultras Italia group, founded in 2002.
It is true, as Mazzilli says, that in Bulgaria it is not challenging to celebrate the Duce but yes, the behavior of those 150-200 fans who have been shameful.
"I don't do the sociologist - add the n.1 of the Observatory ′‒ the challenges are attributed in the countries in which the event happens.
Until now this group had behaved well now we will see what has happened and we will take it into account for the future.
But let’s also talk about the whistles of Mameli’s hymn: also those are not a challenge, but if they allow they are also not of education...”
