Right-wing populist victory in Austria, 29 per cent
A noticeable weakening of both parties of the previous grand coalition and a significant strengthening of right-wing populist parties brought after the initial preliminary findings the earlier parliamentary elections in Austria.
Especially severe casual suffered the Austrian People's Party (ÖVP), where previous chairman Wilhelm Molterer is serious.
In contrast, the election officer of the alliance is preparing himself for a triumphant return to federal politics.
According to previous results, social democracy (SPÖ) remains the strongest strength with 29.8 per cent of the voters in the country, however compared to the previous elections in 2006, it loses 5.5 per cent of the vote.
The ÖVP paid even worse, losing almost nine per cent at 25.6 per cent.
These are the worst findings of these two great parties in post-Austrian history, and especially the People's party, which required early elections, this is a truly catastrophic outcome.
In early July, when ÖVP stepped out of the coalition, the People's Party had a significant advantage over the SPÖ.
However, voters probably penalized the party for having the government failed.
Already during the initial reactions to the outcome there was speculation about a possible withdrawal of party chairman and previous Deputy Chancellor Wilhelm Molterer.
Observers believe this could already happen on Monday at an extraordinary meeting of the party executive.
Such a development would probably pave the way to a probable way out the election debacle, i.e. a renovation of the grand coalition consisting of SPÖ and ÖVP.
In view of strengthening both right-wing populist parties - the freedom (FPÖ) received for the time being 18 per cent (BZÖ eleven per cent of their votes – at the same time granted S&DemoS expression that the year 1999 could repeat when the popular party had reached collusion (then the FPÖ was still unified, in 2005 it split from the BZÖ).
Jörg Haider obviously relying on this trend, who already declared he was prepared to cooperate with each party and expects a return to Austrian federal politics.
In parliament also occupied the party of the Green Party, which, however, severely suffered severe casualties and slipped into fifth place among the Austrian political parties from third.
Any other party has probably coped the four percent threshold and therefore didn't come into parliament.
Schwarzenberg: Recurring relations may satisfaction
Unless it is possible to resolve the problem with the Czech scientists accused because of the unlawful collection of beetricks in India, Czech Foreign Minister Karel Schwarzenberg could achieve a consequence of Czech-India relations.
This was emphasised after today's meeting in New York with his Indian counterpart Pranab Mukherdshi.
"If this doesn't clarify each other, this is certain, there is a consequence of a slowdown," he said after a meeting based on a Czech initiative.
Mukherdshi said after discussions that the entire entire executive could seriously interfere in judicial matters.
Nevertheless, he commented that in the vicinity where the prosecutor was acquitted and received a fine, the central ruling wanted the central ruling in Dardjiling, in whose jurisdiction the matter falls.
"His problem could be clarified," said the minister.
According to Mukherdshi's view, he would abandon a quorum when he would abandon a high elevated country for Emil Kuera, who was sentenced to three years in prison.
He could request bail release and wait fierce for his judgment in freedom said.
Schwarzenberg confirmed that his partner had expressed each other in negotiations.
"He recommends an appointment at a higher court, there would suggest a pardon for him," said Czech diplomacy head.
The only way the Covenant can intervene in the whole matter is to encourage convicted "competent legal agitation" from the convicted person.
At the same time he said such help would already happen through the Indian side.
"We have a great interest in maintaining excellent contacts with India, which have a leational tradition.
The indder also give this," said Schwarzenberg.
At the same time he co-reaffirmed great importance before its partner said that the Czech Republic attached great importance to Czech entomologues.
"We really consider it a huge mistake to imprison and charge these Czech scientists," he said.
An answer as to whether he received a promise from the Indian aspect to deal with the matter avoid excluded.
"I promised quite much," he merely stated.
A  Tscheche judges the struggling around the ground
An electronic card depicting Australia and adjacent lake basins appears.
However, he is not interested in the continent, but a small dot, lost in the ocean.
"The island belongs to Australia and, together with it, the adjacent ocean floor.
The area is as large as the continent himself," s s s said the Italian jurist Luigi Santosuosso, which belongs to the thirty-member team of colleagues of the ocean for oceans and ocean rights.
Its head, division's principal, the Czech jurist Václav Mikulka, pursues its interpretation and combines.
This leads to work beautifies and enthusiasm.
Unprecedent only slightly known the ocean floor holds an unprecedished world rich in natural sources.
Petroleum can be observed, further ore and other non-renewable raw raw resources, but also previously unknown living organisms, which, for example, carry the crucial key to the development against cancer medicines.
A seabed, bigger than the mainland
The neighbouring countries vehemently announced their claims to the new lake areas.
According to a UN convention they exercise their rights, which they united in Montego Bay in Jamaica in 1982.
This focuses primarily on the area of the so-called continental shelf, which often reaches up a few hundred kilometres from the shore of a land into the ocean.
According to what the next convention is entitled to an exclusive claim to any continental shelf sources.
Simply squeezed as a continental shelf considers the piece of the sea floor and its soles, which represents a natural continuation of the continent below the sea surface.
It transcends boundaries of the shore sea, of often including two hundred nautical miles border the so-called exclusive economic zone," explains Mikulka.
The proposal submitted by this country to the proposal submitted to squencing the external boundaries of the continental shelf needs to be confirmed by comprehensive scientific-technical documentation, which is based on many expensive examinations and measurements.
This comes as a result of many years of preparatory work.
"One of our tasks involves providing technical assistance to the commission legally and technically.
Until now, the proposal has negotiated five applications, namely Russia, Brazil, Australia, Ireland and New Zealand.
Until since very since, only three most renowned feature have been successful," Mikulka adds.
The success of Australia recently encountered an international response, which became the very first largest number to significantly increase its nautical areas.
New Zealand, however is also a winner - the extension of the sea floor promised by the commission last year is about 1.6 million square kilometres, which is about six times more than the sized size.
Both other countries have invested millions of dollars in the inquiries.
Likewhile they promise, the adventitled gain which comes to them from using the sea floor will have an inestimable amount.
Other states will gradually submit their applications.
They can do this for ten years from the moment when they ratify the "Agreement of Montego Bay".
Where the continental shelf comes down, begins the territory of ocean floor, which is called a "joint heritage of mankind".
There will no longer be a special state here.
The right to promote in this area provides an international institute established by the convention.
"The sea floor, however, is not a Goldgräberland", says Director Mikulka by exaggeration, adding that individual territories precisely precisely were legally defined and enshrined in the treatment of treaties."
Czechs in the Pacific
A part of the sea floor also belongs to the Czech republic.
It shares it with other eastern bloc-shaped estates as part of the joint organization "Interoceanmetal".
Based on the ordinary convention in 1991, including the innovators of a few other states, this received the status of a so-called "built principal investor".
The organization has the right to promote Clarionclipperton zone between Mexico, Hawai and Kiribati.
The territory examined by an investor is a little greater than former Czechoslovakia.
The ocean-floor is structured there, it's a type of medra on the sea floor.
"It is possible to promote a total area of 75,000 square kilometres.
The occurrence includes polymetallic concrete sites containing nickel, copper, cobalt and manganese," included an other jurisdiction Pakshi Rajan.
The Macedonian employee of the Rober Sandev division provide such concrequisition as a pattern.
This reminds of a small potato or with some imagination, the fabulous squirke, which, according to legend, brought the golem to its body.
German special forces were on site at hostage liberation
To resolve the hostage crisis, the Egyptian government requested help from Germany - the experts came.
Whereas it became serious, the special units were ready, however they couldn't be used.
Increasing nuisance about the circumstance circumambulation of eleven European tourist kidnapped in Egypt is becoming increasing know
According to the Ministry of Defence and the Ministry of the Interior, German special forces were involved in the burial campaign.
According to this, both specialists from the German military armed forces as well as civil servants included GSG napega squadron of federal police squad, federal contaminating office and logistics experts from the technical relief agency on the scene of exemption.
According to spokespersons of the ministries on Monday evening on Monday evening, however the German forces were not necessary because the hostage participants were running and fled when recognising signs of violent liberation.
The Igypsy government has accepted aid offered by Germany in order to include local assistants.
Fortunately it did not happen to happen," spokeswoman spokeswoman said in the Federal Ministry.
Attackers had kidnapped the tour group from the five French, five Hungarians, a rumen woman and their eight Egyptian companions in southern Egypt on September 19.
Following the kidnapping in a desert area in southern Egypt, the hostages had been carried back and forth between Egypt, Libya, Libya and Chad.
Until the very nuisance, the identity remained uncomplicated until recently, as well as the details of exemption or possible ransom payments.
Meanwhile, those saved have arrived safe in Cairo.
Steinmeier said the liberated hostages would include themselves during the supervision of the German Embassy.
There were no comments regarding feedback.
There was initially no information about when it returns to Germany.
According to "image" newspaper, the five holidaymakers and the special staff are sought to be flown out with an Airbus from the Air Force and arrive in Germany on Tuesday.
U.S. supremac house rejects bailout
According to a very narrow number of financial markets, the first chamber of the U.S. congress bailed down the 700-million-dollar bailout for the financial markets.
Dow Jones shurred deep.
With 206 to 227 votes, the U.S. representative community renounced government bailout for the financial markets.
Despite an appeals by U.S. president George W. Bush and leaders from both parties, there were no majorities in favour of the program to curb chaos on the financial markets.
In a dramatic campaign, advocates desperately attempted convincing critics of the 700-billion-dollar parcel.
Barney Frank, one of the democratic negotiators, had ascended the deputies approval, although the planning would be unpopulious.
"It's difficult to obtain political appreciation in favour of preventing something which hasn't occurred yet," he admitted.
During this course of voting the Dow Jones collapsed by more than six per cent or 600 points.
Reason included investor worries that government bail-out could fail.
He recovered shortly before the end of the vote, only to plunge again after becoming known.
Experts now expect further serious turbulence in international financial markets.
To encame into force, it requires approval of both the House of Deputies as well as the senate.
Organisers record increasing booking numbers
It seems to happen a great winter for German tour operators:
According to a study, travel bookings for travel year-long months increased considerably compared with the previous year - even by more than 30 per cent in the winter season.
Despite weak economic prospects according to a study, according to a study.
Whereas in b bookings for the winter season the rice office recorded an increase in revenue of 31 percent compared to the previous year compared to the previous year (Deutsch Reiseverband (DRV) announced on Monday in Berlin.
According to the research institute GfK's inquiry, increased booking numbers already occurred for the autumn months.
For example in October’s increases in selling sales amounted to around eleven per cent compared to 2007, the DRV announced.
These results include numbers from GfK, which evaluates monthly booking dates from 1,200 German travel agencies and highly calculated for the entire market.
This included travelling bookings until the end of August 2008.
Because the weak dollar exchange price is particularly sought after travellers to the USA, the DRV announced.
This involves approximately a thousand included an increase in booking.
Furthermore, Spain, Turkey and Greece as well as domestic realms were particularly sought after destinations among Germans.
In particular travel holidays would lie very much superior, said DRV president Klaus Laepple.
Faced with increasing costs for energy and groceries, this included "being better calculated for our competitors than on individually organized holidays".
Consumers could avoid early booking discount or all-in-in-inclusive offerings, Laepple explained.
The summer summer months were also booked very much, meaning that compared with the previous year an increase in recurred sales - although according to a further study the number of Germans who undertook a travel decreased compared with the previous year compared to the previous year.
My very first October festival
Ballermann-Apres-Ski-Hits in endless loop, beer of litre jugs and celebrities in designer Dirndl.
A silver debut.
Susanne Kronzucker and I don't actually actually have much combined.
She's drown-wearing, television presenter wears a besculated dirndl.
I have dark hair, I'm a female friend and my dress is secondhand.
One piece, however, unites us: hardly thirty-five months on the Wiesn, the photographers already jump at ourselves and swept the memory cards fully - very flattering and this at my very beginning.
That's how you make friends.
The cheap dirndl appears to fulfill its purpose.
Located as Wiesn-Touri and actually located narrow narrow north of Weißwurst's quadrion, the feeling of well-being in traditional costumes was still without limits until now.
Yet once arrived on the Theresien meadow, it's all half as bad.
Nearly anyone wears dirndl or leather hosn; none look disgusted or embarrassed - everything completely ordinary.
Strange views at the chocolate banana booth receive only my dirndl apron.
A Munich woman draws my attention to the fact that I would have misbound the apron: "Left hoast free, middle virgin, forgiven on the right, whitewear at the back."
Secretly I frieved the loop from behind to the left.
"Fate," said and laughs.
Others make less effort about subtle flirting techniques and wearing simple felt sticks including "To drunk to get dressed and stretch the naked rear to an unbehaved naked rear party.
The young husband with the exhibitionist attitude means Bob, she comes from England and comes for the very first time.
He says "gorgeous", with an elongated "ooooo".
He explains this to me after getting rid himself of his previous drunk.
Located right next to one of those hydrants which everyone think is a trash bin.
So Bob is one of those infamous "Wildbiesler".
Others don't happily get rid of alcohol in this way.
At an eight o'clock in the evening, paramedics walk in drove across the festival square, which have to take care of the poor suckers.
The nurses always appear in the pack - always four at once carry a covered stretch of tent to tent.
This works as with most Wiesn visitors: empty there, fully back.
You don't know those lying underneath the tarpaulin.
"It's those who huge clowindles," shouted one of the paramedics on request and disappeared into the turmoil.
Name of victim announced by police announced
A 63-year-old female pedestrian who passed away in hospital after being attacked in Essex was announced was announced.
Carole Paulson who resides at Chelmsford Road in Brentwood was involved during the accident on Friday afternoon on Shenfield Road in down the city centre.
She moved to Queen's hospital in Romford but later passed away.
A 51-year-old husband was arrested after an accident because of suspicion of reckless driving.
Meanwhile he was released burial.
Turkey extends diplomatic abandon
Long before Turkey strived to join the European Union, the European powers were interested in breaking deep root into Turkey's hinterland.
On the eastern side of the Bosphorus, perhaps 20 two steps within Asia, is one of the finest relics of this failed, empirical effort.
The Hydarpasha railway railway station has been designed in neo-remnaissance style by two German architectural architects Otto Ritter and Helmut Conu.
That's at least what travellers tell you.
The building sitting astroller at the end of the pedestrian pedestrian platform with a tower at each corner of the obverse, looking like some provincial German town hall.
The pieceme is dirty.
Entire building decays roughly
However, if one is within the curved ticket ticket number, there is no doubt about the grandfortunes of the project whose westernmost approach this came.
The railway station opened in August 1908 by a German consortium including Anatolia-Bagdad company.
Germany, which had a late mercy in imperialist game, had to be implemented because of its ambitions to realize the middle east by means of a connection to Damascus, Baghdad to dominate what now is Saudi Arabia.
But Germany's imimperialist plans were rampant during World War I.
His railway footrails were attacked by Lawrence of Arabia and his Arabs.
Relative isolation from its surrounding region created by the insurmountable boundaries of the cold war has disappeared.
British forces moved away from Egypt and urged the Turks and their German allies from Palestine and Syria
There were also poor messages for Hyderpasha railway station.
In the year 1917 an ammunition train flew into the breath, destroying the elaborate roof.
Turkish sources said it was satisfactory.
Since then it's crumbling, exploring history.
Nowadays, however, this railway rail line serves, at least symbolically, as a gateway to Anatolia and everything south to emphasize the extension of the diplomatic facy.
The ruling judiciary and development party, the AKP, has introduced arduous new foreign foreign affairs.
Relative insulating from neighboring regions created by the boundaries of the cold war has disappeared.
It is now a policy of rapprochement that predominates.
Remarkably, the Turkish administration has good ties with Israel and Syria, the Palestinian splendour groups Hamas and Fatah, Iran and including Iraq, of course with the European Union and the United States.
Whereas in order to be able to evaluate the basic pieces of this new foreign foreign strategy, I have climbed the night train to the Turkish city of Ankara to include one of the leading foreign foreign foreign affairs expert experts of the ACP, Turkish MEP Suat Kiniklioglu.
The next morning, approximately ten and a half hours later, after a bumpy drive on tracks, which produced the old-world ceremonial step in the well-known documentary "The Night Mail", I arrived in the Turkish capital, which is considered a new city to turn its way for the new seductive state project, the Ottoman past.
However, the AKP, known for its Islamist root roots includes a paradigm shift in Turkish unity
This triggered quite a number of mistrust in the West, particularly in Washington.
A taxi brought piecemeizal to the principal head office of the AKP, a custom-built, ultra-modern stone and steel structure, in an evolving sub-urban area, surrounded by semi-finished shopping centres and pubs where middle managers, both men and women, met to complete the day's first shops.
Suat Kiniklioglu could be a centre-right politician of almost any other political party in Europe.
Suit, tie, I'm sure he even wrapped a Blackberry.
"The party's foreign foreign aim is to re-integrate Turkey with its immediate neighbourhood.
Cold War was an exceptional phenomenon, he tells me.
Turkey had been cut away from its hinterland.
Nowadays at the same time she has to look east and the west at the same time.
There wouldn't either include one or the other.
It would have to do both.
"But most ceasily could Turkey at some stage," I asked, "will be forced to decide?"
"Turkey said," he said, "wouldn't want to face this choice."
He then highlighted a respect that almost everyone I spoke with suggested almost routinely announced: Turkey’s relations, not only with the Middle East, but also on the Caucasus and around the Black Sea, are just as beneficial for Europe and the United States as they are for Turkey.
With Turkey on board, it seems the embarkance figuratively that Europe as a whole could easily travel east-easterly-to-Asia and the Middle East, Europe as a whole.
With Hydarpasha's railway railway station after an other very sleepless night, I thought about these two number of German lord Ritter and Mr Conu, who had watched during the construction of this structure 100 years ago.
How surprised they would have happened to come to experience that Europe’s centrifbissuance in the Middle-East could now, too much in the hands of Turkey.
And when I was waiting at the pier for the ferry, which was supposed to take me back over the Bosphorus, I reminded myself that Turkey had always been called "the sick husband of Europe in those days".
Back then, at the same time, not much doubt seemed to happen which continent would claim this fascinating country.
Commemorating Vernon Handley and William Woodruff.
Mark Brown writes: Since in 1962 Vernon "Tod" Handley (reclamation on 11 September) has been responsible for the Guildford Philharmonic and Choir when Guildford's musical director since 1962.
The following year he founded his great youth choir, Proteus.
He was meant for teenagers until 21 years of age, but when the choir sung for the last time in 1979 were already some of each other already twentieth - we simply refused to abandon the choir.
The name "Proteus" (the mythological mould changer) stood for the willingness and ability of the choir to tackle any piece of music presented to him, no matter whether it was a madrig valley or from the Messiah, whether a capella or full an orchestra.
The musical versatility of such a young choir was often surprising, always excruciating and consisted solely thanks to the inspiration of that man and his enthusiasm for the music, which for many years has never stopped.
Like it number of occurred to our death to "lause the music speak for themselves".
He used to said, "The composer knows what he wants."
It's all in music.
It sings!"
His way of conducting was absolutely clear and precise, neither impermanent or exuberant.
Wherever the musical level was, he always required something even higher.
John Frayn Turner wrote:
Whereas any conductor had been knocked against knight, it was Vernon Handley.
During the last two decades I knew him from 1962 until 1982, during which he conducted the Guildford Philharmonic.
Over the last 40 years I've written criticism for over a hundred celebrations and I can sincerely sincerely sincerely said that I was never disappointed by a single person - many time I was inspired by them.
Death Handley was the occurrence rare combination of magnitude and personal humidity.
According to said, he deprived conductors simply went "dwell with one or two familiar show horses scorching in the world."
So many of us will miss him.
William Woodruff
Professor John Beckett writes:
During your obituary for William Woodruff (September 25), you would write that "it re-assumed teach economic history in Oxford in 1946 and received a Houblon-Norman Research Fellowship ... while at the same time he was studying a BSc, an MA and a doctoral degree at the same time.
This is a conclusion from a note of author in Woodruff's book "Jenseits von Nab End", but it doesn't come true.
From 1946 until 1953 he was a lecturer in economic history at the university of Nottingham, during which time he wrote a doctoral thesis regarding the British rubber industry under the supervision of Professor J.D. Chambers, which later published in 1958 "The British Rubber Industry".
He served in the U.S. 1950-1951 as part of a Houblon-Norman scholarship and spent the summer since 1952 at the Universities of Illinois, Harvard and New York.
From 1953 he left Nottingham for good and moved to Illinois.
It doesn’t come known why Woodruff wanted to conceal this part of his career.
J. Vicente Resino attended the Faculty of Philology.
"I recommend the exhibition by José Vicente Resino 'Flamenco and Life' because his photographs in black and white are fantastic.
They attracted my attitudes to them because of their simplicity because of the strength they radiate as they always treat respect with the participants.
An exhibition depicting a number of feelings.
Resino knows how to locate magical moments.
Second lap of excellent selling at Honda.
In October Honda captures the second-generation production of Honda Jazz.
While its predecessor had a large interior space, this spacious limousine even provides a significantly greater.
In addition, there are technical intricacies which enable even more comfortable driving and saving petrol.
Modification ahead before imminent revolution.
That's the second generation of Honda Jazz.
Although, aesthetically specifically, the new jazz shows a similar line to its predecessor, the changes that were carried out at this great limousine are numerous.
Among other things, the innovative design, the new spatial flexibility, greater sizes of the car and the new mechanic will be emphasised.
Nevertheless before starting to analyze a new model, it is necessary to speak that this new jazz appears six years later after the first generation appeared on the market.
According to first obses, Honda, compared to the other manufacturers, succeeded in refurbishing this model for a shorter smaller number.
Although the Honda Jazz is less known in Europe, this model is a phenomenon when it comes to selling in other markets.
This is a case in Japan, in the country where jazz is the best-selling car of the year in 2002 and continued during this year 2008.
According to jazz appeared on the market, approximately a seventy-five model was sold in Japan alone.
The second sales market included an old continent with about half a hundred months sold in six years.
Nevertheless Honda tries to increase the selling new jazz model within the segment.
In this way, while Japanese companies sold a total of 83,000 models of jazz in 2007, the expected estimates amount to 10,000 cars, which is 17% of the assumed growth on the European market.
When it comes true for the Spanish market, Honda has sold a fully 8,000 jazz models since 2002, which includes 6.7 % of the total selling at Honda in Spain.
As regards the new generation of the model are concerned, head branch office in Spain expect to sell 2 000 jazz models per year.
Specifically considerably speaking, the appearance of the new Honda Jazz model enables selling shelling in Spain.
In a reality promise the head of the trade mark hope to complete this year with a total sale of 22 000 models, which are 4 000 lower cars less than in 2007, a 16% decreased.
Despite this increase in sales, Honda increased its market share in Spain compared to 1.8% year-on-year (1.6%) compared with the previous year.
At the same time, the Japanese company hopes to achieve the 2% in 2010.
To achieve this percentage Honda reliees upon appearance of a new model.
It's Insight, a hybrid car with 5 dormitories and a compact in size of 4.7 metres in length, the Japanese company hopes to sold approximately 200 000 models per year throughout the globe.
According to market estimates by the Japanese manufacturer, 50% of Insight models are being sold in the U.S., while remaining numbers are distributed across the old continent and Japan.
Appearance of Insight on the market is scheduled for the first months of the year, for the very occurrence for the first occurrence it will occur in January in Valencia.
With regard to the first generation, new jazz grows in all its great sizes.
Its length is 3.90 meters (plus 5 centimetre ), its width is 1.69 meters (plus 2 centimetres) and the distance bet between axes is 2.50 meters, this leads assuming it has become 5 centimetres larger.
The height doesn't vary and remains 1,52 meters.
Combined with an increase in dimensions, the interior will also be enlarged.
This success owes the new space flexibility programme on the other hand to the central position of the fuel container, a solution which has also been used in the predecessor model of jazz.
The capacitance of the luggage compartment, which holds a system of twice load space, also reaches up to 339 litres, i.e. 19 litres larger than the luggage compartment.
It should be emphasized that these measures are included when writing a 1.4-litre petrol engine, because the combined capacity of the luggage compartment of Honda Jazz with a 1.2-litre petrol engine is 379 litres.
Among other improvements, including additional equipment such as leather seat seals or the possibility to install panoramic windows, an improved seating number is provided.
The opening angle of the rear doors is 80 degrees, although the intrinsic jazz had only 67 degrees.
The second-generation engine engines of jazz are also renewed.
At the very beginning its commercialization, this small model has two versions of petrol engines: 1,2 and 1.4 litres.
Both varieties feature i-VTEC system, which enables low fuel consumption and smaller CO2 evaluation, has excellent technical performance while simultaneously providing high-torque performance for the entire engine running time.
The inaugural variant with 1.2 litre achieves an output of 90 hp at 6,000 rotations with maximum torque of 114 Nm at 4,900 rpm .
This petrol engine - the predecessor of Jazz achieves 78 hp - has 5.3 litre petrol consumption and CO2 emissions of 125 grams.
With regard to the predecessory engine, which achieved an earlier-class hp for the previous generation, it now manages to achieve 100 hp.
The Jazz 100 hp model 1.4 has 5.4 litre petrol consumption and 128 grams CO2 output.
"Auto-bees" avoiding collisions
This year in order to drive the development of accident prevention technologies, this year Nissan was inspired by nature, more precarily from bees.
The Japanese company has developed a robot whose flight comes based upon bee spherical behavior, avoiding accidents.
This chemistry is a bio-mimetic car robot drive or BR23C and represents a first step in accident prevention technologies.
The engineer engineers from the technical development center of the Nissan Motor Co. have developed this small robot in cooperation with the Research Center for Advanced Science and Technology from the renowned university in Tokyo (Japan).
According to Kazuhiro Doi head technology PR and R&D-Brand-Management, the BR23C represents an extension of the four-pous Nissan safety shield.
This robot is designed to ensure that this brand’s vehicles are capable of avoiding collision.
During flight each bee establishes its own oval-shaped flight space, very similar to the Nissan safety shield.
But the most important pieces are the face-to-eyes of the bee, which can be seen over an angle of 300 degrees in all directions, which enables them to fly undisturbed in their personal spatial without interruption.
To replicate an e-around perspective, the technicians developed the so-called Laser Range Finder (LRF).
It notifies obstacles located at a distance up to two meters before BR23C up to two meters with a radius of 180 degrees calculates the distance to the object and sends a signal to an on-board microprocessor, which is immediately translated into signals to avoid the collision
"At the occasion when an obstacle is noticed, the small robot will imitate bee flight and immediately switch the direction by rotating his wheels at 90o or even greater nrails to avoid the collision.
The biggest distinction to any number of other systems is that this evasive manoeuvre occurs absolutely instinctive.
When it weren't, the robot might not be capable of reacting with adequate speed to avoid obstacles, said Toshiyuki Andoh, who explains principality for mobility laboratory and the senior engineer this project.
Uncorresponding to a bee, the robot may neither deviate upwards or down, but cannot excecances; it can only move on two dimensions and in the direction that enables him to rotate its wheels rather than infinite directions and infinite way, as the bees make.
For this reason, in addition to acceleration and deceleration function, Nissan has used the rotational function to avoid collision.
This device requires only each couple of seconds to include the information and act according to this information.
It requires neither to save the information nor the intuitive logic of manoeuvring taken, therefore it continuously means still a couple of small storage facilities.
That sounds surprising, but it'sn’t about the GB and not even talking about the storage space.
This is the first step in the development of technologies for immediate prevention collisions to introduce a technological enabling Nissan to introduce over the next ten years at serial vehicles.
The robot operates with lithium polymer batteries, which are easier and last longer than variety of lithium-ion battery.
Another possible application of this technology in the future could include integrating the unit using a GPS panoramic navigation system through satellite to lead to the destination while driving, avoiding obstacles along the way.
She's trembling before being charged with a mortgage.
It must be recognizable that the US Treasury Ministry, except it has sufficient liquidity to give the aid, but is not without skill.
Before the crisis and to avoid being involved in mortgage stories of supposedly eligible banks, an entertaining and informative game has been created for Internet surfers: 'Bath Credit Hotel', it says.
Or maybe 'hotel of bad loans' or confusion.
The thirteenth aspect of this accommodation and especially his receptionist is to reflect one, two and up to three times whether it's the reason why it's not to ask any loan.
Especially where you can do it, which probably the goal of the game.
Certainly it has useful pieces of help, but without any details.
That's a site rather than a square for all spectators rather than a place for spectators.
What will happen when the game is extinguished?
Well when a wonderful room appears in the hotel.
At the very number of something because it's not about purchasing a better house
Morgan Stanley provides its principal sustainability for MUFG
Morgan Stanley announced the acquisition of Mitsubishi UFJ Financial Group (MUFG) into its company, which would include the first bank in Japan to spend nine-billion dollars, thus gaining 21% of its principal, an addition due to a severe incidence of its stock exchange price.
One week after a preliminary agreement had been reached, the two banks declared that MUFG would buy 9.9% of the Morgan Stanley common equita stock at a unitary price of 25.25, which yields an aggregate amount of three-billion.
The assumed price is less than 19% based on 19% of the share daily at 31 August.
MUFG will invest an additional six-billion-dollar shares in the acquisition of convertible shares, which will secure a 10% gain and can be sold at a price of €31,25.
Morgan Stanley declared that worldwide transactions would be carried out based on a united average price of 29 dollars, 28% above current price.
The Morgan Stanley share, however, decreased by 6.7 9% against 17.00 GMT to 23.07.
“This strategic connection represents an important occasion to accelerate the transition between Morgan Stanley’s holding centre status,” said John Mack, General Director of the American Group.
Morgan Stanley assumed last year’s status, which would enable him to extend their business to new areas, however under the supervision of federal reserves.
Their connection with MUFG also confirms that the current financial crisis is forcing wall street to take a much more cautious attitude.
Furthermo circumstances presented on Monday, it shows that the agreement was changed over the last few years: last Monday had simply declared that she would sold up to 20% of their shares to Japan for about 8.5 billion dollars.
"A week ago, 'Toshihide Mizuno, Managing director of the MUFG, said in Tokyo, "we thought about the stake would consist entirely of ordinary occurrences.
But given the current economic and commercial scene, we wanted to reduce the risks and protect ourselves.
Based on a balanced average price, MUFG will pay 7% below its price for their Morgan Stanley shares.
This business will occur with a decreased number of earnings by approximately 20% per share.
According to an early year, MUFG will be able to convert half of its preferred holdings into ordinary licences when the most required will be replaced at more than 50% above selling value within a given deadline, or approximately €47.
Morgan Stanley assures that the funds delivered by MUFG will enable him to leverage investment opportunities, strengthen their record and increase their sales.
However, a press proposer of the group refused to include more precise piecemea on the strategic plans of the two new allies.
According to MUFG's investment, Morgan Stanley should be able to recognize a solvency quota of approximately 15%, one of the very improbators in this sector.
Morgan declared to have 'significantly lowered' his record since at the end of August.
Recent few things were tough for the group, which considered its stock market price decreased by half, while the price of insuring against insolvency skyrocketed skyrocket.
This price decreasurred on Monday but remained at a high level, about 12%.
Goldman Sachs alone 'survivors' large investment banks on Wall Street after the bankruptcy of Bear Stearns and Lehman Brothers and Purchase of Merrill Lynch announced last week announcing 15 billion dollars, occurred at Berkshire Hathaway, Warren Buffett.
Rafael Correa this Monday in Quito.
Re-establishing the republic around twenty-nine-century socialism.
This included a joint venture bet (Vezolian Hugo Chávez), Bolivian Evo Morales and Equatorian resident Rafael Corre.
It was the third who placed this Saturday, the example example of his like-minded and friends for elections.
Mission satisfies because according to 80% of the voting, 64% voted 'yes' in the popular referendum.
According to those obvious, 28% approved 'no', 7% of the ballot notes were invalid and 0.7% were empty.
To adeliver the constitutional proposal more than half of all votes must be reached.
On Friday, twenty-five surveys carried out at poll venue exits and a number of non-governmental organization announced a decisive victory for 'yes', which said 63% to 70%.
By the way, Rafael Correa demanded the victory of his constitutional project during the afternoon from Sunday to Monday.
"Constitution has triumphed an overwhelming way," in Guayaquil had assassinated the headquarters 280 kilometres south-west of Quito and congratulated the Equatorian.
Of course Rafael Correa was congratulated by Chávez and Morales, as well as his Chilean-fascende-minded Michelle Bachelet.
The election silence according to Significant observational order of the Organization of American States (OAS) referred to a text consisting of 444 counts to encroach upon the “New Socialism), which the president advocates.
The constitutional project confiscated state authority to the economy by leaving it sole right to 'development planning' in a rural that lives as much as possible about oil production by foreign companies and the foreign foreign currencies that emigrants shift to the country.
The project, driven by Correa elected in 2006, also gives greater strength to heads of state, who will exercise until two consecutive four-year-old mandates, and will have the opportunity to terminate the national assembly.
Correa already announced that he would exercise this might and would pursue a new mandate in February 2009.
The Covenant furthermore ensures the principle of complimentary medicinal care and education, which the president has already begun to introduce 1 3.9 million inhabitants in this country, in which the population live below the poverty line.
Ultimately it also includes banning the presence of foreign troops, which will put an end to the agreement bet between Quito and Washington on using an equatorian base as the starting point for American anti-drug deployment.
19 hostages were liberated in Chad
An Egyptian command launched an attack against kidnappers of eleven tourists and their eight companions who were captured ten days ago.
You're in Cairo.
Eleven European tourists and its eight Egyptian companions who were imprisoned for eleven days in the desert were brought back this Monday afternoon health and unscathworthy to the Egyptian capital.
In the morning they were rescued by an Egyptian command in Chad.
Apparently in good shape around 3.30 o'clock on board a special aircraft reach the al-Maza military base right next to Cairo international airport.
Without being talked to the press, they were brought aboard a helicopter to the hospital of Maadi, a foreign quarter in Cairo, to be examined.
They all enjoy 'best-of-the-health' and kidnapping a ransom not paid a ransom, said the Egyptian Minister of Tourism Zoheir Garanna.
Following captive after being captured during an off-wheel safari during an off-wheel-five safari at the foot of Mount Ouanat in the border area between Egypt, Sudan and Libya on September 19, the group of hostages were repeated brought from one hiding place into the next.
There were eleven tourists - five Italians, five French and one Romanian - and eight Egyptians: two leaders, four chauffeurs, a border guardian and the principal of Aegyptus agency, organizer of the safari.
An Egyptian security officer declared that thirty members of the special units had launched the attack at night just before dawn.
On both sides shot shots were killed and half of the kidnappers were killed and the remnants fled,' said this responsible person who wants to stay anonymous.
He declared that a total of 150 members of the Egyptian special force units had been shipped to Sudan, where they received support from German and Italian command.
The head of Italian diplomat Franco Frattini talked about the piecemeals about the piecemeals and elements of Italian special units where he is currently located about the role played by secret agencies and elements of Italian special forces.
"We must acknowledge that, thanks to the professionalism and performance of our husbands, we have achieved achieved this outcome from the secret service and special units,' he declared without further announcement.
He also denied a ransom paid.
That evening next evening, the Sudanese army had claimed to have stopped off-road vehicles during a patrol setting each other included kidnappers, killing six of whom were killed and two arrests.
The army declared that it were linked to a rebel team from Darfour, the Libération du Soudan-Unité (SLA-U movement), which immediately denied this movement.
Characteristics - The quiet majority of culture
A debate about financing culture makes headlines and is a central theme of the current election election campaign.
All the better.
However an area of our celebrity remains in oblivion.
Who will rise and denify miserable sums which are given to small museums, archives, archaeological excavations or national historical sites which starve miserably?
Which politician would dare to remind federal government neglecting its memorials and culturally important structures?
That there are no proper piecemeal piecemeals in Quebec, as well as in Canada, which effectively protect our cultural heritage?
Did you know that the French administration provides 3.5 million euros solely for the restoration of the castle of Chinon in the Loire valley solely?
With our American neighbours written in the constitution of their country is that the protection of cultural heritage included American culture, and that this cultural heritage needs to be protected by all citizens, all deputies and governing districts, in mutual coordination.
At least 40,000 volunteers gather in 211 historical societies are trying to explore historical history intensive history with a few pennies to satisfen a few pennouncers the numerous private archives and preserve archaeological remains.
They are also often the watchdogs of our cultural heritage, which protest with the power of despair when promoters and decision-manufacturers lift their bulldozers loose at our old stones and forgotten cemeteries.
When would history and cultural heritage stage?
Real-assuming parts of Fortis Bank
With a partial nationalization, the Benelux countries aim to single advantage of the Belgian-Dulish-Local Fortis Bank, which come into turmoil due to the US financial crisis: The three states provide a total of EUR 11.2 billion to the bank and inssurance institute, which also includes subsidiaries in Hungary.
Over the weekend, the governments between Belgium, Luxembourg and the Netherlands discussed at the highest level, together with the President of the European Central Bank and the European Commission's competit-appealing agent.
In the same area, Fortis became victims of an early year-on-to-year financial-market crisis, which means preceding choices that are now taken in connection with the bank could precedent.
In accordance with the decidancy taken on Sunday night, all three countries buy around 49 per cent.
The bank will presumaarically sell a portion of its royal participants, especially the inssurance activities purchased by ABN Amro last year.
The shares of Fortis have begun a sharp decline last year, with serious crisis scenic scenarios already arising during the second half of the week.
However, analysts are pleased en preceded by means that the bank is much too large with its 85,000 employees.
On Fri Friday the securities securities fell by 12% to a 14-year low.
S since January the number of equinies has decreased by more than two thirds.
Faced with current share prices, the group's market figure amounts to EUR 14 billion, which, according to executive management, comes unrealistic.
According to management, the USD 700-dollar American bail-out package, which triggered as a consequence, is owing in the markets' plumage.
On Monday, however, prices increased slightly.
Filip Dierckx was appointed CEO of the Bank on Friday.
The financial institute was also looking looking for a private buyer, although it didn't found an interested party with an objective quote.
The Belgian administration, however, endeavoured to reassurance - no investor is supposed to trembling his money, it said.
No panic has so far broken among our competitors, the bank's branches were not piled up.
Fortis in Hungary has independent branches, but it also names leasing companies.
fox in chicken coop
Because a person's medicinal consumption is often refused to conclude a contract with a client in America life and medical insurers.
Rescuscrop experts fear because the data market could become uncontrollable.
"There are privacy policies which in any case couple the consumption of medication data with the consent of this party.
These should be in an empty hand, otherwise we entrust the fox the chickens to the fox - quotes the Washington Post Richard Dick, developer of the program for tracing prescription dates.
Insurance companies determine the fees and disbursement coincidences depending on the customer's state of health depending on the customer's state of damage, and if the risk estimated too much, the insurance will not be taken out.
Previously, the customer was sent to a medical examination and the contract was concluded solely with knowledge of the examination results.
Ten years ago Dick invented a much cheerful way: Based on the identification number of the customer he receives the dates of the last one-and-and-and-and-and-and-a y year now from the pharmacies, which preparations were purchased, calculated from which disease the customer suffers and how his state of fitness.
For example, when it regularly buys large numbers of cholesterol lowering medicines, it could conclude that his blood lip lipase levels are untradable, which automatically would row him into a higher-risk group.
There are several versions in circulation of the program - some may even specify a risk multiplier, so the insurgents only have to complete the paper stuff, but there are minor difficulties.
One of the disadvantages is that many medicines can be taken for various purposes, such as migraine migraines and hot flashes, but also against depression.
The latter from the point of view of the insurers is a high-risk factor, while those mentioned before not.
To query and fully survey the data, their own c Societies have shaped whose consent before receiving the data has been obvious.
In the meantime they have to do this by law, even though omissions were not punished so far.
Some companies actually process the outcome of laboratory examinations and combine them with data regarding medication consumption, thus providing an even precise picture regarding patients' state of health.
An increasing number of celebrities are given access to data, while becoming difficult to monitor their usage.
Although there is a dedicated data protection law for health data, it only extends to service providers in the healthcare sector and insurance companies.
The draft law has already been submitted to the congress, according to which the public authorities could also control data processing companies.
Dick Richard recognifies that this is too little because he would want to further develop his programme so that the data can only be passed on with the consent of those affected.
An other question, of course, is whereas the data subject could hardly announce access to his/her data, otherwise the insurers do not conclude a contract with him.
And so the chickens somehow leave because the mercy of the fox.
Global menu proposed from Marseilles
European Union and India are doubling trade
Since each other's leading trading partners on both occurrence of the European Union and India, this was the main topic, among other global problems at the ninth summit.
Today the French-Indian summit also takes place, which focuses on cooperation in the nuclear energy sector.
Although the European Union recognises that India is an emerging, democratic great power, which should be given greater votes and voices in international matters, the member states could so far not come to an accept whatsoever whether they should support New Delhi's constant membership in the United Nations Security Council or not.
Yesterday's nin-third summit meeting was not discussed at yesterday's question.
The French president and current EU celebration President Nicolas Sarkozy and Commission President José Manuel Barroso and chief diplomat Javier Solana received Indian Prime Minister Manmohan Singh.
In spite of the fact that between 2000 and 2007 the exchange of commodities increased between 2000 and 2007, this goal is less ambitious.
With this in this sense, the seventeen existing civic flight collective agreements have also been legally brought under an agreement, meaning that air treatments will also promote in the future.
Until 2009 India would like to sign the free trade treaty with the Union.
Sarkozy promised to accelerate the pact.
The ultimate goal is to create a self-equipped balance between the current unequivocal relationship bet between the EU and India. While the Union’s number one partner is India’s number, New-Delhi comes ninth a ninth among EU partners.
The summit was dedicated to global causes.
Among this included the situation in Afghanistan and Pakistan, respectively terrorism, which both parties contimidated in the edest possible role, and the convening of a UN conference was also urgently urged.
The Doha round should also be concluded, with both parties being responsible for failures.
Accordingly, the EU sticking to its energy and climate programme, in other thing terms that pollutant emissions are to be reduced by at least 20% until 2020.
This included India, including the proposal to conclude a kind of global compromise at the forthcoming climate summit and reducing greenhouse-gas production by 50 per cent until 2050.
The increase in food prices should also be combated, which is why both help to convene an international ceremony on financial crisis.
The heads of government now visit the French city, where at a bilateral meeting he will sign an agreement on the peaceful utilisation of nuclear energy.
Paris, however, is hoping for contracts worth EUR 20 billion worth EUR 20 billion for the construction of nuclear reactors in India.
According to agency notifications, the treaty should be decided at 15 years.
More than more than more than 300 Italian publishers
Strong presence of Italian publishers at the International Frankfurt Book Fair.
More than more than 300 Italian publishers shall be attending the 60th Book Fair, the most important international rights acquisition.
More than 7,000 exhibitors from 101 countries can expect more than 7,000 exhibitors from 101 countries for the celebratory meeting and introduce more than 403,000 titles across 17,790 square metres.
Under-Secretary for the Ministry of Cultural Heritage and Cultural Activities Maria Giro will represent the Italian government during the opening ceremony in the exhibition venue: Italy will be represented in the 264 square meter exhibition space "Punto Italia".
A press conference located close to the Room structure will be followed in exhibition venue 5.0 of the book trade fair: on this occasion numbers, trends and prospects relating publishing in Italy will be discussed.
According to the dates, the significance of foreign writer books decreases throughout the emergencies, but especially in the adult and youth division.
Billionaire Steve Fossett's disappear small aircraft disappeared one year ago
The small aircraft of Steve Fossett was encountered on September 3, 2007, a billionaire who disappeared a flight above the Nevada deser desert.
The individual parts were discovered on a pedestal plateau of 3,000 metres altitude, located in Sierra Nevada Mammoth Lakes between the states of California and Nevada.
There were, however, no human remains inside the aircraft.
Sheriff of Madera County John Anderson completely refused the last doubt during a press conference: "The aircraft has been located where a squad was shipped, and now we have the certainty that it's the adelight about the aeircraft with which Steve Fossett flew the day of his disappearance."
Furthermore, Mr. Anderson confirmed that no human remains were encountered under a plane or proximity.
The 63-year-old billion-dollar was declared dead in February.
Only a few hours after sifting the aforementioned steering a category had been dispensed after steering the aircraft suggested the accelerator: it is the Bellanca 8kcab, which were lost on September 3, 2007, since Fossett had launched a 3-hour flight in Yerington, Nevada.
Yesterday she found some of Fossett's personal belongings from a couple near the Mammoth lakes to the Mammoth lake.
This includes two identification piecemees called Fossetts, both of which had been issued by illinois's Federal Aviation Administration, cash and a jacket.
The search for fossett was abandoned a month after his disappearance was abandoned.
The billion-dollar had conquered a place in history through a long consequence of records.
In the sixth attempt in 2002, he succeeded in circumnabreaking the world balloon in a hot-air balloon: a two-week, lonely flight.
Three years later he travelled around the globe in a single flight without a stop.
Under his numerous record numbers also included an elevation flight of 15,445 metres above the Others, which, however, includes a co-driver.
Glk, the advertisements you don't expect
A Suv which drops out of conventional schemas thanks because of its original design and particular route, the expansive finish surface and its clear corner.
With this off-road company, Mercedes-Benz has tried to breathe new breath.
Especially because of its extraordinary features the presentation of Suv Glk, which can be seen from 17 October in the Mercedes-Benz show room.
In this way the advertising drum which will accompany the emergence of a new model will also occur in a new dress, namely in the shape of a 3D campaign – a novelty in the automotive industry in residual Italy.
A maximum expendiumerary project in various chamfers occupies Milan's central shopping street to Corso Como by 15 November.
The first bevel will consist in shape the presentation of the vehicle, giving 3D spectrions distributed close to Corso Como a particular look: the new Suv will appear as a three-three-of-the-range model in its almost real sizes.
In fact, the car seems to step forward from the poster on which it is depicted.
Using Elumina8 technology illuminates this at various moments in various its certain details in order to reconcile as a whole as a whole.
Without a doubt Mercedes' endeavour to introduce this advertising a new type of author license into this rather stereotypical field.
However, will this succeed in irritating the incitement of prospective buyers?
It's now clear who the Italian hooligans are
They come from Triveneto – now they risk stadium ban
Who are only those 150-200 boys and girls who all of Italy are ashamed? They're part of the "Ultras Italia" team, which has been travelling behind the Italian national team for many years and which until recently did not cause serious serious problems.
There have never happen clashes with opposing fans so far.
The group's source is in the right milieu.
The conveyors come from Triveneto.
Aus Verona, Padova, Trieste and Udine.
There were other small groups from Campania and Puglia who were joined in Sofia.
They carry the Tricolori on which the cities appear of the militants, however, were removed on Saturday to avoid identification.
Its role models include English fans.
There has now become a collision with a truly right-and-radical fan scene in Bulgaria.
144 cards had been provided to Italian favourites from the Figc: all were displayed in name and therefore easily switched.
In fact they were roughly inspected by the Viminal every year: among those travelled to Sofia included none under ongoing stadium proceeding under stadium proceeding.
There were four friends of the Italian team who were already preloaded in this respect the ticket and travel to Bulgaria were denied.
The Viminal is now looking for the Bulgarian police to take further steps: in which case the arrested Tifosi can expect a stadium ban of at least five years ago.
This involves becoming an international ban preventing access to stadiums across Europe.
Thus, our hooligans will no longer set a foothold in a stadium.
Fortunately.
But now of course is afraid of imitators who could follow this little more than 150.
"This silk needs immediate emergencies to leave, and in no way give such behaviour the possibility to justify," it suggests from Viminal.
For this reason, "eyes on especially sight of the match the national squad on Wednesday in Lecce."
Because actually a small nucleus in Puglia there is a small nucleus.
To the morning Osservatorio (sports supervision gathers), on Tuesday the Casms, which may count on a portion of the aises, i.e. the secret services, which are concerned about the problem of stadium violence.
"Duce-Duce shout and the right-wing poor raised during Mameli's hymn? In Bulgaria this is not a criminal offence..."
The thought of Domenico Mazzilli (significantly squeezed without pleasure), which for a few few years has since been the principal director of Osservatorio (who took over the post of Francensco Tagliente and Felice Ferlizzi).
Mazzilli previouswise became chief police of Trieste, where a nucleus now gained a nucleus of Ultras Italia, which were founded in 2002.
Although it's true, Mazzilli said it doesn’t precede the law to praise Duce, it was undoubted a shame belonging to those 150-200 individuals.
"I am not a socio-socio-sologist adds the number number number 1 of Osservatorio – crimes are punished in the land.
Until since this group had kept its bridle, but now it needs to be reconsidered what has happened and will happen.
Nevertheless we also speak talking about Mameli's whiffs during Mameli's hymn: this too is no criminal of offense, but they omit me, since she lacks upbringing...".
