Triumph of right-wing populists in Austria, they have 29 percent in total
According to the preliminary results, the early parliamentary elections in Austria brought a significant weakening of the two parties forming the current grand coalition, as well as a notable strengthening of populist parties.
The Austrian People's Party (ÖVP), where the position of current President Wilhelm Molterer is seriously threatened, suffered particularly significant losses.
On the other hand, the electoral leader of the Union for the Future of Austria (BZÖ), the governor of Carinthie Jörg Haider, is preparing a triumphant return to the political scene at the national level.
According to the preliminary results, the Socialists (SPÖ) remain, with 29.8 percent of the vote, the country's first political force, however, compared with the 2006 elections, they lost 5.5 percent of the vote.
The ÖVP, which with 25.6 percent loses nearly nine percent of the vote, ended even worse.
This is the worst results of the two major post-war parties; especially for the People's Party, which triggered the early elections, the result is literally catastrophic.
Still in early July, when the ÖVP left the coalition, the People's Party had a considerable lead over the SPÖ.
However, voters visibly chastised them for allowing the government to collapse.
From the first reactions to the results, speculation regarding the possible resignation of the leader of the party and the current vice-chancellor Wilhelm Molterer, was pronounced.
Observers believe that this could happen as early as Monday, during the special council of the party leadership.
Such an evolution would a priori facilitate the path towards the end of the outcome of the election which remains the most likely, namely the renewal of the grand coalition SPÖ and ÖVP.
Nevertheless, given the strengthening of the two right-wing populist parties - the free (FPÖ) reportedly obtained 18 percent and BZÖ eleven percent of the votes - at the same time the Socialists expressed the fear of a rehearsal of 1999, when the people's party agreed with the populists (at the time, the FPÖ was still unified, it was in 2005 that the BZÖ separated from it) on a common government.
Haider, who has already stated that he is ready to collaborate with any party and that he foresees the return to Vienna, on the national political scene, is apparently betting on this evolution.
The last party to have access to the parliament being the Greens, but they have slightly lossed and fell, among the Austrian political parties, from the third in fifth position.
Obviously, no other party crosses the four percent limit and goes to parliament.
Schwarzenberg: Relations with India are likely to cool down
If we couldn't solve the problem concerning the Czech researchers accused, in India, accused of illegal cockroaches, he would ensue, according with Czech Foreign Minister Karel Schwarzenberg, a certain cooling out of Czech-Indian relations.
The minister declared it today in New York, after meeting his Indian counterpart Pranab Mukherjee.
"If the problem wasn't solved, then yes, some cooling would occur," he said after the meeting, following a Czech initiative.
Mukherjee said, on leaving the talks, that the executive power could hardly intervene in court cases.
He nevertheless mentioned that in the case of Petr Švácha, who was discharged from the charge and punished with a fine, the central government could negotiate with the local government, that of Darjeling, the case being placed under the jurisdiction of it.
"His problem could be solved," the minister said.
According to Mukherjee, the best solution for Emil Kučera, sentenced to three years in prison, is to appeal to a higher court.
As a result, he could apply for bail and wait for trial, he said.
Schwarzenberg confirmed that his partner expressed himself in the same direction also during the talks.
"He advises appealing to a higher court, after which he could be pardoned," he said.
The only way, by which the Czech side can intervene in this case, is to provide convicts with "competent legal support", the Indian minister said.
He also said that such help had already been given to them by India as well.
Above all, we want to keep with India the best relations, which have a tradition continuing over many years.
The Indians also acknowledge it,” Schwarzenberg said.
At the same time, as he told ČTK, he pointed out before his partner that the Czech Republic attached great importance to the problem of Czech entomologies.
"We consider the incarceration and accusation of these Czech scholars to be a great despise," he said.
The minister dodged the question if he had obtained from India the promise to deal with the matter.
“I’ve already received quite a large number of promises,” he said only.
A Czech arbitrator the fight for the seafloor
It is approached by an electronic wall map, on which Australia and the adjacent marine areas are represented.
However, he is not interested in the continent, but at a small point lost in the blue of the ocean.
"The island belongs to Australia, as well as the adjacent seabed.
This area, however, is as large as the continent itself," says Italian lawyer Luigi Santosuosso, who is part of the team of thirty members of the UN Division for the Affairs of the Oceans and the Law of the Sea.
Its leader, the director of the division, Czech jurist Václav Mikulka, follows the presentation and completes it from time to time.
Ardour at work and enthusiasm characterize the prevailing atmosphere.
The seabed hides a little-known world so far, rich in natural resources.
Oil, minerals and other mineral resources can be found, but also unknown living organisms for the moment, which may contain the key to the development of a cancer drug.
Substantives larger than land
The coastal states have begun today to vehemently aspire to the new underwater territories.
According to a UN convention, they are indeed using their rights, over which they agreed in 1982 at Montego Bay in Jamaica.
It is mainly the area of so-called continental shelf, which often stretches several hundred kilometers from the coast of the given country.
According to the convention, the latter can claim exclusively to all the resources of the continental shelf.
"To simplify, part of the seafloor and its subsoil, which constitutes a natural extension of the mainland under the sea, is considered a continental shelf.
It extends beyond the limits of the coastal sea, often also beyond the two-hundred-miles marine that represent the so-called exclusive economic yone, "says Mikulka.
The request of the country in question to the Commission for the establishment of the external borders of continental shelf should be supported by extensive scientific-technical documentation based on many costly prospecting and scrutiny.
It is the result of several years of preparatory work.
"One of our roles is to provide legal and scientific-technical aid.
So far, the committee has dealt with five requests from Russia, Brazil, Australia, Ireland and New Zealand.
For the moment, only the last three countries mentioned have been successful,” Mikulka added.
The success of Australia, which is the first to have significantly expanded its underwater possessions, has recently experienced a global impact.
New Zealand, too, has gained territory - the extent of the seaflood allocated to it by the commission last week corresponds to 1.6 million square kilometers, which represents the extent of the country multiplied sixfold.
Both countries have invested millions of dollars in prospecting.
The profit they will derive in the future from the exploitation of the seabed will, as they project themselves, invaluable.
Gradually, other countries will, in turn, apply.
They can do so within ten years after ratifying the "Montego Bay Convention".
There, where the continental shelf ends, begins the area of the ocean floor, proclaimed by convention "common heritage of humanity".
There, no more states have an exclusive position.
The right of extraction in this area shall be assigned by an international institution established by convention.
"However, let's make no mistake about it, the seabed is not a Klondike," said exaggerating Director Mikulka, adding that "its areas are precisely clearly defined and their regime anchored in a contract".
The Czechs in the Pacific
Part of the seabed also belongs to the Czech Republic today.
It shares it with other states of the former bloc of the countries of the East within the framework of the common organization "Interoceanmetal".
It obtained in 1991, under the agreement, as well as investors from a few other states, the status of the so-called "a pioneer investor".
It has the right to extract in the ClarionClipperton zone in the Pacific Ocean, located between Mexico, the Hawai Islands and Kiribati.
The area prospected by the investor slightly exceeds the area of the former Czechoslovakia.
The bottom is eventful, it is a kind of underwater replica of the Tatra.
"It is possible to extract over an area with a total area of 75 000 square kilometers.
The area represents a deposit rich in polymetallic concretions containing nickel, copper, cobalt, and manganese," enumerates Ind Pakshi Rajan, another lawyer.
Rober Sandev, a Macedonian employee of the division, brings an example of such a concretion.
It recalls a small potato, or, with a little imagination, the mythical shoem, which, according to legend, animated the Golem.
The German special forces were there for the release of the hostages
The Egyptian government had sought Germany's help in resolving the hostage crisis - the experts came.
When the situation became serious, the special units were ready, but they have never taken action.
More and more details on the circumstances of the release of eleven European tourists kidnapped in Egypt are revealed.
According to information from the Ministry of the Interior and the Ministry of Defence, the German special forces also participated indirectly in the rescue operation.
For example, both Federal Army specialists and GSG 9 officials from the Federal Police Air Squadron and the Federal Criminal Police Office, as well as logistics experts from the Technischen Hilfwerk were at the place of release.
As the spokesman of the Ministries communicated Monday evening, the German forces were finally not required, the hostage-takers having freed their prisoners and having fled when they acknowledged the imminence of a release by force.
The Egyptian government has reportedly accepted the aid offered by Germany to include it as a support force.
“It didn’t happen so far,” said a spokesman for the Federal Ministry of the Interior.
The aggressors had abducted in southern Egypt the group of tourists composed of five Germans, five Italians, one Romanian and their eight Egyptian escorts.
Following their abduction in the desert in southern Egypt, the hostages were transbaunted in the border area between Egypt, Libya, Sudan and Chad.
The identity of the hostage-takers has so far remained vague, as well as the details of the release or possible ransom payments.
Those who have been rescued have in the meantime arrived safely in Cairo.
Steinmeier said the released hostages were under the protection of the German embassy.
He didn't say anything about the details of the release.
In Berlin at the moment, no information has been given on the date of their return to Germany.
According to "Bild" magazine, the five holidaymakers and special forces should have taken off aboard an Air Force Airbus and arrive in Germany on Tuesday.
United States House of Representatives Denies Bailout
The U.S. Congressional First Chamber narrowly failed the US$700-billion-dollar bailout of heavy financial markets.
The Dow Jones fell into the abyss.
With 227 votes to 2006, the U.S. House of Representatives rejected the bailout in favor of the government’s financial markets.
Despite all the calls of U.S. President George W. Bush and politicians at the head of both parties, the program that was due to curb the chaos of the financial markets did not win the majority.
In a dramatic maneuver, the supporters had desperately tried to convince opponents of the well-founded of this 700 billion-dollar heavy plan.
Barney Frank, one of the Democratic representatives during the debates, had called on MPs for a favorable vote although the plan was unpopular.
“It’s hard to have political recognition for avoiding something that hasn’t happened yet,” he conceded.
During the vote again, the Dow Jones fell by more than six per cent by 600 points.
The reason for this was the concern of investors that the state bailout could collapse.
He went back shortly before the end of the vote, and then, after the announcement of the failure, fell again.
Experts are now projecting further severe turbulence in international financial markets.
In order for the program to come into force, approval and the House of Deputies and the Senate are required.
The organizers report an increasing number of bookings
This should be a good winter for German travel agencies:
In terms of bookings for the coming months according to a study, turnover increased sharply compared to the previous year - for the winter season, even by more than 30 percent.
Despite weak cyclical prospects, Germany’s thirst for travel remains insatiable according to this study.
Regarding reservations for the winter season, the travel agencies recorded a turnover of more than 31 percent compared to the same period the previous year, as the German Federation of Travel Agencies (DRV) told Berlin on Monday.
According to the survey of the GfK Market Research Institute, there are already increasing booking figures dominating in the fall months.
Thus the sales figure would have climbed to about 11 percent in comparison with 2007, confided the DRV.
The sources of these results are GfK figures, which analyzes monthly booking data from 1200 travel agencies and makes estimates for the overall market.
Travel bookings made since the end of August 2008 would be recorded there.
Due to the low price of the dollar, trips to the United States would be particularly in demand, said the DRV.
There, the increase in bookings would amount to about one Third.
Besides this, Spain, Turkey and Greece as well as our country would be destinations particularly sought after by the Germans.
Especially organized trips are in high demand, explained the president of the DRV Klaus Laepple.
In view of the rising prices of energy and food products, the costs here would be "more easily calculable for the customer than for an individually organized trip".
Consumers can save money, among other things, with early booking discounts or All Inclusivie offers, Laepple said.
The summer months too have been highly retained so that an increase in sales figures will again be recorded compared to last year - although according to another study, the number of Germans who undertook a trip fell in comparison with the previous year.
My First Time at the Beer Festival
Ballermann or Apres-Ski's hits continuously, beer in liter pitchers and celebrities in Tyrolean designer costumes.
An event at the beer festival.
Suzanne Kronzucker and I actually don't have much in common.
She's a blonde, a TV host and wears a tailor-made Tyrolian suit.
I've got dark hair. I'm a student and my dress is second-hand.
But one thing connects us: just three minutes at the beer party, and already the photographers throw themselves at us and fill their memory card - very flattering, and this on my first visit to the beer party.
That's how we make friends.
The cheap Tyrolean costume seems to reach its goal.
As a beer festival tourist and normally living north of the Weißwurst equator, my sense of well-being in the traditional costume was until now limited.
But once in Place Thérèse, everything is half less worse.
Almost everyone wears a Tyrolian suit or leather trousers; no one looks jaded or affected by shame - it's completely normal.
Only the apron of my Tyrolean costume gets a few strange shots of eyes at the banana-chocó stand.
A Bavarian woman points out to me that I would have misattached my apron: "to the left means free, to the virgin environment, to the square right, to the widowed back."
Discreetly, I'm tickling my loop from the back to the left.
“It’s better,” she said and laughed.
Others don't give themselves as much trouble for these subtle flirting techniques and wear simple markers, on which is written "Too to get dressed up!" and exposes us their bare hindquarters without being invited.
The young man with the exhibitionist attitude is called Bob, arrives from England and comes for the premiere at the beer festival.
He thinks it's "gorgeous", with an "ooooo" elongated.
He's telling me all this after getting relieved of the mug he'd drank before.
Directly beside this fire hydrant that everyone thinks is a trash can.
Bob is therefore one of these infantly famous "wild pistors".
Others don’t have the chance to get rid of alcohol this way.
Around eight o'clock in the evening, ribambelles of first responders run on the place of the party and must take care of the poor drinkers.
Nurses intervene rather in packs - always by four, they drag their stretchers covered with tents in tents.
It works this way for most visitors of the beer festival: we get there empty, we come back full.
Those who rest in the coffin of the stuffed under the tarpaulin are not visible.
"It's the ones who can't swallow anything anymore," one of the rescuers shouted in response to my question and then disappeared into the fray.
Victim of accidents identified by the police
A 63-year-old pedestrian, who died in the hospital after being hit by a vehicle, has been identified.
Carole Paulson, from Chelmsford Road in Brentwood, was implicated in Friday afternoon's accident in town on Shenfield Road.
She was transported to Queen's Hospital, Romford, but later died there.
Following the accident, a 51-year-old man was arrested on suspicion of dangerous driving.
He's been released on bail ever since.
Turkey is expanding its diplomatic horizons.
Long before Turkey thought of joining the European Union, the European powers were eager to enter its hinterland.
On the east side of the Bosphorus, perhaps 20 steps from Asia is one of the finest relics of its fallen imperial ambition.
Hydarpasha station was designed in a neo-renaissance style by two German architects, Otto Ritter and Helmut Conu.
At least that’s what the guides tell us.
The monument is arranged on horseback at the bottom of the platforms, equipped with observation towers at each of its corners, such as some German provincial town halls.
The stones are dirty.
The whole building's in ruins.
But once inside the vaulted ticketing, we have no more doubt about the size of the company, which represents a passage to the west.
The station was inaugurated in August 1908 by a German association, the Anatolia-Baghdad Corporation.
Germany, retardant to the game of imperialism, wanted to realize its medieval ambitions of domination thanks to this railway that arrives in Damascus, Baghdad as well as the land better known as Saudi Arabia.
But German imperialist ambitions collapsed during World War II.
His railways were attacked by Lawrence of Arabia and his Arabic irregulars.
The relative isolation of its surrounding area, engendered by the icy borders of the Cold War, is over.
. The British and the forces of the empire advanced beyond Egypt and pushed the Turks and their German allies out of Palestine and Syria.
But there was also bad news for Hyderpasha station.
In 1917, a train loaded with ammunition exploded destroying its subtle roof.
Turkish sources say this is sabotage.
Since then, she slowly falls into ruin, engulfed in the meanders of history.
But today, the rail crossing to Anatolia and all the eastern points, at least symbolically, to underline the enlargement of Turkey's diplomatic horizons.
The ruling Justice and Development party, the AKP, has created a new foreign policy for the country.
The relative isolation of its surrounding area, generated by the icy borders of the Cold War
Now it's time for a new policy of commitments.
The Turkish government has remarkable relations with Israel and Syria, the Palestinian factions of Hamas and Fatah, Iran and Iraq, and of course with the European Union and the United States.
To judge the parameters of this new foreign policy, I embarked on a bed car in the direction of the Turkish capital, Ankara, to visit MP AKP Turkish Suat Kiniklioglu, one of the foreign policy experts.
The next morning, after a 10-and-a-half-hour journey, shaken on noisy rails whose cadence reminded the old world of the famous documentary The Night Mail, I finally arrived, in the Turkish capital – presented as a new city of a new centuries-old state, turning its back to its German past.
But the AKP, with its well-known Islamist roots, represents an example of a change in the Turkish consensus.
He suspected the West, and especially in Washington.
A taxi accompanied me to the headquarters of the AKP, an ultra-modern structure, expressly built of stones and steel, in a developing neighborhood, surrounded by half-built shopping centers and by many pastries in which middle managers in costume-tie-men and women - meet for morning affairs.
Suat Kiniklioglu could have been a centre-right politician from any other party in Europe.
Costume, tie and he even has a Black Berry.
"the purpose of this foreign policy is to reintegrate Turkey now into its immediate vicinity.
“The Cold War was an anomaly,” he said.
Turkey has been cut off from its hinterland.
Now she has to look east and west at the same time.
This was not the case for both of them.
She had to do both.
"But, now, at some point, I asked if" Turkey shouldn't she choose?"
"Turkey," he said, "don't want to have to choose between the two."
He then pointed out an aspect that almost all those with whom I have been able to speak have recited to me by heart: The Turkish railway goes not only to the Middle East, but also to the Caucasus, and around the Black Sea, it is therefore, as much an advantage for Europe and the United States as for Turkey itself.
With the integration of Turkey, the message seems to draw a Europe traveling metaphorically on the tracks to Asia and the Middle East.
Returning to Hydarpasha Station, after another night without sleeping, I rethought these two Germans, Herr Ritter and Herr Conu, who followed the construction of this building 100 years ago.
They would have been surprised to see that the European ambitions of the Middle East could, in large part, be in Turkey’s hands.
As I waited at the terminal, the ferry across the Bosphorus, I remembered the period during which Turkey had been named "the patient of Europe".
At least there is no longer any doubt on the continent that could claim this fascinating country.
Memoirs of Vernon Handley and William Woodruff.
Mark Brown writes: Music director at Guildford since 1962, Vermon "Tod" Handley (died 9/11) was in charge of the Guildford Philharmonic Orchestra and Choir.
Already part of his musical project for the city, he founded the following year, the fantastic choir of young people, Proteus.
The choir had to include those under 21s, but before Proteus could sing his last song in 1979, many of us who were more than 20 years old—refused to abandon the choir.
The denomination "Proteus" (which changed shape according to mythology) represented the choir's willingness and ability to manage any type of music was presented to him, whether madrigal or Messianic.
The musical versatility produced by such a young choir was often impressive, always exciting, thanks to the inspiration of one man, and his enthusiasm for music, which remained constant over the years.
Remind Yourself to how much Tod told us to "leave that the music speaks for itself".
He reportedly said, "The composer knows what he wants"
It's all there in music.
So sing!"
His baguette technique was absolutely clear, precise, even if ever dictatorial or appearing.
Regardless of the musical standard, he raised it much higher.
John Frayn Turner writes:
If a driver were to be named a knight, it's Vernon Handley.
I knew him well during the decades from 1962 to 1982, when he drove the Guildford Philharmonic.
For the past 40 years, I've seen more than a hundred of his concerts, and I can honestly say that none of them has ever disappointed me - and, a few times, they've even inspired me
Tod Handley held this combination of greatness and personal modesty so rare.
He hated drivers who, according to him, "only focus on certain people."
He'll miss many of us.
William Woodruff
Professor John Beckett wrote:
Your obituary of William Woodruff (died September 25) states that "in 1946, he had resumed his studies in economic history, in Oxford, and in 1950 became a member of Houblon-Norma research, while he was doing a BSc, an MA and a PhD".
That's what's a letter from Woodruff's author in Beyond Nab End, but it's not correct.
From 1946 to 1953 he was a professor of economic history at the University of Nottingham, and at the same time completed a PhD thesis on the British plastic industry, under the supervision of Professor J.D. Chambers; it was later published in 1958 as The British Rubber Industry.
In the 1950s and 51 in the United States, he was studying at the Norman Hop, and in the summer of 1952, at the Universities of Illinois, Harvard and New York.
In 1953 he left Nottingham for Illinois.
The reason Woodruff chose to hide that part of his past remains unknown.
J. Vicente Resino at the Faculty of Philosophy
"I recommend José Vicente Resino's exhibition "the Flamenco and life" because his black and white photographs, a documentary style, are fantastic.
They caught my attention because of their simplicity and the strength they transmit and because they always treat the protagonists with great respect.
An exhibition that conveys a lot of feelings.
Resino knows how to capture magical moments.”
Second Assault for Honda Super Sales
In November, Honda will begin commercializing the second generation of the Jazz model.
If its predecessor already had good habitability, this new monovolume has an even wider interior space.
To this is added a few refined mechanics, which increase driving comfort and save more gasoline.
An evolution in the face of a revolution.
That’s the second generation of Honda Jazz.
Although aesthetically the new Honda Jazz has a line very similar to the previous model, there are many changes introduced in this monovolume.
Among them, there is an innovative design, a new platform, larger dimensions and new engines.
However, before considering the new model, it should be noted that this new Honda Jazz arrives six years after the release of the first generation.
First of all, it can be seen that Honda has renovated this model in a shorter period than that of the other manufacturers.
Althougher in Europe, the Honda Jazz is less well-known, this model is a sales phenomenon in other markets.
This is the case in Japan, where the Honda Jazz was the most marketed car in 2002 and also in 2008.
Precisely in Japan, nearly a million Honda Jazz has been sold since its launch.
The Old Continent, with more or less a million cars sold in six years is in second place.
However, Honda claims that this new Jazz will allow it to increase sales in Europe.
Thus, while in 2007 the Japanese brand marketed 83,000 Honda Jazz, in 2009 it expects to sell 100,000, which would represent a growth in sales of 17% in the European market.
In the Spanish market, Honda has marketed 8,000 Jazz since 2002, accounting for 6.7% of Honda’s sales in Spain.
Heads of the Spanish subsidiary hope to sell 2,000 Jazz in one year.
It is precisely the release of the new Jazz that will allow Honda to make up largely for the decline in sales in Spain.
Indeed, the managers of the brand hope to end the year with a sale of 22,000 cars, i.e. 4,000 cars less than in 2007, a decrease in sales of 16%.
Thanks to this increase in sales, Honda increased its market share in Spain, reaching a market share of 1.8% compared to 1.6% last year.
The Japanese brand also hopes to obtain a market share of 2% in 2010.
Honda hopes to get this market share when the new model comes out.
It’s Insight, a five-door hybrid with a compact size – 4.37 meters in length – on which the Japanese company hopes to market nearly 200,000 cars per year around the world.
Depending on the markets and according to the Japanese manufacturer's estimates, 50% of Insight's sales will take place in the United States, while the other remaining half will be divided between the Old Container and Japan.
The commercial launch of Insight is planned in the first three months of next year, following its presentation to the public in January in Valencia.
Compared to the first generation, the new Jazz increases its dimensions.
Its length reaches 3.90 meters (five centimeters more), its width 1.69 meters (two centimeters more) and the distance between its axes is 2.50 meters which represents an increase of five centimeters.
On the other hand, the height does not change or 1.52 meters.
Dimensions also increase and the interior space.
On the one hand, this gain is due, on the one hand, to the introduction of a new platform and, on the other hand, to the introduction of a reserve of gasoline in a central position, a solution also adopted for the Honda Jazz.
In the same way, the capacity of the trunk – which has a dual bottom system – can hold up to 399 liters, 19 liters more capacity compared to the first-generation trunk.
It should be noted that these dimensions are those of the version with a 1.4L engine, since the trunk capacity of the Honda Jazz 1.2L is 379 liters.
The other innovation - in addition to external elements such as taillights or panoramic roof - is the improvement of access to the rear seats.
Doors that give access to rear seats have an opening angle of 80 degrees, with respect to the rear doors of the first Jazz that opened with an angle of 67 degrees.
Engines are also new to this second generation of Jazz.
At the beginning of its commercialization, this small model will be equipped with two gasoline thrusters of 1.2 and 1.4 liters.
Both engines feature i-VTEC technology that reduces fuel consumption and CO2 emissions, makes the engine more powerful and increases engine speed.
The first 1.2-litre engine develops a power of 90 horsepower at 6,000 rpm and 114 Nm of torque at 4,900 rpm.
This thruster - which on the previous Jazz reached 78 horsepower - has a fuel consumption of 5.3 liters per 100 km and emissions of 125 grams of CO2.
Compared to the previous thruster, which on the previous generation reached 83 horses, now reaches 100 horses.
This 100-horsepower Honda Jazz 1.4L has a combined consumption of 5.4 liters per 100 km and emissions of 128 grams of CO2.
‘Bee Car’ That Avoids Collisions
To advance the development of technologies for accident prevention, Nissan was inspired, this time, by nature, especially bees.
The Japanese company has created a robot that, by imitating bee theft, avoids accidents.
It’s called Bio-Mimetic Car Robot Drive, or BR23C and represents the first steps towards collision prevention technologies.
Engineers at the Advanced Technical Center of Nissan Motor Co. made this small robot in collaboration with the Center for Advanced Science and Technology Research at the prestigious University of Tokyo, Japan.
According to Kazuhiro Doi, the managing director of Public Relations for Technology and Brand Management Research and Development, the BR23C represents the rise of the Nissan safety shield.
This robot will allow the brand's vehicles to prevent collisions.
During its flight, each bee creates its own personal space of an oval shape that closely resembles the Nissan safety shield.
But the most important thing is the composed eyes of the bee, able to see in an angle of more than 300 degrees and in all directions, which allows it to fly uninterruptedly inside its own personal space.
To recreate this visual function, the engineers have developed the so-called Laser Range Finder.
It detects obstacles over a distance of two meters and within a radius of 180 degrees, calculates the distance to this object and sends a signal to the microprocessor, immediately, to avoid the obstacle.
“As it detects an obstacle, the small robot will mimic the movements of a bee and immediately change direction by turning its wheels 90 degrees or more to avoid the collision.
The biggest difference from any other existing system is that the escape maneuver is totally instinctive.
If this were the case, the robot wouldn’t be able to react quickly enough to avoid obstacles,” explains Toshiyuki Andoh, director of the Displacement Laboratory and principal engineer of this project.
Contrary to a bee, the robot cannot be diverted upwards or downwards, nor diagonally; it can only move in two dimensions and depending on what its wheels allow and not in infinite directions like bees.
For this reason, Nissan used a rotation function, but also acceleration and deceleration, so that the small robot could avoid obstacles.
“Each second this device must only process information and act according to this data.
It doesn’t need to keep the information or the intuitive logics of prior maneuvers, which is why it can operate continuously with only a few dozens KB of memory.
This may be surprising, but we’re not talking about gigabytes of memory, or even megabytes.”
This represents the first-facilition of the development of new technologies for the instantaneous prevention of collisions, a technology that will be introduced into production cars in a decade after Nissan.
The robot works with lithium-polymer batteries, which are lighter and last longer than lithium-ion batteries.
The other possible application of this technology in the future could be the adaptation of this device on a GPS satellite navigation system to guide the driver to his destination by avoiding obstacles on the road.
They're afraid they're mortgaged
It must be acknowledged that the Treasury of the United States, in addition to having a lot of cash to make plans, is not devoid of geniuses.
Faced with the crisis, and to prevent Americans from embarrassinginging mortgages with solvency banks, they have created a game to learn not to fail: Bad Credit Hotel.
That's to say 'the hotel of bad credits' ... or stories.
The gloomy aspect of this accommodation and especially the Maître d'Hôtel leads us to think several times if it is the right time to ask for a loan.
And, above all, where to do it.
Of course, this game gives useful but undetailed information.
It's more of a game for teenagers.
¿What to do if the game ends?
Since a dream room appears inside the hotel.
It's better than nothing, because it's unthinkable to buy a house
Morgan Stanley Opens Capital at MUFG
Morgan Stanley has announced the entry of Mitsubishi UFJ Financial Group (MUFG), Japan’s first bank, which will disburse nine billion dollars to take 21% of its capital, a nearly welcomed by a sharp decline in its stock price.
A week after unveiling an interim deal, the two banks explained that MUFG would buy 9.9% of Morgan Stanley common shares at a unit price of US$25.25, a total amount of US$3 billion.
The selected price is 19% less than the book value of the securities as of August 31.
MUFG will invest an additional US$six billion in the acquisition of convertible securities that provide a return of 10 percent with a conversion price of US$31.25.
Morgan Stanley said the overall transaction would be based on an average unit price of US$29, 28% above its current price.
However, Morgan Stanley lost 6.79% to US$23.07 around 17:00 GMT.
“This strategic alliance is an important opportunity to accelerate Morgan Stanley’s transition to banking holding status,” said John Mack, chief executive officer.
Morgan Stanley passed this new statute last week, which should allow it to diversify its activities but bring it under the authority of the Federal Reserve.
His alliance with MUFG also confirms that the current financial crisis is forcing Wall Street’s biggest names to adopt a much more cautious attitude than before.
The modalities presented Monday also show that the agreement has been changed in recent days: last Monday, Morgan had simply announced that he would sell up to 20% of his shares in Japanese for about 8.5 billion dollars.
“A week ago,” Toshihide Mizuno, MUFG’s executive director, told Tokyo, “we thought the stake would be made up entirely of common shares.
However, in view of the current situation of the economy and the market, we wanted to minimise the risks and cover ourselves."
Based on the weighted average price, MUFG will pay its Morgan Stanley 7% securities below their book value.
And the operation will result in a dilution of about 20% of the profit per share.
The agreement provides that MUFG will be able to convert half of its preferential securities into common shares within one year if they exchange more than 50% above the conversion price, at about US$47, for a given period.
Morgan Stanley assures that MUFG's capital will allow it to seize investment opportunities, strengthen its balance sheet and increase liquidity.
A spokeswoman for the group, however, declined to elaborate on the strategic plans of the two new allies.
After MUFG’s investment, Morgan Stanley is expected to display a Tier One solvency ratio of about 15%, one of the best in the industry.
Morgan said it has "clearly" eased its balance sheet since the end of August.
The last few weeks have been challenging for the group, which has seen its stock price come halved while the cost of insurance against a risk of default on its debt soared.
This cost fell on Monday but remained at a high level, around 12%.
Last week, Goldman Sachs, the only “survivor” of the major investment banks of Wall Street after the bankruptcies of Bear Stearns and Lehman Brothers and the acquisition of Merrill Lynch, announced to have raised 15 billion dollars, partly from Berkshire Hathaway, Warren Buffett’s group.
Rafael Correa in Quito on Monday.
Rebuilding the Republic around 21st Century Socialism.
This is the joint project of the Venezuelan Hugo Chávez, the Bolivian Evo Morales and the Ecuadorian Rafael Correa.
This Sunday, like his counterparts and friends, it is the third that put to voice a draft new Constitution.
Mission accomplished since 64% of voters voted "yes" in the referendum, according to official results covering 80% of the votes.
According to these results, the "no" won 28%, 7% of the votes were void and 0.7% were white votes.
In order for the draft Constitution to pass, it had to obtain half of the votes plus one.
On Sunday, two polls carried out at the end of the polling stations and a count of a non-governmental organization had announced a large victory of the "yes", ranking between 63% and 70%.
Rafael Correa had also claimed in the night from Sunday to Monday the victory of his draft Constitution.
"The "Constitution has triumphed overwhelmingly", he assured, congratulating the Ecuadorians at the siege of the governorate of Guayaquil, 280 kilometers southwest of Quito.
As of course, Rafael Correa was congratulated by Chávez and Morales but also his Chilean counterpart Michelle Bachelet.
The election, which took place calmly according to the observation mission of the Organization of American States (OAS), focused on a text in 444 points consolidating the "new socialism" defended by the president.
The draft Constitution enshrines the power of the state over the economy, reserving to it the "planning of the development" of a country living mainly from the extraction of oil by foreign companies and the currencies sent by its emigrants.
Supported by Correa, elected in 2006, the project also grants reinforced powers to the Head of State, who will be able to carry out up to two consecutive four-year terms and will have the opportunity to dissolve the Assembly.
Correa has already announced that he will use this power and seek a new mandate in February 2009.
The Constitution also consolidates the principle of free health and education services that the president has begun to establish in this country of 13.9 million inhabitants, where 50% of the population lives below the poverty line.
Finally, it prohibits the presence of foreign troops, which will put an end to the agreement between Quito and Washington for the use of an Ecuadorian base as a starting point for U.S. anti-drug operations.
The 19 hostages have been released in Chad
An Egyptian commando launched the assault on the kidnappers of the eleven tourists and their eight escorts captured ten days ago.
They're in Cairo.
The eleven European tourists and their eight Egyptian escorts held captive for ten days in the desert were brought back this Monday afternoon safely in the Egyptian capital.
In the morning they had been released by an Egyptian commando in Chad.
Apparentially fit, the hostages arrived around 3:30 p.m. aboard a special plane at the military base of al-Maza, adjacent to Cairo International Airport.
They were immediately transferred, without being able to talk to the press, aboard helicopters to Maadi hospital, a residential suburb of Cairo, for examinations.
They are in "good health", and "no ransom has been paid" to the kidnappers," Egyptian Tourism Minister Zoheir Garanna said on the tarmac.
Captured on September 19 during a 4x4 safari at the foot of Mount Ouanat, on the borders of Egypt, Sudan and Libya, this group of hostages had been tossed from one cache to another by 35 unknown kidnappers.
It includes 11 tourists - five Italians, five Germans and one Romanian - as well as eight Egyptians: two guides, four drivers, a border guard and the director of the Aegyptous agency, organizer of the safari.
An Egyptian security official said that 30 members of the special forces, transported on board two helicopters, launched the assault in the night just before dawn.
"An exchange of gunfire occurred, and half of the captors were killed, with the others fleeing," the official said.
He said that 150 members of the Egyptian special forces of the "lightning" unit had in total been sent to Sudan, where they received support from German and Italian commandos.
Italian Foreign Minister Franco Frattini mentioned from Belgrade, where he is, the role played by secret agents and elements of the Italian special forces.
“We must recognize that we have achieved this result thanks to the professionalism and efficiency of our secret service men, special forces,” he said.
He also denied the payment of a ransom.
The day before, the Sudanese army claimed to have intercepted during a patrol a 4x4 vehicle on which the captors were, killing in six, including the Chadian leader, and arresting two.
The army had claimed that they were linked to a rebellious group in Darfur, the Sudan-Unity Liberation Movement (SLA-U), which this movement had immediately denied.
Letters - The Silent Majority of Culture
A debate on the financing of the cultivation makes headlines and occupies this election campaign.
So much the better.
However, an area of our cultural life is always forgotten.
Who will rise to denounce the sums of misery given to small museums, archives, archaeological excavations or starving national historic sites?
What politician will dare to remind the federal government that it is neglecting its monuments and heritage buildings?
That in Quebec, as in Canada, we do not have real laws effectively preserving our heritage?
Did you know that the French government devotes three and a half million euros to the restoration of Chinon's only castle in the Loire Valley?
Among our American neighbors, it is written in the Constitution of their country that the protection of heritage is part of the culture of Americans and that this heritage must be protected by all citizens, all elected officials and all government departments, in consultation.
In Quebec, at the Fédération des sociétés d'histoire du Québec, at least 40 000 volunteers grouped together in 211 societies of history, heritage, archival and genealogy are concerned with excavating history, preserving with three under heaps of private archives and preserving archaeological remains.
It is they, often, who are the watchdogs of our heritage, who protest with the energy of despair when promoters and decision-makers launch their bulldozers against our old stones and forgotten cemeteries.
To when, a forum for history and heritage?
Benelux governments nationalize part of Fortis bank
The Benelux states assist the Belgian-Dutch bank, as the first European banking institution in distress following the snowball effect of the credit market crisis in the United States, by partially nationalizing it. The three countries bear, up to a sum of 11.2 billion euros, this financial and insurance institution also owning interests in Hungary.
This weekend, the Belgian, Luxembourg and Dutch governments agreed, at the highest level, in this case, by also appealing to the European Central Bank and the head of competition of the European Commission.
In the eurozone, the first major crisis in the context of the international financial crisis for more than a year, is for Fortis. From a certain point of view, the decisions that will be taken in the case of this bank will serve as a precedent.
In accordance with the decision taken in the night of Sunday, the three states will buy back nearly half (up to 49%) of the capital of the bank located in each of the countries.
The bank will undoubtedly sell part of its holdings, among which, in the first place the activities, mainly of insurance, that it acquired last year from the Dutch organization ABN Amro.
Last week, Fortis stocks began a dizzying fall. In the second half of the week, serious signs of crisis have already been revealed in the bank.
Analysts agree that with its 85,000 employees, the bank is far too big for it to be allowed to go bankrupt.
On Friday alone, the company's shares fell by 12 percent, reaching its lowest level 14 years ago.
Since January, stocks have fallen by more than two-thirds of their value.
Taking into account the current value of the shares, the total value of the capital of the group is around 14 billion euros, which, according to the company's managers, is unrealistic.
The management of the company accuses the uncertainty across the Atlantic, in connection with the adoption of the U.S. 700 billion-dollar rescue plan, of being at the origin of the fall of Fortis shares.
On Monday, the papers have already benefited from a slight increase.
On Friday, Filip Dierckx was appointed head of the bank as the new managing director.
The financial organization was also looking for private acquirers, but has not yet received a substantive proposal.
Previously, the Belgian government announced that investors should not worry, they were not going to lose their money.
No panic was felt in the bank's customer circle and no agency was stormed.
In Hungary, Fortis owns independent agencies and has also acquired leasing companies.
A fox in the chicken coop
In America, life and health insurance companies frequently refuse to sign an insurance contract with an applicant, based on information regarding their drug purchases.
Information protection experts are concerned that the data market will become uncontrollable.
"There are data protection programmes which link the use of information concerning the prescription of medicinal products, in any case, to the consent of the data subject.
This kind of program must be in independent hands, otherwise it amounts to entrusting its chicken coop to a fox," Richard Dicket, the creator of the program used to manage drug prescriptions, told the Washington Post.
Insurance companies make the insurance premium and insured capital dependent in the event of damage, the state of health of the client who presents themselves, and if they believe that the risk is too great, they do not even insure it.
In the past, they sent the applicants to a medical examination, and they only signed an insurance contract with them after becoming aware of the results.
For ten years, Dick has found a much cheaper procedure: from an identification number, he is easily provided with pharmacies, the data concerning the purchases of drugs from the person in the eighteen months. From this, the program determines itself, what disease the person suffers from and what is his state of health.
For example, if this person regularly buys high doses of cholesterol reducer, this refers to an extremely high level of fat in the blood, which immediately puts them in a higher risk category.
Several versions of this program are in circulation. At the same time, some determine a risk coefficient, therefore, there is not much left to do to the insurer apart from paperwork. However, tiny problems may still appear.
Among the disadvantages of this program is the fact that a drug can be used for different purposes. For example, some mixtures can be used against migraine or hot flashes, but can also be effective against depression.
The latter is considered by insurers as an aggravating risk factor, while others do not.
Companies have developed in the research and analysis of the data. They have to request permission from the patient before collecting the necessary information from the pharmacy.
From now on, they are constrained by the authorities, even if they have not been punished for their failures in the past.
Recently, some companies are also dealing with the results of laboratory analyses, and linking them with the data on drug use. In this way, they are able to provide an even more accurate picture of the health status of patients.
More and more companies have access to data, and usage control is becoming increasingly difficult.
There is a separate law on the protection of medical data, but its scope extends only to practitioners and insurers.
A proposal for a law on the expansion of the supervisory circle of the authorities concerning companies specializing in the provision of data is currently before Congress.
Dick Richard acknowledges that this is not enough and that is why he has developed even further his program, which would condition the transmission of data to the exclusive agreement of the person concerned.
It is another question of whether the person concerned is really free to give his agreement or not, since if he refuses, insurance does not sign an insurance contract with her.
Thus and in the end, chickens depend on the benevolence of the fox.
The overall menu of Marseille
The European Union and India are halving their trade.
Since the European Union and India are very important trading partners for each other, this theme also dominated the agenda of this ninth summit alongside the other, largely global issues.
Today, a France-India summit will also take place, which will focus on cooperation on atomic energy.
The European Union recognises that India is a major emerging democratic power that should be given a broader right of speech in international affairs, but member countries have not yet succeeded in agreeing on their support in New Delhi for its candidacy as a permanent member of the UN Security Council.
Moreover, they did not dwell too much on this issue, yesterday, at this 9th summit held in Marseille.
The French president, Nicolas Sarkozy, like the current president of the Union, as well as the president of the Commission José Manuel Barroso and the head of diplomacy, Javier Solana, welcomed the Indian Prime Minister, Manmohan Singh, with whom they agreed that in five years, they were going to double trade, which means an increase of a hundred billion euros.
Taking into account that between 2000 and 2007, the exchange of goods has increased from 25 billion to 55 billion, this does not appear to be an overly ambitious goal.
In this sense, they have harmonized from a legal point of view the 26 bilateral agreements with India concerning civilian flights. In this way, air exchanges will also be able to flourish in the future.
India would like to sign a free trade agreement with the Union by the end of 2009.
Sarkozy has vowed to expedite negotiations.
The objective is to balance the situation with, on the one hand, India being the EU's largest trading partner, and on the other, New Delhi, which is only ninth among the EU's partners.
The summit devoted its attention to global affairs.
The Afghan and Pakistani situation has been strongly condemned, as well as all forms of terrorism, and it has been referred to the urgency of holding a United Nations conference on this issue.
The completion of the Doha Trade Round has also been requested, although both have a large share in the current failure.
The EU has confirmed that it remains faithful to the energy and climate programme, in particular that it would like to reduce its releases of toxic materials by at least twenty per cent until 2020.
India also agreed on this point, as well as the fact that a global market would have to pass at next year's climate conference, and reduce greenhouse gas emissions by fifty per cent until 2050.
They would also like to prevent rising food prices, and supported convening an international working meeting to address the financial crisis.
India’s head-of-state travels today to the French capital, where during a bilateral meeting he prepares to sign an agreement on the peaceful use of atomic energy.
In Paris, it is hoped that French companies will receive orders worth twenty billion euros for the construction of Indian atomic reactors.
According to information from the news agency, the agreement would cover 15 years.
In Frankfurt, more than three hundred Italian publishers
Strong presence of Italian publishers at the Frankfurt International Book Fair.
More than three hundred Italian publishers present at the 60th edition of the Buchmesse, the most important international meeting in the exchange of rights.
The Frankfurt International Book Fair awaits for this edition, more than 7 thousand exhibitors from 101 various countries that will occupy the 171,790 square meters of the Salon with more than 403 thousand titles in exhibition, and Turkey as guest of honor.
It will be the Sub-Secretary of the Ministry of Property and Cultural Activities, Francesco Maria Giro, who will represent the Italian Government, at the inauguration ceremony of the Italian Butterfly: indeed, Italy will be present in an institutional way, with a Point Italy- 264 square meters of exhibition space.
It will be followed by the appointment with the press in the Room Struktur, the butterfly 5.0 of the Buchmess: an opportunity to present the figures, trends and foresights on the position of the edition in Italy.
According to the data, the importance of foreign author's books gradually decreases relative to the totality of Italian production, and in particular, compared to that for adults and children.
Steve Fossett's plane, the billionaire missing a year ago.
Steve Fosset's plane wreck, the billionaire missing on September 3, 2007 while flying on the Nevada desert, has been found.
Debris was found on a 3000-metre-high plateau in the Sierra Nevada area of Mammonth Lakes, on the California-Nevada border.
Inside the plane, no human remains however.
Madera County sheriff John Anderson ousted the remaining doubts: "The plane has been located, we've sent a team, and now we have the confirmation that it's the one Steve Fosset was traveling on the day he disappeared," he said at a press conference.
The sheriff specified that no human remains were found either on the plane or in the vicinity.
In February, the 63-year-old billionaire was considered dead.
The U.S. Transportation Safety Board (Ntsb) reported that a few hours after the wreckage, a team of investigators sent to the scene, identified the aircraft: it is indeed the Bellanca 8kcab, which disappeared on September 3, 2007, when Fosset took off from Yerington, Nevada for a three-hour flight.
Yesterday, still in California, not far from the Nevada border, some of Fosset's personal belongings were found by a couple around their Mammoth Lakes home.
These are two documents bearing the name Fosset, both issued by the Federal Aviation Administration of Illinois, cash and a sweater.
Fossett's research was halted one month after he disappeared.
The billionaire had earned a place in history thanks to a long series of records.
On the sixth attempt, he had become in 2002, the first man to complete the round-the-world course on an aerostatic balloon: two weeks of solo flying.
Three years later, he toured the world by plane and non-stop.
Among all these records, also that of having flown at 15,445 meters high, on the Andes, but with a co-pilot.
Glk, the advertisement you don't expect.
An unusual 4x4 of an original and well-defined design, with marked lines, wide surfaces and sharp angles.
Here, in synthesis, Glk, the latest in the "compact" off-road of the house of the star, with which Mercedes-Benz tried to give a wind of novelty in this sector.
Precisely because of its non-standard, unexpected and unconventional content will be the communication that will accompany the launch of the 4x4 Glk, available in the Mercedes-Benz showroom, from October 17.
Thus the hype that will accompany the beginning of the new car will give rise to an unprecedented modality of communication, through a futuristic campaign of 3D displays, used for the first time in Italy by an automotive brand.
A max displays project, articulated in three different phases, which will dominate the heart of Milanese shopping, Corso Como, until November 15.
The first phase of this new type of communication foresees the presentation of the car in stereoscopic vision, and thanks to special glasses distributed around Corso Como, it will be possible to see the new 4x4 in almost real dimension and in three-dimensional format.
Indeed, we will have the impression that by looking at the image, the auto comes out of the poster.
Then, through the use of Elimina8 innovative technology, the new Glk will be illuminated according to the spots, in all its details, and then recomposed into a single image.
It is obvious that with this advertisement, Mercedes is trying to introduce something new into the stereotypical field of motorist communication.
Will she succeed with this formula in arousing the interest of the future acquirers? We will see.
These are Italian hooligans.
Triveneto, they're risking Daspo.
But who are these 150-200 young boys and girls of which Italy is ashamed now? They are part of the group "Ultras Italy" which follows the Italian national team for years, and which, until now, had never created big problems.
Nor had it ever clashed with the opposing tifosi.
The extraction of the group is on the right.
Promoters come from Triveneto.
From Verona, Padua, Trieste, and Udine.
In Sofia, there have been small groups (really) of Campania and Puglia.
They had tricolor flags on which their city of origin appeared: Saturday night, they were all abducted so as not to be identified.
They are inspired by English tifosery.
In Bulgaria, they found a tiffosery of real Nazis, that of the Levsky.
La Figc had made available Italian tifosi, 144 tickets for the part: all nominatives, and therefore easily controllable.
And the Viminal had indeed controlled them all: among those who left for Sofia, none had a Daspo in course, none had been forbidden to attend a stadium.
Four Italian tifosi who had a history of stadium crime, did not have the right to the ticket, and could not make the trip.
Now the Viminal is waiting to read the acts that will happen to the Bulgarian police, and will then take measures: in this case, it may be that tifosi arrested or identified in the disorders will purge a Daspo for at least five years.
An international Daspo that forbids frequenting Italian stadiums, but also European.
In short, our hooligans will no longer set foot in the stadium.
Luckily.
But now it's time for fear-emulation: that is, others are likely to add to the first one hundred and fifty.
"We must extinguish this fire immediately, and not legitimize who behaves in this way," argues the Viminal.
So, "keep your eyes open especially in view of Wednesday's national team game in Lecce"
In Apulia is indeed a small nucleus of supporters of the Ultras Italy.
Tomorrown, meets the Observatoire, Tuesday the Casms which can even count on a section of the Aise, i.e. of the secret services, which deal precisely with stadium problems.
"Duce-Duce choirs, and the outstretched arm during Mameli's anthem? In Bulgaria, it's not a crime"
Here is the opinion (expressed in a really unpleasant way) of Domenico Mazzilli, recently, director of the Viminal Observatory (he took the position of Francesco Tagliente and then Felice Ferlizzi).
Mazzilli was formerly prefect in Trieste, where there is a nucleus of supporters of the Ultras Italy group, founded in 2002.
It is true, as Mazzilli says, that in Bulgaria, renting Mussolini is not a crime, but it is certain that the behavior of these 150-200 tifosis has been shameful.
"I am not a sociologist - adds the No. 1 of the Observatory - the crimes must be attributed in the country in which the fact occurs.
Until now, this group had stood by, now we'll see what happened, and we'll evaluate for the future.
But let's also talk about the whistles towards Mameli's hymn: these too are not crimes, but if you allow me, they are not polite..."
