Jobboldali populisták diadalmaskodtak Ausztriában, összesen 29 százalék
Az ausztriai előrehozott parlamenti választások első előzetes eredményei szerint mindkét párt észrevehető gyengülését eredményezték a jelenlegi nagy koalícióban, és jelentős lendületet adtak a jobboldali populista pártoknak.
Az Osztrák Néppárt (ÖVP), ahol a jelenlegi vezető, Wilhelm Molterer pozícióját súlyosan megrázták, különösen nagy veszteségeket szenvedett.
Ezzel szemben Jörg Haider, az Alliance for the Future of Austria (BZÖ) kampányvezetője diadalmas visszatérésre készül a nemzeti politikához.
Az előzetes eredmények szerint a Szociáldemokrata Párt (SPÖ) továbbra is a legerősebb az országban a szavazatok 29,8 százalékával, azonban a 2006-os választások óta a szavazatok 5,5 százalékát veszítette el.
Az ÖVP 25,6 százalékával a szavazatok közel 9 százalékát veszítette el, ami még ennél is rosszabb.
Ezek mindkét nagy párt legrosszabb eredményei az osztrák háború utáni történelemben, és különösen a Néppárt számára, akik sürgették az előrehozott választásokat, ez szó szerint katasztrofális eredmény.
Július elején, amikor az ÖVP kilépett a koalícióból, a Néppártnak még mindig jelentős előnye volt az SPÖ-vel szemben a közvélemény-kutatásokban.
A szavazók azonban nyilvánvalóan megbüntették őket, mert hagyták, hogy a kormány megbénuljon.
Az eredményekre adott első reakciókban már spekulációk merültek fel a pártvezető és a jelenlegi alkancellár, Wilhelm Molterer esetleges lemondásával kapcsolatban.
A megfigyelők arra számítanak, hogy erre már a pártvezetés hétfői rendkívüli találkozóján sor kerülhet.
Egy ilyen fejlemény minden bizonnyal leegyszerűsítené az SPÖ és az ÖVP nagy koalíciójának megújításához vezető utat a választási eredmények egyre valószínűbb visszaszerzése felé.
Tekintve mindkét jobboldali populista párt - a Szabadságpárt (FPÖ) megerősödése a szavazatok előzetes 18 százalékát és BZÖ tizenegy százalékát szerezte meg - azonban ugyanakkor a szociáldemokraták kifejezték félelmüket az 1999-es megismétlődéstől, amikor a Néppárt megállapodott a populistákkal (az FPÖ abban az időben még mindig egységes volt, 2005-ben elszakadt a BZÖ-től).
Haider, aki már bejelentette, hogy kész együttműködni bármely párttal, és feltételezi, hogy visszatér Bécsbe a nemzeti politikába, nyilvánvalóan erre a fejleményre támaszkodik.
A Zöld Párt is bejutott a parlamentbe, de enyhe veszteséget szenvedett, és az osztrák politikai pártok között a harmadik helyről az ötödikre esett vissza.
Nyilvánvaló, hogy a többi párt egyike sem haladta meg a négy százalékot, és bejutott a parlamentbe.
Schwarzenberg: Az Indiával való kapcsolatok rosszabbodhatnának
Karel Schwarzenberg külügyminiszter szerint, ha nem sikerül megoldani azoknak a cseh tudósoknak a problémáját, akiket Indiában vádolnak a bogarak illegális gyűjtésével, akkor a cseh-indiai kapcsolatok bizonyos romlására sor kerülhet.
A miniszter ezt a kijelentést New Yorkban tette, miután ma találkozott indiai kollégájával, Pranab Mukherjee-vel.
"Ha ezt nem oldják meg, akkor igen, egy bizonyos romlásra kerülne sor" - mondja a cseh fél által kezdeményezett találkozót követően.
A tárgyalásokat követően Mukherjee azt mondta, hogy a végrehajtó hatalomnak nehéz beavatkoznia az igazságügyi ügyekbe.
Mindazonáltal azt mondta, hogy Petr Švácha esetében, akit felmentettek a vádak alól, és pénzbüntetéssel sújtottak, a központi kormány tárgyalhat a Darjeeling-i önkormányzattal, amelynek joghatósága alá tartozik az ügy.
"A problémáját meg lehetne oldani" - mondta a miniszter.
Mukherjee szerint az lenne a legjobb, ha Emil Kučera három év börtönbüntetésre lenne ítélve fellebbezni a magasabb hatóságokhoz.
Ezután kérheti, hogy óvadék ellenében engedjék szabadon, és várja meg az ítéletet a börtönön kívül - magyarázta.
Schwarzenberg megerősítette, hogy partnere is ezt mondta a tárgyalások során.
"Azt javasolja, hogy fellebbezzen egy magasabb bírósághoz, akkor lehetséges lenne megbocsátani neki" - mondta a cseh diplomácia vezetője.
Az egyetlen módja annak, hogy a cseh fél részt vegyen az egész ügyben, az, hogy az elítélteknek "kompetens jogi támogatást" nyújtson - mondta az indiai miniszter.
Ugyanakkor azt mondta, hogy az indiai oldal már ilyen típusú segítséget is nyújt számukra.
"Legnagyobb érdekünk, hogy fenntartsuk a legjobb kapcsolatokat Indiával, amelynek régi hagyománya van.
Az indiaiak is elismerik ezt” – mondta Schwarzenberg.
Ugyanekközben, amikor a cseh sajtóügynökségnek elmondta, partnere előtt hangsúlyozta, hogy a Cseh Köztársaság nagy jelentőséget tulajdonít a cseh entomológusok problémájának.
"Igazán súlyos hibának tekintjük ezeknek a cseh tudósoknak a letartóztatását és megvádolását" - jelentette ki.
A lelkész nem válaszolt arra a kérdésre, hogy kapott-e ígéretet az indiai oldalról az ügy folytatására.
Kijelentette, hogy „már sok ígéretet kaptam”.
A cseh játékvezetők az óceánfenékért harcolnak
Az Ausztráliát és a környező tengeri területeket ábrázoló elektronikus faltérkép felé lép.
Azonban nem érdekli a kontinens, hanem egy kis ponton, amely elveszett az óceán kékjében.
"Ez a sziget, és vele együtt a környező óceánfenék, Ausztráliához tartozik.
"Ugyanakkor a terület akkora, mint maga a kontinens" - mondja Luigi Santosuosso olasz ügyvéd, aki az ENSZ Óceánügyi és Tengerügyi Minisztériumának harminc tagú csapatához tartozik.
Főnöke, a divízió igazgatója, Václav Mikulka cseh ügyvéd követi, amit mond, és alkalmanként hozzáad valamit.
Itt domináns a lelkesedés és a munka iránti lelkesedés.
Az óceánfenék egy eddig kevéssé ismert, természeti erőforrásokban gazdag világot rejt.
Lehető olajat, érceket és más ásványi anyagokat találni, de eddig ismeretlen élő szervezeteket is, amelyek a kulcsot tartják, például a rák gyógymódjának kifejlesztéséhez.
Egy padló, amely nagyobb, mint a kontinens
A part menti országok ma elkezdtek hevesen versenyezni az új víz alatti területért.
Ez azt jelenti, hogy egy ENSZ-megállapodás szerint kihasználják azokat a jogokat, amelyekről 1982-ben megállapodtak Montego Bayben, Jamaicában.
Ez elsősorban az úgynevezett kontinentális polc területe, amely gyakran több száz kilométerre fekszik az adott ország partjaitól.
A megállapodás szerint ennek az országnak kizárólagos joga van a kontinentális talapzat minden erőforrásához.
"Egyszerűen figyelembe véve a kontinentális polcot az óceán fenekének tekintik, amely a kontinens természetes folytatása a tenger és szubsztratum alatt.
Elérte a part menti tenger szélét, gyakran még az úgynevezett kizárólagos gazdasági zóna kétszázad tengeri mérföldjének szélén túl is" - magyarázza Mikulka.
A Kontinentális Talapzat határaira vonatkozóan a Bizottsághoz intézett kérelmet számos költséges felmérésen és mérésen alapuló tudományos és műszaki dokumentációval kell alátámasztani.
Ez több éves előkészítő munka eredménye.
"Az egyik feladatunk az, hogy jogi és speciális technikai segítséget nyújtsunk a bizottságnak.
A bizottság eddig öt Oroszországból, Brazíliából, Ausztráliából, Írországból és Új-Zélandról szóló kérelmet tárgyalt.
Ezek közül az országok közül eddig csak az utolsó három volt sikeres” – tette hozzá Mikulka.
Nemrégiben Ausztrália sikere, amely elsőként bővítette a víz alatti doménjét világszerte.
De Új-Zélan is nyert - az óceánfenék területe, amelyet a bizottság elismert, körülbelül 1,6 millió négyzetkilométeres, vagyis durván hatszor nagyobb, mint maga az ország mérete.
Mindkét ország több millió dollárt fektetett a felmérésbe.
Remélik, hogy az óceánfenék felhasználásából származó nyereség a jövőben felbecsülhetetlen lesz.
Más országok is fokozatosan benyújtják kéréseiket.
Egészen tíz évvel azután, hogy ratifikálták a "Montego-öbölről szóló megállapodást", hogy ezt megtegyék.
Ahol a kontinentális polc véget ér, az óceánfenék területe, amelyet a megállapodás az "emberiség közös örökségének" nyilvánított, megkezdődik.
Itt már egyetlen országnak sincs kizárólagos pozíciója.
Az e területre vonatkozó bányászati jogokat a nemzetközi intézmény által létrehozott megállapodás biztosítja.
"De az óceán feneke nem Klondike" - mondja Mikulka rendező, hozzátéve, hogy "egyéni területei jogilag egyértelműen korlátozottak, és rendszerük szerződésekben van rögzítve."
Csehek a Csendes-Óceánon
Az óceán fenekének egy része jelenleg a Cseh Köztársasághoz tartozik.
Megosztja az egykori keleti Blokk többi országával az "Interoceanmetal" közös szervezet részeként.
Megegyezésen ez a szervezet, mint számos más kis ország befektetői, 1991-ben megszerezte az úgynevezett "úttörő befektető" státuszát.
Jogosult arra, hogy a Csendes-óceáni ClarionClipperton zónában bányásszák, amely Mexikó, Hawaii és Kiribati között fekszik.
A befektető által vizsgált terület valamivel nagyobb, mint a korábbi Csehszlovákia.
Az óceánfenék ott robusztus, ez egyfajta víz alatti modell a Tatra-hegység számára.
"Lehetséges, hogy 75.000 négyzetkilométeres területen bányásszanak.
"A terület gazdag hely a nikkelt, rézet, kobaltot és mangánt tartalmazó poli-metális betonok gyűjteményéhez" - mondja egy másik ügyvéd, Pakshi Rajan Indiából.
A divízió macedón ügyvédje, Rober Sandev egy ilyen konkréciót hoz, hogy demonstráljon.
Úgy néz ki, mint egy kis krumpli, vagy egy kis fantáziával, a mitikus fém, amely a legenda szerint életre keltette a Golemot.
Túszmentésben a német különleges erők
A túszválság megoldásakor az egyiptomi kormány segítséget kért Németországtól, amely a szakértőket küldte.
Amikor a lökés elindult, a különleges erők készen álltak, de szolgálataikra végül nem volt szükség.
Egyre több részlet derül ki az Egyiptomban elrabolt tizenegy európai turista felszabadításának körülményeiről.
A Német Szövetségi Védelmi És Belügyi Minisztérium szerint a német különleges erők közvetetten részt vettek a mentőakcióban.
A Szövetségi Fegyveres Erők (Bundeswehr) szakemberei, valamint a Német Szövetségi Rendőrség (Bpol), valamint a GSG 9 és a Légi Gárda különleges egységeinek tagjai jelen voltak a mentésen, mondták a minisztériumok szószólói hétfő este, valamint a Szövetségi Bűnügyi Rendőrségi Hivatal (BKA) tagjai és a Műszaki Segítségnyújtási Ügynökség (THW) logisztikai szakértői.
Azt mondták azonban, hogy a német erőkre nem volt szükség, mert a fogva tartók elhagyták túszaikat, és elmenekültek, amikor tudomást szereztek arról, hogy a túszokat erőszakkal fogják kiszabadítani.
Az egyiptomi kormány elfogadta a Németország által felajánlott segítséget, hogy a német erőkre támaszkodjon a hadművelet során.
"Szerencsére erre nem derült ki" - mondta a német belügyminisztérium szóvivője.
Szeptember 19-én megtámadták és elrabolták az öt németet, öt olaszát, egy román nőt és nyolc egyiptomi társukat Egyiptom déli részén.
Miután elrabolták őket egy sivatagi régióban Egyiptom déli részén, a túszokat oda-vissza szállították az Egyiptom, Líbia, Szudán és Csád közötti határi régióban.
A mai napig a fogvatartók személyazonossága továbbra is ismeretlen, csakúgy, mint a mentés részleteiről vagy a lehetséges váltságdíjakról.
Az egykori túszok eközben épségben megérkeztek Kairóba.
Steinmeier német külügyminiszter azt mondta, hogy a német nagykövetség gondozására bízták őket.
Nem kommentálta a mentés részleteit.
Berlinben nem adtak azonnali tájékoztatást a Németországba való visszatérésükről.
A "Bild" című német napilap szerint az öt turistának és a különleges erőknek fel kell szállniuk a német légierő Airbusára, amely állítólag kedden érkezik Németországba.
Az Egyesült Államok Képviselőháza elutasította a mentőcsomagot
A 700 milliárd dolláros mentőcsomag a pénzügyi piacok számára alig nem ment át az Egyesült Államok Kongresszusának két kamarája közül az elsőkben.
A Dow Jones orrugrásba keveredett.
A 227-206 ellenszavazással az Egyesült Államok Képviselőháza elutasította a kormány pénzügyi piacokra vonatkozó mentőcsomagját.
George W. Bush elnök és mindkét párt vezető tisztviselőinek minden fellebbezése ellenére nem ért el többséget annak a programnak, amelynek célja a pénzügyi piacok káoszának megfékezése volt.
Drámai kampányban a támogatók kétségbeesett kísérleteket tettek arra, hogy meggyőzzék a kritikusokat a 700 milliárd dolláros terv érdemeiről.
Barney Frank, az egyik fő demokrata tárgyaló, jóváhagyásra szólította fel a képviselőket, annak ellenére, hogy népszerűtlen terv volt.
"Nehéz politikai jóváhagyást szerezni valaminek a megelőzésére, ami még nem történt meg" - ismerte el.
Míg a szavazás még folyamatban volt, a Dow Jones több mint 6 százalékkal, vagyis 600 ponttal esett vissza.
Ezt a befektetők aggodalmai okozták, hogy a kormányzati mentőcsomag kudarcot vallhat.
Röviddel a szavazás vége előtt helyreállt, csak azért, hogy újabb orrugrást hajtson végre, amikor az elutasítást nyilvánosságra hozzák.
A szakértők további súlyos turbulenciákra számítanak a nemzetközi pénzügyi piacokon.
Ahhoz, hogy a tervet végrehajtsák, mind a képviselőház, mind a szenátus jóváhagyása szükséges.
Növekedett az utazási irodák a foglalások számának növekedéséről
Ez egy jó tél lesz a német utazási irodák számára, nyilvánvalóan:
Egy felmérés azt mondja, hogy a foglalások forgalma az elkövetkező hónapokban jelentősen nőtt az előző évhez képest - a téli szezonban akár 30 százalékkal is.
A gyenge gazdaság kilátásai ellenére a németek utazási étvágya továbbra is érintetlen, egy felmérés szerint.
A téli szezonban történő foglalások esetében az utazási irodák forgalmában 31 százalékkal nőttek az előző év azonos időszakához képest, jelentette a Német Utazási Szövetség (DRV) hétfőn Berlinben.
A GfK piackutató cég szerint az őszi hónapokban is nőtt a foglalások száma.
Az utazási irodák októberben körülbelül tizenegy százalékkal növelték forgalmukat 2007-hez képest, a DRV szerint.
Az eredmények a GfK adatain alapulnak, amely minden hónapban 1200 német utazási iroda foglalási adatait dolgozza fel, és arra használja őket, hogy előrejelzéseket készítsen a piac egészére vonatkozóan.
Tartalmazza a 2008 augusztusában végzett utazási foglalásokat is.
Gyenge dollár, különösen az Egyesült Államokba irányuló utazások voltak keresletek, mondta a DRV.
Ezen a területen a foglalások körülbelül egyharmadával nőttek.
Ezt félretéve rámutatott arra, hogy Spanyolország, Törökország és Görögország népszerű a németek, valamint a hazai régiók körében.
Az all-inclusive utazások különösen keresettek voltak, mondta Klaus Laepple, a DRV elnöke.
Az emelkedő energia- és élelmiszerárak fényében költségük „kiszámíthatóbb volt az ügyfelek számára, mint az egyénileg szervezett vakáció” – mondta Laepple.
A fogyasztók pénzt takaríthatnak meg többek között a korai madár- vagy all-inclusive kedvezményeken keresztül, mondta Laepple.
Mivel a nyári hónapok is nagyon jól foglaltak voltak, az előző évhez képest a forgalom ismét növekedni fog, bár egy másik felmérés arról számolt be, hogy az előző évhez képest elsüllyedtek az utazó németek száma.
Az első alkalom az Oktoberfesten
Tavasszi szünet és après-ski-stílusú slágerek ismétlődő üzemmódban, egyliteres bögrék és hírességek söre a Dirndln tervezőjében.
A Wiesen Debütálása.
Gyakorlatilag Susanne Kronzucker és nekem nincs sok közös vonásunk.
Szőke, TV-házigazda, és testreszabott Dirndlt visel.
Sötét hajam van, diák vagyok, és a ruhám használt.
De van egy dolog, ami összeköt minket: Alig három perce vagyunk a Wiesn-ben, és a fotósok már zsúfolódnak körülöttünk, és lefotóznak, kitöltik a memóriakártyáikat - nagyon hízelgő, és ez az első látogatásom a Wiesn-ben, a csizmában.
- Így barátkozol meg.
Úgy tűnik, az olcsó Dirndl teszi a dolgát.
Egy Wiesn-turista számára, aki általában a "Weisswurst egyenlítőtől északra" található, a hagyományos bajor öltözéket viselő kényelmes érzés sok kívánnivalót hagyott a mai napig.
De amikor megérkeztem Theresienwiese-be, ez nem olyan rossz, mint mindez.
Szinte mindenki Dirndlt vagy Lederhosnt visel; senki sem tűnik undorododónak vagy zavarodottnak - mindez teljesen normális.
Csak a Dirndl kötényem pillantott a csoki-banán eladóra.
Egy müncheni nő felhívta a figyelmemet arra, hogy a kötényt rossz irányba kötöttem: „Bal oldalon elérhető, szűz a középen, a jobb oldalon elköszönődve, mögötte megözvegyülve.”
Durván húzom a kötényemet hátulról balra.
"Körülbelül jól néz ki" - mondja, és nevet.
Mások kevésbé foglalkoznak a finom flörtölési technikákkal, és olyan egyszerű filc kalapokat viselnek, amelyek azt mondják: "Túl részeg ahhoz, hogy öltözködjön", és anélkül, hogy megkérdeznék, megmutatják az embereknek a meztelen hátukat.
Az exhibicionista hozzáállású fiatalembert Bobnak hívják, Angliából származik, és ez az első alkalom az Oktoberfesten is.
"Gyönyörösnek" találja, egy régóta terhelt "oooooo" -val.
Ezt mondja nekem, miután megszabadult attól a "Maß" -tól, amit korábban volt.
Közvetlenül az egyik tűzdugó mellett, amit mindenki összetéveszt a szemétlerakóval.
Tehát Bob egyike azoknak a hírhedt "Wildbiesler" -nek.
Mások nem elég szerencsések ahhoz, hogy elveszítsék az alkoholt ilyen módon.
Éjszakánként nyolc órakor rengeteg mentős nyüzsög a helyszínen, a szegény bingerek gondozásával.
Az orvosok mindig megjelennek a csomagokban - mindig négy van egyszerre, egy fedett hordágyat hordozva a sátortól a sátorig.
Úgy működik, mint a legtöbb Wiesn-látogatóval: Amikor üres, elindulnak, és amikor tele van, visszajönnek.
Nem látod, ki van a BAC koporsókban.
"Ezek azok, akik nem bírják tovább" - kiabálta az egyik mentős, amikor megkérdeztem róla, és eltűnt a tömegben.
Megnevezte a baleset áldozatát a rendőrség
Megneveztek egy 63 éves gyalogost, aki a kórházban halt meg, miután elütötte egy jármű Essexben.
Carole Paulson (Chelmsford Road, Brentwood) részt vett a balesetben péntek délután a Shenfield Road-on.
A romfordi Queen's Kórházba szállították, de később meghalt.
A baleset után egy 51 éves férfit tartóztattak le gondatlan vezetés gyanújával.
Azóta óvadék ellenében szabadlábra helyezték.
Növekszik Törökország diplomáciai horizontja
Jóval azelőtt, hogy Törökország megpróbált volna csatlakozni az Európai Unióhoz, az európai hatalmak alig várták, hogy mélyen behatoljanak Törökország hátországába.
A Boszporusz keleti oldalán, talán csak 20 lépéssel Ázsiába, az egyik legszebb ereklyéje ennek a bukott birodalmi ambíciónak.
A Hydarpasha vasútállomást két német építész Otto Ritter és Helmut Conu tervezte neoreneszánsz stílusban.
Legalábbis ez az, amit az útikönyvek mondanak.
Az épület a peronok végén helyezkedik el, minden elülső sarkában tornnyal, amely az egész világot keresi, mint valamint egy tartományi német városházát.
- A kő koszos.
Az egész épület kissé hanyatlik.
De egyszer a boltíves jegyirodában nem kétséges annak a vállalkozásnak a nagyszerűsége, amelynek ez volt a legnyugatibb átjárója.
1908 augusztusában nyitotta meg az állomást egy német konzorcium, az Anatolia-Baghdad Corporation.
Németország, a birodalmi játék későn érkezője, szándékában állt megvalósítani azon törekvéseit, hogy uralja a Közel-Keletet a Damaszkuszba, Bagdadba tartó vasúton és a mai Szaúd-Arábiába.
Németország birodalmi ambíciói azonban az első világháború alatt elsüllyedtek.
Vasúti síneit az arábiai Lawrence és arab szabálytalanok támadták meg.
Eltűnt a viszonylagos elszigeteltség a környező régiótól, amelyet a hidegháború befagyott határai hoztak létre.
A brit és domíniánus erők kivonultak Egyiptomból, és kiszorították a törököket és német szövetségeseiket Palesztinából és Szíriából.
És a Hyderpasha állomás számára is rossz hír volt.
1917-ben felrobbant egy lőszervonat, amely elpusztította bonyolult tetőjét.
Török források szerint szabotázs volt.
Azóta lassan eltávolodott, nagyrészt megkerülve a történelmet.
De ma ez az Anatóliába és az összes keleti ponthoz vezető vasúti átjáró - szimbolikusan legalábbis - arra szolgál, hogy kiemelje Törökország növekvő diplomáciai horizontját.
A kormányzó Igazság és Fejlődés párt - az AKP - teljesen új külpolitikát dolgozott ki az ország számára.
Eltűnt a viszonylagos elszigeteltség a környező régiótól, amelyet a hidegháború befagyott határai hoztak létre.
Most van egy új elkötelezettségi politika.
Figyelemre méltó, hogy a török kormánynak jó kapcsolatai vannak Izraellel és Szíriával a Hamász és a Fatah palesztin frakcióival Irakkal és Iránnal, és természetesen az Európai Unióval és az Egyesült Államokkal.
Ennek az új külpolitikának felmérésére felszálltam az éjszakai alvót a török fővárosba, Ankarába, hogy meglátogassam az AKP egyik vezető külpolitikai szakértőjét, Suat Kiniklioglu török parlamenti képviselőt.
Másnap reggel - mintegy tíz és fél órával később - a híres The Night Mail dokumentumfilm régi világi ütemeit bemutató sínek megrázkódtatása után a török fővárosba érkeztem - új várost javasolt egy új szekuláris állam számára, amelynek célja, hogy hátat fordítson az oszmán múltnak.
De az AKP jól ismert iszlamista gyökereivel paradigmaváltást jelent a török konszenzusban.
Nélkül némi gyanakvást váltott ki nyugaton, különösen Washingtonban.
Egy taxi elvitt az AKP főhadiszállására, egy ultra-modern kő- és acélszerkezetbe - erre a célra építve - egy fejlődő külvárosban, félig felépített bevásárlóközpontokkal és hatalmi cukrászatokkal körülvéve, ahol az üzleti öltönyök középvezetői - férfiak és nők egyaránt - találkoztak, hogy kora reggeli üzleteket kössenek.
Suat Kiniklioglu szinte bármely más európai politikai párt jobbközép politikusa lehetett volna.
Öltöny, nyakkendő, biztos vagyok benne, hogy még egy Blackberry-t is csomagolt.
"A párt külpolitikájának most az a célja, hogy visszaintegrálja Törökországot a közvetlen szomszédságába.
"A hidegháború anomália volt" - mondta.
Törökországot elvágták hátországától.
Ma kelet felé és nyugat felé kellett néznie ugyanabban az időben.
Ez nem az egyik vagy a másik esete volt.
Mindkettőt meg kellett tennie.
"De egy bizonyos ponton - kérdeztem," kérdeztem, "Turkey kénytelen választani?"
"Török" - mondta - "nem akarta, hogy szembenézzen ezzel a választással."
Hangsúlyozta azt a pontot, amelyet szinte mindenki, akivel itt beszéltem, szinte rote-ként szavalt: Törökország kapcsolatai nemcsak a Közel-Kelethez, hanem a Kaukázushoz és a Fekete-tengerhez és a Fekete-tengerhez is ugyanannyira kedveznek Európának és az Egyesült Államoknak, mint Törökországnak.
Úgy tűnik, hogy Törökország fedélzetén úgy tűnik, hogy Európa egésze metaforikusan lovagolhatja ezeket a vasútvonalakat kelet felé Ázsia és a Közel-Kelet felé.
A Hydarpasha állomáson, egy másik nagyrészt álmatlan éjszaka után, arra a két német úriemberre, Herr Ritterre és Herr Conu-ra gondoltam, akik 100 évvel ezelőtt nézték ezt az épületet.
Mennyire meglepődve tapasztalták volna, hogy Európa közel-keleti ambíciói nagyrészt Törökország kezében lehetnek.
És miközben a terminálnál vártam, hogy a kompok visszavigyenek a Boszporuszon keresztül, eszembe jutott, hogy abban az időben Törökországot mindig "Európa beteges emberének" hívták.
Aztán legalább úgy tűnt, hogy nincs sok kétség, hogy melyik kontinensnek kell igényt tartania erre a lenyűgöző országra.
Vernon Handley és William Woodruff
Ahogy Guildford zenei igazgatója 1962-től, Vernon "Tod" Handley (gyászjelentés, szept. 11.) a Guildfordi Filharmonikus Zenekar és Kórus vezetését végezte.
A kerület zenei tervének részeként a következő évben megalapította csodálatos ifjúsági kórusát, a Proteus-t.
Úgy volt, hogy az U21-esek számára, de mire a Proteus 1979-ben énekelte a fináléját, néhányan közülünk a húszas éveink végén voltunk - csak megtagadtuk, hogy feladjuk a kórust.
A "Proteus" (a mitológiai alakváltó) név a kórus hajlandóságát és képességét képviselte, hogy megbirkózzon bármilyen zenével, legyen az madrigal vagy Messiaen, akár kísérő nélkül, akár teljes zenekarral.
Az ilyen ifjúsági kórus zenei sokoldalúsága gyakran meglepő volt, mindig izgalmas volt, és mindez ennek az embernek az inspirációjának és a zene iránti lelkesedésnek köszönhető, amely az évek során teljesen állandó maradt.
Tod milyen gyakran mondta nekünk, hogy "hagyjuk, hogy a zene önmagáért beszéljen".
Azt mondta: "A zeneszerző tudja, mit akar.
Minden ott van a zenében.
Szóval énekeld el!”
Boton technikája teljesen világos és pontos volt, bár soha nem diktatórikus, sem virágos volt.
Bármi legyen is a zenei mérce, mindig még magasabbra emelte.
John Frayn Turner írja:
Ha bármelyik karmestert lovaggá kellett volna ütni, az Vernon Handley volt.
Jól ismertem őt abban a két évtizedben, amikor 1962 és 1982 között a Guildfordi Filharmonikusokat vezényelte.
Az elmúlt 40 évben több mint 100 koncertjét tekintettem át, és őszintén elmondhatom, hogy soha nem csalódtam egyetlen évvel - és sokszor inspiráltam őket.
Tod Handley-nek megvolt ez a ritka kombinációja a nagyszerűségnek és a személyes szerénységnek.
Gyűlölte azokat a karmestereket, akik szavaival élve „egy-két jól ismert háborús lovat sólymoztak szerte a világon”.
Sokan hiányozni fognak neki.
William Woodruff (egyértelműsítő lap)
John Beckett professzor ezt írja:
William Woodruff (szeptember 25.) gyászjelentése azt állítja, hogy "1946-ban folytatta gazdaságtörténetét Oxfordban, és 1950-ben Houblon-Norman kutatási ösztöndíjas lett ... miközben egyidejűleg BSc-t, MA-t és PhD-t tanult."
Woodruff szerzőjének feljegyzése a Beyond Nab End-ben, de ez nem helyes.
1946-tól 1953-ig a Nottingham-i Egyetem gazdaságtörténelmének előadója volt, amely idő alatt elvégezte a J. D. Chambers professzor által felügyelt brit gumiiparról szóló doktori disszert, majd 1958-ban kiadták a brit gumiiparban.
1950-51-et töltött az Egyesült Államokban Houblon-Norman ösztöndíjjal és 1952 nyarán Illinois, Harvard és New York egyetemein.
1953-ban végleg elhagyta Nottinghamet Illinois-ba.
Hogy Woodruff miért döntött úgy, hogy karrierjének ezt a részét elfedi, nem ismert.
J. Vincent Resino a Filológiai Karon
"Jogasítom José Vicente Resino "Flamenco y vida" kiállítását, mert fekete-fehér fényképei, amelyek dokumentarista stílusban készültek, rendkívüliek.
A fotók felhívták a figyelmemet az egyszerűségük és az erejük miatt, amely mindig különös figyelmet szentel az alanyoknak.
Egy kiállítás, amely mély érzelmeket mutat.
Resino képes megragadni a varázslatos pillanatokat.”
Második támadás a Honda szuper-eladása miatt
Jövő novemberben a Honda elindítja a második Jazz-modell marketingjét.
Ha az előző modellt már magas lakhatóság jellemezte, ez az új kisbusz belső térrel rendelkezik.
Ezenkívül finom mechanikával van felszerelve, amely növeli a vezetési kényelmet, és lehetővé teszi az üzemanyag-megtakarítást.
Forradalom helyett az evolúció.
Ez a Honda Jazz második generációja.
Míg esztétikailag az új Jazz úgy néz ki, mint az előző modell, a kisbuszba hozott változások számosak.
Többek között érdemes rámutatni az innovatív tervezésre, az új platformra, a nagyobb méretre és a meglehetősen új mechanikára.
Mindenesetre, mielőtt folytatná az új modell elemzését, hasznos lehet rámutatni arra, hogy ez az új Jazz csak hat évvel az első generáció belépése után érkezik.
Ezért az első megfigyelésnek figyelembe kell vennie, hogy a Honda gyorsabban megújította ezt a modellt, mint a többi vállalat.
Még akkor is, ha a Jazz modell kevésbé ismert Európában, mint más piacokon, továbbra is jelenség az értékesítés szempontjából.
Ez a helyzet Japánban, ahol a Jazz volt a legkelendőbb autó 2002-ben és 2008-ban is.
Közel egymillió darab Jazzt adtak el a modell elindításából.
A második piac az Old Continent volt, hat év alatt mintegy félmillió darabot értékesítettek.
Ezen számok ellenére a Honda úgy véli, hogy ez az új Jazz tovább növeli eladásait a szegmensben.
Tehát, ha 2007-ben a japán vállalat összesen 83.000 darabot adott el ebből a modellből, 2009-ben úgy becsüli, hogy körülbelül 100.000 autó lesz. Ez csak az európai piacon 17% -os értékesítés lehetséges növekedését irányozza elő.
Ami a spanyol piacot illeti, a Honda 2002 óta összesen 8000 egységet adott el a Jazzből, ami a spanyol vállalat teljes értékesítésének 6,7% -ának felel meg.
Az új generáció közeledtével a spanyolországi vállalatért felelős vállalat arra számít, hogy egy éven belül mintegy 2.00 darab Jazzt ad el.
Az új Honda Jazz érkezése valószínűleg lehetővé teszi, mivel nagymértékben csökkenti az eladásokat Spanyolországban.
Tény, hogy a márkáért felelős személyek arra számítanak, hogy az év végéig eljutnak, összesen 22.000 eladott egységgel, azaz 4.000 egységgel kevesebb, mint 2007-ben, 16%-os csökkenéssel.
Az eladások növekedése ellenére a Honda is növelte piaci részesedését Spanyolországban, elérve az 1,8% -ot az elmúlt évhez képest 1,6% -kal.
Ugyanakkor a japán vállalat arra számít, hogy 2010-ben eléri a 2% -ot.
Ahhoz, hogy ezt elérjék, a Honda bízik egy másik új modelljében.
Ez az Insight, egy hibrid ötajtós kompakt autó, 4,37 méter hosszú. A japán vállalat azt reméli, hogy egy éven belül mintegy 200.000 darabot ad el ebből a modellből világszerte.
A piacok és a japán gyártók becslései szerint az Insight értékesítésének 50% -a az Egyesült Államokból származik, míg a fennmaradó 50% mind a régi kontinensről, mind Japánból származik.
Az Insight kereskedelmi bevezetését a jövő év elejére tervezik, röviddel azután, hogy januárban Valenzában bemutatták a modellt.
Összehasonlítva az első generációval, az új dzsesz teljes egészében nőtt.
Elérte a 3,90 méteres hosszúságot (öt centiméteret), 1,69 méter szélességet (két centiméterrel többet) és interaxle 2.50 méteret, öt centiméteres növekménnyel.
1,52 méteres magassága még mindig változatlan maradt.
A mérettel együtt lakható belseje nőtt az űrben.
Ez az előny elsősorban az új platformról származik, és a második az üzemanyagtartály központi helyen történő bevezetéséből, amelyet az előző Jazz már elfogadott.
Ráadásul a törzs kapacitása - a kettős alsó térfogat - 399 literre emelkedik, ami 19 lár nagyobb kapacitást jelent az első generáció számára.
Megjegyzendő, hogy ezek a Honda Jazz 1.4 mérései, míg a csomagtartó 1,2-es modellje mindössze 379 liter.
Az egyéb fejlesztések - a külső elemek, például a hátsó ólom vagy a panorámás üveg felszerelésének lehetősége mellett - a hátsó ülésekhez való jobb hozzáférést érintik.
Azok az ajtók, amelyek lehetővé teszik a hátsó ülésekhez való hozzáférést, most 80 fokos szögben nyílnak meg, szemben az első modell 67 fokával.
Ráadásul az összes motor meglehetősen új az autók második generációjában.
A marketing idején ez a kis modell 1,2 vagy 1,4 literes benzinmotorokkal érkezik.
Mindkét mechanikai rendszer magában foglalja az i-VTEC technológiát, amely lehetővé teszi az alacsonyabb üzemanyag-fogyasztást, kevesebb szén-dioxid-kibocsátást eredményez, optimalizálja a mechanikai finomításokat, és ugyanakkor minden fázisában fenntartja a nagy nyomatékú motort.
Az 1,2 literes változat eléri a 90 lóerős teljesítményt 6000 fordulat / perc sebességgel, a maximális forgatónyomaték 114 Nm, 4900 rpm sebességgel.
A meghajtás - amely az előző Jazzben elérte a 78 lóerőt - csak 5,3 liter üzemanyagra van szüksége, és körülbelül 125 gramm CO2-kibocsátást termel.
Összehasonlítva az előző meghajtással, amely az első generációs modellben 83 lóerőt használt, az új kihasználhatja a 100 lóerőt.
Az 1,4-es dzsessz eléri az 5,4 liter üzemanyag és 128 gramm CO2 kombinációját.
"Méhkocsi", hogy elkerüljék az ütközéseket
A balesetek megelőzésére szolgáló technológiák kifejlesztése során a Nissan ezúttal a természet, és különösen a méhek inspirálták.
A japán cég létrehozott egy robotot, amely utánozza a méhek repülését, elkerülheti a baleseteket.
Ez a Bio-mimetikus Car Robot Drive, vagy BR23C, az első lépés az ütközések megelőzésére szolgáló technológiák projektjéhez.
A Nissan Motor Co. Fejlett Műszaki Központjának mérnökei kifejlesztették ezt a kis robotot a tekintélyes japán Tokiói Egyetem Tudományos Kutatási és Technológiai Központjával együttműködésben.
Kazuhiro Doi, a Public Relations for the Technology, Research and Development of Brand Management vezérigazgatója szerint a BR23C a Nissan által gyártott négy terület biztonsági pajzsának bővítése.
Ennek a robotnak az a célja, hogy javítsa a vállalat által gyártott járművek ütközésének megelőzésének képességét.
A repülés során minden méh saját ovális személyes teret hoz létre, amely nagyon hasonlít a Nissan által kifejlesztett biztonsági pajzshoz.
De a legfontosabb elemet a méh összetett szemei alkotják, amely minden irányban további 300 fokos szögben látható, lehetővé téve, hogy a rovar megszakítás nélkül repüljön a személyes terében.
Ezeknek a vizuális jellemzőknek az újraalkotása érdekében a mérnökök kifejlesztették azt, amit meghatároztak egy lézerkereső (Lézertartomány kereső).
Ez a mechanizmus 2 méteren belül észleli az akadályokat, és 180 fokig terjedő sugarat a BR23C előtt, kiszámítja az objektum távolságát, és jelet küld a fedélzeten lévő mikroprocesszornak, amely azonnal lehetővé teszi az ütközés megelőzését.
"Ha észlel egy akadályt, a kis robot utánozza a méh mozgását, és azonnal megváltoztatja az irányt azáltal, hogy a kerekeket jobb vagy szélesebb szögben forgatja, hogy elkerülje az ütközést.
A legnyilvánvalóbb különbség bármely meglévő rendszerrel szemben a kitérő cselekvés, amely teljesen ösztönösvé válik.
"Ha nem így lenne, a robot nem lenne képes elég gyorsan reagálni ahhoz, hogy elkerülje az akadályokat" - magyarázza Toshiyuki Andoh, a Mobilitási Laboratórium igazgatója és a projekt főmérnöke.
Ellentétben a méhekkel, a robot nem tud felfelé vagy lefelé, vagy akár átlósan eltérni. Csak két dimenzióban mozoghat, és abba az irányba, ahová a kerekei fordulhatnak. Nyilvánvaló, hogy nem tud végtelen irányokat futtatni, mint a méhek.
Ezért a Nissan forgási funkciót használt a gyorsulási és lassulási funkciók mellett, hogy a kis robot elkerülhesse az ütközéseket.
"Ennek az eszköznek csak néhány másodpercenként kell feldolgoznia az új információkat, és ezeknek az adatoknak kell cselekednie.
Nem kell semmilyen információt tárolnia, vagy a korábbi manőverek intuitív logikáját használnia. Ezért csak néhány tucat KB memóriával történő megszakítás nélkül mehet.
Lehet, hogy ez meglepő, de nem gigabájtról vagy mega memóriáról beszélünk.”
Ez az első lépés az ütközések megelőzésére szolgáló új technológiák kifejlesztése felé, egy olyan technológia, amelyet a Nissan reméli, hogy tíz éven belül bevezetésre kerül az autókban.
A robot lítium-polimer akkumulátorokat használ, amelyek könnyebbek és tartósabbak, mint a lítium-ion tipológia.
A potenciális jövőben egy további alkalmazás lehet ennek a technológiának az integrációja a GPS műholdas navigátorral, hogy a vezetőt egy adott célállomásra hozza, elkerülve az akadályokat az út mentén.
Borzongasson, mielőtt kölcsönt igényelne
Elismernünk kell, hogy az Egyesült Államok Pénzügyminisztériuma, amely elég jó tőkével rendelkezik a cselekvéshez, biztosan nincs tehetsége.
Miután szembe kellett néznie a válsággal, és megakadályoznia, hogy az amerikaiakat a bankok megcsalják a szeméthitelekkel a fizetésképtelenség kétségei miatt, szórakoztató és oktatási játékot teremtett az internethasználók számára. Ez a "Bad Credit Hotel".
Más szavakkal, a "Rossz kreditek Szállodája" ... vagy a problémák.
Ennek a szállodának, és különösen a recepciósnak a komor aspektusa arra készteti az embereket, hogy ne csak egyszer gondolkodjanak, hanem kétszer vagy akár háromszor, mielőtt kölcsönt igényelnének.
És mindenekfelett, hogy alaposan átgondoljuk, hogy hol pályázik rá. Valószínűleg ez a játék elsődleges célja.
Természetesen ez a rendszer számos hasznos információt nyújt, de meglehetősen kevés részletet kínál.
Ez sokkal inkább a tizenévesek weboldala, mint a nagyközönség webhelye.
Mi történik, ha befejezed a játékot?
Nos, egy álomszoba jelenik meg a hotelben.
Még mindig valami, mert arról, hogy házat vesz... jobb elhagyni.
A Morgan Stanley megnyitotta tőkéjét a MUFG előtt
A Morgan Stanley bejelentette, hogy részt vesz a Mitsubishi UFJ Financial Group (MUFG), Japán első bankjában, amely 9 milliárd dollárt fog költeni a tőke 21% -ának megszerzésére.
Egy héttel az ideiglenes megállapodás bemutatása után a két bank elmagyarázta, hogy a MUFG a Morgan Stanley részvényeinek 9,9% -át 25,25 dolláros áron vásárolja meg, összesen három milliárd dollár értékben.
Az eladási ár augusztus 31-én kevesebb, mint az értékpapírok értékének 19% -a.
A MUFG további hatmilliárd dollárt fektet befektet az átváltható címek felvásárlásába, amely 10%-os biztosított hozamot és 31,25 dolláros átváltási árat biztosít.
A Morgan Stanley megerősítette, hogy a teljes művelet 29 dolláros átlagos egységáron alapulna, ami 28% -kal meghaladja a jelenlegi árat.
A Morgan Stanley részvényei azonban 6,79% -ot veszítettek 23,07 dollárra 17:00 GMT körül.
"Ez a stratégiai szövetség fontos lehetőséget jelent arra, hogy felgyorsítsuk a Morgan Stanley átmenetét a bank státuszába" - mondta John Mack, az amerikai csoport vezérigazgatója.
A Morgan Stanley a múlt héten elfogadta ezt az új státuszt, amely lehetővé teszi számára, hogy diverzifikálja tevékenységét, de át kell mennie a Federal Reserve hatáskörén.
A MUFG-vel való szövetsége azt is megerősíti, hogy a jelenlegi pénzügyi válság arra kényszerítette a Wall Street legnagyobb neveit, hogy sokkal óvatosabb hozzáállást fogadjanak el, mint korábban.
A hétfőn bemutatott modalitások azt mutatják, hogy a megállapodást az elmúlt napokban módosították: az előző hétfőn a Morgan éppen bejelentette, hogy részvényeinek 20% -át eladja a japánoknak körülbelül 8,5 milliárd dollárért.
"Egy héttel ezelőtt elmagyaráztuk Toshihide Mizuno-t, a tokiói MUFG ügyvezető igazgatóját" - gondoltuk, hogy a részvétel teljes egészében törzsrészvényekből áll.
De tekintettel a gazdaság és a piac jelenlegi állapotára, reméltük, hogy minimalizáljuk a kockázatokat, és megvédjük a hátunkat. "
A MUFG súlyozott átlagára alapján a MUFG 7%-kal a könyv szerinti értékük alatt fizet a Morgan Stanley értékpapírjaiért.
És a tranzakció körülbelül 20% -os részvényenkénti nyereséget eredményez.
A megállapodás előírja, hogy a MUFG az elsőbbségi értékpapírok felét évente törzsrészvényekké alakíthatja, ha ezek több mint 50% -kal kereskedtek az átváltási ár felett, körülbelül 47 dollárt egy adott időszakban.
A Morgan Stanley biztosítja, hogy a MUFG által biztosított tőke lehetővé teszi a befektetési lehetőségek megragadását, mérlegének megerősítését és likviditásának növelését.
A csoport szóvivője azonban nem volt hajlandó részleteket közölni a két új szövetséges stratégiai projektjéről.
A MUFG befektetése után a Morgan Stanley a Tier Tier körülbelül 15% -ot prognosztizál, amely az egyik legjobb az iparágban.
Morgan azt mondta, hogy "jelentősen" csökkentette mérlegét augusztus vége óta.
Az elmúlt hetek nehézek voltak a csoport számára, amely részvényeinek felét elolvasztotta, miközben az adósság nemteljesítésének kockázatával szembeni biztosítási költségek emelkedtek.
Ez a költség csökkent hétfőn, de továbbra is magas szinten maradt, mintegy 12%.
A múlt héten a Goldman Sachs, az egyetlen túlélő nagy befektetési bank a Wall Street-en a Bear Stearns és a Lehman Brothers és a Merrill Lynch akvizíciójának csődje után, bejelentette, hogy 15 milliárd dollárt emelt, részben a Berkshire Hathaway-től, Warren Buffett csoportjától.
Rafael Correa Quitóban hétfőn.
Építés a XXI. századi szocializmus körül.
Ez a venezuelai Hugo Chávez, a bolíviai Evo Morales és az ecuadori Rafael Correa közös projektje.
Vasárnapon, társaihoz és barátaihoz hasonlóan, ez a harmadik, amely szavazásra bocsátja az új alkotmány tervezetét.
Miután a szavazók 64% -a igennel szavazott a népszavazásra, a szavazatok 80% -án alapuló hivatalos eredmények szerint.
Ezen eredmények alapján a "nem" 28% -ot kapott, a szavazatok 7% -a érvénytelen volt, és 0,7% -uk üres szavazat volt.
Ahhoz, hogy az alkotmánytervezetet elfogadják, a szavazatok felét és egyet kell megszereznie.
Vasárnap a szavazóhelyiségeken kívül végzett két közvélemény-kutatás és egy nem kormányzati szervezet nagy győzelmet hirdetett az "igen" számára, a 63% és a 70% közötti tartományban.
Rafael Correa a vasárnap és hétfő közötti éjszakán az alkotmánytervezet győzelmét követelte.
Az "Alkotmány olyan elsöprő győzelmet aratott" - biztosította, dicsérve az ecuadoriakat a Guayaquil-i kormányzati központban, 280 km-re délnyugatra Quitótól.
Rafael Correának természetesen gratulált Chávez és Morales, de chilei kollégája, Michelle Bachelet is.
Az Amerikai Államok Szervezete (OAS) ellenőrzése alatt végzett közvélemény-kutatás 444 pontot tartalmazott, amely megszilárdítja az elnök által támogatott „új szocializmust”.
Az alkotmánytervezet rögzíti az állam hatalmát a gazdaság felett azáltal, hogy egy olyan ország „fejlődési tervezését” tartja fenn, amely főként a külföldi vállalatok olajkitermeléséből és a külföldi pénzből származik, amelyet kivándorlóiknak küldenek.
A 2006-ban megválasztott Correa által támogatott projekt nagyobb hatáskört biztosít az államfő számára is, amely akár két egymást követő négyéves ciklust is képes megtenni, és képes lesz feloszlatni a Közgyűlést.
Correa már bejelentette, hogy 2009 februárjában felhasználja ezt a hatalmat arra, hogy új mandátumot kérjen.
Az alkotmány megszilárdítja az ingyenes egészségügyi szolgáltatások és oktatás elvét is, amelyet az elnök ebben a 13,9 millió lakosú országban kezdett létrehozni, ahol a lakosság 50% -a a szegénységi küszöb alatt él.
Előírja a külföldi csapatok jelenlétének tilalmát is, amelyek megszüntetik a Quito és Washington közötti megállapodást, hogy Ecuadort az amerikai kábítószer-ellenes hadműveletek kiindulópontjaként használják.
Csádban szabadon engedték a 19 túszt.
Egy egyiptomi kommandós osztag támadást indított a tizenegy turista emberrablója és nyolc kíséretük ellen, akiket tíz nappal ezelőtt elfogtak.
- Kairóban vannak.
Tizenegy európai turistát és nyolc egyiptomi kíséretüket, akiket tíz napig tartottak fogságban a sivatagban, sértetlenül küldték vissza az egyiptomi fővárosba.
Hajnaliban egy egyiptomi kommandó engedte őket Csádban.
Látszólagos, hogy a túszok 1530 óra körül érkeztek egy különleges repülőgép fedélzetére az al-Maza katonai bázisán, Kairó nemzetközi repülőteréhez csatolva.
Rögtön átszállították őket, anélkül, hogy beszélhettek volna a sajtóval helikopterrel a kairói Maadi-i kórházba, hogy megvizsgálják őket.
"Jó egészségi állapotban vannak", és "nem fizettek váltságdíjat a fogvatartóknak" - jelentette ki Zoheir Garanna egyiptomi turisztikai miniszter az aszfalton.
Szeptember 19-én fogták el egy szafarit egy 4x4-esben az Ouanat-hegy lábánál Egyiptommal, Szudánnal és Líbiával, ezt a túszcsoportot az egyik rejtekhelyről a másikra dobta 35 ismeretlen emberrabló.
Közéjük tartozik 11 turista - öt olasz, öt német és egy román - és nyolc egyiptomi: két idegenvezető, négy járművezető, egy határőrség és az ügynökség igazgatója Aegyptous, a szafari szervezője.
Egy egyiptomi biztonsági tisztviselő azt mondta, hogy a különleges erők 30 tagja két helikopter fedélzetén szállította a támadást a hajnal előtti éjszaka.
"Tűzcsere következett, és az emberrablók fele meghalt, a másik fele elmenekült" - mondta a névtelenséget kérő tisztviselő.
Közölte, hogy az egyiptomi különleges erők "gyors reagálású" egységének 150 tagját küldték Szudánba, ahol német és olasz kommandósoktól kaptak támogatást.
Franco Frattini, az olasz diplomáciai alakulat vezetője Belgrádban, ahol jelenleg van, megemlítette az olasz titkosügynökek és a különleges erők elemeinek szerepét.
"Elismernünk kell, hogy ezt az eredményt a titkosszolgálatoktól, a különleges erőktől származó embereink professzionalizmusával és hatékonyságával értük el" - mondta.
Azt is tagadta, hogy váltságdíjat fizetett volna.
Egy nappal korábban a szudáni hadsereg azt állította, hogy feltartóztatott egy 4x4-es járőrkocsit a fedélzetén, amelynek fogvatartói voltak, hat embert megöltek, köztük a csádi fejet, és letartóztattak kettőt.
A hadsereg azt állította, hogy kapcsolatban álltak egy lázadó csoporttal Dárfúrban, a Szudáni Felszabadítási Mozgalom-Egység (SLA-U), amit ez a mozgalom azonnal tagadott.
Levél - A kultúra csendes többsége
A kultúra finanszírozásáról szóló vita a címlapokra került, és lerázta ezt a választási kampányt.
- Jó. - Igen.
De kulturális életünk egyik ágazata mindig feledésbe merült.
Ki fogja elítélni azt a nyomorúságot, amelyet a kis múzeumoknak, archívumoknak, régészeti vagy nemzeti történelmi helyszíneknek adnak, amelyek éheznek a finanszírozásra?
Mely politikus meri emlékeztetni a szövetségi kormányt, hogy elhanyagolja műemlékeit és örökségi épületeit?
Québecben, Kanadában nincsenek olyan valódi törvények, amelyek hatékonyan megőrzik örökségünket?
Tudta, hogy a francia kormány három és fél millió eurót szentel a Loire-völgyi Chinon kastély helyreállításáért?
Amerikai szomszédaink országuk alkotmányában azt írták, hogy az örökségvédelem része az amerikai kultúrának, és hogy ezt az örökséget minden állampolgárnak, az összes megválasztott és az összes kormányhivatalnak meg kell védenie.
Québecben, a Québeci Történeti Társaságok Szövetségében legalább 40 000 önkéntes csoportosult 211 történelmi, örökségi, levéltári és genealógiai ügynökségben a történelem kutatásával foglalkozik, megőrizve, kevés pénzzel, magánarchívumokkal és régészeti maradványok megőrzésével.
Gyakran az örökségünk őrzői, akik a kétségbeesés energiájával tiltakoznak, amikor a fejlesztők és a konstruktőrek buldózereket indítanak régi épületeink és elfelejtett temetőink ellen.
Mikor lesz fórum a történelemről és az örökségről?
Részben államosították a Fortis bankot a Benelux kormányai
Benelux azt állítja, hogy részleges állami kivásárlással segíti a Fortist, a belga-holland bankot - amely az első bajban lévő európai pénzügyi intézet az amerikai hitelezési válság következményei miatt. A három ország megállapodott abban, hogy 11,2 milliárd eurót injektál a magyar érdekeltségű banki és biztosítótársaságba.
A hét végén a belga, a luxemburgi és a holland kormány a legmagasabb szinten konzultált erről a kérdésről az Európai Központi Bank elnökével és az Európai Bizottság versenyügyi biztosával.
Az eurózónán belül a Fortis az első bank, amelyet az elmúlt 12 hónapban hullámokban közeledő nemzetközi pénzügyi válság sújtott. Így bizonyos szempontból a meghozott döntések precedensnek tekinthetők.
Vasárnap este hozott döntése szerint minden kormány 49 százalékos részesedést szerez a Fortis-bankokban a saját országában.
A bank minden bizonnyal eladja részesedésének egy részét, különösen a holland ABN Amro-tól tavaly megvásárolt biztosítási tevékenységeket.
A Fortis részvényei a múlt héten kezdtek mélyen zuhanni, majd a hét második felében súlyos válság jelei mutatkoztak a vállalatnál.
Elemzők egyetértenek abban, hogy a bank - 85 000 alkalmazottjával - túl nagy ahhoz, hogy csődbe menjen.
Pénteken 12%-kal csökkentek a bank részvényei, ami az elmúlt 14 év legalacsonyabb szintje.
A részvények értéke január óta kétharmadával csökkent.
Tekintve a jelenlegi részvényárakat, a csoport teljes piaci tőkeértéke körülbelül 14 milliárd euró. A vállalati igazgatók azonban azt mondják, hogy ez nem tükrözi a valóságot.
A menedzsment a tengerentúli bizonytalanságokat hibáztatja - amelyek a 700 milliárd dolláros amerikai csomag elfogadásához kapcsolódnak - a Fortis részvényeinek eséséért.
A részvények enyhe emelkedést mutattak hétfőn.
Filip Dierckxet pénteken nevezték ki a bank új vezérigazgatójának.
A pénzügyi intézet magánvásárlókat is keresett, de eddig nem tettek érdemi ajánlatot.
A belga kormány korábban kijelentette, hogy a befektetőknek nincs okuk aggódni, nem fogják elveszíteni a pénzüket.
Eddig nem volt pánik a bank ügyfelei között; nem történt banki rohanás.
A Fortis-nak saját banki létesítménye van Magyarországon, és lízingcégeket is felvásárolt.
Róka A tyúkházban
Az amerikai élet- és egészségbiztosítók gyakran megtagadják, hogy bizonyos állampolgároknak eladják a biztosítást a kábítószer-vásárlási adataik miatt.
Az adatvédelmi szakértők attól tartanak, hogy az adatpiac ellenőrizhetetlenné válik.
"Van egy adatvédelmi program, amely megköveteli az érintett személy engedélyét a gyógyszer vényköteles adatainak felhasználásához.
Függetlennek kell lennie, különben a róka a tyúkházat fogja őrizni" - idézi a The Washington Post Richard Dicket, a kábítószer-receptek nyomon követésére vonatkozó program fejlesztőjét.
A biztosítótársaságok döntenek a biztosítási díjról és a kifizetendő összeg kifizetéséről az alkalmazandó ügyfél egészségi állapotától függően, és ha túl kockázatosnak tartják, nem nyújtanak biztosítást.
A pályázó ügyfeleket orvosi vizsgálat elvégzésére küldték, és a szerződést csak a szűrési eredmények fényében kötötték meg.
Dick tíz évvel ezelőtt sokkal olcsóbb módszert fejlesztett ki: az ügyfél azonosító száma alapján az ügyfél által az elmúlt 18 hónapban vásárolt gyógyszerek típusa könnyen felismerhető, így a program önmagában is levonhatja a következményeket a kérelmező által elszenvedett betegségekre és azok egészségi állapotára vonatkozóan.
Például az az eset, hogy rendszeresen vásárol nagy dózisú koleszterincsökkentő gyógyszereket, gyakorlatilag arra a tényre utal, hogy az ügyfél kezelhetetlenül magas vérzsírszinttel rendelkezik, amelynek következtében ez a személy azonnal magasabb kockázati kategóriába kerülne.
A programnak különböző változatai vannak a kereskedelemben, amelyek közül néhány még meghatározza a kockázati tényezőt is, így a biztosítótársaságnak nincs más dolga, mint a papírmunka, bár kisebb nehézségek merülnek fel.
Az egyik hátránya az a tény, hogy egyes gyógyszerek több célra is felhasználhatók, például néhány orvosi formula a migrén, a hőhullámok vagy akár a depresszió kezelésére.
Utóbbi az üzleti biztosítók szemszögéből jelentős kockázatnövelő tényező, míg a másik kettő nem.
Konkrét vállalatok foglalkoznak az adatok beszerzésével és feldolgozásával, és engedélyt kérnek a betegtől, mielőtt megszereznék a szükséges információkat a gyógyszertáraktól.
Erre már kötelezték őket, bár korábbi kudarcaikat nem büntették meg.
Egyes vállalatok még a laboratóriumi vizsgálatok eredményeit is feldolgozzák, és összekapcsolják ezeket a kábítószer-fogyasztási adatokkal. Így pontosabb információkat nyújthatnak a betegek egészségi állapotáról.
Egyre több vállalat férhet hozzá az adatokhoz, és ezzel párhuzamosan használatuk ellenőrzése egyre nehezebbé válik.
Konkrét törvény van az egészségügyi adatvédelemmel kapcsolatban, de hatókörében csak az egészségügyi szolgáltatók és a biztosítótársaságok szerepelnek.
Benyújtották azt a törvényjavaslatot, amely ellenőrzési hatáskört biztosít a hatóságoknak az adatszolgáltatással foglalkozó vállalatok felett.
Dick Richard felismeri, hogy ez nem elég: ezért fejlesztette tovább a programját, amely most korlátozná az adattovábbítást az érintett személy kifejezett beleegyezésének megkövetelésével kapcsolatban.
Egy másik kérdés azonban, hogy a kérelmező valóban megtagadja a beleegyezést, különben a biztosítótársaságok nem kötnek szerződést velük.
Tehát a tyúkok bizonyos mértékig továbbra is a róka jóindulatától függenek.
Globális marseille-i menü
Megduplázta a kereskedelmet az Európai Unió és India
Mivel az Európai Unió és India egymás vezető kereskedelmi partnerei, a kilencedik csúcstalálkozó napirendjét más, főként globális problémák mellett ez a kérdés is dominálta.
Ma Franciaország-India csúcstalálkozót is tartanak, különösen az atomenergia-együttműködéssel kapcsolatban.
Bár az Európai Unió elismeri, hogy India egy feltörekvő demokratikus világhatalom, amelynek több beleszólást kell adni a nemzetközi ügyekbe, a tagállamok még nem tudtak megállapodásra jutni arról, hogy támogassák-e Új-Delhi állandó tagságát az ENSZ Biztonsági Tanácsában vagy sem.
Így ezt az ügyet nem erőltették a kilencedik csúcstalálkozón, amelyet tegnap Marseille-ben szerveztek.
Nicolas Sarkozy francia elnök, José Manuel Barroso bizottsági elnök és Javier Solana külpolitikai vezető üdvözölte Manmohan Singh indiai miniszterelnököt, és megállapodtak abban, hogy megduplázzák, azaz több mint 100 milliárd euróra növelik a kereskedelmi forgalmat 5 év alatt.
Mivel 2000 és 2007 között 25 milliárdról 55 milliárdra emelt árukat cseréltek, ez nem túl ambiciózus célkitűzés.
Ennek megfelelően az Indiával kötött 26 meglévő kétoldalú polgári légiközlekedési konvenciót jogilag harmonizáltak, ami azt jelenti, hogy a légi forgalom a jövőben szárnyalhat.
Indiának célja, hogy 2009 végéig aláírja a szabadkereskedelmi megállapodást az Unióval.
Sarkozy megígérte, hogy felgyorsítja a harmonizációt.
A cél az, hogy megtalálják az egyensúlyt, miközben India az EU első számú kereskedelmi partnere, ugyanakkor Új-Delhinek csak a kilencedik helye van az uniós partnerek listáján.
A csúcstalálkozó globális kérdésekre összpontosított:
Az afganisztáni és pakisztáni helyzettel, valamint a terrorizmussal kapcsolatban. Az utóbbit mindkét fél elítélte, és összehívta az ENSZ-konferenciát.
A dohai kereskedelmi forduló befejezését is felgyorsították, bár eddig mindkét fél felelős a fiaskóért.
Az EU megerősítette, hogy fenntartja energia- és klímaprogramját, ami azt jelenti, hogy 2020-ig legalább 20 százalékkal kívánja csökkenteni a légszennyező anyagok kibocsátását.
India egyetértett azzal a céllal, hogy a jövő évi klímakonferencián globális megállapodást érjenek el, és 2050-ig 50 százalékkal csökkentsék az üvegházhatást okozó gázok kibocsátását.
Egy másik cél az élelmiszerárak növekedésének megakadályozása volt, és támogatták a pénzügyi válság felülvizsgálatára irányuló nemzetközi konferenciára vonatkozó felhívást.
Az indiai miniszterelnök ma kétoldalú találkozóra megy a francia fővárosban, ahol szándékában áll megállapodni az atomenergia békés használatáról.
Párizs arra számít, hogy a francia vállalatok 20 milliárd euró értékű atomreaktorok építésére vonatkozó szerződéseket kapnak Indiában.
A hírügynökség információi szerint a megállapodás 15 évig lesz hatályban.
Több mint háromszáz olasz szerkesztő Frankfurtban
Az olasz szerkesztők erős jelenléte a frankfurti Nemzetközi Könyvvásáron.
Több mint háromszázan lesznek az olasz szerkesztők, akik jelen lesznek a Buchmesse hatvanadik évfordulóján, a szerzői jogok cseréjének legfontosabb nemzetközi rendezvényén.
A frankfurti Nemzetközi Könyvvásár erre az alkalomra 101 különböző országból több mint hétezer kiállítóra számít, akik elfoglalják a vásár 171 790 négyzetméteres terepét, több mint 403 ezer címmel, és Törökország lesz a díszvendég.
Francesco Maria Giro, a Kulturális Örökségi és Tevékenységügyi Minisztérium államtitkára képviseli az olasz kormányt az olasz pavilon beiktatási ünnepségén: valójában Olaszország egy olasz stand - 264 méter négyzet alakú kiállítótérrel rendelkezik.
Az alábbi sajtótájékoztató következik a Buchmesse 5.0 pavilonjának Struktur szobájában: ez lesz az az alkalom, amikor számokat, trendeket és az olasz könyvkiadó-ipar státuszának nézetét mutatják be.
Az adatok szerint a külföldi szerzők könyveinek fokozatosan csökkenő jelentősége van az olasz termelésben, különösen a felnőttek és a gyermekek esetében.
Steve Fossett repülőjét egy éve tűnt el a milliomos
Megállapították Steve Fossett, a milliomos roncsát, aki 2007. szeptember 3-án tűnt el, miközben a nevadai sivatag felett repült.
A roncsot egy fennsíkon találták meg 3000 méteres magasságban, a Sierra Nevadában, a Mammoth-tavakban, Kalifornia és Nevada határán.
A repülőgép belsejében azonban nem voltak emberi maradványok.
A Madera megyei seriff, John Anderson eloszlatta a fennmaradó kétségeket: "A repülőgépet megtaláltuk, küldtünk egy csapatot, és most megerősítjük, hogy Steve Follett azon a napon repült, amikor eltűnt" - mondta egy sajtótájékoztatón.
Ezt követően a seriff rámutatott, hogy nem találtak emberi maradványokat sem a repülőgépen, sem a környező területen.
A 63 éves milliomost februárban hagyták meghalni.
Az Amerikai Nemzeti Közlekedésbiztonsági Hivatal (NTSB) arról számolt be, hogy néhány órával azután, hogy a roncsot kiszúrták, egy nyomozócsoportot küldtek, amely azonosította a repülőgépet: a Bellanca 8KCAB, amely 2007. szeptember 3. óta eltűnt, amikor Fossett a nevadai Yeringtonból három órás repülésre felszállt.
Tegnap Kaliforniában, nem messze a nevadai határtól, Fossett néhány személyes tárgyát egy pár találta meg a Mammoth Lakes-i házuk közelében.
A tételek Két dokumentum Fossett nevében, mindkettőt az Illinois-i Szövetségi Repülési Hivatal bocsátotta ki, néhány készpénz és egy pulóver.
Fossett keresését egy hónappal az eltűnése után lefújták.
A milliomos világrekordoknak köszönhetően szerzett magának helyet a történelemben.
2002-ben, hatodik próbálkozására ő lett az első ember, aki hőlégballonnal teljesítette a világkörüli utat: egy kéthetes egyéni repülés.
Három évvel később repülővel utazott repülővel.
Számos feljegyzése között 15,445 méteren repül, az Andok felett, de egy másodpilótával.
Glk, a reklám, amely nem vár rád
Egy SUV, amely kívül esik a normákon, eredeti kialakítással, amelyet döntő vonalak, bőséges felületek és tiszta vágott sarkok határoznak meg.
Röviden, ez a GLK, a "kompakt" off-road járművek legújabb kiegészítése a csillagos gyártótól, amellyel a Mercedes-Benz megpróbálta beengedni a friss levegőt ebbe a szektorba.
Mivel funkciói kívül esnek a hagyományos normákon, a GLK SUV elindítását kísérő üzenet is váratlan és nem szokványos lesz, jövő október tizenhetedikétől lesz elérhető a Mercedes-Benz bemutatótermeiben.
Tehát az új jármű debütálását kísérő reklámkampány elindít egy új kommunikációs módszert, amely magában foglalja a 3D-s óriásplakátok futurisztikus kampányát is, amelyet Olaszországban először egy autómárka használ.
A három különböző fázisban elindított nagy óriásplakátok projektje, amely november tizenötödikéig uralja a legközpontibb milánói bevásárlóutcát, a Corso Como-t.
Ennek az új típusú kommunikációnak az első fázisa sztereoszkopikus látással kezdődik az autó bemutatásával, és a Corso Como szomszédságában elosztott speciális szemüvegnek köszönhetően az új SUV valódi méretben és 3D-s formátumban látható.
Tény, hogy a képet nézve azt az érzést kapja, hogy az autó kilép a plakátból.
Ezt követően az Elumina 8 innovatív technológiájának használatával az új GLK összes részletét különböző időpontokban megvilágítják, majd egyetlen képként újrakomponálják.
Kétségtelen, hogy a Mercedes ezen a hirdetésen keresztül megpróbál bevezetni valami újat az autóipari nyilvánosság hagyományos területére.
Sikeres lesz-e ezzel a formulával, hogy provokálja a jövőbeli vásárlók érdeklődését? Meglátjuk.
Itt van, kik az olasz huligánok
a Tri-Veneto, amely valószínűleg ki van tiltva attól, hogy részt vegyen a sportmérkőzéseken (Daspo).
De kik azok a 150-200-as emberek, akik közül Olaszország most szégyelli magát? Az "Ultras Italia" csoport részét képezik, akik évek óta támogatják a nemzeti labdarúgó-válogatotot, és mostanáig az igazság ismert, soha nem okozott komoly problémákat.
Egyike sem csapott összetűzésbe az ellenfél rajongóival.
A csoport kivonása jobbszárnyú.
A promóterek a Tri-Veneto-ból származnak.
Veronából, Paduából, Triesztből és Udine-ból.
Ezekhez néhány kis csoport (a valóságban nagyon kevés tag) csatlakozott Campagniából és Pugliából.
Trikolórzászlók vannak rajtuk a militánsok származási városával: szombaton ezeket eltávolították, hogy ne azonosíthassák őket.
Ötleteiket az angol rajongóktól kapják.
Bulgáriában olyan támogatókat találtak, akik valódi nácik voltak, a Levski csoportot.
A FIGC 144 jegyet adott az olasz szurkolóknak a mérkőzésre: minden személyes, így könnyen ellenőrizhető.
És a Viminale-i Belügyminisztérium valóban ellenőrizte őket: a Szófiába járó csoportok közül egyiket sem tiltották be, egyiknek sem volt megtiltva, hogy egy stadionban is részt vehessen.
Négy olasz szurkolótól, akiknek korábban stadionnal kapcsolatos bűncselekményeik voltak, valójában megtagadták a jegyeket, és nem indultak el.
Most a Belügyminisztérium arra vár, hogy elolvashassa a hivatalos feljegyzéseket, amelyeket a bolgár rendőrségnek meg kell érkeznie, mielőtt lépéseket tesz: ebben az esetben öt évre betilthatják legalább a letartóztatott támogatókat vagy azokat, akiket a zavargások során azonosítottak.
Nemzetközi száműzetés, amely megtiltja nemcsak az olaszországi stadionok, hanem egész Európában való részvételét.
Röviden a huligánjaink nem lépnek be egy másik stadionba.
Szerencsének kell lennie.
De most félelem van az emulációtól: ez azt jelenti, hogy mások csatlakoznak ahhoz az alig több, mint százötvenhez.
"Rögtön közzé kell tennünk ezt a tűzvészt, és nem szabad legitimálnunk azokat, akik ilyen módon viselkednek" - jelentette ki.
Tehát "a szemek nyitva vannak, különösen azért, mert a nemzeti csapat szerdán játszik a Lecce-ben."
Pugliában van egy kis mag az Ultras Italia támogatóiból.
Holnap az Obszervatórium kedden ülésezik a CASMS-ben, amely számíthat az AISE egy szakaszára, vagyis a titkosszolgálatra, amely pontosan kezeli a stadionok problémáit.
"A Duce-Duce kórus és a kar a Mameli himnusza alatt húzódott ki? Bulgáriában ez nem bűncselekmény.
Domenico Mazzilli gondolatai (nagy csalódottsággal kifejezve), aki néhány héttel ezelőtt a Viminale Obszervatórium igazgatója (elérte azt a posztot, amelyet eredetileg Francesco Tagliente, majd Felice Ferlizzi tartott).
Korábban Mazzilli volt a Trieste-i rendőrség vezetője, ahol 2002-ben alapították az Ultras Italia támogatóinak magját.
Mazzilli szerint igaz, hogy Bulgáriában nem bűn himnuszokat skandálni a Duce-nak, de ennek a 150-200 rajongónak a viselkedése szégyenletes volt.
"Nem vagyok szociológus - hozzáteszi az Obszervatórium n.1-jét - a bűncselekményt abban az országban kell elkövetni, ahol az esemény történik.
Mostanáig ez a csoport a vonalakon belül maradt, most meglátjuk, mi történt valójában, és értékelni fogjuk a jövőbeli hivatkozás szempontjából.
De beszéljünk a Mameli himnuszhoz való fütyülésről is: ez Bulgáriában szintén nem bűncselekmény, de ha megengedik, hogy azt mondjam, ez nem jó modor.
