Les populistes de droite triomphent en Autriche, ont un total de 29%
Selon les premiers résultats préliminaires des élections anticipées au Parlement autrichien ont entraîné un affaiblissement perceptible des deux partis dans l'actuelle grande coalition et un coup de pouce significatif pour les partis populistes de droite.
L'Autrichien People's Party (ÖVP), où la position de l'actuel chef, Wilhelm Molterer, est sévèrement secouée, a subi des pertes particulièrement importantes.
À l’inverse, le chef de campagne de l’Alliance pour l’avenir de l’Autriche (BZÖ), le gouverneur carinthien Jörg Haider, prépare un retour triomphal à la politique nationale.
Selon les résultats préliminaires, le Parti social-démocrate (SPÖ) reste le plus fort du pays avec 29,8 pour cent des voix, cependant, il a perdu 5,5% des voix depuis les dernières élections de 2006.
ÖVP, qui avec ses 25,6 pour cent perd près de neuf pour cent des voix, s'essourait encore pire.
Ce sont les pires résultats des deux grands partis dans l'histoire autrichienne de l'après-guerre, et en particulier pour le Parti populaire, qui a encouragé les élections anticipées, c'est littéralement un résultat catastrophique.
Au début du mois de juillet, lorsque l'ÖVP a quitté la coalition, le Parti populaire avait encore une avance significative sur SPÖ dans les sondages.
Les électeurs, cependant, les ont apparemment punis pour avoir laissé le gouvernancier s'effondrer.
Dans les premières réactions aux résultats, il y avait déjà des spéculations sur l'éventuelle démission du chef du parti et actuel vice-chancelier Wilhelm Molterer.
Les observateurs prévoient que cela pourrait avoir lieu dès la réunion extraordinaire de la direction du parti lundi.
Une telle évolution simplifierait certainement le voyage vers le recours de plus en plus probable à partir des résultats électoraux, c'est-à-dire le renouvellement de la grande coalition de SPÖ et ÖVP.
Compte tenu du renforcement des deux partis populistes de droite - le Parti de la liberté (FPÖ) a obtenu 18 pour cent et BZÖ onze pour cent des voix - cependant, en même temps, les sociaux-démocrates ont exprimé la crainte d'une répétition de l'année 1999, lorsque le Parti populaire était d'accord avec les populistes (FPÖ était encore uni à cette époque, il s'est détaché de BZÖ en 2005).
Haider, qui a déjà annoncé qu'il était prêt à travailler avec n'importe quel parti et présume qu'il retournera à Vienne dans la politique nationale, mise évidemment sur cette évolution.
Le Parti vert est également entré au parlement, mais a subi une légère perte et est tombé de la troisième à la cinquième place parmi les partis politiques autrichiens.
De toute évidence, aucun des autres partis n'a outrepassé la barre des quatre pour cent et n'est entré au parlement.
Schwarzenberg: les relations avec l'Inde pourraient s'aggraver
Selon le ministre des Affaires étrangères Karel Schwarzenberg, s'il n'est pas possible de résoudre le problème des scientifiques tchèques accusés en Inde de la collecte illégale de coléoptères, une certaine aggravation des relations tchéco-indiennes pourrait avoir lieu.
Le ministre a fait cette déclaration à New York à l'issue de la rencontre d'aujourd'hui avec son homologue indien, Pranab Mukherjee.
"S'il n'est pas résolu, alors oui, alors une certaine aggravation aurait lieu", a-t-il déclaré à l'issue de la réunion initiée du côté tchèque.
À l’issue des négociations, Mukherjee a déclaré qu’il était difficile pour le pouvoir exécutif d’intervenir en matière judiciaire.
Néanmoins, a-t-il déclaré que dans le cas de Petr Švácha, qui a été innocenté des accusations et pénalisé par une amende, le gouvernement central peut négocier avec le gouvernement local à Darjeeling, sous la juridiction de laquelle l'affaire appartient.
"Son problème pourrait être résolu", a déclaré le ministre.
Selon Mukherjee, il serait préférable pour Emil Kučera, condamné à trois ans de prison, de faire appel aux autorités supérieures.
Il peut ensuite demander à être remis en liberté sous caution et attendre le verdict à l'extérieur de la prison, a-t-il expliqué.
Schwarzenberg a confirmé que son partenaire l'avait également dit au cours des négociations.
"Il recommande de faire appel devant un tribunal supérieur, puis il serait possible de le gracier", a déclaré le chef de la diplomatie tchèque.
La seule façon dont la partie tchèque peut s'impliquer dans l'ensemble de l'affaire est de fournir aux individus condamnés un "soutien juridique compétent", a déclaré le ministre indien.
Dans le même temps, il a déclaré que la partie indienne leur fournissait déjà de l'aide de ce type.
"Il est dans notre plus grand intérêt d'entretenir les meilleures relations avec l'Inde, qui ont une tradition de longue date.
Les Indiens le reconnaissent également", a déclaré Schwarzenberg.
Dans le même temps, comme il l’a dit à l’agence de presse tchèque, il a souligné devant son partenaire que la République tchèque accordait une grande importance au problème des entomologistes tchèques.
"Nous considérons vraiment l'arrestation et l'accusation de ces scientifiques tchèques comme une grave erreur", a-t-il déclaré.
Le ministre a évité de répondre à la question de savoir s'il avait reçu une promesse de la part de l'Indien de poursuivre l'affaire.
Il n'a déclaré que "j'ai déjà reçu pas mal de promesses".
Les arbitres tchèques se battent pour le fond de l'océan
Il marche vers la carte murale électronique représentant l'Australie et les zones maritimes environnantes.
Cependant, il ne s’intéresse pas au continent, mais dans un petit point perdu dans le bleu de l’océan.
"Cette île, et avec elle le fond océanique qui l'entoure, appartient à l'Australie.
Dans le même temps, la région est aussi grande que le continent lui-même", a déclaré l'avocat italien Luigi Santosuosso, qui appartient à l'équipe de trente membres d'employés de la Division des affaires maritimes de l'ONU et du droit de la mer.
Son patron, le directeur de la division, l'avocat tchèque Václav Mikulka, suit ce qu'il dit et ajoute occasionnellement quelque chose.
Le zeste et l’enthousiasme pour le travail sont prédominants ici.
Le fond de l'océan abrite un monde jusqu'ici peu connu riche en ressources naturelles.
Il est possible de trouver de l’huile, des minerais et d’autres minéraux, mais aussi jusqu’à présent des organismes vivants inconnus qui détiennent la clé, par exemple, du développement d’un remède contre le cancer.
Un étage plus grand que le continent
Aujourd'hui, les pays côtiers ont commencé à rivaliser avec véhémence pour le nouveau territoire sous-marin.
C'est-à-dire, selon un accord de l'ONU, ils utilisent les droits sur lesquels ils ont convenu en 1982 à Montego Bay, en Jamaïque.
C'est principalement la zone du plateau dit continental, qui atteint souvent jusqu'à plusieurs centaines de kilomètres des côtes du pays donné.
Selon l'accord, ce pays a le droit exclusif à toutes les ressources du plateau continental.
"Pris simplement, le plateau continental est considéré comme faisant partie du fond de l'océan qui est la continuation naturelle du continent sous la mer et son substrat.
Il a atteint au-delà du bord de la mer côtière, souvent même au-delà des deux cents milles nautiques de la soi-disant zone économique exclusive », explique Mikulka.
La demande que le pays donné soumet à la Commission des limites du plateau continental doit être étayée par une documentation scientifique et technique fondée sur de nombreuses enquêtes et mesures coûteuses.
C'est le résultat de nombreuses années de travaux préparatoires.
"L'un de nos rôles est de fournir à la commission une assistance technique juridique et spécialisée.
Jusqu'à présent, la commission a discuté de cinq demandes de la Russie, du Brésil, de l'Australie, de l'Irlande et de la Nouvelle-Zélande.
Seuls les trois derniers de ces pays ont connu du succès jusqu'à présent", ajoute M. Mikulka.
Récemment, le succès de l'Australie, qui a été le premier à étendre son domaine sous-marin, a été enregistré dans le monde entier.
Mais la Nouvelle-Zélande l'a également gagné - la superficie du fond de l'océan que la commission lui a concédée est d'environ 1,6 million de kilomètres carrés, c'est-à-dire environ six fois plus grande que la taille du pays lui-même.
Les deux pays ont investi des millions de dollars dans l'arpentage.
Le profit qui découlera de l'utilisation du plancher océanique à l'avenir sera, ils l'espèrent, inestimable.
D'autres pays soumettront également progressivement leurs demandes.
Ils ont jusqu'à dix ans à partir du moment où ils ont ratifié l'"Accord d'Montego Bay".
Là où le plateau continental se termine, la zone du fond de l'océan déclarée par l'accord comme le "patrimoine commun de l'humanité" commence.
Ici, aucun pays n'a plus de position exclusive.
Les droits miniers dans ce domaine sont accordés grâce à l'accord établi par l'institution internationale.
"Mais le fond de l'océan n'est pas Klondike", dit exagérément le directeur Mikulka, ajoutant que ses "zones individuelles sont légalement clairement délimitées et leur régime est ancré dans les contrats".
Les Tchèques dans le Pacifique
Une partie du plancher océanique appartient actuellement à la République tchèque.
Il le partage avec d'autres pays de l'ex-Bloc de l'Est dans le cadre de l'organisation commune "Interoceanmetal".
D'accord, cette organisation, à l'aide des investisseurs de plusieurs petits autres pays, a gagné le statut d'"investisseur pionnier" en 1991.
Il est autorisé à miner dans la zone ClarionClipperton dans l'océan Pacifique, qui se trouve entre le Mexique, Hawaï et Kiribati.
La zone étudiée par l’investisseur est légèrement plus grande que l’ancienne Tchécoslovaquie.
Le plancher de l'océan là-bas est accidenté, c'est une sorte de modèle sous-marin des montagnes Tatra.
"Il est possible d'y miner sur une superficie globale de 75.000 kilomètres carrés.
La zone est une riche localité pour la collection de concrétions poly-métales contenant du nickel, du cuivre, du cobalt et du manganèse", explique un autre avocat, Pakshi Rajan, originaire d'Inde.
L'avocat macédonien de la division, Rober Sandev, apporte une telle concrétion à démontrer.
Ça ressemble à une petite pomme de terre ou, avec un peu de fantaisie, le shem mythique, qui, selon la légende, a donné vie au Golem.
Les forces spéciales allemandes présentes lors du sauvetage d'otages
En résolvant la crise des otages, le gouvernement égyptien avait demandé l'aide de l'Allemagne − qui a envoyé les experts.
Lorsque la poussée est venue pousser, les forces spéciales étaient prêtes, mais leurs services n'étaient pas nécessaires à la fin.
De plus en plus de détails font surface sur les circonstances entourant la libération des onze touristes européens enlevés en Egypte.
Selon les ministères fédéraux allemands de la Défense et de l’Intérieur, les forces spéciales allemandes ont indirectement pris part à la mission de sauvetage.
Des spécialistes des forces armées fédérales (Bundeswehr) et des membres de la police fédérale allemande (Bpol) et de ses unités spéciales GSG 9 et Air Guard étaient présents aux secouristes, ont déclaré des porte-parole des ministères lundi soir, ainsi que des membres de l'Office fédéral de police criminelle (BKA) et des experts en logistique de l'Agence de secours technique (THW).
Cependant, les forces allemandes n'étaient pas nécessaires, ont-ils dit, parce que les ravisseurs ont abandonné leurs otages et ont fui lorsqu'ils ont pris conscience que les otages étaient sur le point d'être libérés par la force.
Le gouvernement égyptien avait accepté l'aide offerte par l'Allemagne pour s'appuyer sur les forces allemandes en renfort pendant l'opération.
« Heureusement, cela n’est pas venu à cela », a déclaré un porte-parole du ministère fédéral allemand de l’Intérieur.
Le groupe de voyage composé de cinq Allemands, cinq Italiens, d'une Roumaine et de leurs huit compagnons égyptiens avait été pris en embuscade et enlevé le 19 septembre dans le sud de l'Égypte.
Après leur enlèvement dans une région désertique du sud de l’Égypte, les otages avaient été transportés dans la région frontalière entre l’Egypte, la Libye, le Soudan et le Tchad.
Jusqu'à présent, l'identité des ravisseurs reste inconnue, tout comme les détails sur le sauvetage ou sur d'éventuelles rançons.
Les anciens otages sont arrivés sains et saufs au Caire, pendant ce temps.
Le ministre allemand des Affaires étrangères, Steinmeier, a déclaré qu'ils avaient été confiés aux soins de l'ambassade d'Allemagne.
Il n'a pas commenté les détails du sauvetage.
A Berlin, aucune information immédiate n'a été donnée sur leur retour en Allemagne.
Selon le journal allemand "Bild", les cinq touristes et les forces spéciales doivent embarquer à bord d'un Airbus de l'armée de l'air allemande, qui devrait arriver en Allemagne mardi.
La Chambre des représentants des États-Unis rejette le plan de sauvetage
Le plan de sauvetage de 700 milliards de dollars pour les marchés financiers n'a pas abouti de justesse dans la première des deux chambres du Congrès américain.
Le Dow Jones a fait une plongée de nez.
Votant un vote de 227 voix contre 206, la Chambre des représentants des États-Unis a rejeté le plan de sauvetage du gouvernement pour les marchés financiers.
Tous les appels lancés par le président George W. Bush et les principaux responsables des deux partis nonobstant, aucune majorité n'a été atteinte pour le programme qui devait contenir le chaos sur les marchés financiers.
Lors d'une campagne dramatique, les partisans avaient tenté désespérément de convaincre les détracteurs des mérites d'un plan de 700 milliards de dollars.
Barney Frank, l'un des principaux négociateurs démocrates, avait appelé les représentants à l'approbation, même s'il s'agissait d'un plan impopulaire.
"C'est difficile d'obtenir l'approbation politique pour la prévention de quelque chose qui n'est pas encore arrivé", a-t-il concédé.
Alors que les voix étaient toujours en cours, le Dow Jones a connu une chute de plus de six pour cent, soit 600 points.
C'était causé par les craintes des investisseurs que le plan de sauvetage du gouvernement puisse échouer.
Il s'est rétabli peu avant la fin du vote, seulement pour faire une autre plongée de nez lorsque le rejet a été rendu public.
Les experts s'attendent maintenant à d'autres turbulences lourdes sur les marchés financiers internationaux.
Pour la mise en œuvre du plan, l'approbation de la Chambre des représentants et du Sénat est requise.
Les agences de voyages signalent l'augmentation des réservations
Ça va être un bon hiver pour les agences de voyages allemandes, évidemment:
Une enquête indique que le chiffre d'affaires des réservations pour les mois à venir a considérablement augmenté par rapport à l'année précédente - pour la saison hivernale jusqu'à 30%, même.
Malgré les perspectives d'une économie faible, l'appétit des Allemands pour les voyages reste préservé, selon une enquête.
Pour les réservations au cours de l'hiver, les agences de voyages ont enregistré une augmentation du chiffre d'affaires de 31% par rapport à la même période de l'année précédente, a rapporté lundi l'Association allemande du voyage (DRV).
Selon la société d'études de marché GfK, il y a également eu une augmentation des réservations au cours des mois d'automne.
Les agences de voyages avaient enregistré une augmentation du chiffre d’affaires d’environ onze pour cent pour octobre par rapport à 2007, a déclaré le DRV.
Les résultats sont basés sur les chiffres de GfK, qui traite les données de réservation de 1200 agences de voyages allemandes chaque mois et les utilise pour faire des projections pour l'ensemble du marché.
Sont incluses les réservations de voyages effectuées jusqu'en août 2008.
En raison d'un dollar faible, en particulier les voyages aux États-Unis étaient demandés, a déclaré la DRV.
Dans ce domaine, les réservations avaient augmenté d'environ un tiers, a-t-on indiqué.
Ça mis à part cela, il a souligné que l'Espagne, la Turquie et la Grèce étaient populaires parmi les Allemands, ainsi que les régions nationales.
Les voyages tout compris ont été particulièrement recherchés, a déclaré le président du DRV, Klaus Laepple.
À la lumière de l'augmentation des prix de l'énergie et de l'alimentation, leur coût était "plus calculable pour les clients que celui des vacances organisées individuellement", a déclaré Laepple.
Les consommateurs pourraient économiser de l'argent grâce à des remises anticipées ou tout compris, entre autres, a déclaré Laepple.
Parce que les mois d'été avaient également été très bien réservés, il y aurait une autre augmentation du chiffre d'affaires par rapport à l'année précédente, a-t-il déclaré - bien qu'une autre enquête rapporte que le nombre d'Allemands itinérants a sombré par rapport à l'année précédente.
Ma première fois à l’Oktoberfest
Coupes de printemps et d'après-ski en mode répété, bière de tasses d'un litre et de célébrités du designer Dirndln.
Des Débuts De Wiesn.
Techniquement, Susanne Kronzucker et moi n'avons pas grand-chose en commun.
Elle est blonde, animatrice de télévision et porte un Dirndl sur mesure.
J'ai les cheveux sombres, je suis étudiante, et ma robe est d'occasion.
Mais il y a une chose qui nous connecte: nous sommes au Wiesn depuis à peine trois minutes, et déjà les photographes s'entassent autour de nous et s'empressent, remplissant leurs cartes mémoire - très flatteurs, et c'est ma première visite au Wiesn, pour démarrer.
C'est comme ça qu'on se fait des amis.
L'obséquenceux Dirndl semble faire son travail.
Pour un touriste Wiesn généralement basé au nord de l'équateur Weisswurst, ce sentiment confortable de porter des vêtements bavarois traditionnels avait laissé beaucoup à désirer jusqu'à présent.
Mais une fois arrivé à Theresienwiese, ce n'est pas aussi mauvais que ça.
Presque tout le monde porte Dirndl ou Lederhosn; personne n'a l'air dégoûté ou gêné - c'est tout normal.
Seul mon tablier Dirndl a attiré des regards bizarres sur le vendeur du chocolat-banane.
Une femme de Munich a porté à mon attention que j'avais ligoté le tablier dans le mauvais sens: «Disponible à gauche, vierge au milieu, engagé à droite, veuf derrière.»
Furtivement, je tire mon tablier de l'arrière vers la gauche.
« Regarde à peu près, » dit-elle et rire.
D'autres sont moins préoccupés par les techniques subtiles de flirt et portent de simples chapeaux en feutre qui disent "Trop saoul pour s'habiller" et, sans provoquer, montrer aux gens leurs nus.
Le jeune homme avec l'attitude exhibitionniste s'appelle Bob, vient d'Angleterre, et c'est sa première fois à l'Oktoberfest.
Il le trouve "magnifique", avec un "oooooo" à longue distance.
Il me le dit juste après s'être débarrassé du "Maß" qu'il avait auparavant.
Juste à côté d'un de ces bouchons d'incendie que tout le monde trompe pour les décharges de déchets.
Donc Bob est l'un de ces tristement célèbres "Wildbiesler".
D'autres n'ont pas tout à fait la chance de perdre l'alcool de cette manière.
À huit heures du soir, des dizaines d'ambulanciers pullulent l'emplacement, s'occupant des pauvres bingers.
Les médecins apparaissent toujours en meutes - il y en a toujours quatre à la fois, portant une civière couverte de tente en tente.
Ça fonctionne comme avec la plupart des visiteurs de Wiesn: Quand c'est vide, qu'ils sortent, et quand c'est plein, ils reviennent.
Vous ne voyez pas qui est à l'intérieur des cercueils BAC.
"C'est ceux qui n'en peuvent plus", a crié l'un des ambulanciers quand je l'ai interrogé à ce sujet, disparaissant dans la foule.
La victime d'un accident nommée par la police
Une piétonne de 63 ans décédée à l'hôpital après avoir été percutée par un véhicule dans l'Essex a été nommée.
Carole Paulson, de Chelmsford Road à Brentwood, a été impliquée dans l'accident vendredi après-midi sur Shenfield Road dans la ville.
Elle a été emmenée à l'hôpital Queen's, Romford, mais est décédée plus tard.
Après l'accident, un homme de 51 ans a été arrêté pour suspicion de conduite négligente.
Il a depuis été libéré sous caution de la police.
L'élargissement des horizons diplomatiques de la Turquie
Bien avant que la Turquie ne cherche à rejoindre l'Union européenne, les puissances européennes étaient impatientes de pénétrer profondément dans l'arrière-pays turc.
Du côté oriental du Bosphore, peut-être seulement 20 marches vers l'Asie, se dresse l'une des meilleures reliques de cette ambition impériale ratée.
La gare d’Hydarpasha a été conçue par deux architectes allemands Otto Ritter et Helmut Conu dans le style néo-renaissance.
C'est du moins ce que vous disent les guides.
Le bâtiment se trouve à cheval sur l'extrémité des plates-formes avec une tour à chacun de ses coins avant à la recherche du monde entier comme une mairie allemande provinciale.
La pierre est sale.
L'ensemble de l'édifice se désintègre légèrement.
Mais une fois à l'intérieur de la billetterie voûtée, il n'y a aucun doute de la grandeur de l'entreprise dont c'était la porte d'entrée la plus occidentale.
La station a été ouverte en août 1908 par un consortium allemand, l'Anatolia-Baghdad Corporation.
L’Allemagne, retardataire du jeu impérial, avait l’intention de réaliser ses ambitions de dominer le Moyen-Orient au moyen de ce chemin de fer courant jusqu’à Damas, Bagdad, et au-delà d’aujourd’hui, c’est l’Arabie saoudite.
Mais les ambitions impériales de l'Allemagne ont été fondées pendant la Première Guerre mondiale.
Ses voies ferrées ont été attaquées par Lawrence d'Arabie et ses irréguliers arabes.
L'isolement relatif de sa région environnante, engendrée par les frontières gelées de la guerre froide, a disparu
Les forces britanniques et dominiales ont avancé hors d’Égypte et ont poussé les Turcs et leurs alliés allemands hors de la Palestine et de la Syrie.
Et il y avait de mauvaises nouvelles pour la station Hyderpasha aussi.
En 1917, un train de munitions a explosé en détruisant son toit élaboré.
Des sources turques disent que c’était un sabotage.
Depuis lors, il s'est lentement moulé, largement contourné par l'histoire.
Mais aujourd'hui, cette porte d'entrée ferroviaire vers l'Anatolie et tous les points à l'est, sert - symboliquement du moins - à mettre en évidence les horizons diplomatiques croissants de la Turquie.
Le parti directeur Justice et Développement - l'AKP - a élaboré une toute nouvelle politique étrangère pour le pays.
L'isolement relatif de sa région environnante, engendré par les frontières gelées de la guerre froide, a disparu.
Aujourd’hui, il y a une nouvelle politique d’engagement.
Remarquablement, le gouvernement turc entretient de bonnes relations avec Israël et la Syrie, avec les factions palestiniennes du Hamas et du Fatah, avec l’Irak et l’Iran et bien sûr avec l’Union européenne et les États-Unis.
Pour évaluer les paramètres de cette nouvelle politique étrangère, je suis monté à bord du dormeur de nuit dans la capitale turque Ankara, pour visiter l'un des principaux experts en politique étrangère de l'AKP, le député turc Suat Kiniklioglu.
Le lendemain matin - une dizaine d'heures et demie plus tard - après une balade le long des pistes qui ont produit les anciennes cadences du monde du célèbre documentaire The Night Mail, je suis arrivé dans la capitale turque - proposait une nouvelle ville pour un nouvel État laïque ayant l'intention de tourner le dos au passé ottoman.
Mais l'AKP avec ses racines islamistes bien connues représente un changement de paradigme dans le consensus turc.
Ça a suscité des soupçons en Occident, notamment à Washington.
Un taxi m'a conduit au siège de l'AKP, une structure de pierre et d'acier ultra-moderne - spécialement construite - dans une banlieue en développement, entourée de centres commerciaux semi-construits et de pâtisseries électriques où des cadres intermédiaires en costumes d'affaires - hommes et femmes - se sont rencontrés pour conclure des accords matinaux.
Suat Kiniklioglu aurait pu être un politicien de centre-droite de presque n'importe quel autre parti politique en Europe.
Convient, cravate, je suis sûr qu'il emballait même une Blackberry.
"L'objectif de la politique étrangère du parti est maintenant de réintégrer la Turquie dans son voisinage immédiat.
La guerre froide était une anomalie", m'a-t-il dit.
La Turquie avait été coupée de l'arrière-pays.
Aujourd'hui, il devait regarder vers l'est et vers l'ouest en même temps.
Ce n’était pas le cas de l’une ou l’autre.
Ça devait faire les deux.
"Mais sûrement à un moment donné", ai-je demandé: "La Turquie pourrait être forcée de choisir?"
"La Turquie", a-t-il dit, "n'avait pas envie d'avoir face à ce choix".
Il a ensuite souligné un point que presque tous ceux à qui j'ai parlé ici se sont récités presque par cœur: les liens de la Turquie non seulement avec le Moyen-Orient, mais avec le Caucase, et autour de la mer Noire, sont autant au profit de l'Europe et des États-Unis qu'à la Turquie.
Avec la Turquie à bord, le message semble l’être, l’Europe dans son ensemble peut métaphoriquement chevaucher ces lignes ferroviaires vers l’est vers l’Asie et le Moyen-Orient.
De retour à la gare d'Hydarpasha, après une autre nuit en grande partie sans sommeil, j'ai pensé à ces deux messieurs allemands Herr Ritter et Herr Conu qui avaient regardé cet édifice être construit il y a 100 ans.
À quel point ils auraient été surpris de constater que les ambitions de l'Europe au Moyen-Orient pourraient maintenant, en grande partie, être entre les mains de la Turquie.
Et alors que j'attendais au terminal que le ferry me ramène à travers le Bosphore, j'ai rappelé qu'en ces jours-là, la Turquie avait toujours été appelée "l'homme malade de l'Europe".
Ensuite, au moins, il ne semblait pas y avoir beaucoup de doute quant à savoir quel continent devrait revendiquer ce pays fascinant.
Lives souvenu: Vernon Handley et William Woodruff
Mark Brown écrit: En tant que directeur musical de Guildford de 1962, Vernon "Tod" Handley (nécrologie, 11 septembre) avait la charge du Guildford Philharmonic Orchestra and Choir.
Dans le cadre de son schéma musical pour l'arrondissement, l'année suivante, il a fondé son merveilleux chœur de jeunesse, Proteus.
Ça devait être pour les moins de 21 ans, mais au moment où la Protée a chanté sa finale en 1979, plusieurs d'entre nous étions à la fin de la vingtaine - nous avons simplement refusé d'abandonner le chœur.
Le nom "Proteus" (le changeur de forme mythologique) représentait la volonté et la capacité du chœur de s'attaquer à la musique qui lui était présentée, qu'elle soit madrigale ou messienne, qu'elle soit non accompagnée ou avec un orchestre complet.
La polyvalence musicale produite par un tel chœur de jeunesse était souvent étonnante, toujours excitante, et tout cela était dû à l'inspiration de cet homme unique et à l'enthousiasme pour la musique qui est restée absolument constante tout au long des années.
Combien de fois on nous a-t-on dit par Tod de "laisser la musique parler d'elle-même".
Il disait: "Le compositeur sait ce qu'il veut.
C'est dans la musique.
Alors chantez-le !"
Sa technique de matraque était absolument claire et précise, quoique jamais dictatoriale, ni floride.
Quelle que soit la norme musicale, il l'a toujours élevée encore plus haut.
John Frayn Turner écrit:
S'il avait dû faire l'objet d'un chevalier, c'était Vernon Handley.
Je l'ai bien connu au cours des deux décennies qu'il a dirigé l'Orchestre philharmonique de Guildford de 1962 à 1982.
Au cours des 40 dernières années, j'ai passé en revue plus de 100 de ses concerts et je peux honnêtement dire que je n'ai jamais été déçu d'un seul - et plusieurs fois inspiré par eux.
Tod Handley avait cette rare combinaison de grandeur et de modestie personnelle.
Il détestait les chefs d'orchestre qui, selon ses mots, "colportaient simplement un ou deux chevaux de guerre bien connus à travers le monde".
Il manquera à tant d'entre nous.
William Woodruff
Le professeur John Beckett écrit:
Votre nécrologie de William Woodruff (25 septembre) déclare qu'"en 1946 il a repris l'histoire économique à Oxford et en 1950 est devenu boursier de recherche Houblon-Norman... tout en étudiant simultanément pour un BSc, une maîtrise et un doctorat".
Ça découle de la note d'auteur de Woodruff dans Beyond Nab End, mais ce n'est pas correct.
De 1946 à 1953, il a été maître de conférences en histoire économique à l'Université de Nottingham, au cours de laquelle il a terminé une thèse de doctorat sur l'industrie britannique du caoutchouc, supervisée par le professeur J. D. Chambers, puis publiée en 1958 sous le nom de The British Rubber Industry.
Il a passé 1950-51 aux États-Unis dans une bourse Houblon-Normane, et l'été 1952 dans les universités de l'Illinois, Harvard et New York.
En 1953, il quitte Nottingham de façon permanente pour l'Illinois.
La raison pour laquelle Woodruff a choisi d'éclipser cette partie de sa carrière n'est pas connue.
J. Vincent Resino à la Faculté de Philologie
"Je recommande l'exposition de José Vicente Resino "Flamenco y vida", parce que ses photographies en noir et blanc, prises dans un style documentaire, sont extraordinaires.
Les photos ont attiré mon attention en raison de leur simplicité et de leur puissance qui se transmettent, traitant toujours les sujets avec une attention particulière.
Une exposition qui réalise des sentiments profonds.
Resino est capable de capturer des moments magiques."
Deuxième assaut pour la super-vente de Honda
En novembre prochain, Honda lancera la commercialisation de la deuxième génération de modèles Jazz.
Si le modèle précédent était déjà caractérisé par une grande habitabilité, ce nouveau monospace dispose d’un espace intérieur plus large.
En outre, il est équipé d'une mécanique fine qui augmente le confort de conduite et permet d'économiser du carburant.
L’évolution plutôt que la révolution.
C'est la deuxième génération de Honda Jazz.
Alors qu’esthétiquement, le nouveau Jazz ressemble au modèle précédent, les changements apportés à la minifourgonnette sont nombreux.
Entre autres, il convient de souligner sa conception innovante, sa nouvelle plate-forme, sa plus grande taille et ses assez nouvelles mécaniques.
Quoi qu’il en soit, avant d’analyser le nouveau modèle, il peut être utile de souligner que ce nouveau Jazz n’intervient que six ans après l’entrée de la première génération.
Par conséquent, une première observation devrait considérer que Honda a renouvelé ce modèle plus rapidement que les autres entreprises le font habituellement.
Même si le modèle Jazz est moins connu en Europe que sur d’autres marchés, il reste un phénomène en termes de ventes.
C'est le cas du Japon, où Jazz a été la voiture la plus vendue en 2002 et aussi en 2008.
Juste là, près d'un million d'unités de Jazz ont été vendues dès le lancement du modèle.
Le deuxième marché était l'Ancien Continent, avec environ un demi-million d'unités vendues en six ans.
Malgré ces chiffres, Honda pense que ce nouveau Jazz augmentera encore plus ses ventes sur le segment.
Donc, si en 2007, l'entreprise japonaise a vendu un total de 83.000 unités de ce modèle, en 2009 elle estime qu'elle sera d'environ 100.000 voitures. Cela prévoit une éventuelle augmentation des ventes de 17% rien que sur le marché européen.
En ce qui concerne le marché espagnol, Honda a vendu un total de 8.000 unités de Jazz depuis 2002, correspondant à 6,7% du total des ventes pour l'entreprise en Espagne.
Avec l'arrivée de la nouvelle génération, les responsables de l'entreprise en Espagne s'attendent à vendre environ 2.000 unités de jazz d'ici un an.
L’arrivée de la nouvelle Honda Jazz le rendra probablement possible, en réduisant dans une large mesure l’abaissement des ventes en Espagne.
En fait, les responsables de la marque s'attendent à arriver à la fin de l'année avec un total de 22.000 unités vendues, soit 4.000 unités de moins qu'en 2007, avec une baisse de 16%.
Malgré l'augmentation des ventes, Honda s'est également incrémenté sa part de marché en Espagne, atteignant les 1,8%, par rapport à l'année dernière 1,6%.
Dans le même temps, l'entreprise japonaise s'attendit à atteindre les 2% en 2010.
Pour y parvenir, Honda a confiance dans un autre nouveau modèle.
Il s'agit d'Insight, une voiture compacte hybride à cinq portes, d'une longueur de 4,37 mètres. L'entreprise japonaise espère vendre environ 200.000 unités de ce modèle dans le monde entier, d'ici un an.
Selon les marchés et les estimations des fabricants japonais, les 50% de la vente d'Insight proviendront des États-Unis, tandis que les 50% restants seront à la fois du Vieux Continent et du Japon.
Le lancement commercial d'Insight est prévu au début de l'année prochaine, peu après la présentation du modèle à l'intérieur de l'entreprise en janvier à Valenza.
Par rapport à la première génération, le nouveau Jazz s’est développé dans son intégralité.
Il atteint maintenant 3,90 mètres de longueur (cinq centimètres de plus), 1,69 mètre de largeur (deux centimètres de plus) et son interaxe de 2,50 mètres, avec un incrément de cinq centimètres.
Sa hauteur de 1.52 mètre, encore, est restée inchangée.
Avec la taille, son intérieur habitable a augmenté dans l'espace.
Cet avantage découle d'abord de la nouvelle plate-forme, et ensuite de l'introduction du réservoir de carburant dans un emplacement central, une solution déjà adoptée dans l'ancien Jazz.
De plus, la capacité du coffre - un double volume inférieur - monte à 399 litres, une capacité de 19 litres plus grande par rapport à la première génération.
A noter, il s'agit des mesures de la Honda Jazz 1.4, tandis que la capacité du coffre dans le modèle 1.2 n'est que de 379 litres.
D'autres améliorations - en plus d'éléments externes, tels que le led arrière ou la possibilité de monter le verre panoramique - concernent l'amélioration de l'accès aux sièges arrière.
Les portes qui permettent d'accéder aux sièges arrière, maintenant ouvertes avec un angle de 80 degrés, contre 67 degrés dans le premier modèle.
De plus, tous les moteurs sont assez nouveaux dans cette deuxième génération de voitures.
Au moment de la commercialisation, ce petit modèle sera livré avec un moteur à essence de 1,2 ou 1,4 litre.
Les deux systèmes mécaniques comprendront la technologie i-VTEC qui permet une moindre consommation de carburant, produit moins d'émissions de dioxyde de carbone, optimise les raffinements mécaniques et, dans le même temps, maintient un moteur à couple élevé dans toutes ses phases.
La version de 1,2 litre atteint une puissance de 90 ch à 6000 tr/min avec un couple maximal de 114 Nm à 4900 tr/min.
La propulsion - qui dans le précédent Jazz a atteint les 78 ch - n'a besoin que de 5,3 litres de carburant et produit environ 125 grammes d'équivalent d'émissions de CO2.
Par rapport à la propulsion précédente, qui dans le modèle de première génération utilisait 83 ch, la nouvelle peut tirer parti de 100 ch.
Le 1,4 Jazz avec 100 ch atteint une combinaison de 5,4 litres de carburant et 128 grammes de CO2 émis.
Une "bee-voiture" pour éviter les collisions
En développant les technologies pour la prévention des accidents, Nissan s’est inspiré cette fois-ci, par la nature, et en particulier par les abeilles.
L'entreprise japonaise a créé un robot qui, imitant l'envol d'abeilles, peut éviter les accidents.
C'est le Bio-mimetic Car Robot Drive, ou BR23C, la première étape pour projeter des technologies de prévention des collisions.
Les ingénieurs du Advanced Technical Centre de Nissan Motor Co. ont développé ce petit robot en collaboration avec le Centre de recherche scientifique et de technologie de la prestigieuse université de Tokyo au Japon.
Selon Kazuhiro Doi, directeur général des relations publiques pour la technologie, la recherche et le développement de Brand Management, le BR23C est une extension du bouclier de sécurité des quatre domaines produits par Nissan.
Ce robot a pour but d'améliorer la capacité d'éviter les collisions dans les véhicules produits par l'entreprise.
Pendant le vol, chaque abeille crée son propre espace personnel ovale qui est très similaire au Shield of Security développé par Nissan.
Mais l'élément le plus important est constitué par les yeux composés de l'abeille, qui peuvent voir dans toutes les directions avec un angle supplémentaire de 300 degrés, permettant à l'insecte de voler sans interruption à l'intérieur de son espace personnel.
Pour recréer ces caractéristiques visuelles, les ingénieurs ont développé ce qu'ils ont défini un localisateur laser (Laser Range Finder).
Ce mécanisme détecte les obstacles à moins de 2 mètres et un rayon jusqu'à 180 degrés devant le BR23C, calcule la distance jusqu'à l'objet et envoie un signal au microprocesseur à bord qui permet immédiatement d'empêcher la collision.
"Lorsqu'il détecte un obstacle, le petit robot imite les mouvements de l'abeille et change immédiatement de direction en tournant les roues à un angle droit ou plus large pour éviter la collision.
La différence la plus évidente avec n'importe quel système existant est son action évasive qui semble être totalement instinctive.
"S'il n'en était pas ainsi, le robot ne serait pas en mesure de réagir assez rapidement pour éviter les obstacles" explique Toshiyuki Andoh, directeur du Laboratoire de Mobilité et ingénieur en chef de ce projet.
Contrairement à une abeille, le robot ne peut pas dévier vers le haut ou vers le bas, ou même en diagonale. Il ne peut se déplacer qu'en deux dimensions et dans la direction vers laquelle ses roues peuvent se tourner. Évidemment, il ne peut pas courir des directions infinies et des manières comme le font les abeilles.
Pour cette raison, Nissan a utilisé une fonction de rotation en plus des fonctions d'accélération et de décélération, pour permettre au petit robot d'éviter les collisions.
"Cet appareil n'a qu'à traiter de nouvelles informations toutes les quelques secondes, et agir à partir de ces données.
Il n’a pas besoin de stocker d’informations ou d’utiliser la logique intuitive des manoeuvres préalables. Pour cette raison, il ne peut aller sans interruption fourni que par quelques dizaines de KB de mémoire.
Ça peut surprendre, mais nous ne parlons pas de gigaoctets ou d'une méga mémoire."
C’est la première étape vers le développement de nouvelles technologies pour la prévention des collisions, une technologie que Nissan espèrera être introduite dans les voitures en tant que caractéristique standard d’ici dix ans.
Le robot utilise des batteries lithium-polymÈre, plus légères et plus durables que la typologie lithium-ion.
Une application supplémentaire dans un avenir potentiel pourrait être l'intégration de cette technologie avec le navigateur par satellite GPS pour amener le conducteur vers une destination spécifique, en évitant les obstacles le long du chemin.
Frémissez-vous avant de demander un prêt
Nous devons reconnaître que le ministère du Trésor des États-Unis, possédant de très bonnes capitales pour agir, ne manque certainement pas de talents.
Devoir faire face à la crise et empêcher les Américains d'être trichés avec des prêts à ordures par les banques sous des doutes d'insolvabilité, a créé un jeu amusant et éducatif pour les internautes. C'est "Bad Credit Hotel".
En d'autres termes, "l'Hôtel des mauvais crédits"... ou des problèmes.
L'aspect sombre de cet hôtel et, en particulier, de sa réceptionniste vise à pousser les gens à penser non seulement une fois mais même trois fois avant de demander un prêt.
Et surtout, de réfléchir assez attentivement à l'endroit où postuler. C'est sans doute l'objectif principal du jeu.
Certes, ce système fournit plusieurs informations utiles, mais offre assez peu de détails.
C'est beaucoup plus une page Web pour les adolescents qu'un site pour le grand public.
Que se passe-t-il si vous terminez le jeu ?
Eh bien, une salle de rêve apparaît à l’intérieur de l’hôtel.
C'est toujours quelque chose, parce qu'il s'agit d'acheter une maison... il vaut mieux la quitter.
Morgan Stanley a ouvert sa capitale au MUFG
Morgan Stanley a annoncé son entrée à la table ronde de Mitsubishi UFJ Financial Group (MUFG), la première banque du Japon, qui dépensera neuf milliards de dollars pour obtenir 21% de son capital, nouvelles qui ont été reçues par une forte baisse des prix des actions.
Une semaine après avoir dévoilé un accord provisoire, les deux banques ont expliqué que MUFG rachèterait 9,9% des actions de Morgan Stanley au prix de 25,25 dollars, s'élevant à trois milliards de dollars.
Le prix de vente est inférieur à 19% de la valeur des titres au 31 août.
MUFG investira six milliards de dollars supplémentaires dans l'acquisition de titres convertibles fournissant un rendement garanti de 10% et avec un prix de conversion de 31,25 dollars.
Morgan Stanley a affirmé que l'opération globale serait basée sur un prix unitaire moyen de 29 dollars, soit 28% au-dessus de son prix actuel.
Cependant, les actions de Morgan Stanley ont perdu 6,79% à 23,07 dollars autour de 17:00 GMT.
"Cette alliance stratégique constitue une occasion importante d'accélérer la transition de Morgan Stanley vers le statut de banque holding", a déclaré John Mack, le PDG du groupe américain.
Morgan Stanley a adopté ce nouveau statut la semaine dernière, qui devrait lui permettre de diversifier ses activités mais il doit passer par l'autorité de la Réserve fédérale.
Son alliance avec MUFG confirme également que la crise financière actuelle a forcé les plus grands noms de Wall Street à adopter une attitude beaucoup plus prudente qu’auparavant.
Les modalités présentées lundi montrent que l'accord a été modifié ces derniers jours: le lundi précédent, Morgan venait d'annoncer qu'il vendrait jusqu'à 20% de ses actions aux Japonais pour environ $ 8,5 milliards.
"Il y a une semaine, a expliqué Toshihide Mizuno, directeur exécutif du MUFG à Tokyo", nous pensions que la participation serait entièrement composée d'actions ordinaires.
Mais compte tenu de l’état actuel de l’économie et du marché, nous espérions minimiser les risques et protéger notre dos. »
Sur la base du prix moyen pondéré, MUFG paiera pour ses titres Morgan Stanley 7% en dessous de leur valeur comptable.
Et l'opération entraînera une dilution d'environ 20% du bénéfice par action.
L'accord prévoit que MUFG peut convertir annuellement la moitié de ses titres préférés en actions ordinaires si celles-ci se négociaient plus de 50% au-dessus du prix de conversion, environ 47 $ pour une période donnée.
Morgan Stanley assure que le capital fourni par MUFG lui permettra de saisir les opportunités d’investissement, de renforcer son bilan et d’augmenter ses liquidités.
Un porte-parole du groupe a toutefois refusé de donner des précisions sur les projets stratégiques des deux nouveaux alliés.
Après l'investissement de MUFG, Morgan Stanley prévoit un ratio de capital Tier One d'environ 15%, l'un des meilleurs de l'industrie.
Margon aurait "considérablement" réduit son bilan depuis la fin du mois d'août.
Ces dernières semaines ont été difficiles pour le groupe, qui a vu la moitié de son cours de l'action s'effondrer tandis que les coûts d'assurance par rapport au risque de défaut sur sa dette se sont envolés.
Ce coût a diminué lundi mais est resté à un nouveau niveau élevé, autour de 12%.
La semaine dernière, Goldman Sachs, la seule autre grande banque d'investissement survivante à Wall Street après la faillite de l'acquisition de Bear Stearns et Lehman Brothers et Merrill Lynch, a annoncé qu'elle avait levé $ 15 milliards, en partie de Berkshire Hathaway, le groupe de Warren Buffett.
Rafael Correa à Quito lundi.
Reconstruire autour de la République du XXIe siècle le socialisme.
C'est le projet conjoint du Vénézuélien Hugo Chávez, d'Evo Morales de Bolivie et de l'Équatorien Rafael Correa.
Aujourd'hui, à l'instar de ses homologues et amis, c'est le troisième à mettre aux voix un projet d'une nouvelle constitution.
Mission accomplie puisque 64% des électeurs ont voté "oui" au référendum, selon les résultats officiels basés sur 80% des voix.
Sur la base de ces résultats, le "non" a obtenu 28%, 7% des votes étaient invalides, et 0,7% étaient des votes vierges.
Pour que le projet de Constitution soit adopté, il devrait obtenir la moitié des votes plus un.
Dimanche, deux sondages menés à l'extérieur des bureaux de vote et d'une organisation non gouvernementale avaient annoncé une large victoire pour le "oui", de l'intervalle entre 63% et 70%.
Rafael Correa avait revendiqué dans la nuit de dimanche à lundi la victoire de son projet de constitution.
La "Constitution a triomphé de manière aussi écrasante", a-t-il assuré, félicitant les Équatoriens au siège du gouvernement à Guayaquil, à 280 km au sud-ouest de Quito.
Comme bien sûr, Rafael Correa a été félicité par Chavez et Morales mais aussi par son homologue chilienne Michelle Bachelet.
Le sondage, qui s'est déroulé pacifiquement sous l'examen de l'Organisation des États américains (OEA), a couvert dans son texte 444 points qui consolident le "nouveau socialisme" prôné par le président.
Le projet de constitution consacre le pouvoir de l’État sur l’économie, en le réservant la « planification du développement » d’un pays vivant principalement de l’extraction du pétrole par les entreprises étrangères et de l’argent étranger qu’ils envoient à leurs émigrés.
Porté par Correa, élu en 2006, le projet prévoit également de plus grands pouvoirs au Chef de l’État, qui peut porter jusqu’à deux mandats consécutifs de quatre ans et pourra dissoudre l’Assemblée.
Correa a déjà annoncé qu'il utiliserait ce pouvoir pour rechercher un nouveau mandat en février 2009.
La Constitution consolide également le principe de la gratuité des services de santé et de l'éducation que le président a commencé à établir dans ce pays de 13,9 millions d'habitants, où 50% de la population vit sous le seuil de pauvreté.
Il prévoit également l'interdiction de la présence de troupes étrangères, qui mettra fin à l'accord entre Quito et Washington pour utiliser l'Equateur comme base de lancement pour les opérations antidrogues américaines.
Les 19 otages ont été libérés au Tchad
Une escouade de commandos égyptiens a lancé un assaut contre les ravisseurs des onze touristes et leurs huit escortes capturées il y a dix jours.
Ils sont au Caire.
Les onze touristes européens et leurs huit escortes égyptiennes retenues captives pendant dix jours dans le désert ont été restitués lundi après-midi indemnes à la capitale égyptienne.
Dans la matinée, ils ont été libérés par un commando égyptien au Tchad.
Apparemment aptes, les otages sont arrivés environ 1530 heures à bord d'un avion spécial à la base militaire d'al-Maza, rattaché à l'aéroport international du Caire.
Ils ont été immédiatement transférés, sans pouvoir s'adresser à la presse, par hélicoptère à l'hôpital de Maadi, une banlieue résidentielle du Caire, pour subir des examens.
Ils sont en "bonne santé", et "aucune rançon n'a été versée" aux ravisseurs", a déclaré le ministre égyptien du Tourisme, Zoheir Garanna, sur le tarmac.
Capturé le 19 septembre lors d'un safari en 4x4 au pied du mont Ouanat aux frontières avec l'Egypte, le Soudan et la Libye, ce groupe d'otages avait été jeté autour d'une planque à l'autre par 35 ravisseurs inconnus.
Il comprend 11 touristes - cinq Italiens, cinq Allemands et un Roumain - ainsi que huit Egyptiens: deux guides, quatre chauffeurs, un garde-frontière et le directeur de l'agence Aegyptous, organisateur du safari.
Un responsable de la sécurité égyptienne a déclaré que 30 membres des forces spéciales, transportés à bord de deux hélicoptères, avaient lancé l'assaut dans la nuit juste avant l'aube.
"Un échange de tir s'est ensuivi, et la moitié des ravisseurs ont été tués, l'autre moitié s'est enfuie", a déclaré le responsable qui a requis l'anonymat.
Il a déclaré que 150 membres de l'unité de "rapport rapide" des forces spéciales égyptiennes ont été envoyés au Soudan dans son ensemble, où ils ont reçu le soutien de commandos allemands et italiens.
Le chef du corps diplomatique italien Franco Frattini à Belgrade où il se trouve actuellement, a mentionné le rôle joué par les agents secrets italiens et les éléments des forces spéciales.
"Nous devons reconnaître que nous avons obtenu ce résultat grâce au professionnalisme et à l'efficacité de nos hommes des services secrets, des forces spéciales", a-t-il déclaré, sans plus de détails.
Il a également nié avoir payé une rançon.
La veille, l'armée soudanaise avait affirmé avoir intercepté un véhicule de patrouille 4x4 à bord duquel se trouvaient les ravisseurs, faisant six morts, dont le chef tchadien, et l'arrestation de deux.
L'armée a affirmé qu'ils étaient liés à un groupe rebelle au Darfour, le Mouvement-Unité de libération du Soudan (SLA-U), chose que ce mouvement a immédiatement niée.
Lettres - La majorité silencieuse de la culture
Un débat sur le financement de la culture a fait les gros titres et s'est lancé dans cette campagne électorale.
Bon.
Mais un secteur de notre vie culturelle reste toujours oublié.
Qui se présentera pour dénoncer la misère accordée aux petits musées, aux archives, aux sites archéologiques ou historiques nationaux qui meurent de faim de financement ?
Quel politicien ose rappeler au gouvernement fédéral qu'il néglige ses monuments et ses édifices patrimoniaux?
Au Québec, au Canada, nous n'avons pas de vraies lois qui préservent efficacement notre patrimoine?
Saviez-vous que le gouvernement français consacre trois millions et demi d’euros rien qu’à la restauration du château de Chinon dans la vallée de la Loire ?
Nos voisins américains ont écrit dans la Constitution de leur pays que la protection du patrimoine fait partie de la culture américaine et que ce patrimoine doit être protégé par tous les citoyens, tous les élus et tous les départements du gouvernement, et ceci, en coopération.
Au Québec, la Fédération des Sociétés d'histoire du Québec, au moins 40 000 bénévoles regroupés dans 211 agences d'histoire, de patrimoine, d'archives et de généalogie se préoccupent d'étudier l'histoire, de préserver, d'avoir peu de fonds, d'amas d'archives privées et de préserver les vestiges archéologiques.
Ils sont souvent les gardiens de notre patrimoine, qui protestent avec l’énergie du désespoir lorsque les promoteurs et les constructeurs lancent leurs bulldozers contre nos anciens bâtiments et nos cimetières oubliés.
Quand y aura-t-il un forum pour l’histoire et le patrimoine ?
La banque Fortis partiellement nationalisée par les gouvernements du Benelux
Les États du Benelux aident Fortis, la banque belgo-néerlandaise - qui est le premier institut financier européen en difficulté en raison de l'effet de suivi de la crise des prêts américains - par un rachat partiel de l'État. Les trois pays ont accepté d'injecter EUR 11,2 milliards dans la banque et la compagnie d'assurance ayant des intérêts hongrois.
À l’issue de cette semaine, les gouvernements belge, luxembourgeois et néerlandais ont consulté sur cette question au plus haut niveau, impliquant le président de la Banque centrale européenne et le commissaire à la concurrence de la Commission européenne.
Au sein de la zone euro, Fortis est la première banque frappée par la crise financière internationale qui s’approche par vagues au cours des 12 derniers mois. Ainsi, d’un certain point de vue, les décisions prises peuvent être considérées comme précédentes.
En vertu de la décision prise dimanche soir, chaque gouvernement prendra une participation de 49% dans les banques Fortis dans leurs pays respectifs.
La banque va certainement vendre une partie de ses participations, en particulier les activités d’assurance, qu’elle a rachetées à l’ABN Amro néerlandais l’année dernière.
Les actions de Fortis ont commencé à plonger profondément la semaine dernière, puis, dans la deuxième partie de la semaine, des signes d'une grave crise sont apparus dans l'entreprise.
Les analystes s'accordent à dire que la banque - avec ses 85 000 employés - est trop grande pour pouvoir faire faillite.
Les actions de la banque ont chuté de 12% vendredi, ce qui est le niveau le plus bas record depuis 14 ans.
La valeur des actions a échoué des deux tiers depuis janvier.
Compte tenu des cours actuels de l’action, l’ensemble de la valeur du capital boursier du groupe est d’environ EUR 14 milliards. Cependant, les directeurs d’entreprise disent que cela ne reflète pas la réalité.
La direction blâme les incertitudes à l'étranger - qui sont liées à l'acceptation du paquet américain de USD 700 milliards - pour la chute des actions Fortis.
Les stocks ont affiché une légère hausse lundi.
Filip Dierckx a été nommé le nouveau directeur général de la banque vendredi.
L'institut financier était également à la recherche d'acheteurs privés, mais aucune offre substantielle n'a été faite jusqu'à présent.
Le gouvernement belge a déclaré plus tôt que les investisseurs n'avaient aucune raison de s'inquiéter, ils ne perdraient pas leur argent.
Aucune panique n'est apparue jusqu'à présent parmi les clients de la banque; aucune ruée bancaire n'a eu lieu.
Fortis dispose d'un propre établissement bancaire en Hongrie et a également racheté des sociétés de crédit-bail.
Renard Dans Le Henhouse
Les compagnies d'assurance vie et de santé américaines refusent souvent de vendre de l'assurance à certains citoyens, en raison de leurs données d'achat de médicaments.
Les experts en protection des données craignent que le marché des données ne devienne incontrôlable.
"Il y a un programme de protection des données qui nécessite l'autorisation de l'intéressé afin d'utiliser les données de prescription du médicament.
Ça devrait être indépendant, sinon le renard gardera la poulaine", cite le Washington Post Richard Dick, développeur du programme applicable au suivi des ordonnances de médicaments.
Les compagnies d’assurance décident des frais d’assurance et du montant à payer en cas de dommages en fonction de l’état de santé du client requérant, et s’ils le jugent trop risqué, ils ne fournissent pas d’assurance.
Les clients candidats avaient l'habitude d'être envoyés pour effectuer un examen médical, et le contrat a été conclu à la lumière des résultats du dépistage seulement.
Dick a développé une méthode beaucoup moins chère il y a dix ans: sur la base du numéro d'identification du client, le type de médicaments achetés par le client au cours des 18 derniers mois peut être facilement détectable, de sorte que le programme peut en tirer les conséquences en ce qui concerne les maladies que le demandeur souffre ainsi que leur état de santé.
Par exemple, le cas d’acheter régulièrement de grosses doses de médicaments réducteurs de cholestérol se réfère pratiquement au fait que le client a un taux de graisse dans le sang intraitablement élevé, à la suite duquel cette personne serait immédiatement soumise à une catégorie de risque plus élevée.
Le programme dispose de diverses versions dans le commerce, certaines d'entre elles définissent même le facteur de risque, de sorte que la compagnie d'assurance n'a rien d'autre à faire que la paperasse, bien que de plus petites difficultés surviennent.
L'un des inconvénients est le fait que certains médicaments peuvent être utilisés à plusieurs fins, par exemple certaines formules médicales pour traiter la migraine, les vagues de chaleur ou même la dépression.
Celui-ci est un facteur important d’augmentation des risques du point de vue des assureurs d’affaires, alors que les deux autres ne le sont pas.
Il existe des entreprises spécifiques traitant de l'obtention et du traitement des données, et elles demandent l'autorisation du patient avant d'acquérir les informations nécessaires des pharmacies.
Ils sont déjà obligés de le faire, bien que leurs échecs antérieurs n'aient pas été pénalisés.
Certaines entreprises traitent même les résultats d'examens de laboratoire et les relient aux données sur la consommation de médicaments. De cette façon, elles peuvent fournir des informations plus précises sur l'état de santé des patients.
De plus en plus d’entreprises accèdent aux données et, en parallèle, la maîtrise de leur utilisation devient de plus en plus difficile.
Il existe une loi spécifique sur la protection des données en matière de soins de santé, mais son champ d’application comprend uniquement les fournisseurs de soins de santé et les compagnies d’assurance.
Le projet de loi sur la fourniture d'un pouvoir d'inspection pour les autorités sur les entreprises traitant de la fourniture de données a été soumis au Congrès.
Dick Richard se rend compte qu'il ne suffit pas: c'est la raison pour laquelle il a encore développé son programme, ce qui limiterait désormais le transfert de données en ce qui concerne l'exigence du consentement exprès de l'intéressé.
Il s'agit d'une autre question, cependant, que la requérante ne puisse pas vraiment refuser le consentement, sinon les compagnies d'assurance ne concluront pas de contrat avec elles.
Les poules, dans une certaine mesure, continueront à dépendre de la bienveillance du renard.
Global Marseille Menu
L'Union européenne et l'Inde redoublent d'échange
Comme l'Union européenne et l'Inde sont les principaux partenaires commerciaux l'un de l'autre, l'ordre du jour du neuvième sommet a également été dominé par cette question en plus d'autres problèmes, principalement mondiaux.
Aujourd'hui, un sommet France-Inde va également avoir lieu, en particulier en ce qui concerne la coopération en matière d'énergie nucléaire.
Bien que l’Union européenne reconnaisse que l’Inde est une puissance mondiale démocratique émergente, ce qui devrait être accordé davantage dans les affaires internationales, les États membres n’ont pas encore été en mesure de parvenir à un accord sur l’opportunité de soutenir l’adhésion permanente de New Delhi au Conseil de sécurité de l’ONU ou non.
C'est ainsi que cette affaire n'a pas été forcée lors du neuvième sommet, organisé à Marseille hier.
Le président français Nicolas Sarkozy en tant que président tournant de l'Union, le président du comité José Manuel Barroso et le chef de la politique étrangère Javier Solana ont accueilli le Premier ministre indien Manmohan Singh et ont convenu de doubler, c'est-à-dire d'augmenter à plus de 100 milliards d'euros, le flux commercial en 5 ans.
Étant donné que l'échange de biens est passé de 25 milliards à 55 milliards entre 2000 et 2007, ce n'est pas un objectif trop ambitieux.
Par conséquent, 26 conventions bilatérales existantes sur l'aviation civile avec l'Inde ont fait l'objet d'une harmonisation juridique, ce qui signifie que le trafic aérien peut s'étendre à l'avenir.
L'Inde vise à signer l'accord de libre-échange avec l'Union jusqu'à la fin 2009.
Sarkozy a promis d’accélérer l’harmonisation.
L'objectif est de trouver l'équilibre alors que l'Inde est le premier partenaire commercial de l'UE, dans le même temps, New Delhi n'a que la neuvième place sur la liste des partenaires de l'UE.
Le sommet s'est concentré sur les questions mondiales:
En ce qui concerne la situation en Afghanistan et au Pakistan ainsi que sur le terrorisme. Cette dernière a été condamnée sous toutes les formes par les deux parties et la convocation de la Conférence de l'ONU a été exhortée.
Jusqu'à présent, l'achèvement d'un cycle commercial de Doha a été accéléré, bien que les deux parties soient responsables du fiasco jusqu'à présent.
L'UE a confirmé le maintien de son programme d'énergie et de climat, ce qui signifie avoir l'intention de réduire les émissions de polluants atmosphériques d'au moins 20% jusqu'en 2020.
L’Inde est d’accord avec cela ainsi qu’avec l’objectif de parvenir à un accord mondial lors de la conférence sur le climat qui doit être conclue l’année prochaine et de réduire les émissions de gaz à effet de serre de 50% jusqu’en 2050.
Un autre objectif était d'empêcher la croissance des prix des denrées alimentaires et l'appel en faveur d'une conférence internationale pour examiner la crise financière a été soutenu.
Le Premier ministre indien s'en va aujourd'hui à une réunion bilatérale dans la capitale française, où il entend parvenir à un accord sur l'utilisation pacifique de l'énergie nucléaire.
Paris s'attend à ce que les entreprises françaises se voient attribuer des contrats pour construire des réacteurs nucléaires en Inde d'une valeur de 20 milliards d'euros.
Selon les informations de l'agence de presse, l'accord serait en vigueur pendant 15 ans.
Plus de trois cents rédacteurs italiens à Francfort
Forte présence des rédacteurs italiens à l’International Book Fair de Francfort.
Plus de trois cents seront les rédacteurs italiens présents lors du soixantième anniversaire de Buchmesse, l’événement international le plus important pour l’échange de droits d’auteur.
La Foire internationale du livre de Francfort prévoit pour cette occasion plus de sept mille exposants de 101 pays différents qui occuperont les 171 790 mètres de terrain de la Foire avec plus de 403 mille titres exposés, et la Turquie sera l'invité d'honneur.
Francesco Maria Giro, sous-secrétaire du patrimoine culturel et des activités, représentera le gouvernement italien lors de la cérémonie d'inauguration du Pavillon italien: en fait l'Italie sera présente en tant qu'institution dotée d'une tribune italienne - 264 mètres au carré d'espace d'exposition.
Voici la conférence de presse à la salle Struktur du Pavillon 5.0 du Buchmesse: ce sera l'occasion où les chiffres, les tendances et une vision du statut de l'industrie de l'édition italienne seront présentés.
Selon les données, il y a une importance progressivement décroissante des livres des auteurs étrangers dans la production italienne, et en particulier dans celui pour les adultes et les enfants.
J'ai trouvé l'avion de Steve Fossett le millionnaire a disparu il y a un an
L'épave de l'avion de Steve Fossett, le millionnaire qui a disparu le 3 septembre 2007 alors qu'il survolait le désert du Nevada, a été trouvée.
L'épave a été retrouvée sur un plateau à 3000 mètres d'altitude, dans la région de la Sierra Nevada des lacs Mammoth, à la frontière entre la Californie et le Nevada.
À l'intérieur de l'avion, cependant, il n'y avait pas de restes humains.
Le shérif du comté de Madera, John Anderson, a dissipé les doutes restants: "L'avion a été localisé, nous avons envoyé une équipe, et maintenant nous avons la confirmation que c'est celui sur lequel Steve Follett volait le jour de sa disparition", a-t-il déclaré lors d'une conférence de presse.
Ensuite, le shérif a souligné qu'aucun reste humain n'a été trouvé ni dans l'avion, ni dans les environs.
Le millionnaire, âgé de 63 ans, a été abandonné pour mort en février.
L'American National Transport Safety Bureau (NTSB) a rapporté que quelques heures après que l'épave a été repérée une équipe d'enquête a été envoyée, qui a ensuite identifié l'appareil: c'est la Bellanca 8KCAB, disparue depuis le 3 septembre 2007, lorsque Fossett a décollé de Yerington dans le Nevada pour un vol de trois heures.
Hier, toujours en Californie, non loin de la frontière avec le Nevada, certains effets personnels appartenant à Fossett ont été retrouvés par un couple près de leur maison à Mammoth Lakes.
Les articles sont deux documents au nom de Fossett, tous deux émis par la Federal Aviation Administration de l'Illinois, un peu d'argent et un sweat-shirt.
La recherche de Fossett a été annulée un mois après sa disparition.
Le millionnaire s'était fait une place dans l'histoire grâce à une série de records du monde.
En 2002, à sa sixième tentative, il devient le premier homme à terminer le tour du monde en montgolfière: un vol en solo de deux semaines.
Trois ans plus tard, il a fait le tour du monde en avion sans atterrir.
Parmi ses nombreux dossiers, il y a aussi voler à 15.445 mètres, au-dessus des Andes, mais avec un copilote.
Glk, la publicité qui ne vous attend pas
Un VUS qui est en dehors des normes avec une conception originale définie par des lignes décisives, des surfaces amples et des coins coupés propres.
En bref, c'est GLK, le dernier ajout aux véhicules tout-terrain "compacts" du fabricant étoilé, avec lequel Mercedes-Benz a tenté de laisser entrer une bouffée d'air frais dans ce secteur.
Juste parce que ses caractéristiques sont hors des normes traditionnelles, le message accompagnant le lancement du SUV GLK sera également inattendu et non conventionnel, il sera disponible dans les showrooms Mercedes-Benz à partir du 17 octobre prochain.
Ainsi, la campagne de publicité qui accompagnera les débuts du nouveau véhicule déclenchera une nouvelle méthode de communication qui comprend également une campagne futuriste de panneaux d’affichage 3D, utilisés pour la première fois en Italie par une marque automobile.
Un projet de grands panneaux d'affichage, mis en mouvement en trois phases différentes, qui domineront la rue commerçante milanaise la plus centrale, Corso Como, jusqu'au 15 novembre.
La première phase de ce nouveau type de communication commencera par une présentation de la voiture en vision stéréoscopique, et grâce à des lunettes spéciales distribuées dans le voisinage de Corso Como, il sera possible de voir le nouveau SUV en vraie taille et au format 3D.
En fait, en regardant l’image, on aura la sensation que la voiture dépasse de l’affiche.
Par la suite, grâce à l'utilisation de la technologie innovante Elumina 8, tous les détails de la nouvelle GLK seront éclairés à différents moments, puis seront recomposés en une seule image.
Sans aucun doute, Mercedes, à travers cette publicité, tente d’introduire quelque chose de nouveau dans le domaine conventionnel de la publicité automobile.
Réussira-t-elle avec cette formule pour susciter l’intérêt des futurs acheteurs ? Nous le verrons.
C'est qui sont les hooligans italiens
de la Tri-Vénétie, susceptible d’être interdite d’assister à des rencontres sportives (Daspo).
Mais qui sont ces 150-200 personnes dont l'Italie a maintenant honte? Ils font partie du groupe "Ultras Italia" qui depuis des années soutient l'équipe nationale de football et jusqu'à présent, la vérité soit connue, n'a jamais créé de problèmes majeurs.
Il n'a jamais jamais affronté les fans adverses.
L'extraction du groupe est l'aile droite.
Les promoteurs sont de Tri-Vénétie.
De Vérone, Padoue, Trieste et Udine.
Ceux-ci ont été rejoints par quelques petits groupes (en réalité, très peu de membres) de Campagnie et des Pouilles.
Ils ont des drapeaux tricolores avec la ville d'origine des militants sur eux: samedi, ceux-ci ont été enlevés pour qu'ils n'aient pas pu être identifiés.
Ils reprennent leurs idées des fans anglais.
En Bulgarie, ils ont trouvé des sympathisants qui étaient de vrais nazis, le groupe Levski.
La FIGC avait mis à la disposition des supporters italiens 144 billets pour le match : tous personnels, d’où facilement vérifiables.
Et le ministère de l'Intérieur de Viminale les avait en fait tous vérifiés: parmi ces groupes se rendant à Sofia aucun n'était interdit, aucun n'avait été interdit de fréquenter un stade.
Quatre supporters italiens, qui avaient des crimes antérieurs liés au stade, s'étaient en fait vu refuser des billets et n'avaient cessé d'y aller.
Maintenant, le ministère de l'Intérieur attend d'être en mesure de lire les registres officiels, qui devraient arriver de la police bulgare avant de prendre des mesures: dans ce cas, il est possible d'interdire pendant cinq ans au moins les partisans qui ont été arrêtés ou ceux qui ont été identifiés lors des perturbations.
Un bannissement international qui interdit la fréquentation non seulement des stades d'Italie mais aussi de toute l'Europe.
Nos hooligans, en bref, n'entreraient pas dans un autre stade.
Heureusement !
Mais maintenant, il y a peur de l'émulation: c'est-à-dire que d'autres s'unissent à cela un peu plus de cent cinquante.
"Nous devons immédiatement éteindre cette conflagration et ne pas légitimer ceux qui se comportent de cette manière", affirment ceux du ministère à Viminale.
Donc, "les yeux grands ouverts d'autant qu'il y a l'équipe nationale qui joue mercredi à Lecce".
Dans les Pouilles en fait, il y a un petit noyau de supporters Ultras Italia.
Demain l’Observatoire se réunit, mardi le CASMS qui peut compter sur une section de l’AISE, c’est-à-dire les services secrets, qui gèrent exactement les problèmes dans les stades.
"Le chœur Duce-Duce et le bras tendus pendant l'anthème Mameli ? En Bulgarie ce n'est pas un crime...".
Ce sont les pensées (exprimées d'une grande déception) de Domenico Mazzilli, qui, il y a quelques semaines, est le directeur de l'Observatoire du Viminale (il a atteint le poste qui était d'abord occupé par Francesco Tagliente puis par Felice Ferlizzi).
Précédemment, Mazzilli avait été à la tête de l'administration de la police à Trieste où il y a un noyau de partisans d'Ultras Italia, fondée en 2002.
C'est vrai, dit Mazzilli, qu'en Bulgarie ce n'est pas un crime de chanter des hymnes au Duce, mais c'est certainement que le comportement de ces 150-200 fans a été honteux.
"Je ne suis pas sociologue - ajoute le n.1 de l'Observatoire - le crime devrait être imputé dans le pays où l'incident se produit.
Jusqu'à présent, ce groupe est resté à l'intérieur des lignes, maintenant nous verrons ce qui s'est réellement passé et nous l'évaluerons pour référence future.
Mais parlons aussi du sifflement à l'hymne Mameli: ce n'est pas non plus un crime en Bulgarie, mais, si j'ai le droit de le dire, ce ne sont pas de bonnes manières ..."
