A szélsílyú populisták diadalmaznak Ausztriában, összesen 29%
Az előrehozott parlamenti választások első előzetes eredményei szerint érzékelhető gyengülést váltott a jelenlegi nagy koalíció mindkét pártjában, és jelentős lendületet ad a jobboldali populista pártoknak.
Az Osztrák Néppárt (ÖVP), ahol Wilhelm Molterer jelenlegi vezető pozícióját súlyosan megrázzák, különösen nagy veszteségeket szenvedett.
Ezzel szemben Jörg Haider karinthi főkormányzó, az Osztrák Európai Szövetség a Jövőért (BZÖ) kampányvezetője diadalmas visszatérést készít a nemzeti politikához.
Előzetes eredmények azt mutatják, a szociáldemkrata párt (SPÖ) továbbra is a legtőzsrányosabb az országban, 29,8 százalékos szavazattal, a szavazatok 5,5 százalékát vesztett a 2006-os legutóbbi választások óta.
ÖVP, amely 25,6 százalékkal a szavazatok közel 9 százalékát elveszíti, még ennél is rosszabb.
Ezek a háború utáni nagy pártok legrosszabb eredményei, és különös tekintettel a Néppárt számára, amely sürgette az előrehozott választásokat, szó szerint katasztrofális eredmény.
Július elején, amikor ÖVP elhagyta a koalíciót, a Néppárt még mindig jelentős előnnyel rendelkezett az SPÖ-ben a közvélemény-kutatásokban.
A választók azonban nyilvánvalóan megbüntették őket azért, mert hagyták, hogy a kormány eluralkodik.
Wilhelm Moltermer jelenlegi alkezűségének lehetséges lemondásával kapcsolatban már spekulációk merültek fel a párt vezetőjének lehetséges lemondásával kapcsolatban Wilhelm Moltermerben.
Megfigyelők arra számítannak, hogy ez már a párt vezetésének hétfői rendkívüli ülésén megtörténhet.
Egy ilyen fejlesztés minden bizonnyal leegyszerűsíti a választási eredmények egyre valószínűsíthető újraélesztése felé vezető utazást, ami az SPÖ nagy koalíciójának megújítása.
Tekintettel mindkét jobboldali populista párt megerősítésére - a Szabadságpárt (FPÖ) a szavazatok előzetes 18 százalékát és BZÖ tizenegy százalékát szerezte meg - ugyanakkor a szociáldemokratták kifejezték félelmet az 1999-es év ismétlésétől, amikor a Néppárt megállapodott a populistákkal (az FPÖ abban az időben még mindig egységes volt abban az időben, 2005-ben megtört a BZÖ-től), egy közös kormányról, amely végül szankciókot váltott ki az Európai Unióból.
Haider, aki már bevagnosztá már bejelentette, hogy kész együttműködni bármely párttal, feltételezve azt feltételezi, hogy vissza fog térni Bécsbe a nemzeti politikába.
A Zöld Párt is beszállt a parlamentbe, de enyhe vereséget szenvedett, és az osztrák politikai pártok harmadik helyéről az ötödik helyre esett.
Nyilvánvaló, hogy a többi párt egyik része sem haladta meg a négy százalékot, és beszállt a parlamentbe.
Schwarzenberg: Az Indiával való kapcsolatok romlani mehetnek
Karel Schwarzenberg külügyminiszter szerint, ha ez nem oldja meg az Indiában illegális bogár-összegyűjtéssel megvádolt cseh tudósok problémájának problémáját, a cseh-indiai kapcsolatok bizonyos romlására kerülhet sor.
A lelkész New York-ban tette ezt a kijelentést azután, hogy ma találkoztak indiai kollégájával, Pranab Mukherjee-vel.
"Ha ez nem oldódik meg, akkor igen, egy bizonyos romlárzódás történne" - jelentette ki a cseh oldalról megkezdett megbeszélést követően.
A tárgyalásokat követően Mukherjee azt mondta, hogy a végrehajtó ág nehezen avatkozzon be a bírósági ügyekbe.
Mindazonáltal azt mondta, hogy Petr Švácha esetében, akit felmentettek a vádak alól, és pénzbírsággal megbírságolt, a központi kormány tárgyalásokat folytathat Darjeeling helyi önkormányzatával abban a fennsús joghatóságban, amelyhez az ügy tartozik.
"A probléma megoldódhat" - mondta a miniszter.
Mukherjee tájékoztatása szerint az lenne a legjobb, ha Emil Kučerát három év börtönbüntetésre hárítanák a felsőbb hatóságoknak.
Ezt követően óvadék ellenében szabadlábra helyezhetik az óvadék ellenében történő szabadlábra bocsátást – magyarázta – magyarázta – magyarázta.
Schwarzenberg erősítette meg, hogy partnere is ezt mondta a tárgyalások során.
"Azt javasolja, hogy fellebbezzen egy magasabb szintű bírósághoz, majd meg lehet kegyelmet adni neki" - mondta a cseh diplomácia vezetője.
Az egyetlen módja annak, hogy a cseh fél belekeveredjen az üdvözlő üdvözlégy ügybe, hogy az elítélt személyek "megfelelési jogi támogatást" biztosítsanak, mondta az indiai miniszter.
Ugyanebben az időben azt is elmondta, hogy az indiai fél már ilyen típusú segítséget is nyújt számukra.
Legfőbb érdekünk, hogy fenntartsam a legjobb kapcsolatokat Indiával, amelyek régóta hagyományokkal rendelkeznek.
Az indiánok is elismerik” – mondta Schwarzenberg.
Ezzel egyúttal a cseh sajtóközvetített ügynökségnek azt is hangsúlyozta partnere előtt, hogy a Cseh Köztársaság nagy jelentőséget tulajdonít a cseh entomológusok problémájának.
"Igazán súlyos hibának tekintjük ezeknek a cseh tudósoknak a letartóztatását és megvádolásának" - tette hozzá.
A miniszter nem válaszolt arra a feltevésre, hogy kapott-e ígéretet az indiai oldalról az ügy folytatására.
Pusztán azt mondta: „Érdekelt már jó néhány ígéretet”.
A cseh játékvezető az óceán fecskészetéért küzd
Az Ausztráliát és a környező tengeri területeket ábrázolót ábrázoló elektronikus faltérkép felé lép.
Őt azonban nem a kontinens érdekelte, hanem az óceán kékjében eltévedt kis ponton.
"Ez a sziget, és cáfolattal körülvéve, Ausztráliához tartozik.
Ugyanebben az időben a terület olyan nagy, mint maga a kontinens" - mondja Luigi Santosuosso olasz ügyvéd, aki az ENSZ Óceáni Ügyekért és a Tengeri Szakvízió alkalmazottainak harminctagú csapatához tartozik.
Vedzsereje, a divízió igazgatója, Václav Mikulka cseh ügyvéd azt követi, amit mond, és alkalmanként hozzáteszi.
A hé és a munka iránti lelkesedés domináns itt domináns.
Az óceán feszülésének menedéket nyújt a természeti erőforrásokban gazdag eddig kevéssé ismert világ számára.
Megvalósítható az olaj, az őrök és más ásványi anyagok megtalálására, de eddig ismeretlen élő organigáták, amelyek például a rák gyógymódjának kifejlesztésének kulcsát tartalmazzák.
A föld kontinensnél nagyobb a padló
A part menti országok hevesen versengenek az új víz alatti területekért.
Ez azt jelenti-e, hogy egy ENSZ-megállapítási megállapodás értelmében azokat a jogokat veszik igénybe, amelyekhez 1982-ben állapodtak meg Montego-öbölben, Jamaicában.
Ez elsősorban az úgynevezett kontinentális polágy területe, amely az adott ország partjaitól gyakran több száz kilométert ér el.
A megállapodás szerint ennek az országnak kizárólagos joga van a kontinentális üdvözlévők valamennyi erőforrásához.
"Egyedül a kontinentális talapzat az óceán fetest részének tekinthető, amely a tenger és szubsztrátum alatti kontinens természetes folytatása.
Elérte a part menti tenger szélét, gyakran az úgynevezett kizárólagos gazdasági zóna kétszáz tengeri mérföldjének peremén túl" - magyarázza Mikulka.
Azt a kérést, amelyet az adott ország nyújtotta be a Kontinentális Ápolás Korlátozásával foglalkozó Bizottságnak, számos költséges felmérésen és mérésen alapuló tudományos és műszaki dokumentációval kell alátámasztani.
Ez az előkészítő munkálatok sokéves munkálatának az eredménye.
"Az egyik szerepünk az, hogy jogi és speciális technikai segítséget nyújtsunk a bizottságnak.
A bizottság eddig öt kérést tárgyalt Oroszországból, Brazíliából, Ausztráliából, Írországból és Új-zélandi nevből.
Az elmúlt hárman közül eddig csak az elmúlt hárman sikeresek” – tette hozzá Mikulka.
Az Utódia sikere, amely elsőként bővítette víz alatti domíniumát világszerte.
Új-Zszédelne azonban is megerősödhet - az óceán fenekének az a területe, amelyet a bizottság 1,6 millió négyzetkilométernek ígérkezett, ami körülbelül hatszor nagyobb, mint maga az ország mérete.
Mindkét ország több millió dollárt fektett a felmérésbe.
Remélhetően felbe nem iktatják az óceán fenekének hasznosításából származó hasznot, remélhetőleg felbegyeződik.
Más országok is fokozatosan nyújtják be kérelmeiket.
Tizenkét évre van szükségük attól a pillanattól számítva, amikor ratifikálták a Montego-öböl megállapodását, hogy ezt megtegyék.
Ahol a kontinentális polágy véget ér, az óceán fenekének területe, amelyet a megállapodás az "emberiség közös örökségének" nyilvánított, megkezdődik.
Itt még egy országnak nincs kizárólagos pozíciója.
Ezen a területen a bányászati jogokat a nemzetközi intézmény által létrehozott megállapodás révén adják meg.
"Az óceán fenekének hiánya nem Klondike" - mondja Mikulka igazgató, hozzátéve, hozzátéve, hogy "egyedi területei jogilag egyértelműen elhatárolódnak, és rendszerük a szerződésekben horgonyozódik."
Csehek a csendes-csendes-óceáni térségben
Az óceán fenekének egy része jelenleg a Cseh Köztársasághoz tartozik.
Megosssza az egykori Keleti Bloc más országokkal az "Interoceanmetal" közös szervezet részeként.
Megegyőzhető módon ez a szervezet, több más kis ország befektetőihez hasonlóan, 1991-ben megszerezte az úgynevezett "úttörő befektetők" státuszát.
Feltételezhető, hogy bányásszanak a Csendes-óceán Clarion Clipperton zónájában, amely Mexikó, Hawaii és Kiribati között fekszik.
A befektető által kivizsgált terület valamivel nagyobb, mint az egykori Csehszlovákiánál.
Az óceán feszüleménye, a Tatra-hegység egyfajta víz alatti modellje.
"Lehetővé lehet bányászni 75.000 négyzetkilométer teljes területen.
Ez a terület gazdag hely a nikkel, réz, kobalt és mangánt tőzsdét tőzsdét tartalmazó poli-fém betorlások gyűjteményének" - mondja egy másik ügyvéd, Pakshi Rajan Indiából.
Rober Sandev maced macedenai ügyvéd egy ilyen konkréciót hoz.
Úgy néz ki, mint egy kis burgonya, vagy egy kis fantázia, a miktikus csírája, amely a legenda szerint életre keltette a Gólemot.
Székeskemény hadereje jelen volt a német különleges erőknek
Túdaválság megoldása érdekében az egyiptomi kormány segítséget kért Németországtól, amely a szakértőket küldte.
A lökdösődés megcsapásakor a különleges erők készen álltak, de szolgálatukra végül nem volt rájuk szükség.
Az Egyiptomban elrabolt tizen tizen tizen tizenegy európai turistának felszabadításával kapcsolatos további részletek egyre több részletről derül ki.
A Német Védelmi És Külügy-minisztér-minisztérium szerint a német különleges erők közvetetten részt vettek a mentőakcióban.
Rendelkeztek a mentőakcióban a Szövetségi Fegyveres Erők (Bundeswehr) szakemberei, a Német Szövetségi Rendőrkapitány (Bpol) tagjai, a GSG 9. és a Légi Gárda különleges egységeinek szakemberei - közölték a minisztériumok szószólói hétfő este, a Szövetségi Bűnüldöző Rendőrkapitánysági Rendőrségi Hivatal (BKA) és a Technikai Reliációs Ügynökség logisztikai szakemberei.
A német hadere azonban nem volt szükség, mert a bebörtönbüntetők elhagyták a tujakat, és elmenekültek, amikor rájöttek, hogy a túszokat erőszakkal fogják felszabadítani.
Az egyiptomi kormány elismerte azt a segítséget, amelyet Németország felajánlott annak érdekében, hogy a hadművelet során a német erőkre támaszkodjon.
"Könyör, hogy ez nem jutott erre" - mondta a német belügyminisztérium szóvivője.
Szeptember 19-én Egyiptom déli részén, öt németből, egy román nőből és nyolc egyiptomi társukból álló utazási csoportot megtámadtak és raboltak el Egyiptom déli részén.
Miután elrakasztották Egyiptom déli részén lévő sivatagi régióban, a túszokat oda-vissza szállították az Egyiptom, Líbia, Szudán és Csád közötti határvidéken.
A mai napig a fogvatartottak személyazonossága továbbra is nem ismert, valamint a mentésről vagy a lehetséges váltságdíjakról szóló részletek.
Az egykori túszok épségben megérkeztek kairói üdvözlésére.
Steinmeier német külképviselkedési miniszter azt mondta, hogy a német nagykövetség gondozására bízzák őket.
Nem kommentálta a mentés részleteit.
Berlinben nem adtak azonnali tájékoztatást Németországba való visszatérésükkel kapcsolatban.
"Bild" című német napilap szerint az öt turistának és a különleges erőknek fel kell szállniuk a Német Légiere felszállására, amely állítólag kedden érkezik Németországba.
Elutasította az Egyesült Államok Képviselőházát
A 700 milliárd dolláros mentőkötelezett csomag a pénzpiacok számára az Egyesült Államok kongresszusának két kamarája közül az elsőben nem valósult meg.
A Dow Jones belevetette az orrát.
227 és 206 közötti megszavazással az Egyesült Államok képviselőháza elutasította a kormányzati mentőcsomagot a pénzügyi piacok számára.
George W. Bush elnök és mindkét párt vezető tisztviselői minden fellebbezése ellenére nem értek el többséget arra a programra, amelynek megfékezésére a pénzügyi piacok káoszának megfékezésére volt szükség.
Drámai hadkampányában a szurkolók elkeseredett kísérletet tettek arra, hogy meggyőzzék a bírálókat a 700 milliárd dolláros terv érdemeiről.
Barney Frank, a demokraták egyik főtárgyalója jóváhagyásra szólította fel a képviselők jóváhagyását, annak ellenére, hogy ez egy népszerűtlen terv.
"Nehéz megszerezni a politikai jóváhagyást valami olyan megelőzéséhez, amely még nem történt" - tette hozzá.
Míg a szavazás továbbra is folyamatban van, a Dow Jones több mint 6 százalékos, vagy 600 pontot esett.
A befektetői aggodalmak okozták, hogy a kormányzati mentőcsomag meghiúsulhat.
Röviddel a szavazás befejezése előtt helyreállt, csak azért, hogy egy másik orrugrást vegyen igénybe, amikor az elutasítást nyilvánosságra hozták.
A szakértők további súlyos turbulenciákat várnak a nemzetközi pénzügyi piacokon.
Annak érdekében, hogy a tervet végre lehessen hajtaniuk, a Képviselőház és a szenátus jóváhagyására is szükség van.
Az utazási irodák jelentése a foglalások növekedéséről számolt be
Ez egy jó tél a német utazási irodák számára, nyilvánvalóan:
Egy felmérés azt mondja, hogy az elkövetkező hónapokban a foglalások forgalma jelentősen megnövekedett az előző üdvözlő évhez képest - a téli szezonban akár 30 százalékkal is.
Annak ellenére, hogy a gyenge a gazdaság kilátásai, a németek utazási étvágya továbbra is érintetlen, egy felmérés szerint.
A téli időszakban az utazási irodák a forgalom 31 százalékos növekedést tapasztaltak az előző év azonos időszakához képest, jelentette a Német Utazási Szövetség (DRV).
A GfK piackutató cég szerint az őszi hónapokban a foglalások is növekedtek.
Az utazási irodák a forgalom mintegy tizenegy százalékos növekedését tapasztalták októberben 2007-hez képest, a DRV azt mondta.
Az eredmények a GfK adatain alapulnak, amely havonta 1200 német utazási iroda foglalási adatait dolgozta fel, és arra használja őket, hogy előrejelzéseket készítsen a piac egészére.
Közéjük kell fűzni az utazási foglalásokhoz.
Gyengéde dollár miatt, különösen az Egyesült Államokba tett utazások voltak a keresletben - közölte a DRV.
Ezen a területen a foglalások körülbelül egyharmadával növekedtek.
Ezt félretióba foglalja, Spanyolországra, Törökországra és Görögországra a németek, valamint a hazai régiók körében.
Az all-incluzív utazásokat különösen keresték, magyarázta Klaus Laepple, a DRV elnöke.
Az egesztőzmény- és élelmiszerárak tükborításának tükborításának tükborolása fényében az ügyfelek számára „számuk kalkulálható az egyénileg megszervezt vakáció” – mondta Laepple.
A fogalmazók megtakaríthatnának pénzt a korai madarat vagy az all-inclusive kedvezményeket, mondta Laepple.
Mivel a nyári hónapok nagyon jól könyveltek, a fluktuációk is növekedni fognak az előző évhez képest - bár egy másik felmérés azt jelenti, hogy az edzett németek száma elsüllyedt az előző évhez képest.
Az első alkalom az Oktoberfesten
Tavaszi brák- és après-ski-stílusú slágerek ismétlési üzemmódban sügére, sör az egyliter bögrökből és hírességek Dirndn tervezőben.
A Wiesn Debut.
Gyakorlatilag Susanne Kronzucker és nekem nincs sok közös bennünk.
Szőke, televíziós házigazdája, és testreszabott Dirndlt visel.
Sötét hajam van, diák vagyok, és a ruhám másodkézből.
De van egy dolog, ami összeköt minket: alig három perce vagyunk a Wiesn-ben, és a fotósok már zsúfolódnak körülöttünk, és pillanatfelvételt készítenek, megtöltik a memóriakártyáikat - nagyon hízegelgő, és ez az első látogatásom a Wiesn-be, hogy indítson.
Ily így szerzel barátokat.
Az olcsó Dirndl végzi a dolgát.
Egy Wiesn turista számára, amely általában a "Weisswurst Egyenlítőtől északra" van, ez a könyörtelen érzés a hagyományos bajor ruhát viselte, sok kívánnivalót hagyott a mai napig.
De ha egyszer megérkeztek Theresienwiese-be, ez nem olyan rossz, mint mindez.
Szinte mindenki Dirndill-t vagy Lederhosnt visel; senki sem tűnik undorodottnak vagy zavarodottnak - ez az egész teljesen normális.
A Dirndl-kötényem csak furcsa nézéseket pillantott a csokoládé-barana eladóra.
Felvetette a figyelmemet arra, hogy rossz irányba kötöttem a kötényt: „Először is a baloldalon elhivatkozhattam, középen, a jobboldalon elkövettem, megözvegyülök.”
Féretidővel balra húzta a kötösvényt.
"Nézd a helyes" - mondja és kineveti.
Mások kevésbé foglalkoznak a finom flörtölő technikákkal, és egyszerű edzett sámlályokat viselnek, amelyek azt mondják: "Túl részeg az öltözködéshez", és anélkül, hogy észrevenném az embereket.
Az emigráns attitűddel rendelkező fiatalember Bob, Angliából származik, és ez az első alkalom az Oktoberfesten.
Úgy találja, hogy 'öcsöngadozik' egy régóta fecskedett `ooooo.
Rögtön azt mondja nekem, hogy megszabadítja magát a „maßtól”, amit korábban tett.
Közvetlenül azok a tűzdugók mellett, amit mindenki összetévesztesz a hulladéklerakóval.
Tehát Bob egyike azoknak a hírhedelmes "Wildbieslernek".
Mások nem elég szerencsések ahhoz, hogy ilyen módon elveszítsék az alkoholt.
Étbös nyolc órakor, rengeteg mentős nyűgözi el a helyszínt, akik a szegény bingereket nézik.
Az orvosok mindig falkákban jelennek meg - egyszerre mindig négy van, egy fedett hordágy a sáttól a sátrakig.
Ez ugyanúgy működik, mint a legtöbb Wiesn-látogató: amikor üres, elindulnak, és amikor tele van, visszajönnek.
Nem látod, ki van a BAC koporsóban.
"Azok, akik már nem bírják elviselni" - kiabálta az egyik mentős, amikor megkérdeztem róla, és eltűnt a tömegben.
Baleset áldozatot nevezett meg a rendőrség
Megneveztek azt a 63 éves sétálóutalványos nőt, aki a kórházban halt meg, miután elgázolt egy jármű Essexben.
Carole Paulson (Chelmsford Road Brentwood) péntek délután balesetet szenvedett a Shenfield Road-on.
Elvitték a Romford-i Queen's Kórházba, de később meghalt.
A baleset után egy 51 éves férfit tartóztattak le gondatlan vezetés gyanújával.
Időpontban szabadlábra helyezték a rendőrségi óvadékot.
Kiszélesednek Törökország diplomáciai látóköre
Hosszú, mielőtt Törökország az Európai Unióhoz akart volna csatlakozni, az európai hatalmak arra törekedték, hogy mélyen behatoljanak Törökország hátországába.
Bosphorus keleti oldalán, talán csak Ázsiába lépve, az egyik legkiválóbb ereklye ennek a kudarcot vallott birodalmi becsmérlésnek.
Hydarpasha vasútállomást két német építész Otto Ritter és Helmut Conu tervezte neo-renevancia-stílusban.
Legalábbis ez az, amit az útikönyvek mondanak.
Az épület a peronok végéhez közelednek, tornyokkal az elülsõ sarkok mindegyikében, és az egész világot keresik, mint egy vidéki német városházát.
A kő kocsmában van.
Az egész épület kissé hanyatlik.
De amint a boltíves jegyirodában van, nem kétséges annak a vállalkozásnak a nagyszerűsége, amely a legdéliebb átjáró volt.
1908 augusztusában nyitotta meg az anatólia-Bugdad Corporation német konzorgránit.
Németország, a birodalmi játszmák késői résztvevője, azzal a szándékkal, hogy megvalósítsa törekvéseit, hogy uralja a Közel-Keletet a Damaszkusz, Bagdadba tartó vasút segítségével, amely ma Szaúd-Ará-Arábiába tart.
De Németország birodalmi ambíciói az I. világháború alatt elsüllyedtek.
Vasúti síitáját Arábiai Lászegyutcában és arab szervezetei megtámadták.
Eltűnt az a viszonylagos elszigeteltség a környező régióban, amelyet a Hidegháború befagyott határai határoztak meg
A brit és domínium hadere hajtóerők kivonultak Égyiptobból, és kiszorították a Törököket és német szövetségeseiket Palesztinából és Szíriából.
És rossz hírek érkeztek a Hyderpasha állomásra is.
1917-ben felrobbant egy lövedékes lövedék, amely elpusztítja bonyolult tetőjét.
Török források szerint szabotázs volt.
Azóta lassan formázott, nagyrészt a történelem megkerülte.
De ma ez az Anatóliába vezető vasúti átjáró és az összes kelet-európai pont - szimbolikusan legalábbis szimbolikusan - arra törekszik, hogy kiemelje Törökország kiszélesülő diplomáciai látókörének kiemelését.
A kormányzó Igazság és Fejlődés Párt - az AKP - teljesen új külpolitikát dolgozott ki az ország számára.
Eltűnt a környező régió viszonylagos elszigetelt elszigeteltsége, amelyet a hidegháború befagyott határai vezettek.
A szerepvállalás új politikája létezik.
Figyelemre Méltányszínű, hogy a török kormánynak jó kapcsolatai vannak Izraellel és Szíriával a Hamász és Fatah palesztin frakcióival Irakkal és Irával, valamint természetesen az Európai Unióval és az Egyesült Államokkal.
Az új külpolitika paramétereinek felmérése érdekében felszállítottam az éjszakai alvót a Török fővárosba, Ankarába, hogy meglátogassam az AKP egyik vezető külpolitikai szakértőjét, Suat Kiniklioglu török parlamenti képviselőt.
Másnap reggel - körülbelül tíz és fél órával később - egy olyan nyomtávú út után, amely a The Night Mail híres dokumentumfilm régi világkörüli záporait eredményezte, megérkeztem a Török fővárosba - új várost javasoltak egy új szekuláris állam számára, amely azzal a szándékkal, hogy hátrál az oszmán múltnak.
De az AKP jól ismert iszlamista gyereival paradigmaváltást jelent a török konszenzusban.
Gyűlöletet váltott ki nyugaton, különösen Washingtonban.
Egy taxi elvitt az AKP főhadiszállására, egy ultra-modern kő- és acélstruktúrába, egy fejlődő külvárosban, félig megépített bevásárlóközpontokkal és hatalmi falcákkal körülvéve, ahol az üzleti öltönyök középmenedzét - mind a férfiak, mind a nők - találkoztak, hogy kora reggeli üzleteket kössünk.
Suat Kiniklioglu jobbközép politikus lehetett szinte bármely más európai politikai pártból.
Öltön, nyakkendő, biztos vagyok benne, hogy egy Blackberry-t csomagolt.
A párt külpolitikájának az a célja, hogy visszailleszkedje Törökország közvetlen szomszédságába.
A Hidegháború anomália” – mesélte.
Pulykét elvágtak a hátországától.
A mai napon kelet felé és nyugat felé kellett néznie.
Ez nem az egyik vagy a másik esete volt.
Ennek meg kellett tennie mindkettőt.
"Ugyan olyan ponton," kérdeztem, "Törökország kénytelen lehet, hogy válasszon?"
"Törökország" - mondta - "nem akartam szembenézni ezzel a választással."
Ezután hangsúlyozta azt a pontot, amelyet szinte mindenki, akivel itt felszólaltam, szinte rothadás útján károskodott: Törökország kapcsolata nemcsak a Közel-Kelettel, hanem a kaukázussal és a Fekete-tenger körül is Európa és az Egyesült Államok javát szolgálja, mint Törökországgal.
Mivel Törökország a fedélzeten van, úgy tűnik, az az üzenet, hogy Európa egésze metaforikusan meglovagolhatja ezeket a vasútvonalakat kelet felé Ázsiába és a Közel-Keletre.
Visszatérve a Hydarpasha állomásra, egy másik nagyrészt álmatlan éjszaka után arra a két német dédelgetett Herr Ritterre és Herr Conu-ra, akik 100 évvel ezelőtt nézték ezt az épület építését.
Milyen meglepődhettek volna azon, hogy Európa közel-keleti ambíciói nagyrészt Törökország kezébe kerülhetnek.
És ahogy a terminálnál vártam, hogy a komp visszavegyeljen a Bosphoruson, emlékeztettem arra, hogy azokban a napokban Törökországot mindig "Európa beteg emberének" hívták.
Akkor legalább úgy tűnt, nem kétséges afelől, hogy a kondenzációnak mit kellene igényt tartania erre a lenyűgöző országra.
Emlékszőltek az életekre: Vernon Handley és William Woodruff
Mint Guildford 1962-es zenei igazgatója, Vernon "Tod" Handley (gyalogság, szeptember 11.) a Guildford Filharmóniások és Kórus irányításával vádolta.
A kerület zenei tervének részeként a következő évben megalapította csodálatos ifjúsági kórfelizmáját, a Proteus-t.
Úgy volt, hogy az U-21-es korosztálynak kellett volna lennie, de mire a Proteus elénekelte a finálét 1979-ben, néhányan a húszas éveink végén voltunk - csak megtagadtuk, hogy feladjuk a kórust.
A "Proteus" (mítológiai alakváltó) név képviselte a kórus hajlandóságát és azon képességét, hogy megbirkózzon azzal a zenével, amelyet bemutattak, akár madrigal, akár kíséret nélküli, akár teljes vezényelt.
Az ilyen ifjúsági gárda által termelt muziliális sokoldalúság gyakran kápráztatos, mindig izgalmas volt, és mindez annak az embernek az izmos inspirációjának és a zene iránti lelkesedésnek volt köszönhető, amely az évek során teljesen állandó maradt.
Tod milyen hányszor mondta nekünk, hogy "engedjék, hogy a zene önmagáért beszéljen".
Azt mondta: "A zeneszerző tudja, mit akar.
Ez mind ott van a zenében.
Szóval épelméli!”
Baton technikája teljesen tiszta és pontos volt, bár soha nem diktatorális, sem virágzó.
Bármi legyen is a zenei színvonal, mindig még magasabbra emelte.
John Frayn Turner azt írja:
Ha bármelyik kezűnöknek lovaggá kellett volna ütögetnie, az Vernon Handley.
Jól megismerhettem az 1962-től 1982-ig edzett Guildford Filharmonikusokat.
Az Elmúlt 40-es években több mint 100 koncertjét áttekintettem, és őszintén elmondhatom, hogy soha nem csalódtam egyetlen emberrel - és döbbentek sokszor.
Tod Handley a nagyság és a személyes mérséklődés ritka keverékével rendelkezett.
Gyűlölte a karmestereket, akik az ő szavaival élve egyszerűen "egy vagy két jól ismert háborús lovat a világ minden táján".
Olyan sokan hiányozni fognak nekünk.
Vilnyáis Woodruff (angol nyelven).
John Beckett professzor azt írja:
William Woodr
Woodruff szerző megjegyzése a Beyond Nab End-ben, de ez nem így van rendjén.
1946-tól 1953-ig gazdaságtörténelmi előadó volt a nottinghami egyetemen, ez idő alatt doktori disszidált a brit gumiiparról, amelyet J. D. Chambers professzor felügyelt, majd 1958-ban jelenteti a British Gumír-ipar.
Az Egyesült Államokban 1950-51-es költekezését Houblon-Norman ösztöndíjra, 1952 nyarán az illinomirális, a harvardi és a New York-i egyetemeken.
1953-ban véglegesen elhagyta a nottinghamet Illinois-ba.
Woodruff miért döntött úgy, hogy elkápráztatja pályafutása ezen részét, nem ismert.
A Filahagymához tartozós Vincent Resinó a Fülöp-tudományi karon
"Azt javaslom José Vicente Resino "Flamenco y vida" című kiállítását, mert a dokumenta stílusban készített fekete-fehér fényképei rendkívüliek.
A fotók felhívták a figyelmemet az egyszerűségüknek és erőltetésüknek, amely mindig különös figyelemmel kezeli az alanyokat.
A kiállítás, amely mély érzést ad.
Resino képes megragadni a mágikus pillanatokat."
A Honda szuper-elár elhagyásának második támadása
jövő novemberben a Honda elindítja a második jazz-modell-generáció marketingját.
Ha az előző modellt már nagy lakhatóság jellemezte, ez az új kisteherautó szélesebb térrel rendelkezik.
Ezenkívül finom mechanikával van felszerelve, amely növeli a hajtóknyerést, és lehetővé teszi az üzemanyag megtakarítását.
Forradalom az evolúció.
Ez a Honda Jazz második generációja.
Míg esztétikailag az új Jazz úgy néz ki, mint az előző modell, a kisbuszra behozott változások számosak.
Többek Között érdemes megemlíteni innovatív tervezését, az új platformot, a nagyobb méretet és az új mechanikáját.
Mindenekelőtt az új modell elemzésének folytatása előtt hasznos lehet rámutatni arra, hogy ez az új dzseste csak hat évvel az első generáció belépése után érkezik.
Ezért az első megfigyeléssel meg kell fontolni, hogy a Honduk gyorsabban megújítja ezt a módszert, mint a többi vállalat általában.
Még akkor is, ha a dzsessz-modell kevésbé ismert Európában, mint más piacokon, ez továbbra is az eladások jelensége.
Ez a szuggeszájú Japánban, ahol a Jazz volt a legkedveltebben elárverezett autó 2002-ben és ebben a 2008-as időszakban is.
Éppen ott, közel egy egymillió darab Jazz-t adtak el a modell megjelenéséből.
A második piac az Old Continent volt, hat év alatt mintegy félmillió egységet adtak el.
Ezen számok ellenére a Honda úgy véli, hogy ez az új Jazz még jobban fogja bővíteni az értékesítését a szegmensben.
Ugyanígy, ha 2007-ben a japán cég összesen 83,000 darabot adott el ebből a modellből, 2009-ben úgy becsüli, hogy körülbelül 100.000 autó lesz. Ez azt tervezi, hogy az európai piacon az értékesítés 17% -os növekedését veti előre.
Ami a skóciai piacot illeti, a Honduta 2002 óta összesen 8000 egységet ad el, ami a vállalat teljes értékesítésének 6,7% -ának felel meg Spanyolországban.
Az új generáció eljövetelének közeledtével egy éven belül mintegy 2.000 egységet fog elbocsátani.
Az új Honda Jazz érkezése valószínűleg lehetővé teszi az értékesítés csökkenésének nagymértékű csökkenését Spanyolországban az értékesítés csökkentésével.
Tény, hogy a márkaért felszámított személyek arra számíthatnak, hogy az év végéhez összesen 22.000 eladott egységgel eladnak, ami 4.000 egységgel kevesebb, mint 2007-ben, 16% -os csökkenéssel.
Annak ellenére, hogy az eladások növekedtek, a Hondában is növelte piaci részesedését Spanyolországban, elérve az 1,8%-ot az előző évi 1,6%-hoz képest.
Ugyanakkor a japán vállalat arra számít, hogy 2010-ben el fogja érni a 2% -ot.
Annak érdekében, hogy ezt elérjük, a Honda bízik abban, hogy egy másik új mintájában van.
Ez az Insight, egy hibrid ötajtós kompakt autó 4,37 méter hosszú. A japán vállalat azt reméli, hogy egy éven belül mintegy 200.000 darabot ad el ebből a modellből világszerte.
Szereplők szerint az Insight értékesítésének 50%-a az Egyesült Államokból származik, míg a fennmaradó 50% az Old Continenttől és Japántól származik.
Az Insight kereskedelmi bevezetését a jövő év elejére tervezik, röviddel azt követően, hogy januárban Valnzában bemutatták a vállalaton belüli modellt.
Összehasonlítva az első generációval, az új dzseste teljes egészében megnövekedett.
Elérte a 3,90 méteres hosszúságot (öt centiméterrel több), 1,69 méteres szélességét (két centiméterrel tovább) és 2,50 méteres intertaple-t, öt centiméteres növekménnyel.
1.52 méteres magassága változatlan maradt.
A mérettel együtt lakható belseje megnövekedett az űrben.
Ez az előzmény elsősorban az új emelvényből származik, a második az üzemanyag-tüstartó behurcolások központi helyen történő bevezetésétől, egy olyan megoldástól, amelyet már elfogadtak az előző jazzben.
Ráadásul a törzs kapacitása - a kettős alsó térfogat - 399 literre emelkedik, ami 19 liter nagyobb kapacitást jelent az első generációhoz képest.
Megjegyzve, ez a Honda Jazz 1.4 mérőszáma, míg a törzs kapacitása az 1.2 modellben mindössze 379 liter.
Az egyéb javítások - a külső elemek mellett, mint például a hátsó vezetés vagy a panoráma üveg felszerelésének lehetősége - a hátsó ülésekhez való jobb hozzáférést érinti.
Az ajkak, amelyek hozzáférést biztosítanak a hátsó ülésekhez való hozzáféréshez, most 80 fokos szöggel nyílnak, szemben az első modell 67 fokkal.
Ezen túlmenően az összes motor meglehetősen új az autók második generációjában.
A marketing idején ez a kis modell 1,2 vagy 1,4 literes benzinmotorokkal fog megérkezni.
Mindkét mechanikai rendszer magában foglalja az i-VTEC technológiát, amely lehetővé teszi az alacsonyabb üzemanyag-fogyasztást, kevesebb szén-dioxid-kibocsátást, optimalizálja a mechanikai finomíttatásokat, és ugyanakkor magas nyomatékú motort tart minden fázisában.
Ez az 1,2 literes változat eléri a 90 lóerő sebességét 6000 rpm sebességgel, amelynek maximális forgatónyomatetereje 114 Nm 4900 rpm sebességgel.
A meglökésének - amely az előző Jazz elérte a 78 lóerőt - csak 5,3 liter üzemanyagra van szüksége, és körülbelül 125 gramm szén-dioxid-kibocsátást eredményez.
Összehasonlítva az előző meghajtással, amely az első generációs modellben 83 lóerőt fogyasztott, az újra kihasználhatja a 100 lóerőt.
Az 1,4-es dzsessz 100 lóerővel 5,4 liter üzemanyagot és 128 gramm CO2-kibocsátás kombinációját éri el.
A "bee-autó" az ütközések elkerülésére
A balesetek megelőzésére szolgáló technológiák kifejlesztésének kifejlesztésével a Nissant ezúttal a természet és különösen a méhek inspirálták.
A japán cég olyan robotot hozott létre, amely a méhek repülését követve elkerülheti a baleseteket.
Ez a Bio-mimetic Car Robot Drive (Br23C) az első lépés az ütközések megelőzésének technológiáinak vizsgálatához.
Az Advanced Technical Centre of Nissan Motor Co. mérnökei kifejlesztették ezt a kis robotot, együttműködve a tekintélyes tokiói Egyetem Tudományos Kutatási és Technológiai Központjával.
Kazuhiro Doi, a márkamenedzs Menedzselési Technológiával, kutatásával és fejlesztésével kapcsolatos általános igazgatója szerint a BR23C kiterjeszti a Nissan által termelt négy terület biztonsági pajzsának bővítését.
Ennek a robotnak az a terve, hogy javítsa annak a képességét, hogy megelőzze a vállalat által termelt járművek ütközéseit.
A repülés ideje ideje ideje alatt minden méh saját ovális személyes helyet hoz létre, amely nagyon hasonlít a Nissan által kifejlesztett Biztonsági Pajzshoz.
De a legfontosságú elemet a méh összetett szeme alkotja, amelyek minden irányban további 300 fokos látószöggel rendelkeznek, lehetővé téve a rovar számára, hogy megszakítása a személyes terében.
Ezeknek a vizuális jellemzőknek az újraalktatása érdekében a mérnökök kifejlesztették azt, amit meghatároztak a lézeres helymeghatározó (Laser Range Finder).
Ez a mechanizmus 2 méteren belül észleli az akadályokat és akár 180 fokkal a BR23C előtti pontosságot, kiszámítja az objektum távolságát, és jelet küld a fedélzeten lévő mikroprocesszornak, amely azonnal lehetővé teszi az ütközés megelőzését.
"Amikor egy akadályt észlel, a kisrobot a méh mozgását méri, és azonnal megváltoztatja az irányt azáltal, hogy jobbra vagy szélesebb szögbe forgat, hogy elkerülje az összeütközést.
A legnyilvánvalóabb különbség minden létező rendszerrel a kitérő hatás, amely teljesen ösztönösnek tűnik.
"Ha ez nem így lenne, a robot nem tudna elég gyorsan reagálni, hogy elkerülje az akadályokat" - magyarázza Toshiyuki Andoh, a Mobilitás Laboratóriumának igazgatója és a projekt főmérnöke.
Ellentétben a móvénnyel, a robot nem tud felfelé vagy lefelé haladni, vagy akár elivasodva. Csak két dimenzióban mozoghat, és a kerekek irányába fordulhat. Nyilvánvaló, hogy végtelen irányokat és módszereket nem tud futtatni, mint a méhek.
Ennek éttermében a Nissan forgatási funkciót is alkalmaz a gyorsulási és lassulási funkciók mellett annak érdekében, hogy a kis robot elkerülhesse az összeütközéseket.
Ennek az eszköznek csak néhány másodpercenként kell feldolgoznia az új információkat, és ebből az adatokból kell cselekednie.
Nem igényel semmilyen információ tárolását vagy a korábbi manőverek intuitív logikájának felhasználásának vitelét. Ennek nevéért megszakítás nélkül mehet csak néhány tucat KB memóriával.
Meglepődhet ez, de nem gigabájtokról vagy a memória megájszijáról van szó.
Ez az első lépés ahhoz, hogy új technológiákat fejlesszek az ütközések megelőzése érdekében, amelyet a Nissan reményei szerint tíz éven belül az autók alapfelszereltségként vezetnek be.
Lítium-polimer akkumulátorokat használnak, amelyek könnyebbek és tartósabbak, mint a Lítium-ion tipológia.
A potenciális jövőben egy további alkalmazás az lehet, hogy ezt a technológiát integrálják a GPS műholdas navigátorral, hogy a vezetőt egy adott rendeltetési helyre vigyük, elkerülve az akadályokat az út mentén.
Viselkedj a tőzsdére igénylése előtt
El kell ismernünk, hogy az Egyesült Államok Pénzügyminisztéróriája, amely meglehetősen jó fővárosokkal rendelkezik ahhoz, hogy cselekedjen, biztosan nem hiányzik a tehetség.
Annak, hogy szembenézzenek a válsággal, és megakadályozni, hogy az amerikaiakat becsatolják a szemétkölcsékkel a fizetésképtelenség kétségei miatt, szórakoztató és oktatási játékot hoztak létre az internethasználók számára. Ez "Bad Credit Hotel".
Más szóval a "rosszigorú hitelek üdvözlésére" ... vagy a problémák.
A szállodá komor aspektusa, különösen a recepciósa arra törekszik, hogy arra ösztönözze az embereket, hogy ne csak egyszer, hanem kétszer vagy akár háromszor gondolkodjanak a kölcsön igénylése előtt.
Mindenekfeltünk odáig elgondolkozhatunk azon, hogy hova pályázom. Valószínűleg ez a játék elsődleges célja.
Természetesen ez a rendszer számos hasznos információt nyújt, de meglehetősen kevés részletet tartalmaz.
Ez sokkal több weboldal a tizenévesek számára, mint a nagyközönség webhelye.
Mi történik, ha befejezi a játékot?
Nos, egy álomszoba jelenik meg a hotelben.
Ez még mindig valami, mert a ház megvásárlásáról van-részkező... jobb, ha elhagyod.
Megnyilvánította tőkéjének fővárosát a MUFG-nek
Bejegyezte a Mitsubishi UFJ Financial Group (MUFG), Japán első bankjának asztalterítésére való belépését, amely 9 milliárd dollárt fog elkölteni tőkéjének 21% -ának megszerzésére, olyan híreket, amelyeket a részvényárak meredek esésével fogadtak.
Egy héttel az ideiglenes megállapodás bemutatása után a két bank elmagyarázta, hogy az MUFG 25,25 dolláros áron megvásárolja a Morgan Stanley részvényeinek 9,9% -át 25,25 dolláros áron, összesen három milliárd dollárért.
Az eladási ár az augusztus 31-i értékpapírok értékének 19% -át teszi ki.
A MUFG további hat milliárd dollárt fog befektetni az átváltoztatható címek felvásárlásába, amely 10% -os biztonságos hozamot és 31,25 dolláros átigazolási árat biztosít.
A Morgan Stanley megerősítette, hogy az összművelet 29 dolláros átlagos egységáron fog alapulni, ami 28% -kal meghaladja a jelenlegi árat.
Azonban a Morgan Stanley részvényei 6,79% -ot veszítettek 23,07 dollárra 17:00 Óra körül.
"Ez a stratégiai szövetség fontos lehetőséget kínál arra, hogy felgyorsítsa a Morgan Stanley átmenetét a bank státuszába" - mondta John Mack, az amerikai csoport vezérigazgatója.
A múlt héten elfogadta ezt az új státuszt, amely lehetővé teszi tevékenységeinek diverzifikálódását, de a Federal Reserve hatáskörén át kell mennie.
Megerősítette, hogy a jelenlegi pénzügyi válság arra kényszerítette a Wall Street legnagyobb neveit, hogy sokkal óvatosabb attitűdöket fogadjanak el, mint korábban.
A hétfőn bemutatott módok azt mutatják, hogy a megállapodást az elmúlt napokban módosították: az előző hétfőn a Morgan éppen bejelentette, hogy részvényeinek akár 20% -át is eladja a japánnak körülbelül 8,5 milliárd dollárért.
"Egy héttel ezelőtt elmagyarázta Toshihide Mizunó, a tokiói MUFG ügyvezető igazgatója", úgy gondoltuk, hogy a részvétel teljes egészében törzsrészvényekből áll.
"Teksz a gazdaság és a piac jelenlegi helyzetének fényében reméltük, hogy minimalizáljuk a kockázatokat, és megvédjük a hátunkat".
A Súlyozott átlagár alapján a MUFG 7%-kal a könyv szerinti értéküknél kevesebbet fog megfizetni.
És a tranzakció az egy részvényre jutó 20% körüli bevétel felhígulásához vezet.
A megállapodás azt tervezi elő, hogy az MUFG az előnyben részesített értékpapírok éves felét törzsrészvényekké alakíthatja át, ha ezek több mint 50% -kal haladják az átváltási árat, körülbelül 47 dollárt egy adott időszakra.
A Morgan Stanley biztosítja, hogy az MUFG által biztosított tőke lehetővé teszi a befektetési lehetőségek megragadására, mérlegének megerősítésére és likviditásának növelésére.
a képviselőcsoport szószólója azonban nem volt hajlandó részletezni a két új szövetséges stratégiai projektjeit.
Az MUFG beruházásakor a Morgan Stanley a Tier Tier körülbelül 15% tőkemegfelelését prognosztizálja, az iparág egyik legkevesebbjét.
Morgan azt mondta, "jelentősen" csökkentette mérlegét augusztus vége óta.
Az elmúlt hetek nehézkesek voltak a csoport számára, amely a részvényárfolyam felében oszlott el, miközben a biztosítási költségek az adósság nemteljesítési kockázatával szemben emelkedtek.
Ezt a költséget hétfőn csökkentették, de továbbra is új, 12% körüli szinten maradtak.
A múlt héten a Goldman Sachs, az egyetlen fennmaradt nagy befektetési bank a Wall Street-en a Bear Stearns és a Lehman Brothers és a Merrill Lynch felvásárlásának csődje után, bejelentette, hogy 15 milliárd dollárt emelt, részben Berkshire Hathaway, a Warren Buffett csoportjától.
Rafael Correa Quitóban hétfőn.
Újjáépítés a Huszadik századi Szocialista Köztársaság körül.
Ez Hugo Chávez bolíviai Evo Morales és az ecuadori Rafael Correa közös projektje.
Vasárnap, társaihoz és barátaihoz hasonlóan, ez a harmadik, hogy megszavazták az új alkotmány tervezetét.
A szavazók 64% -a óta végzett misszió a szavazatok 80% -án alapuló hivatalos eredmények szerint "Igent" szavazott a népszavazásra.
Ezekre az eredményekre alapozva a "nem" 28%, a szavazatok 7% -a érvénytelen volt, 0,7% pedig üres szavazatot kapott.
Ahhoz, hogy elfogadják az alkotmánytervezetet, a szavazatok felét plusz egyet kell megszereznie.
Vasárnap a közvélemény-kutató állomásokon kívül végzett két közvélemény-kutatás és egy nem kormányzati szervezet nagy győzelmet aratott az "igen" számára, 63% és 70% között.
Rafael Correa azt követelte az éjszakában, vasárnapról hétfőre az alkotmánytervezet győzelmét.
Az „Alktitkok oly elsöprő győzelmet arattak” – nyugtázta az ecuadoriakat az ecuadoriak Guayaquil kormányhadikaponyulatában, 280 km-re délnyugatra Quitótól délnyugatra.
Rafael Correa-nak szerencséje Gratulált Chavez és Morales, de chilei kollégája, Michelle Bachelet is.
Az Amerikai Egyesült Államok Szervezetének (OAS) ellenőrzése alatt békésen lefolytatott közvélemény-kutatás 444 pontos szöveggel fedte le, amely megszilárdította az elnök által támogatott "új szocializmust".
Az alkotmánytervezet rögzíti az állam hatalmát a gazdaság felett azáltal, hogy egy olyan ország "fejlesztési tervezését" foglalja magában, amely elsősorban a külföldi vállalatok olajkitermeléséből él, és a külföldi pénzt, amelyet a kivándorlóiknak küldtek.
A 2006-ban megválasztott Correa által szervezett projekt nagyobb hatásköröket is biztosít az államfő számára, amely akár két egymást követő négyéves időtartamot is igénybe vehet, és fel tudja oszlatni a Képviselőházat.
Correa már bejelentette, hogy 2009 februárjában új mandátumra kívánja felhasználni ezt a hatalmát.
Az Alkotmány megszilárdítja az ingyenes egészségügyi szolgáltatások és az oktatás elvét is, amelyet az elnök 13,9 millió lakossal kezdett létrehozni ebben az országban, ahol a lakosság 50% -a a szegénységi küszöb alatt él.
Előírja a külföldi csapatok jelenlétének tilalmát is, amelyek megszüntetik a Quito és Washington közötti megállapodást, mert Ecuadort az amerikai antidrog-műveletek kilövésének bázisaként használják.
Csádban szabadlábra iktatták a 19 zenhárítást
Az egyiptomi kommandós osztag támadást indított a tizen tizenegy turistának elfogatóparancsa és nyolc kísérője ellen tíz nappal ezelőtt.
Ezek Kairóban vannak.
A tizen tizen tizenkilenc európai turistát és nyolc egyiptomi kíséretüket tíz napig fogságba avatták vissza a sivatagban hétfő délután az egyiptomi főváros kezére hagyatkozva.
Éjténténken egy egyiptomi kommandós könyörgött Csádban.
A túszok körülbelül 1530 órányira megérkeztek az al-Maza katonai támaszpont fedélzetén, a kairói nemzetközi repülőterhez csatlakoztatos al-Maza hadibázison.
Rögtön áthelyezték őket, anélkül, hogy beszélhettek a déggyék a déggyel, helikopterrel a kairói Maadi-i kórházba, hogy vizsgálatnak vessék alá.
"jó egészségi állapotban" vannak, és "nem fizették ki váltságdíjat a fogvatartóknak" - jelentette ki Zoheir Garanna egyiptomi idegenforgalmi miniszter az asztamán.
Szeptember 19-én fogták el a szafari egy 4 ox4-es lövedény lábánál az Ouanat-hegy lábánál Egyiptom, Szudán és Líbia határán, ezt a túszcsoportot az egyik rejtekhelyről 35 ismeretlen ember oszlatta körbe az egyik rejtekhelyről a másikra.
11 turistát - öt olaszt, öt németet és egy románt -, valamint nyolc egyiptomit foglal magában: két idegenvezetőt, négy járművezetőt, egy határőrt és az Aegyptous ügynökség igazgatóját, a szafari szervezőjét.
Egy egyiptomi biztonsági tisztviselő azt mondta, hogy a különleges erők 30 tagja, két helikopter fedélzetén szállította a támadás indítását hajnal előtti éjszakán.
"Tönkifüri váltás történt, és az emberrablók felének meghalt, a másik fele elmenekült" - mondta a névtelenséget kérgető tisztviselő.
Azt mondta, hogy az egyiptomi különleges erők "megrázkódozott válasz" egységének 150 tagját Szudánba küldték Szudánba, ahol német és olasz kommóniák támogatását kapták.
Franco Frattini olasz diplomáciai alakulatok vezetője Bel belgrádban említi az olasz titkosügynökök és a különleges erők elemeinek szerepét.
Fel kell ismernünk arra, hogy ezt az eredményt úgy értük el, hogy embereink professizmával és a titkosított szolgálatokkal, a különleges erőktől származunk" - tette hozzá.
Megtagadta azt is, hogy vétségdíjat fizetett.
Egy nappal ezelőtt a szudáni hadsereg azt állította, hogy feltartóztatott egy 4x4-es járőrjárművet a fedélzetén, amelynek foglyai a fogvatartók ölték meg, hatot megöltek, beleértve a csádi vezetőt is.
A hadsereg azt állította, hogy kapcsolatba hozhatók egy lázadó csoporttal Dárfúrban, a Szudáni Felkelő Mozgalom-egyes Egységgel (SLA-U), amit ez a mozgalom azonnal cáfolt.
Levetek - A kultúra csendes többségének
A kultúra finanszírozásáról folytatott vita a címlapokra került, és bebörtönözte ezt a választási hadműveletet.
- Jól van.
Kultúra életünk egyik szektora mindig feledésbe merül.
Ki fog előfelszólítani azt a nyomorúságot, amelyet kisebb múzeumoknak, levélarchívumnak, régészeti vagy nemzeti történelmi helyszíneknek adnak, amelyek éheznek a finanszírozásért?
Melyik politikus mer emlékeztetni a szövetségi kormányt arra, hogy figyelmen kívül hagyja emlékműveit és örökségi épületeit?
Québecben, Kanadában nincsenek valódi törvényeink, amelyek hatékonyan megőrzik az örökségünket?
Tudta-e, hogy a francia kormány három- és félmillió eurót szentel a Loire-völgyi Chinon kastély helyreállítására?
Amerikai szomszédaink azt írták országuk alkotmányában, hogy az örökség védelme az amerikai kultúra részét képezi, és hogy az ilyen örökséget minden állampolgárnak kell megvédenie, az összes választott és az összes kormányzati szervnek, és ez az együttműködés.
Québecben Québec Történelem Szakosodott Szakifátusában legalább 40 zambénult önkényényező, aki 211 ügynökséget csoportosított a történelem kutatására, megőrzésével, kevés pénznyi magánarchiumával és a régészeti maradványok megőrzésével, megőrzésével, kevés forrással, magánarchívummal és a régészeti maradványok megőrzésével.
Gyakran az örökségünk őrkutyái, akik a kétségbeesés energiájával tiltakoznak, amikor a fejlesztők és a konstruktőrök elindítják buldózereiket a régi épületeink és az elfeledt cukraink ellen.
Mikor lesz a történelem és az az örökhagymák fóruma?
Fortis-t a Benelux-kormányokat részben államosították
A Benelux államok részleges kivásárlással segítik a Fortist, a belga-holland bankot, amely az amerikai hitelezési-válság későbbi hatása miatt bajban lévő európai pénzügyi intézmény. A három ország beleegyezett, hogy 11,2 milliárd eurót fecskendezzen a magyar érdekekkel rendelkező banki és biztosítási társaságba.
E hét végi időszak végében a belga, a luxemburgi és a holland kormány konzultált ezzel a kérdéssel a legmagasabb szinten az Európai Központi Bank elnökével és az Európai Európai Bizottság versenyjogi biztosával.
Az euróövezeten belül a Fortis az első olyan bank, amelyet az elmúlt 12 hónapban a nemzetközi pénzügyi válság sújtott. Így bizonyos szemszögből a meghozott döntések precedensnek tekinthetők. Így a meghozott döntések precedensnek tekinthetők.
Vasárvideóban a vasárnap esti döntés értelmében minden egyes kormány 49 százalékos részesedést vesz birtokba az országuk Fortis bankjaiban.
A bank minden bizonnyal eladja részesedésének egy részét, különösen a biztosítási tevékenységeket, amelyeket a holland ABN Amro-tól tavaly vásárolt.
A Fortis részvényei mélyen zuhanni kezdtek a múlt héten, a hét második felében egy súlyos válság nyomai jelentenék a vállalatnál.
Az elemzők egyetértenek abban, hogy a bank - 85 000 alkalmazottjával - túl nagy ahhoz, hogy csődbe menjen.
Pénteken 12% -kal csökkent a bank részvényei, ami az elmúlt 14 év legalacsonyabb szintje.
A részvényeknek ez az értéke január óta kétharmadával csökkent.
Figyelembe véve a jelenlegi tőzsdérekat, a képviselőcsoport teljes piaci tőkeértéke körülbelül 14 milliárd euró. A vállalati igazgatók azonban azt mondják, hogy ez nem tükrözi a valóságot.
A vezetőség hibáztatja a tengerentúli bizonytalanságokat - amelyek ahhoz kapcsolódnak, hogy el kell fogadnunk a 700 milliárd dolláros amerikai csomagot a Fortis-részvények lezuhanásához.
A részvények hétfőn enyhe emelkedést mutattak.
Filip Dierckx-et pénteken nevezték ki a bank új vezérigazgató-helyettesének.
A pénzintézet magánvásárlókat is keresett, de eddig nem tettek érdemi ajánlatot.
A belga kormány korábban kijelentette, hogy a befektetőknek nincs okuk az aggodalomra, nem fogják elveszíteni a pénzüket.
Páciensek eddig nem merültek fel pürét a bank ügyfelei között; nem történt banki rohanással.
A Fortisnak saját bankrendszerrel rendelkezik Magyarországon, és libelő cégeket is kivásárolt.
róka a tyúk házból
Az amerikai élet- és egészségbiztosító társaságok gyakran megtagadják a biztosítás eladását egyes állampolgároknak a kábítószer-vásárlási adataik miatt.
Az adatvédelmi szakértők attól félnek, hogy az adatpiac irányíthatatlanná válik.
"Van egy olyan adatvédelmi program, amely az érintett személy engedélyére van szüksége a vényköteles adatok felhasználásának felhasználásához.
Annak függetlennek kell lennie, különben a róka a tyúkot fogja őrködni" - idézi a The Washington Post Richard Dick-et, a kábítószer-rendelvények nyomon követésére vonatkozó program fejlesztőjét.
A biztosítótársaságok döntsenek a biztosítási díjról és a kártérítés esetén kifizetendő összegről az ügyfél egészségi állapotától függően, és ha úgy ítélik meg túl kockázatosnak, nem nyújtanak biztosítást.
A fellépő ügyfeleket orvosi vizsgálat elvégzésére küldték, és a szerződést a szűrési eredmények figyelembevételével megkötötték.
Dick tíz évvel ezelőtt sokkal olcsóbb módszert fejlesztett ki: az ügyfél azonosítási számának megfelelően az elmúlt 18 hónapban az ügyfél által megvásárolt gyógyszerek típusa könnyen kimutatható, így a program saját maga is levonhatja azokat a következményeket, amelyeket a pályázó által elszenvedett betegségekkel és egészségi állapotával kapcsolatban.
Például az a eset, hogy rendszeresen nagy adag koleszterin-csökkentő gyógyszereket vásárol, gyakorlatilag arra a tényre utal, hogy az ügyfél kezelhetetlenül magas vérzsírszinttel rendelkezik, amely következtében ez a személy azonnal magasabb kockázati kategóriába helyezné.
A program a kereskedelem különböző verzióival rendelkezik, amelyek közül néhány még a kockázati tényezőt is meghatározza, így a biztosítótársaságnak nincs más dolga, mint a papírmunka, bár kisebb nehézségek merülnek fel.
Az egyik háthátrány az a tény, hogy egyes gyógyszereket több célra is fel lehet használni, például bizonyos orvosi formulák a migrén, a hőhullámok vagy akár a depresszió kezelésére.
Utópia az üzletbiztosítók szempontjából jelentős kockázat-megnövekedő tényező, míg a másik kettő nem.
Vannak olyan speciális vállalatok, amelyek az adatok beszerzésével és feldolgozásával foglalkoznak, és engedélyt kérnek a betegtől, mielőtt megszereznék a szükséges információkat a gyógyszertárakból.
Már kötelesek ezt megtenni, bár korábbi mulasztásaik nem büntették.
Egyes vállalatok feldolgozzák a laboratóriumi vizsgálatok eredményét, és összekapcsolják a gyógyszerfogyasztási adatokkal. Így pontosabb információkat nyújthatnak a betegek egészségi állapotáról.
Egyre több vállalat férhet hozzá az adatokhoz, és ezzel párhuzamosan a használatuk ellenőrzése egyre súlyosabbá válik.
Konkrét az egészségügyi ellátással kapcsolatos adatvédelmi törvényről van szó, de hatóköre csak az egészségügyi szolgáltatókat és a biztosítótársaságokat foglalja magában.
Azt a törvényjavaslatot, amely az adatmegállapítással foglalkozó vállalatokkal foglalkozó hatóságok ellenőrzési hatáskörének biztosításáról szóló törvényjavaslatot nyújtották be a kongresszusnak.
Dick Richard felismeri, hogy ez nem elég: ezért fejlesztette tovább programját, amely most korlátozza az adattovábbítást az érintett személy kifejezett hozzájárulásának megkövetelésére.
Ez azonban az a kérdés azonban, hogy a pályázó valóban nem tagadhatja meg a beleegyezést, ellenkező esetben a biztosítótársaságok nem kötnek szerződést velük.
Tehát a tyúkok bizonyos mértékig továbbra is a rókák jóindulatától fognak függeni.
Globális marsizeni Menu (angol nyelven). (angol nyelven).
Az Európai Unió megkétlapozta a kereskedelmet
Mivel az Európai Unió és az Egyesült Államok egymás kereskedelmi partnereinek vezető kereskedelmi partnerei, a kilencedik csúcstalálkozó napirendjét e kérdés dominálta más, főként globális problémák mellett.
A francia-indiai Csúcsértekezletet is megtartják, különösen az atomenergia-együttműködésről.
Bár az Európai Unió elismeri, hogy India egy feltörekvő demokratikus világhatalmi hatalom, amelyet a nemzetközi ügyekre kell bízni, a tagállamok még nem tudtak megállapodni, függetlenül attól, hogy támogassák Új-Delhi állandó tagságát az ENSZ Biztonsági Tanácsában.
Ezt az ügyet nem erőltették a kilencedik csúcstalálkozón, amelyet tegnap Marseille-ben rendeztek.
Nicolas Sarkozy francia elnök, José Manuel Barroso bizottsági elnök és Javier Solana külpolitikai vezető üdvözölték Manmohan Singh indiai miniszterelnököt, és megállapodtak abban, hogy megkétszerezik, ami több mint több mint 100 milliárd euróra történő növelését jelenti az elmúlt 5 évben.
A 2000 és 2007 között 25 milliárdról 55 milliárdra történő tőzsdére történő tőzsdére hajtóereje óta ez nem túl ambiciózus célkitűzés.
Ennek kezűségében 26 meglévő kétoldalú polgári légiközlekedési konferenciát állítottak össze Indiával, ami azt jelenti, hogy a légi forgalom a jövőben szárnyra emelkedhetnek.
India arra törekszik, hogy 2009 végéig írja alá a szabadkereskedelmi megállapodást az Európai Unióval
Sarkozy megígérte, hogy fel fogja gyorsítani a harmonizációt.
A cél az, hogy megtalálják az egyensúlyt, miközben India az EU első számú kereskedelmi partnere, ugyanakkor Új-Dél-Délnek csak a kilencedik helye az uniós partnerek listáján.
A csúcstalálkozó globális kérdésekre összpontosult:
Az afganisztán és pakisztáni helyzetre, valamint a terrorizmussal kapcsolatban. Udvat minden formában elítélték mindkét fél elítélte, és sürgették az ENSZ-konferenciát.
A dohai kereskedelmi forduló befejezését szintén felgyorsították, bár eddig mindkét fél felelős a fiaskóért.
Az EU megerősítette, hogy fenntartja energia- és éghajlatváltozási programjának fenntartását, azzal a szándékkal, hogy 2020-ig legalább 20 százalékkal csökkenti a légszennyezettségű szennyező anyagok kibocsátását.
India egyetértett ezzel azzal a céllal, hogy globális megállapodást érjenek el a jövő évi klímakonferencián, és 2050-ig 50 százalékkal csökkentsék az üvegházhatást okozó gázok kibocsátását.
Egy másik cél az élelmiszer-árak növekedésének megakadályozása és a pénzügyi válság felülvizsgálatára vonatkozó nemzetközi konferenciára való felszólítást támogatták.
Az indiai miniszterelnök ma kétoldalú találkozót tart a francia fővárosban, ahol megállapodást szándékozik tenni az atomenergia békés használatáról.
Párizs arra számít, hogy a francia vállalatok 20 milliárd euró értékben ítélik oda az atomreaktorok építésére vonatkozó szerződéseket Indiában.
Tájékoztatják, hogy a megállapodás 15 évig lenne hatályban.
Több mint háromszáz olasz dívízió Frankfurtban
A frankfurti Nemzetközi Könyvbemutató Vásáron az olasz szerkesztők erős jelenléte.
Több, több mint háromszázan lesznek azok az olasz szerkesztők, akik részt vesznek Buchmesse hatvanadik évfordulóján a szerzői jogok cseréjének legfontosabb nemzetközi rendezvényén.
A frankfurti nemzetközi könyvvásár erre az alkalomból több mint hétezer kikiáltót vár 101 különböző országból, akik 171 790 méteres területet foglalnak el, több mint 403 ezer címmel a kiállításon, és Törökország a díszvendég lesz a díszvendég.
Francesco Maria Giro a Kulturális Erdészeti és Munkaügyi Minisztériumért felelős államtitkár fogja képviselni az olasz kormányt az olasz pavilon beiktatási ünnepségén, amely valójában olasz lelátóval rendelkező intézményként fog szerepelni - 264 négyzetméteres kiállítótér.
Az alábbiakban sajtótájékoztatót rendezünk Struktur a Buchmesse pavilon 5.0-es szobájában: ez lesz az az alkalom, amikor bemutatják a számjegyeket, a trendeket és az olasz könyvelészeti ipar helyzetének nézetét.
Az adatok azt mutatják, hogy a külföldi szerzők egyre kisebb jelentőséggel bírnak az olasz termelés könyveiben, különös tekintettel a felnőttekre és a gyermekek könyvére.
Megtalálta Steve Fossett repülőgépét, a milliomosot egy évvel ezelőtt.
Megállapították Steve Fosssett, a milliomos repülőgép roncsát, aki 2007. szeptember 3-án tűnt el a nevadai-sivatag felett.
A roncsot 3000 méteres fennsíkon fedezték fel Mammoth tavak Sierra Nevadában, Kalifornia és nevadai határvidékén.
A repülőgépen belül azonban emberi maradványok nem voltak emberi maradványok.
A Madera megye seriffje, John Anderson eloszlatta a fennmaradó kétségeket: "A repülőgépet megtalálták, egy csapatot küldtünk, és most megerősítettük, hogy Steve Foltlett az eltűnésének napján" - mondta egy sajtókonferencián.
A seriff ezután rámutatott arra, hogy nem találtak emberi maradványokat a repülőgépen, sem a környező területen.
Februárban a 63 éves milliomos halált halt.
Az Egyesült Államok Nemzeti Közlekedésbiztonsági Hivatala (NDTSB) arról számolt be, hogy néhány órával a roncs észlelése után nyomozócsoportot küldtek, amely ezután azonosította a repülőgépet: ez a Bellanca 8KCAB, amely 2007. szeptember 3-a óta tűnt el, amikor Fossett három órás repülésre felszállt a nevadai Yerington-ból egy három órás repülésre.
"Tegnap, mindig Kaliforniában, nem messze a nevadai határtól, a Fosssetthez tartozó néhány személyes tárgyat a Mammoth Lakes-i házukhoz közeli pár találta.
A tétel a Fossett nevére szóló két dokumentum, mindkettő az illinois-i Szövetségi Légiközlekedési Közreműtétje, némi készpénz és egy pulóver.
Fossett keresését egy hónappal az eltűnésének lefújásáról lefújták.
A milliomos helyet szerzett a történelemben, köszönhetően a világrekordok sorozatának.
2002-ben hatodik kísérletében ő lett az első ember, aki hőlégballonnal egészítette ki világkörüli utazását: egy kéthetes önálló repülést.
Három évvel később leszállás nélkül körbeutazta a világ repülőútját leszállás nélkül.
Számos feljegyzései közül 15,445 métert is repül az Andok felett, de másodpilótával.
Glk, az a hirdetés, amely nem várja Önt
Egy olyan SUV, amely kívül esik a normákon, eredeti kialakítással, döntő vonalak, bőséges felületek és tiszta vágott sarkok által meghatározott eredeti kialakítással.
Röviden, ez a GLK, a "kompaktális" off-road járművek legújabb kiegészítése a sztár gyártótól, amelyet a Mercedes-ZenBenz megpróbált friss levegőt beengedni ebbe az ágazatba.
Helytelen, mivel a jellemzői ki vannak a hagyományos normákból, a GLK SUV bevezetését kísérő üzenet is váratlan és nem szokványos lesz, jövő október 17-től lesz elérhető a Mercedes-Benz bemutatótermeiben.
Tehát a reklámkampány, amely el fogja kísérni az új jármű debütálését, új kommunikációs módszert hoz létre, amely magában foglal egy futurisztikus 3D óriásplakát-kampányt is, amelyet Olaszországban először egy autómárka használ.
Nagy plakátok projektje, amelyet három különböző szakaszban indítottak, és amely november tizenkilencedikéig uralja a legközépső milánói bevásárlóutcsíkot, a Corso Como-t.
Ennek az új típusú kommunikációnak az első szakasza az autó sztereoszkópikus jövőképének bemutatásával fog kezdőkezni, és a Corso Como szomszédságában elosztott speciális szemüvegeknek köszönhetően az új SUV valódi méretű és 3D-s formátumban látható.
Tőzsdére, ha megnézzük a képet, az az érzés, hogy az az autó kitűnik a plakátból.
Ezt követeztük, az innovatív technológia, az Elunida 8 használatával az új G LK összes részletét különböző időpontokban világítják meg, majd egyetlen képként kell újra felszerelni.
Kétségtelen, hogy ezen a hirdetésen keresztül a Mercedes megpróbál valami új dolgot bevezetni az autóipar hagyományos piacára.
Sikeres lesz-e ezzel a formulával provokálni a leendő vevők érdeklődési körét? Majd meglátjuk.
Íme, kik az olasz huligániak
a Tri-Veneto, amely el van tiltva attól, hogy részt vegye-e a sportrendezvényeken (Daspo).
De ki az a 150-200 ember, akinek Olaszország most szégyenkezik? Az "Ultras Italia" csoport részét képezik, aki évek óta támogatja a nemzeti labdarúgó-válogatottakat, és mostanáig az igazság ismert, soha nem okozott jelentős problémákat.
Soha nem csaptak össze az ellenfél rajongóival.
A csoport kihúzása a jobb szárny.
A promóter Tri-Venetóból származik.
Veronából, Padouából, Trieste-ből és Udine-ból.
Ezek csatlakoztak néhány kis csoport (valóságban, nagyon kevés tag) Campagniából és Pugliából.
Triklóor zászlókat nyissszanak a militánsok származási városával: szombaton ezeket felvegyítették, hogy ne lehessen azonosítani őket.
Elképzeléseiket az angol rajongóktól veszik át.
Bulgáriában olyan támogatókat alapítottak, akik valódi nácik, a Levski-csoport.
A FÁGLÁTÁS az olasz szurkolók rendelkezésére bocsátott 144 szelvény a mérkőzésre: minden személyes, így könnyen ellenőrizhető.
A Viminale belügymini kellőspárti belügyminisztere valójában mindegyiket megvizsgálta: a Szófiába vándorló csoportok közül egyiket sem tiltották be, egyiküknek sem volt megtiltva, hogy részt vegyünk egy stadionban.
Négy olasz szurkoló, akiknek korábbi stadionokkal kapcsolatos bűneik voltak, valójában megtagadták a szelvényeket, és megakadályozták, hogy menjenek.
Most a Belügyminisztérium arra vár, hogy felolvashatja a hivatalos feljegyzéseket, amelyeknek a bolgár rendőrségtől kell megérkezniük a lépések megtétele előtt: ebben az esetben öt évre kitilthatják legalább azokat a támogatókat, akiket letartóztattak, vagy azokat, akiket a zavargások során azonosítottak.
Egy nemzetközi elbocsátási tilalom, amely megtiltja nemcsak az olasz stadionok részvételi arányát, hanem egész Európában.
Huligáink, röviden, nem lépnének be egy másik stadionba.
Szerencse, szerencsére.
Most pedig az az emulációtól való félelem, ez az, hogy mások csatlakoznak ahhoz, ami kevesebb, mint százötven.
"Idelmeten ki kell adnunk ezt a tűzoltásnak, és nem kell legitimelnünk azokat, akik ilyen módon viselkednek" - ez állíthatja a viminale-i minisztérium.
Tehát "tüsszemek nyitottak, különösen azért, mert a nemzeti csapat játszik szerdán a Lecce-ben".
Pugliában az Ultras Italia-támogatóinak kis magja van.
Az Obszervatórium holnap összeomlik, a CASMS, amely megszámolható az AISE egy szakaszára, ez a titkosszolgálat, amely pontosan kezeli a stadionok problémáit.
"A chorus Duce-Duce és a kar kinyújtózkodott a mameli himnusz alatt? Bulgáriában ez nem bűncselekmény."
Domenico Mazzilli gondolatai (nagy csalódással kifejezve), aki néhány héttel ezelőtt a Viminale Obszervatórium igazgatója (megkapta azt a bejegyzést, amelyet eredetileg Francesco Tagliente, majd Felice Ferlizzi tartott).
Mazzilli korábban Trieste-i rendőrkapitány-adminisztráció vezetője volt, ahol az Ultras Italia támogatóinak száma 2002-ben alakult.
Mazzilli elmondása az, hogy bulgármiában ez nem bűncselekmény himnuszt skandálni a Duce-nak, de minden bizonnyal a 150-200 rajongó viselkedése szkvalcsúsító.
"Nem szociológus vagyok - teszi hozzá az Observitórium első osztályához - a bűncselekményt abban az országban kell feltüntetni, ahol az esemény bekövetkezik.
Mostanáig ez a csoport a soron belül maradt, most meglátjuk, mi is történt valójában, és kiértékelni fogjuk a jövőbeli referenciát.
De beszélgessünk a mameli himnusz fütyözéséről is: ez szintén nem bűncselekmény Bulgáriában, de ha megengedik, hogy azt mondjam, ez nem jó mómi ...
