The victory of right-wing populists in Austria with a total of 29%
Deplorable declining the two parties of the Grand Coalition so-of-peasant grand coalition and a significant strengthening of right-wing populist parties, according to the first preliminary results, the early parliamentary elections in Austria on Sunday.
The Austrian People’s Party (ÖVP), where the position of the current president Wilhelm Molterer was seriously shaken, suffered a particularly strong loss.
On the other hand, the president of the Association for the Future of Austria (BZÖ), the provincial magistrate of Karintia, Jörg Haider, is preparing for a victorious return to national politics.
Preliminary results show that the country’s strongest party will remain with 29.8 per cent of the country’s Democratic Party (SPÖ), but has lost 5.5 percent of the vote compared to the most recent elections in 2006.
The ÖVP was even worse, losing nearly nine percent of the vote with 25.6%.
These are the worst achievements achieved so far in the post-war history of both major parties, and in particular in the People’s Party, which caused early elections, the result is literally catastrophic.
At the beginning of July, when leaving the ÖVP coalition, the People’s Party had a significant advantage in front of the SPÖ according to opinion polls.
Voters were visibly penalised for letting the government fall.
Spectacular speculate about the possible resignation of party chairman Wilhelm Molterer and current Vice-Chancello-Chancellor in the first reactions to the results.
Observers believe this could take place at an extraordinary meeting of the party presidency on Monday.
This development is likely to facilitate an increasingly probable way out of the electoral result, i.e. the refurbishment of the SPÖ and ÖVP Grand Coalition.
In view of the strengthening of the two right-wing populist parties – the Austrian Freedom Party (FPÖ) had previously won 18% of the vote and the BZÖ received 11 percent of the votes, but the Social-Democrats expressed their fears about the recurrence of 1999, when the People’s Party reached an agreement with the populists on a common government (the FPÖ was still unequivocally in 2005).
Haider, who has already stated that he is ready to cooperate with any of the parties and assuming he can return to the national politics of Vienna, obviously counts on this solution.
The Green Party also came to the parliament, which, however, slightly lost its popularity and fell from third to fifth among the Austrian political parties.
None of the other parties exceeded the four-per-period and did not make it to parliament.
Schwarzenberg: Indian relations can get cold
According to Czech Foreign Minister Karel Schwarzenberg, Czech Foreign Minister Karel Schwarzenberg said there would be a certain stimulus in Czech-Synanese relations.
This is what the minister announced in New York after his meeting with Pranáb Mukherji, his Indian partner.
“If this wasn’t resolved, yes, there would be some estrangement,” he stated after the meeting, which took place from Czech incentives.
Mukherji said after the trial that it is difficult for the executive to intervene in judicial cases.
Nonetheless, he mentioned that the central government can negotiate with the local leadership of Darjeeling, in the case of acquitted and punished with a fine from the charges.
“Your problem could be solved,” the minister said.
However, according to Mukherji, who was imprisoned three years in imprisonment, Mukherji, said it would be best that he would appeal to a higher court.
At the time, he would be able to apply for a release on bail, and the verdict would be free, he explained.
Schwarzenberg proved that his partner expressed himself in the same way during the trial.
“He brought an appeal to a higher court, then it would be possible to acquit him,” the head of Czech diplomacy said.
“The only way to intervene in the whole case is to provide “competent legal support” to the convicted person, the Indian minister said.
At the same time, he said that the Indian side is already providing them with such help.
“It’s in our best interest with India to conserve the best relationships with many years of tradition.
“Indians acknowledge this,” Schwarzenberg said.
Simultaneously, as he told TK, he emphasized to his partner that the Czech Republic attaches great importance to the problem of Czech entomologists.
“It is indeed a grave misconception to imprison and prosecret these Czech scientists,” he said.
Asked whether he had received a promise to deal with the case from the Indian side, the minister avoided the answer.
“I’ve already received a lot of promises,” he remarked.
Czech judges in the fight for the seabed
He walks up to the wall electronic map, which can be seen in Australia and adjacent nautical areas.
He's not interested, however, he's interested in the continent, it's a point that's disappearing in the blue of the ocean.
“The island belongs to Australia, along with the adjacent seabed.
“In the meantime, it’s as big as the continent itself,” says Luigi Santosuosso, an Italian lawyer who is part of a 30-multi-multi-seated group of U.S. Ocean and Maritime Rights.
His boss, Václav Mikulka, the director of the division, will monitor the explanation, which is sometimes supplemented.
Employment and enthusiasm prevail here.
The sea-depremise hides a well-established world rich in natural resources.
Petroleum, ore and other minerals can be found here, as well as previously unknown living organisms, which may be the key to the development of anti-cancer drugs.
Sea floor greater than arable land
The coastal states are now applying intensively for new submarine areas.
According to the U.N., their rights are being enforced, which was agreed in Montego Bay in Jamaica in 1982.
Primarily from the so-called continental pedestal, which often extends up to a few hundred kilometers from the shores of the given country.
According to the Convention, such a country shall have an exclusive right to all sources of the continental shelf.
“Supplied, a continental pedestal is kept in that part of the seabed and a substrategy of the sub-seashed continent, which is the natural continuation of the submarine continent.
It extends beyond the borders of the coastal sea, often two-hundred nautical mile, so-called only the border of the economic zone,” explains Mikulka.
The application, submitted by a country to the Commission designating the external borders of the Continental Shelter, should be supplemented by extensive scientific-technical dossiers based on a number of cost-advantages and measurements.
This is the result of many years of pre-separation.
“One of our responsibilities is legal and professional-technical assistance to the committee.
So far, the Commission has negotiated five requests, including Russia, Brazil, Australia, Ireland and New Zealand.
So far, only the last three mentioned countries have succeeded,” Mikulka adds.
Australia’s success recently attracted an echo, which was the first to significantly enlarge its submarine country.
But New Zealand has also won – the area of the sea floor awarded by the Commission is about 1.6 million square kilometers, or six times larger in the territory of the country.
Both countries have invested millions of dollars in the research.
Profits resulting from the future use of the seafloor will be invaluable.
Other countries are constantly submitting their applications.
They can do so within ten years of ratifying the “Montego Bay Convention.”
Where the continental pedestal ends, the territory of the "celebrity of humanities" begins.
No other country has an exclusive situation.
The rights of extraction in this area shall be granted by an international institution established by the Convention.
“The seabed, however, isn’t Klondike,” says director Mikulka, exaggerated by saying that “one of its domains is legally demarcated and stipulated by their regime under a treaty.”
Bohemians in the Pacific
A small part of the sea floor today belongs to the Czech Republic.
He shares this with other countries of the former Eastern bloc as part of a joint "Interoceanmetal" organization.
According to the agreement in 1991, similarly to investors in some other countries, this organization was granted the so-called "economy-investigative" status.
You have the right to produce the ClarionClipperton zone between Mexico, Hawaii and Kiribati in the Pacific.
Examined by an investor is slightly larger than the former Czechoslovakia.
It's a submarine's vault, it's a sort of sub-sea-seated copy of the Tatra.
“This can be extracted on an area of 75,000 square kilometers.
The area is a rich site of polymetalical ores containing nickel, copper, cobalt and manganese,” says another lawyer, the Hindu Pakshi Rajan.
Rober Sandev, a member of the division’s Macedonian collaborator, describes the example of a comprecia.
Reminiscent of a parchment with a pumice or a little imagination.
German Special Forces at Hostage
The Egyptian government has sought help from Germany to resolve the hostage crisis – and experts have come.
When the situation became trejooth, the special units were ready, but they did not take action.
More and more details about the release of the eleven European tourists kidnapped in Egypt are coming to light.
According to data from the Ministry of Defence and the Ministry of the Ministry of the Interior, German special forces also took part indirectly in the rescue operation.
In addition to the experts of the German Federal Army, GSG 9 (GSG 9), the German Federal Police Airport, and the Federal Criminal Office, as well as logistical experts of the German Technical Service, were also at the site of the rescue.
According to ministerial spokesmen on Monday evening, however, German forces were not needed, as the hostage-takers let their captrins run and then fled when they recognized the signs of a violent hostage rescue.
The Egyptian government accepted the assistance offered by Germany in order to involve it as an on-the-spot support force.
Luckily, it didn’t happen, a spokesman for the Federal Ministry of the Interior said in a statement.
The attackers acquitted a group of tourists from the five Germans, five Italians, a Romanian woman and eight of their Egyptian companions in southern Egypt on 19 September.
After the kidnapping in the South-Egypt desert area, the hostages were deported back and forth in the border areas of Egypt, Libya, Sudan and Chad.
The identities of the hostage-takers have remained unclear so far, as well as the details of the release of the hostages or possible ransom payments.
In the meantime, those who had been rescued arrived safely in Cairo.
Steinmeier said the rescued hostages were under the protection of the German embassy.
He did not comment on the liberties.
So far, there has been no information about when they will return to Germany.
According to "Bild", the five tourists and special forces will arrive in Germany on the Airbus aircraft of the German Air carriers on Tuesday.
The U.S. House of Representatives rejects the rescue package.
U.S. Representation’s lower house has overthrew its 700-billion-dollar bailout for financial markets.
The Dow Jones fell into the depths.
The U.S. House of Representatives dismissed the U.S. bailout for financial markets by 227 votes to 206.
U.S. President George W. Bush and the leading politicians of both parties did not receive a denial majority to curb the chaos in the financial markets.
Proponents desperately attempted to convince critics of the 700-billion-dollar package.
Barney Frank has called on MPs in support of a Democrat party’s meeting leader, even if the plan is unpopular.
“It’s hard to get political support to avoid something that hasn’t even happened,” he said.
The Dow Jones crashed more than 6% and 600.
Investors were worried that the state bailout could fail.
The index went up shortly before the end of the vote, so that it would fall again after a failure was made public.
Experts expect further serious turbulence in the international financial markets.
The entry into force of the programme requires the approval of both the House of Deputies and the Senate.
The organizers are registering more and more bookings.
It is a good winter for German tour operators.
According to a study, the turnover of road seizures for the coming months increased significantly compared to the previous year – by more than 30 percent for the winter season.
In spite of the weak cyclical prospects, according to the study, the desire to travel of the Germans did not deteriorate, according to the study.
Travel agencies recorded a 31 per cent increase in traffic compared to the previous year’s period for bookings for the winter season, the German Travel Association (DRV) said on Monday in Berlin.
According to GfK market research institute’s investigation, the number of bookings in the autumn months is already higher.
The turnover of the travel agencies in October was around 11 percent higher than in October 2007, the DRV announced.
These results are based on GfK’s data, which evaluates the monthly booking data of 1,200 German travel agencies and then extravaganizes the entire market.
The institute took into account the trips booked until the end of August 2008.
Due to the weak dollar exchange rate, trips to the U.S. in particular are incompetitive, the DRV said.
The number of bookings has risen by about one-third.
The particularly popular destinations of the Germans are in Spain, Turkey and Greece, as well as domestic landscapes.
“Ordinary trips are mostly in demand,” DRV President Klaus Laepple said.
Due to the rising energy and food costs, in the case of organised trips, the costs "can be more calculated for passengers than for individually organised trips."
Among other things, passengers will be able to save money with pre-booking discounts or all-inclusive offers, Laepple added.
The booking rate of the summer months was also very good, so it will be possible to record an increase in traffic again compared to the previous year – although according to another study, fewer German tourists undertook to travel compared to the previous year.
My First Oktoberfest
Uninterrupted ballermann hits, litre jar beers and designer celebrities wearing dirndlis.
Reconceration on Wiesn.
Suzanne Kronzucker and I don’t really look alike.
She's a blond TV presenter, and she's wearing a tailor-made dindlit.
My hair's dark, I'm a schoolgirl, and I bought my dress in the storeroom.
But there’s one thing that connects us: We’ve only been on Wiesn for just three minutes, the photographers are rushing and filling their memory cards – I’m very flattery, and it’s all on my first visit on Wiesn.
That's how we can make friends.
Looks like the inexpensive dirndli is fulfilling its intended purpose.
As a Wiesn-tourist native to the equator of white sausage-quarturists, my feeling of comfort is still limited.
But coming to Theresienwiese, it isn't so bad.
“Almost everyone’s wearing dirndlis or leather trousers; no one looks abhorred or embarrassing—it’s perfectly fine.
Odter glances at the chocolate groan stand are just my arrogant an apron.
A woman from Munich draws my attention to the fact that I made the apron wrong: "You're free, you're in the middle, you're a maiden on the right, a widow at the back."
I secretly crossed the ambush from the back to the left.
“That’s good,” he says and laugh.
Others make less fuss about fine flirting techniques, wearing a simple philosophy base "I'm too drunk to get dressed" and unsolicited display their nude buttless.
The young man with exhibitionist traits is called Bob, and for the first time he also visited Oktoberfest for the first time.
What you find very fantastic, stretched for a long time with "aaaaaaaaaa."
He tells all of this to me after he got rid of the contents of his previously drunken jar.
Immediately next to a hydrant of a fire hydrant, which everyone sees as a trash can.
Bob is one of the notorious "prohibited urinators."
Others don't be lucky enough to get rid of alcohol in this way.
At eight o’clock in the evening, the paramedics walk through the scene and take care of the poor mist.
The nurses always appear in a team - at the same time four people carry a covered gurney from tent to tent at the same time.
This works like most Wiesn-goers: Arrives empty, leaving full.
You don't know who's lying in the alcohol coffin under the tarpaulin doesn't show.
“These are the ones who are completely ready,” one of the physicists craves to answer my question, and in the bustle.
The police named the victim of the accident.
A 63-year-old woman who had been hit by a vehicle in Essex County and died in the hospital.
The Brentwood-respired resident of Chelmsford Road, Carole Paulson, occurred on Friday afternoon at Shenfield Road in the city.
He was transported to Queen's Hospital in Romford but was later killed.
A 51-year-year-old man was arrested on suspicion of negligence.
He has since been released on bail.
Turkey's Expensive diplomatic horizon
Long before Turkey intends to join the European Union, the European powers ignited the desire to penetrate deep into the Turkish hinterland.
On the eastern side of Bosphorus, perhaps only 20 steps from the European border, stands one of the greatest relics of the failed imperial aspiration.
The Hydarpasha train station was designed by Otto Ritter and Helmut Conu in neo-renaissance.
At least that's what the guidebooks say.
The building surrounds the ends of the platforms with a torment at the front corner of each of them, and looks like a German rural town hall.
The stone's dirty.
The whole building's a little bulging.
However, contemplating the vaulted ticket office, it is obvious what large-scale undertaking this was the westernmost gateway.
The station was opened by the German consortium Anatolia-Baghdad Corporation in August 1908.
“Delay the future of confiscations” wanted to achieve its ambitions aimed at capturing the Middle-Earth-Earhumidian railway from Damascus through Baghdad to Saudi Arabia.
German confiscation aspirations collapsed during World War I.
His railroads have been invaded by Lawrence of Arabia and its Arab partisans.
Relative Isolation from the surrounding regions, caused by the frozen borders of the Cold War, has vanished.
The British colonial army withdrew from Egypt and expelled the Turks and their German allegiations from Palestine and Syria.
Hyderpasha station didn't get any better.
In 1917 an ammunition train exploded, destroying the beautifully crafted velocity of the building.
According to Turkish sources, a sabotage operation took place.
Since then, it has slowly deteriorated, and history has gone well.
At the same time today, as the gateway to the Anatoly and the entire eastern region, at least in a symbolic sense, Turkey serves as an expanding diplomatic horizon.
“The Justice and Development Party in government—the AKP—developed a completely new foreign policy for the country.
Relative Isolation from the surrounding regions, caused by the frozen borders of the Cold War, has vanished.
The new policy is characterised by commitment.
It is noteworthworthy that the Turkish government maintains good relations with Israel and Syria, the Palestinian groups of Hamas and Fatah, Iraq, Iran and, of course, the European Union and the United States.
I wanted to assess the parameters of the new foreign policy, so I got on the night train to the Turkish capital, Ankara, to visit one of the leading foreign policy experts of the AKP, the Turkish MP Suat Kiniklioglu.
The next morning, after about ten and a half hours of bubbling, which at that time also gave the rhythm of the famous documentary "The Night Mail" about the old world - I arrived in the Turkish capital. The new city is intended to be a symbol of the new secular state, which turns its backs on the Ottoman past.
However, the well-know-of-the-art AKP represents a paradigm-shift change in the Turkish Consensus.
This sparked some suspicion in the West, especially in Washington.
I took a taxi to the headquarters of the AKP, an ultra-developing, made of stone and steel, a specially crafted building in a developing sub-urban district between half-finished shopping malls and coffeehouses. In the latter, middle-leaders in the suit – both men and women – come to do business early in the morning.
Suat Kiniklioglu would have been appropriated for a centre-left-responsible politician in any other European country.
He was wearing a suit and a tie, and I'm pretty sure he's got another Blackberry.
“The party’s foreign policy goal is to help Turkey reintegrate into its immediate environment.
“The Cold War has overthrode order,” he said.
Turkey has been isolated from its hinterland.
“Today it had to turn east and west at the same time.
He couldn't choose between the two.
He had to open in both directions.
“But maybe sooner or later he’ll be forced to make a choice?” he asked.
“Turkey never wanted to be at a crossroads.”
He then emphasized what almost everyone with whom I spoke here, almost mechanically repeated: Turkey’s trejoals not only with the Middle-Eastern, but the Caucasus (Caucasian) and the countries surrounding the Black Sea also benefit Europe and the United States, as well as Turkey itself.
It’s as if they’re trying to convey the message that, figuratively, together with Turkey, the whole of Europe can get to Asia and the Middle East along those east-death railway lines.
When I was again at Hydarpasha's station, after another, mostly waking-fight night, I was thinking of Herr Ritter and Herr Conura, the two German gentlemans who witnessed the recovery of this ordefinite culmination 100 years ago.
It would have been astonished to find out that Europe’s ambitions in the Middle-Eastern are now largely in the hands of Turkey.
And as I waited in the harrbour to take you back through the Bosphorus, it occurred to me that at that time Turkey was called the "sick man in Europe."
At the same time, there was no question about which continent should claim this exciting country.
Vernon Handley and William Woodruff
Mark Brown writes: “Since in 1962 he has led the Guildford Philharmonic Orchestra and Kórus as the musical director of Guildford.”
Based on his musical plans for the part of the city, the following year he founded his wonderful youth choir, Proteus.
Only those under the age of 21 might have belonged to the choir, but when Proteus sang their finals in 1979 – many of us were already at the end of our 20s—we just didn’t want to get rid of the choir.
"Proteus" (the mythological shape-shifting name) was in accordance with the choir's ability to cope with any sheet of sheet music they put in front of it - whether it's madrigal, or a Messiaen piece; unaccompanied or accompanied by an orchestra.
The musical versatility of such a young choir was often astonishing and always exciting, and we owe it to the man whose enthusiasm for music has remained unchanged over the years.
How often Tod told us, "Let's let the music sound on its own."
He always said, “The composer knows what he wants.
It's all in the sheet music.
“Speak it.”
His conductor’s technique has always been completely understandable and accurate, but it is never dictatorial or exaggerated.
No matter what the level of music, he's always lifted on it.
John Frayn Turner wrote:
“Whether there has ever been a choir who should have been knighted, Vernon Handley.”
I got to know him well in the two decades of conducting the Guildford Philharmonic from 1962 to 1982.
I’ve criticized more than 100 concerts in the last forty-some years, but you’ve never been disappointed by one, and you’ve often inclined them.
In Tod Handley there was the greatness and modesty together, which is very rare.
He imitated the conductors who, in his words, were simply galloping around all over the rest of the world with two well-know-knowing battleposts.
A lot of us are gonna miss him.
William Woodruff
Professor John Beckett writes:
According to the obituary of William Woodruff (September 25-September), “he continued his studies in economic history at Oxford in 1946, and in 1950 he became a scholarship holder at the Houblon-Norman research institute... while he was constantly preparing for a bachelor’s degree, a master’s diploma and a Ph.D.
This comes from Woodruff's "Beyond Nab End," but it's erroneous.
Between 1946 and 1953, he taught economic history at the University of Nottingham, and under the leadership of Professor J.D. Chambers, he completed his PhD dissertation on the British rubber industry, which was then published in 1958 under the title "The British Compulsive Industry".
In 1950-51 he actually resided in the U.S. with a Houblon-Norman Scholarship, and in the summer of 1952 at Illinois, New York and Harvard universities.
In 1953 he finally left Nottingham and moved to Illinois.
We don’t know why Woodruff has beautified this period of his career.
J. Vicente Resino at the Faculty of Humanities
"J. Vicente Resino's "Flamenco and Life" exhibition is recommended because his black-and-white, documentarist-style photos are impressive.
The simplicity and strength that emancipated from them, as well as respect for the people in the photographs attracted my attention.
This exhibition is permeated by emotions.
"Resino knows how to capture magical moments."
For the second time, sales record at Honda
In November, Honda will begin the second-to-generation Jazz.
It’s true that the passenger compartment of its predecessor was already large enough, but the interior design of the interior of the new model is even more spacious.
All this is coupled with sophisticated mechanics, which makes it more convenient to drive and increases fuel savings.
Evolution versus revolution.
That’s what the second-generation Honda Jazz looks like.
Although the view of the new Jazz is very similar to that of its predecessor, a number of internal changes have been made.
These include innovative design, the new body, the larger dimensions and the new mechanics.
However, before we move to a detailed description of the new model, we have to say that the new Jazz appeared six years after the first generation has been launched on the market.
First of all, it can be stated that Honda succeeded innovating this model in a shorter period of time than by other manufacturers.
In Europe, Jazz is less well-known, but it breaks sales records in other markets.
For example, Japan is the most sought-after car brand, where Jazz was the best-selling car brand in 2002 and this year in 2008.
In Japan, for example, nearly a million pieces of Jazz have been shipwrecked since it was launched.
The second market was the Old Continent, with nearly half a million copies sold in six years.
However, with the new Jazz, Honda wants to further increase the traffic in the region.
In other words, while in 2007 the Japanese company sold a total of 83,000 Jazz, by 2009 it would aim to sell 100,000 cars, resulting in a 17% increase in the European market.
In the Spanish market since 2002, Honda has sold 8,000 Jazz, accounting for 6.7% of Honda’s total turnover in Spain.
In the case of the new generation, the managers of the Spanish subsidiary calculate with 2,000 copies sold over the course of a year.
Moreover, the arrival of the new Jazz will significantly alleviate Honda’s traffic in Spain.
Representatives of the company are predicting 22,000 copies sold by the end of this year, which is 4,000 fewer than in 2007, i.e. a 16% decrease.
In spite of the selling conditions, Honda increased its market share in Spain, rising to 1.8% from 1.6% last year.
They would also like to increase this rate to 2% by 2010.
Honda hopes to do this with the introduction of a new model.
This would be the Insight, a five-door-and-a-compact – 4,370 millimetre-long – hybrid, of which the Japanese company would sell 200,000 units a year worldwide.
According to the Japanese manufacturer, the United States accounted for 50% of Insight’s market distribution, while the remainder would be distributed between the Old Continent and Japan.
The commercial introduction of Insight is due after an official demonstration scheduled for January in the first months of the year.
Compared to the first generation, the new Jazz became more spacious in every way.
Its length reaches 3,900 millimetres (five inches longer), has a width of 1,690 mm (two centimetres wider) and the wheelbase has increased five centimetres, i.e. 2,500 mm.
The altitude, on the other hand, remains 15,220 mm.
In addition to the dimensions, the passenger compartment has also become more spacious.
On the one hand, the larger interior is guaranteed by the new bodywork and, on the other hand, the fuel tank placed in the middle – this solution can already be known from the previous Jazz.
In addition, the total cargo area of the so-called double-floor trunk has also increased, currently 399 litres, i.e. 19 litres above the capacity of the first generation.
At the same time, these sizes apply to the 1.4-engine-enabled-engine model, as the 1.2-litre Honda Jazz has 379-litre trunks.
You can also discover some external modifications, such as rear led lights or a panoramic glass roof, as well as easier accessibility of the rear seats.
In addition, the harness angle of the doors belonging to the rear seats was raised to 80 degrees, as opposed to the 67-degree opening angle of the first Jazz.
The second-to-generation Jazz engines are also new.
At the beginning of its propulsion, this small model can be equipped with two 1.2-litre and 1.4-litre engines.
Thanks to the i-VTEC technology, the fuel consumption of both engines is more favorable than its previous model and has less CO2 emissions and excellent mechanical alignment, while the engine delivers outstanding performance in all respects.
The 1.2-litre engine delivers 90 horsepower at 6,000 rpm with a maximum torque of 114 Nm 4900 rpm.
This engine, which had 78 horsepower in the previous Jazz, consumes 5.3 litres of CO2 and 125 grams of CO2 emissions.
The other engine, which produced 83 horsepower in the previous generation, now reaches 100 horsepower.
The 100-horsepower 1.4 Jazz consumes an average of 5.4 litres, with an emissions of 128 grams of CO2.
Custraising "bee car"
For the development of accident-preventive technologies, this time Nissan drew inspiration from its new incomprehensible from nature, namely the world of bees.
The Japanese company has designed a robot that migrates the beehive of bees.
The Bio-mimetic Car Robot Drive or BR23C device may be the first step in developing collision prevention technologies.
Engineers at Nissan Motor’s Co. Developed Technical Center in collaboration with the renowned Tokyo University’s Advanced Science and Technology Research Centre have built this small robot in Japan.
Kazuhhiro Doi, Director of the Technology Public Relations and Renewal of Technology and R&D, defines the BR23C as an additional extension of Nissan’s four-tier safety cover.
The robot completes the collision avoidability of the company’s products.
Every bee forms an oval-shaped personal space, which is very similar to Nissan’s safety barrier.
What is more important, however, is more important for the uterus’ complex eyes, with which you can see at an angle of more than 300-destroke in all directions, and as a result you can fly undisturbed in the uterus’ own personal space.
To replicate the function of the complex eye, the engineers designed a so-called laser telemeter (Laser Range Finder).
Before the BR23C in a 180-degree field of vision, the instrument identifies obstacles within a distance of up to 2 meters, calculates their distance and sends a signal to the on-board micro-processor, which is immediately transformed into an operation aimed at avoiding a collision.
“As soon as the obstacle is detected, the little robot mimiggers the uterus’s movements immediately change direction by moving the wheels at a smaller or larger angle in order to avoid a collision.
What distinguishes the system from the devices currently available is that in this case the bypass maneuver takes place completely automatically.
“If it wasn’t, the robot wouldn’t be able to react quickly enough to avoid obstacles,” explains Toshiyuki Andoh, director of the mobility Laboratory and chief engineer for the project.
Unlike bees, the manoeuvre can’t move up or down or diagonally, it can only move in two dimensional ways and only towards the swirability of the wheels, i.e. not in an infinite direction and manner, as happens in the case of bees.
That’s why, in addition to accelerating and decelerating, Nissan also used a rotational function to avoid collisions.
“This device only has to process and respond to the data every few seconds.
You don’t need to store your data, you don’t need an intuitive logic based on previous manoeuvres, so it can operate without interruption with just a few dozen KB of memory.
This may sound surprising, but it’s not really gigabytes, but we don’t even talk about megabyte-sized memories.
“It’s the first step to developing an Immediate Collision Prevention technology that Nissan estimates to enter production cars within ten years.”
The robot is powered by lithium-polymer batteries, which are lighter and more durable than the lithium-ion version.
In the near future, the integration of the unit with the GPS satellite navigation system could mean an additional possibility of appreciating the driver to the final destination by avoiding the obstacles on the road.
Fear of Mortgage Mortgage
We have to admit that the US Treasury Department, in addition to the fact that it has a lot of incumbentable cash, there is no lack of common sense.
With the crisis on their necks, and to ensure that Americans don’t entangle the maze in questionable solvency mortgage banks, they’ve created an entertaining and informative online game “Bad Credit Hotel.”
It's "Bird Loans Hotel"... that's the Gogali.
The appearance of the accommodation, especially the melancholy of the receptionist, suggests whether the time of borrowing has just come.
In particular, where to apply for a credential, that’s probably the purpose.
The information you can find on this website is really useful, but less detailed.
It's for adolescents rather than the general public.
But what would happen if we supplemented the game?
For example, our dream room would be displayed at the hotel.
It’s also something, because we don’t even dare to dream about buying a home...
Morgan Stanley Opens Capital for MUFG
Morgan Stanley has pledged its capital to the Mitsubishi UFJ Financial Group (MUFG). The largest Japanese bank will pay USD 9 billion for 21% of the company’s capital, after Morgan Stanley’s share prices plummeted on the stock market.
A week after the publication of the preliminary agreement, the two banks said that MUFG would buy 9.9% of Morgan Stanley’s ordinary shares at a unit price of 25.25 dollars for a total of USD 3 billion.
Approximately 19% of the agreed price is less than the book value of securities on 31 August.
The MUFG is investing an additional USD 6 billion in the purchase of redeemable securities, which will provide it with a return of up to 10%, with an exchange rate of USD 31.25.
According to Morgan Stanley, when the global transaction is carried out, an average exchange rate of .228 percent higher than the current exchange rate.
However, Morgan Stanley’s share price fell by 6.79% at around 5 p.m. in Greenwich, closing at USD 23.7.7.
“This strategic federation is a great opportunity for Morgan Stanley to speed up its transformation into a bank-holding company,” explains John Mack, CEO of the U.S. group.
Earlier this week, Morgan Stanley endorsed a new status to diversify its activities, while at the same time falling under the control of the Federal Reserve.
The agreement with MUFG reaffirms that the current financial crisis requires even more cautiousness from corporate giants listed on Wall Street.
According to the conditions announced on Monday, the agreement has been amended in the last few days: last Monday Morgan only announced that it would sell 20% of its shares to the Japanese company for about 8.5 billion dollars.
“A week ago, we thought that the stakes would consist entirely of ordinary shares,” said Toshihide Mizuno, MUFG’s managing director in Tokyo.
“However, due to the current market and economic situation, we wanted to minimise and prevent potential risks.”
In terms of the weighted average price, MUFG pays 7% more than the book value for Morgan Stanley shares.
As a result of the transaction, the yield per share decreases by about 20%.
According to the agreement, MUFG can convert half of its preferred shares into ordinary shares within a year, provided that the trading price of the latter exceeds the exchange rate by more than 50% over a specified period, i.e. it rises to about USD 47.
Morgan Stanley thus ensures that you can use MUFG funds to take advantage of your investigative opportunities, improve your balance sheets and increase your liquid resources.
The group’s spokesperson, however, declined to provide accurate information about the strategic plans of the two new allies.
“Following MUFG’s alignment, Morgan Stanley is expected to increase its Tier I solvency rate by about 15%, making it one of the best in its sector.
Morgan has stated that its balance sheet has “definitely” improved since the end of August.
In the past few weeks, there has been a great ordequacy for the group, as the price of its shares has plummeted by half, until the cost of insurance against non-payment risk has skyrocketed.
This cost declined on Monday, but it remained high at around 12%.
Of the big investigative banks, there’s only one “survival” after the bankruptcy of Bear Stearns and Lehman Brothers and the acquisition of Merrill Lynch. This is Goldman Sachs, announcing last week’s purchase of USD 15 billion, some of which came from Berkshire Hathaway Warren Buffett.
Announcement by Rafael Correa, Quito
Recreation of the republic in the spirit of 21st-century socialism.
This is the joint plan for Hugo Chavez of Venezuela, Evo Morales of Bolivia and Rafael Correa in Ecuador.
Following a sample of his fellow-reversaries and friends, Correa expressed his ideas about the new constitution on Sunday.
He succeeded in fulfilling his mission as 64% of the electorate voted in favour in the referendum, according to the official results, which accounted for 80% of the votes.
According to this, 28% of the population voted against, 7% of the votes were invalid, while 0.7% were handed out unfilled.
Fifty + 1 vote was needed to adopt the draft constitution.
On Sunday, two polls at the exit of the ballot-government and a census carried out by an NGO both proved the huge superiority of “yyes” votes with 63% and 70%, respectively.
By the way, Rafael Correa already spoke about the victory of his draft constitution from Sunday to Monday.
“The constitution has achieved an overwhelming victory,” he said, thanking the entourants in Guayaquil, 280 kilometers southwest of Quito.
As it is well-founded, Rafael Correa was congratulated by Chavez, Morales and Chile’s President Michelle Bachelet.
According to a report from the Organization of the Organization of the United States (OAS), the vote took place in a relaxed atmosphere. Its main topic was a four4-point text summarizing the principles of "new socialism" defended by the president.
The proposed constitution puts state power at the service of the economy, withholding the state the right to “preparation of development” for a country that fundamentally benefits from oil extraction by foreign corporations and foreign currency sent by emigrants.
Correa’s draft constitution, who was elected in 2006, also reinforces the power of the head of state, who will be able to obtain a mandate for no more than two successive periods and is entitled to dissolving the National Assembly.
Correa has already announced that he intends to take advantage of this opportunity and will again compete in February 2009 for his mandate as head of state.
Health services and philosophial education have also been included in the constitution. The president has already begun its introduction in the country with a population of 1 3.9 million and half of the population living below the subsistence level.
Finally, the Constitution bans the presence of foreign troops in the country. This could put an end to Quito and Washington's agreement on the use of the U.S. anti-drug counterintelligence facility.
The 19 hostages were rescued in Chad
He was raided by an Egyptian commando on the robbers, who had taken eleven tourists and eight attendees hostage ten days ago.
The hostages are now in Cairo.
Eleven European tourists and their eight Egyptian escorts have been imprisoned in the desert for ten days, from where they were transported unscathed to the Egyptian capital on Monday afternoon.
The hostages were rescued by an Egyptian commando in Chad this morning.
Apparently in good condition, around 3:30 p.m. they arrived by plane to the al-Maza military base, which is directly connected to Cairo’s international airport.
The hostages were banned from speaking to the press and were immediately transported to a hospital in Maadi, a suburban residential area of Cairo, where they were examined.
“The hostages are “healthy” and “did not pay a ransom,” Zeheir Garanna, Egypt’s tourism minister, said at the airport.
The hostages were captured on 19 September at the foot of Mount Ouanat on the border between Egypt, Sudan and Libya, where they took part in an off-road safari. The group was then deported by 35 unfamiliar hostage-takers.
There were 11 tourists in the group (five Italian men, five German men and a Romanian woman), as well as eight Egyptian guides, four chauffeurs, a border keeper and Aegyptous travel agency.
According to an Egyptian security manager, a 30-member special commando arrived at the scene in two helicopters, where they raided the hostage-takers just before dawn.
“There was a firefight between the troops. The kidnappers were killed and the others escaped,” said the leader, who asked for his name to be withheld.
He also stated that a total of 150 special squadrons were sent from the Egyptian Villám brigade to Sudan, where they were supplemented with German and Italian commandos.
Franco Frattini, Italy’s long-suffituated the role of secret agents and special Italian action groups.
“We have to acknowledge that we would not have been able to achieve this result without the professional and effective intervention of our secret service personnel and action groups,” he said.
In addition, he denies that the hostages had been paid a ransom.
On the previous day, the Sudanese army announced an off-road vehicle on which the robberies traveled while patrolling. Six of them (including the Chadian leader) were arrested and two were arrested.
According to the army, the hostage-takers were in contact with a rebellious organization in Darfur, the Liberation Movement (SLA-U), which was immediately refuted.
Lettres - The "silent majority" of culture
At the heart of newspaper news and the ongoing electoral campaign is the debate on the financing of culture.
We can only be happy about that.
But a slice of our cultural life continues to be forgotten.
Who’s going to raise his voice to shed a lot of ridiculous sums of money on the brink of fratrices, archaeological excavations, archaeological excavations and national historical remembrance?
Which politician dares to remind the federal government that you don’t care about its monuments and buildings that are part of the cultural heritage?
Or that there are no laws that really ensure the effective protection of our cultural heritage?
Did you know that the French government only spent three and a half a million euros on the refurbishment of Chinon Castle in the Loire Valley?
“The Constitution of our American Neighbours states that the protection of the cultural heritage is a part of American culture, and this heritage must be defended in a coordinated manner by all citizens, every elected representatives and all government agencies.
As part of the Association of Historical Societies (Fédération des sociétés d'histoire du Québec), more than 40,000 volunteers of 211 history, cultural heritage, archival and genealogy are engaged in the research of history, as well as the preservation of a large number of private archies and archaeological artifacts with a minimum budget.
Often these organizations are defending our tooth and vocal heritage, and with the last power of the drowning, they protest when real estate developers and decision-makers point their bulldozers towards our old buildings and forgotten cemeteries.
When are you going to stand up for the preservation of historical and cultural heritage?
The Benelux-governments nationalize part of the Fortis bank
Due to the spill-over effects of the U.S. credit market crisis, the Benelux-States are assisting Fortison, the Belgian-Netherlands Bank in Trouble, as the first in Europe: the three countries will support a total of 11.2 billion euros to the money and insurance institution, which also owns interests in Hungary, with a total of 11.2 billion euros.
The Belgian, Luxembourg and Dutch governments consulted on the matter at the highest level at the end of the week, involving the President of the European Central Bank and the European Commission’s competition officer.
In the euro area, Fortis has the first major crisis in the context of an international money market crisis that has been raging in waves for more than a year, so decisions in the case of the bank can be classified as a precedent-setting in some respects.
According to the Sunday night’s decision, nearly half (49%) of all three of the three states buy up the bank’s existing property.
The bank certainly sells some of its interests, including, above all, the activities that were purchased last year from ABN Amro (Netherlands).
Fortis’s shares started to fall sharply last week, and in the second half of the week there have already been serious crises at the institute.
Analysts agree, however, that with an employee of 85,000 people, the bank is too large to allow it to go bankrupt.
The company’s papers fell by about 12 percent to a 14-year low only on Friday.
Since January, the value of shares has declined by more than two-thirds.
With regard to the current share prices, the group’s total market capital value is around EUR 14 billion, but according to the company’s managers, this is unrealistic.
By the way, the company’s management blamed overseas market uncertainties related to the adoption of the 700-billion-dollar U.S. package plan for the fall of Fortis shares.
On Monday, the papers rose slightly.
On Friday Filip Dierckx, a new CEO was appointed head of the bank.
The financial institution was also looking for private buyers, but so far no one has applied with a substantive offer.
The Belgian government has already indicated that the investors do not have to worry, they do not lose their money.
So far, there has been no panic among the bank’s clients, the branches have not been assaulted.
“Fortis has a standalone account in Hungary and has also acquired leasing companies.
Frog in the henhouse
In the U., life and health insurers, based on people’s drug purchase data, often refuse to enter into an insurance contract.
Data protection experts fear that the data market will become uncontrollable.
“There is a data protection program that always link the use of prescridatory data to the consent of the person concerned.
“It has to be in an independent hand, or we’ll leave the heno to the fox,” said Richard Dick, the developer of a drug-prescribing program.
Fiscineration companies make the insurance premium and the amount due in the case of damage incidents dependent on the state of health of the applicant, and if they consider the risk to be too high, they do not even take out insurance with it.
In the past, the person was sent for a medical examination, and the contract was concluded only in the light of the results of the examination.
Ten years ago, Dick came up with a much cheaper procedure: based according to the customer’s identification number, pharmacies are easily procured by what kind of drugs the person has purchased in the last year and a half, and the program itself deduces what kind of illness he suffers from and what his medical condition is.
For example, if you regularly take a large dose of cholesterol-lowering, it suggests that you have virtually unmanageably high levels of fat in the blood, which immediately categorizes it into a higher risk category.
There are several versions of the program in circulation, some of them also set risk multipliers, so the insurer has hardly anything left to do in addition to paperwork, although there are minor difficulties raised.
Disadvantages include that some of the drugs can be used for several purposes, e.g. they can be used against migraines or heatwaves, but they are also effective against depression.
The latter constitutes a risk-enhancing factor for business insurers, the former are not.
Separate companies have been established to retrieve and process the data, and before they obtain the necessary information from pharmacies, they ask for the patient’s consent.
The authorities are now obliging them to do so, even though they have not been punished for their occupations so far.
Recently, some of the companies have already processed the results of laboratory examinations and are also associated with drug consumption data, so they are able to provide an even more accurate picture of the patient’s state of health.
More and more companies have access to the data, and at the same time it becomes more and more diversified.
There’s a separate health data protection law, but it only applies to healthcare providers and insurers.
Prior to the congress, there is a bill that also gives the authorities the power to control over companies that specialise in the provision of data.
Dick Richard observes that this is not enough: he has therefore further developed his programme, which would link the transmission of the data to the explicit consent of the data subject.
It is another matter that the person concerned can hardly deny the consent, otherwise the insurers will not enter into a contract with him.
So the hens are somewhat relied on the fox’s benevolence.
the Global Marshille menu
The European Union and India will double vomit trade.
“Since the European Union and India are mutually leading trade partners, the agenda of the ninth summit has also been dominated, along with other major global problems.
Today there will also be a Franco-Indian summit, which will focus on cooperation in nuclear power.
The European Union acknowledges that India is an uplifting democratic super-power that should have a greater say in international affairs, but the member states have not yet managed to reach a common denominator to support New Delhi’s permanent membership in the United Nations Security Council.
This issue has not been challenged at the ninth summit held yesterday in Marseille.
French President Nicolas Sarkozy, the President-in-Office of the Council of the European Union and Commission President José Manuel Barroso and High Representative Javier Solana, received Indian Prime Minister Manmohan Singh, with whom they agreed to double in five years, i.e. increasing trade turnover to more than a hundred billion euros.
Considering that between 2000 and 2007 the exchange of commodities increased from EUR 25 billion to EUR 55 billion, this is not an overly ambitious target.
In doing so, the twenty-six bilateral civil aviation treaties with India have been consolidated in a legal sense, i.e. air traffic could soar in the future.
India intends to sign a free trade agreement with the EU by the end of 2009.
Sarkozy has pledged to accelerate negotiations.
The goal is to rebalancing that while the EU is India’s number one trading partner, New Delhi ranks only ninth among EU partners.
The summit paid its attention to global affairs.
The Afghan-Captan and Pakistani situation, as well as of terrorism, was condemned in all its forms on both sides and called for the convening of the United Nations convening.
They have also called for an end to the Doha trade round, although they both have a large part in the failure so far so far.
The EU has reaffirmed its insistence on its energy and climate programme, i.e. to reduce emissions by at least 20 per cent by 2020.
India has also agreed, as well as the need to make a global deal at next year’s climate conference and reduce the production of greenhouse gases by 50 percent by 2050.
I would also like to hamper the rise in food prices and supported the convening of an international meeting to review the financial crisis.
The Prime Minister of India is now going to the French capital, where at the bilateral meeting he intends to make a deal about the peaceful use of nuclear energy.
In Paris, it is hoped that the construction of Indian nuclear reactors will be commissioned by French companies worth 20 billion euros.
According to the news agency, the agreement would last for 15 years.
More than three hundred Italian publishers in Frankfurt
Italian publishers are strongly represented at the Frankfurt International Book Fair.
More than three-hundred Italian publishing houses will be present at the 60th Buchmesse fair.
7,000 exhibitors from 1,17,7,7,7,7,790 sqm are expected at this year’s Frankfurt International Book Fair.
At the opening ceremonies of the Italian pavilion, Francesco Maria Giro, Deputy Secretary of State of the Ministry of Culture and Activities, will occupy a 264-square-square-metre exhibition area through the establishment of a unified Italia.
The ceremonial reunion will be followed by a press conference to be held in the "Room Struktur" room of pavilion 5.0 Buchmesse, where there will also be an opportunity to present data, trends and prospects regarding the situation of Italian publishing.
According to the data, in the Italian publishing market the proportion of foreign authors is steadily declining, especially in the field of adult and youth publications.
Steve Fossett’s plane, a billion-finished billionaire, has been found a year ago.
They found the remnants of the billion-dollar Steve Fossett, who disappeared over the Nevada desert on September 3, 2007.
The wreckage was found on a 3,000-metre-tall plateau near Mammoth Lakes in the Sierra-Nidom mountains on the outskirts of California and Nevada.
There were no human remnants inside the plane.
John Anderson, the Sheriff of Madera County, disassociated any remaining doubts: “After determining the location of the plane, we sent out a team, and now we can be sure that it’s the plane that Steve Fossett flew on the day he disappeared,” he said at a press conference at a press conference.
The sheriff has also confirmed that no human remains have been found either in the plane or the surrounding area.
The 63-year-old was pronounced dead in February.
The U.S. Transportation Safety Administration (NTSB) has said a few hours after the discovery of the decompose, an investigative committee was asked to identify the plane and to determine whether it’s the Bellanca 8kcab, which disappeared on September 3, 2007, on the day when Fosett went on a three-hour flight from Yerington in Nevada.
Yesterday in California, not far from the limit of Nevada, a couple found some of Fossett’s personal belongings near his home in Mammoth Lakes.
Two Illections in the name of Fosset were issued by the Illinois Federal Aviation Administration, some cash and a sweater.
The search for Fossett was dispatched a month after his disappearance.
The billion-billionaire set a number of culminated in history.
On his sixth attempt in 2002, he was the first to fly around the earth with a balloon: two weeks of solitary flying.
Thirty-two years later, by plane, he orbited the earth without landing.
Many of his records include flying above the Andes at an altitude of 14,545 meters, with a co-pilot.
GLK, astonishing advertisement
An unfamiliar recreational SUV with its original and distinct design, with large surfaces and clean corners.
In a few words, this is Mercedes-Benz’s latest “compact off-road vehicle”, with which the German automaker was trying to bring fresh momentum to the market.
Due to this, the introductory campaign of the SUV GLK available in Mercedes-Benz showrooms from 17 October will be surprising and unconventional.
The advertising campaign accompanying the introduction of the new vehicle uses a hitherto-familiar media-communicating device, including utopian 3D posters that have not yet been used by a car brand in Italy.
The billboard action, which consists of three phases, will dominate the central shopping street Corso Como of Milan until November 15.
The first stage of this new type of media communication will begin with a three-dimensional presentation of the car, in the framework of which the new SUV will be displayed with the help of special spectacles distributated around the Corso Como, in an almost real-world scale and three-dimensional form.
The viewer of the picture will feel as if the car is emerging from the poster.
Subsequently, the innovative Elumina8 technology delivers every detail of the new GLK one by one to come together into a unified image.
Undoubtedly, with this promotion, Mercedes is trying to introduce something new into the stereotypical advertising world of the automotive industry.
Will you be able to arouse the interest of prospective buyers? We’ll see.
We’ll see who the Italian football hooligans are.
Young Trivenetians, probably being expelled from the tracks.
"But who are these 150-200 boys and girls who make all of Italy a disgrace? The "Ultras Italia" group that has been following the national team for years, and which, according to the truth, hasn't caused too much of a very big problem so far.
They never clashed with the opponent’s fans.
The core of the group is right-wing.
The main organizers come from Trivent.
It's also from Verona, Padua, Trieste and Udine.
These have been joined by smaller sporadic groups from Campania and Puglia (actually just a few units).
They waved Italian flags, on which the hometowns of the fans were displayed: on Saturday they were taken down so that they could not be identified.
They're following an example of English fans.
In Bulgaria they were faced with a real group of Nazi cheerleaders, the fans of Levski.
The Italian football federation made 144 tickets available to the Italian supporters, which included tickets, making it easier to control the fan team.
The Ministry of the Ministry of the Interior also verified everyone: there was no one against whom there would be proclamation, no one who would have been banned from attending the stadium.
Four Italian supporters, whose football-linked criminal records have been renounced to travel.
At present, the Ministry of the Interior is awaiting minutes from the police in Sofia, after which it adopts the necessary measures: fans who have been arrested or identified during the riots can be punished with a five-year ban.
It is an international ban, which applies not only to the visit of all stadiums in Italy, but to all stadiums in Europe.
“Our football hooligans can’t set foot on any football field.
Luckily.
However, we also have to fear that the hooligans will find followers, i.e. others will also join this one hundred-fifty people.
“It is necessary to oust the fire immediately, not to excuse those who behave in this way,” the interior ministry said in a statement.
So it’s better to keep our eyes open, especially since it’s approaching Wednesday’s national team match in Lecc.
There is a smaller cell in Puglia that supports Italian ultras.
The Surveillance Service will meet tomorrow, and on Tuesday the Security of Sports Events Analysis Committee, which can also count on a section of the Homeland Security Service, for the secret services dealing with fan behaviour.
"Duce-Duce chanting and waking arm during the Italian anthem? In Bulgaria it's not a crime..."
He expressed this idea in an unlucky way, Domenico Mazzilli, who had been appointed head of an observatory of the Ministry of the Interior a few weeks ago (preserved by Francesco Tagliente and formerly Felice Ferlizzi).
Mazzilli had previously been Trieste’s police commissioner of Trieste, the city where there has been operating since 2002.
What Mazzilli puts it is true is not forbidden to cherish Duce in Bulgaria, but the behaviour of that 150-200 fans was still disgraceful.
“I’m not a sociologist, the first man in the surveillance service, but the crimes have to be judged in the country where the crime takes place.
Until now, this group hasn't had a problem. We have to look at what exactly happened and consider what's going on.
“But let’s talk a little bit about whistling of the Italian national anthem: it’s not a crime either, but if I may say so, it can’t be called well-educated.”
