Triumph of right-wing Populists in Austria: in total they have 29%
Perceptible weakening of both existing parties in the grand coalition and this marked strengthening of right-wing populous populist parties led, according to the initial provisional results, to Sunday's early parliamentary elections in Austria.
The Austrian People's Party (EVP), within which the position of the current president Wilhelm Molterer is seriously faltering, has suffered particularly strong losses.
On the contrary, the electoral leader of the Union for the Future of Austria (BZ?), the sub-pre-ectrefect of K?rnten J?rg Haider, is preparing a triumphant return in national politics.
According to the provisional results, the country's strongest party remains socio-democracy (SPI) with 29.8% of the vote, compared to the last elections in 2006 it lost 5.5%.
Worse still went for ?VP, who lost almost 9% of the vote with 25.6%.
These are the worst results of these two major parties in Austrian post-war history, and above all the “literally catastrophic outcome of the people,” which provoked early elections.
Still at the beginning of July, when the ?VP abandoned the coalition, the people had a notable advantage ahead of the votes ahead.
But the electors evidently punished them because they sank the government.
Already in the first reactions to the results there have been speculation about the possible resignation of the president of the party, vice-chancellor Wilhelm Monterer.
Observatories believe they could take place as early Monday during the extraordinary convocation of party leadership.
This evolution would perhaps have to facilitate the path towards the increasingly probable way out of the election result, i.e. towards the renewal of the SP and VP coalition.
With regard to the empowerment of both right-wing populist parties—liberals (Wibusiness) gained 18% in advance and the BZ ? ? ? ? ? ? ? ? . . .
Haider obviously plays on this evolution, who has already stated that he is ready to cooperate with any party and assumes a return to Vienna in national politics.
In the Parliament he also managed to enter the Party of the Greens which, however, fell slightly, descending among the Austrian political parties from third to fifth place.
No other party evidently exceeded the 4% threshold and did not enter Parliament.
Schwarzenberg: Relations with India can cool
If the problem could not be solved with the Czech scientists who have been accused of the illegal collection of beggars in India, the Czech Foreign Minister Karel Schwarzenberg, a certain cooling of Czech-Indiune relations would take place.
The minister mentioned this in New York after today's meeting with his Indian counterpart Pranab Mukherjee.
"Should it do not be resolved, then it would happen a certain cooldown," he noted after the meeting that took place under Czech initiative.
Mukherjee after the negotiations has said that the executive power can hardly meddle within legal matters.
However, he has mentioned that in the case of Petr Ovacha, who has been acquitted of the accusation and punished with a fine, the central government can negotiate with the local one in Dardjeeling which falls under its jurisdiction.
"His problem could be solved," the ministry said.
Mukherjee says it would be better for Emil Kusera to be sentenced to three years in prison, resorting to a higher application.
Then he can ask for the release on bail and wait for the verdict in freedom.
Schwarzenberg has confirmed that his or her partner spoke the same during negotiations.
"Recommend the appeal to the Court of the Majeure then it will be possible to obtain a pardon," the head of Czech diplomacy said.
"The only way the Czech side can get into the matter is to lend the convict the "competent juridical sympathence", the Indian Minister argued.
At the same time he said that such support is already lending the Indian side.
"We have the most important interest in maintaining the best relations that have shifted to India for many years.
The Indians admit it as well,” Schwarzenberg said.
At the same time, as he said at TK, in front of his partner he emphasized that the Czech Republic attaches great importance to the problem of Czech entomologists.
"We truly consider the imprisonment and indictment of these Czech scientists a profound mistake," he said.
“The minister avoided answering the question of whether he got a promise to take care of it.
"I've got a lot of promises," he only noted.
Czech judge in battle for seafloor
It is approaching the electronic map on the wall on which Australia is drawn and the adjoining marine areas.
But he’s not interested in the continent, he’s a small spot lost in the blue of the ocean.
“The island belongs to Australia and together with her the adjacent seafloor.
At the same time, the area is as large as the continent itself, says Italian lawyer Luigi Santosuosso, who is part of a team of 33 OSN-division workers for issues on oceans and maritime rights.
His boss, the division’s chariotster, Vaclav Mikulka, is following his exposition and occasionally adds something.
It undermines the desire to work and enthusiasm.
The seafloor still hides a little-of-cenamed world rich in natural resources.
It is possible to find oil, metal minerals and other mineral materials, as well as living organisms known until now that carry the key to the discovery of medicine against cancer.
The Largest Bottom of the mainland
The coastal states have begun to lend an insecution to the underwater territory.
According to the OSN convention i.e. they take advantage of the laws on which they made an agreement in 1982 in Montego Bay in Jamaica.
It is above all the area of the so-called continental-platform which often extends up to several hundred kilometers from the coast of the state in question.
That has under the convention an exclusive right on all the resources of the continental shelf.
"Sub short-sighted by the continental shelf we mean that part of seafloor and its subsoil which is a natural extension of the continent under the sea.
“The so-so-called exclusive economic zone stretches across the territorial sea often over 200 nautical mile,” Mikulka explains.
The request for which the country presents before the commission for the definition of the size of the continental shelf must be accompanied by a very large technical-scientific documentation based on many expensive surveys and measurements.
It’s the result of a preparation of so many years.
"One of our tasks is to provide the commission with legal and technical-profess-fictional aid.
So far, the commission has negotiated 5 requests from Russia, Brazil, Australia, Ireland and New Zealand.
“It’s only three nominees have succeeded,” Mikulka adds.
Australia’s recent success that has greatly expanded its marine holdings has seen a global echo.
But New Zealand has also gained - the surface of the seafloor, which was assigned to it by the commission last week, of about 1.6 square kilometer then roughly six times larger than the state itself.
Both countries have invested millions of dollars in the research.
Profitation, which will profit them in the future from the seabed, as they re-promise will be inestimable will be invaluable.
Other states will gradually present their demands as well.
They can do so for ten years since "the Montego Bay Convention has been ratified".
There where the continental shelf ends, the area of the bottom of the ocean that the convention has declared a common heritage of humanity begins.”
No-de-States now has an exclusive position.
A right of extraction in this area shall be granted by this international institution laid down by the Convention.
“But the seabed isn’t Klondike,” director Mikulka exaggerated, “by the fact that his individual parties are legally demarcated and their contractually established regime.”
Czech in the Pacific
A part of the seafloor now also belongs to the Czech Republic.
If he shares it with other states of the ex-Soviecial bloc within the common organization "Interoceanmetal".
It acquired in 1991 according to the convention, as well as the investors of a few other states, the so-called "bearing investor".
It has the right of extraction in the ClarionClipperton area in the Pacific Ocean stretched between Mexico, Hawaii and Kiribati Islands.
The area explored by the investor and slightly larger than the former Czechoslovakia.
The bottom is jagged, it's an almost submaquid retrieon of Tatry.
"It is possible to extract on a total area of 75,000 square kilometers.
“The area is a poly-plate agglomerate-rich field containing nickel, copper, cobalt and manganese,” explains another Indian lawyer Pakshi Rajan.
A worker from the division of Macedonia Rober Sandev brings with him a retaper to show it.
It looks like a small potato or with a bit of imagination, a legendary schem, as in the legend of the Rising of the Golem.
Serving Special German Units were present at the Liberation of Hostages
“Egyptian’s government had requested aid from Germany for the release of the hostages – the experts then arrived.
By the time the situation became critical, the special units were ready, but did not intervene.
Circumstances of the release of the 11 abscaptured-seated European hostages come to us more and more detailed information.
On the rescue operation what the Ministry of Defend of Defense and the Ministry of the Interior participates, German special units participated.
In addition to army specialists, GSG9 units, aviary federal policing, the Federal Criminal Office as well as the technical institution's logistics experts were present on the spot.
According to the spokesman of the ministries on Monday evening, the German units did not intervene because the kidnappers, given the danger of a force intervention they released the hostages fleeing.
“Egyptian’s government has accepted the help offered by the Germans to join as assistance directly on the spot.
"We didn't get there luckily," an interior ministry spokesman said.
Aggressors kidnapped a group of travelers in the south of Egypt on September 19 in the south of Egypt: 5 Germans, 5 Italians, a Romanian as well as their 8 Egyptian champanists.
After kidnapping in a decommissioned area in the south of Egypt the hostages were deported to the border area between Egypt, Libya, Sudan and Chad.
The abducteers’ identity to the end remained secreted as well as the details of liberation or possible rans-and-loving payments.
The liberates in the meantime have arrived in good condition in Cairo.
Steinmeier has said that the freed hostages are under the protection of the German embassy.
It did not explain the details of the release.
There had been no information in Berlin when they returned to Germany.
According to "Bild" the 5 vacationers and special units are expected to fly with an Airbus of the Air Force and arrive on Tuesday in Germany.
U.S. Representation Repetishes the Rescue Package.
The U.S. convention’s first-nation chamber has just bankrupted the $700 billion bail-in for the financial markets.
The Dow Jones has fallen to the bottom.
With 206 rumors around 227 the U.S.-representative house rejected the government’s bail-and-rescue for the financial markets.
Despite U.S. President U.S. President U.S. President George W. Bush and prominent politicians from both parties there had not been a majority for the program, with which the chaos of the financial markets was supposed to stem.
In a Dramatic Trial, supporters have desperately tried to persuade the critics from a $700 billion package.
Barney Frank, one of the negotiating leaders, incited the proponents of consent, even though the plan was unpopular.
8. It is difficult to have gratitude to avoid something, which has not yet arrived..
While suffrage the Dow Jones collapsed more than 6 per cent or 600-to-point.
“Shoes of investor concerns was that the state-owned bailout package could have failed.
It resumed before the end of the vote and then, after the announcement of the failure, it collaps out again.
Experts are now looking forward to more serious turmoil on international financial markets.
In order to ensure that the programme enters into force, it is necessary for it to be endorsed by the Chamber of Deputies.
Promoturists record rising figures for bookings
Looks like it's going to be a good winter for German tour operators:
According to a study the turnover on travel bookings for the next few months compared to the previous year has clearly increased - for the winter season by even more than 30%.
In spite of phavomy views of the conjuncturist the desire to travel of Germans according to an enquiry remains shrewd.
On bookings for the winter season the travel agencies recorded a turnover plus of 31% compared to the same period of the previous year , as the German association for tourism DRV said on Monday in Berlin.
According to the GfK market-based research institute, there are booking quotas also increased already for the autumn months.
Therefore the surplus of the travel agencies for October in comparison with 2007 would have amounted to about 11%, DRV announced.
Presupposed for these results are the GfK figures, which monthly analyzes the booking data of 1,200 German travel agencies and fine-tuning statistical projections for the entire market.
Incinclusive would also be the travel reservations made until the end of August 2008.
“Due to the weak price of the dollar, incommensurate in-require in-regaze trips to the U.S. in the United States, the DRV reported.
Here the increase in bookings would amount to about one-th-third.
Particular travel destinations would also be particularly requested at the Germans in Spain, Turkey, Greece, as well as locations within Germany.
Particularly all-inclusive travels have a high listing, DRV President Klaus Laepple explained.
“Beginning energy and groceries, the costs in this case would be “best calculable for customers than for an individually organized holiday”.
“Consumers could save money through, among others, discounts for bookings made well in advance or all-inclusive offers, Laepple explained.
Even the summer months would have recorded excellent figures of reservation, so much so that compared to the previous year there would again be a surplus of turnover - even if according to a further study the number of Germans who undertook a trip, compared to the previous year has fallen.
My First Time at the Oktoberfest
Ballermann's hits, one-liter mug beer and vip in Dirndln griffati.
Deeceive at the Wiesn
Susanne Kronzucker and I actually do not have much in common.
She's blonde, TV moderator and wears a tailor-made Dirndl.
I've got dark hair, I'm a student and my dress's second-of-hand.
But one thing unites us: just 3 minutes at the Wiesn, already the photographers throw themselves against us and take pictures to fill the memory of the cameras – very flattery, and this at my first visit to the Wiesn.
That's how you're making your friends
Dirndl of two bucks seem to achieve its purpose.
As a Wiesn tourist and actually residing north of the equator of white sausages, the sense of well-being in costume/clothing until now still remains within the limits.
But once you get to the Theresienwiese, it’s nothing serious
Nearly everyone carries Dirndl or leather trousers; no one looks unlottered or embarrassed – all perfectly normal.
It'll only my Dirndl's apron collects strange looks at the chocolate banana stand.
An uncian one points out to me that I'd tie the apron incorrectly: "On the left you're free, in the middle you're a virgin, on the right you're busy, behind a widow."
Scraply I arrange the bow from behind to the left.
It's okay," she says and laughs.
Others make less wasted by subtle flirting techniques and wearing felt-fought hats, on which he heads "To to drunk get dressed!" and iron the naked behind at an uninvited one.
The boy with exhibitionist inclinations is called Bob, comes from England and he also visits the Oktoberfest for the first time.
He finds it "gorgeous", with "ooooo"..
This tells me, after he got rid of his muffle from a lyundrum dripped first.
Right next to one of these hydrants, of which everyone thinks it’s a garbageter.
In short, Bob is one of these infamous "Wildbiesler".
Others don’t be lucky enough to get rid of alcohol in this way.
At about 8.00 a.m. ologises walk a herd on the forecourt of the festival, who have to take care of the poor blibars
Nurses appear each time in herds – always 4 at a time drag a stretcher covered with a tent in a tent.
This works as with the majority of Wiesn’s visitors: you go empty, you come back full.
Who lies under the tarpaulin in this coffin from a booze in his blood, can not be seen.
“Des sind die, wos goarnimmer packn,” one of the sanitary clerk yells and disappears into the chasm.
Victim of an Incidentified by the Police
A 63-year-old woman who died in the hospital after being hit by a vehicle while walking in Essex has been identified.
“Chelmsford-Kaloloson of Chelmsford Road in Brentwood, has been involved in the incident Friday afternoon on Shenfield Road in town.
She was taken to Queen's Hospital in Romford, but died shortly thereafter.
A 51-year-year-year-year-old man was arrested on charges of inattentive driving.
He's been released on bail.
Turkey Is Expanding Diplomatic Horizons
Long before Turkey tried to enter the European Union, the European powers were anxious to penetrate deep into the Turkish hinterland.
On the eastern part of the Bosphorus, perhaps 20 steps in Asia, there is one of the most beautiful relics of this failed imperial ambition.
Hydarpasha Train Station was designed by two German architects Otto Ritter and Helmut Conu neo-Renaissance.
That’s at least what tour guides tell you.
The ecstatishes between the ends of the platforms with a tower on each of its corners looking to the world as some German provincial municipalities.
The stone's dirty. - Yeah.
Entirely decadent eigenque.
“Orkiously inside the vaulted ceiling ticket office, there’s no doubt about the tensivity of the hurdle-de-tax enterprise of what was the passage further west.
The station was opened in August 1908 by a German consortium, Anatolia-Baghdad Corporation.
Germany, a latarian at the imperial gamble, wished to realize its ambitions to dominate the Middle East by means of this railway that ran in Damascus, Baghdad and beyond what is now Saudi Arabia.
But Germany’s imperial ambitiations sank during the First World War.
Its railroads were attacked by Lawrence of Arabia and its irregular Arabs.
Its isolation from the surrounding region, generated by the icy borders of the Cold War
British and dominatrix forces advanced out of Egypt and propelled the Turks and their German allies out of Palestine and Syria.
And there was bad news for Hyderpasha station too.
In 1917 a munitions-excruciating train destroyed its elaborate roof.
Turkish sources say it was sabotage.
Since then it’s slowly unrattled, vastly surpassed by history.
But nowadays, this railway outlet for Anatolia and all the points in the east, it is necessary - at least symbolically - to highlight the ever-greater diplomatic horizons of Turkey.
The ruling Justice-and-Development Party – the AKP—has created an all-new foreign policy for the country.
Relative insusisolation from its surrounding regions, spawned on the icy borders of the Cold War has passed.
Now there's a new policy of commitment.
Remarkably the Turkish government has good relations with Israel and Syria, with the Palestinian factions of Hamas and Fatah, with Iraq and Iran and of course with the European Union and the United States.
To estimating the metrics of this new foreign policy, I embarked on the sleeping car for the Turkish capital Ankara to visit one of AKP’s leading foreign policy experts, Turkish MP Suat Kiniklioglu.
The next morning—about ten-and-a-half hours later—after a snuggle-drops along the slopes that produced ancient world cadences of the famous documentary The Night Mail, I arrived in the Turkish capital – proposed as a new city for a centuries-old state intent on turning their backs on its Ottoman past.
But the AKP with its well-known Islamic roots represents an exemplary shift in Turkish consent.
He has suggested some suspects in the West, most notably in Washington.
A taxi takes me to the AKP headquarters, an ultra-modern structure of stone and steel - built ad hoc - in a developing suburb, surrounded by shopping malls half built and confectioned confectionery of power, where managers in complete businesses - both men and women - meet to make contracts early in the morning.
Suat Kiniklioglu could be a center-right politician from almost every other political party in Europe.
Complete, tie, I'm sure he had a Blackberry as well.
"The aim of the foreign policy party now is to replenish Turkey with its nearest neighbours.
“Cundal war was an anomaly,” he tells me.
Turkey has been cut off from its hinterland.
Today it must look east and west at the same time.
That wasn't the case with one or the other.
It has to be both.
“Would you definitely at a certain point, ‘I’m asking, ‘Will Turkey be compelled to decide?’
"Turkey," he says, "doesn't want where to face that choice."
Then it underlines a point that almost everyone with whom I have spoken here recited by heart: the ties of not only with the Middle East, but also with the Caucasus, and all around the Black Sea, are as beneficial to Europe and the United States as they are for Turkey.
With Turkey on board, the message appears to be, the whole of Europe can metaphorically travel those railway lines east across Asia and in the Middle East.
Back at Hydarpasha, after another blank night, I'm thinking of those two German gentlemen Herr Ritter and Herr Conu who had looked at this building built 100 years ago.
What they would have been surprised to find that Europe’s Middle-Eastern ambitions can now be, in large part, in the hands of Turkey.
And as I'm waiting at the terminal for the ferry that takes me back through the Bosphorus, I remember that those days Turkey has always been called "the sick man of Europe".
At the time, at least there seemed to be no doubt as to what a continent were supposed to make claims on this fascinating country.
Remind: Vernon Handley and William Woodruff
Mark. Brown writes: “Hefldford Music Director since 1962, Vernon “Tod” Handley (necrop, September 11) had the Guildford Philharmonic Orchestra and Choricho.
As a member of his music scheme for the municipality, the following year he founded his marvelous juvenile chorus, Proteus.
It was supposed to be under-21/ under the age of 21, but at a time the Proteus chopped its final in 1979, many of us were more than in their twenties - we simply refused to give up the chorus.
“Proteus” (mythological being-mutable) represented the choonmous good will and the ability to deal with all that the music had to do, both madrigal and Messiaen, unaccompanied or with the entire orchestra.
"Beautiful musical bewildered by such a young chord was often astounding, always exciting, and it was all because of that man's inspiration and the enthusiasm for the music that remained utterly turmoil throughout the years.
How often we've been told by Tod "leave the music to speak for itself".
“The composer knows what he wants.
It's all there in music.
That's succumb to it!"
His technique in using the whackness was absolutely clear and precise, albeit never dictatorial or flourishing.
No matter what the musical standard was, it made it rise more and more.
John Frayn Turner writes:
If one were to name a knight a conductor would have been Vernon Handley.
I met him very well during the two decades he wore the Guildford Philharmonic from 1962 to 1982.
Over the past 40 years and older I’ve covered more than 100 of his concerts and I can honestly say that I’ve never disagreed with just one of them – and many times inspired by them.
"Tod Handley had that rare combination of greatness and personal modesty.
He hatted the conductors who, in his own words, simply "ruled a well-received one or two well-known workhorses around the world".
He'll miss so many of us.
- William Woodruff
Professor John Beckett writes:
Your obituary by William Woodruff (Sept. (June 25)) specifies that "in 1946 he resumed studying economic history at Oxford and in 1950 became a researcher in Houblon-Norman ... studying at the same time for a bachelor's degree in science, one in letters and a PhD."
This results from Woodruff's author's note in Beyond Nab End, but it's incorrect.
From 1946 to 1953 he lectured in economic history at the University of Nottingham, at which time he completed a Ph.D. thesis on the British Rubber Industry, supervised by Professor J. D. Chambers, and later published in 1958 as The British Rubber Industry.
He spent 1950–51 in the U.S. as a researcher at Houblon-Norman, and on the summer of 1952 at the Universities of Illinois, Harvard, and New York.
In 1953 he left Nottingham permanently for Illinois.
“Wearruff chose to cover this part of his career, I don’t know.
J. Vincent Resino at the Faculty of Filology
"Tessing José Vicente Resino "Flamenco y vida", because his black-and-white photographs, in documentary style, are extraordinary.
They attracted my attention for the simplicity and strength they transmit, while treating the protagonists with particular respect.
An exhibition that conveys a lot of feeling.
Resino manages to capture magical moments."
The Second Assault on Honda Supersales
In November the Honda will begin the commercialization of the second-th-moonment of the Jazz model.
If the previous model was already endowed with great habitability, this new minivan has an even larger interior space.
A refined mechanic must be added, which increases the driving comfort and saves fuel.
An evolution against a revolution.
That's the second-th-moon of the Honda Jazz.
Albeit aesthetically the new Jazz has a line very similar to that of the previous model, the changes in this minivan are numerous.
Among others, it is worth mentioning an innovative design, a new platform, larger dimensions and new mechanics.
However, before switching to analysing the new model, it’s worth pointing out that this new Jazz arrives six years after entering the first-generation market.
Therefore, an initial retaliation is that Honda has refurbished this model in a shorter time than those used by other manufacturers.
Although in Europe the Jazz model is less well-received than in other markets, it remains a unique phenomenon in terms of sales.
That’s exactly the case in Japan where Jazz was the best-gross-sold car in 2002 and also during this race 2008.
Precisely in Japan almost a million Jazz units have been sold since its launch.
The second market has been that of the Old Continent, with about half a million units in six years.
In spite of these numbers, Honda believes that the new Jazz will increase sales in the segment.
Therefore, if in 2007 the Japanese company sold a total of 83,000 units of this model, for 2009 the estimates are around 100,000 passenger cars, supposing an increase in sales of 17% in the European market.
As for the Spanish market, Honda has sold a total of 8,000 Jazz units since 2002, which corresponds to 6.7% of Honda’s total sales in Spain.
With regard to the new generation, those responsible for the Spanish branch are expected to sell around the 2,000-strologe of Jazz within a one-year.
Precisely the arrival of the new Jazz will allow the Honda to significantly reduce the drop in sales in Spain.
In fact, the managers of the company plan to arrive at the end of the year with a total of 22,000 units sold, i.e. 4,000 less than in 2007, with a decrease of 16%.
Despite the increase in sales, Honda increased its market share in Spain, reaching 1.8%, against 1.6% last year.
Moreover, the Japanese company expects to reach 2 percent in 2010.
In order to do so, the Honda confides in the arrival of another new model.
It’s Insight, a five-pronged and compact-format hybrid—4.57 meters in length—of which the Japanese company hopes to sell around 200,000 units a year around the world.
For the markets and according to the estimates made by the Japanese manufacturer, 50 per cent of Insight sales will take place in the U.S.
Insight’s commercial launch is scheduled for the first few months of the course of the year, soon after the company was unveiled in January in Valencia.
Compared to the first generation, the new Jazz has grown in all its parts.
Its length reaches 3.90 meters (five centimeters more), the width 1.69 meters (two centimeters more) and the entire 2.50 meters, with an increase of five centimeters.
Height, however, remained unchanged at 1.52 meters.
Together with the increase in size, the habitable interior also expands.
Such an advantage derives on the one hand from the insertion of a new platform, and on the other from the introduction of the fuel tank into a central position, a solution also adopted in the previous Jazz model.
In addition, the luggage capacity – equipped with a double background – rises to 399 liters, i.e. 19 liters plus first-generation capacity.
It should be noted that these are the measurements of the engine version 1.4, and the luggage capacity of the Honda Jazz 1.2 is 379 liters.
Other enhancements - in addition to external elements, such as rear LEDs or the possibility of mounting panoramic glass - concern an improvement in accessibility to the rear seats.
The gates that allow access to the rear positions open with an angle of 80 degrees, compared to the 67 degrees of the first Jazz.
In addition, the engines in this second generation of jazz are also new.
At the time of commercialization, this small model will be proposed in models with 1.2 and 1.4-litre gasoline engines.
Both mechanics include i-VTEC technology that reduces fuel utilisation, produces fewer carbon dioxide emissions, optimizes the mechanics and at the same time maintains high engine torque in all its phases.
The 1.2-lit-kilore model allows you to take advantage of a power of 90 hp at 6,000 rpm with a maximum torque of 114 Nm at 4,900 rpm.
Propulsion – which reached 78 horsepower in the previous Jazz – uses 5.3 liters of fuel and produces CO2 emissions equal to about 125 gram.
Compared to the previous propulsion, which in the first-to-generation model used 83 horsepower, there are now 100.
The 100-horsepower Jazz 1.4 achieves a combination of 5.4 liters of fuel and 128 grams of CO2 emitted.
"Ape car" to avoid collisions
As part of the development of accident-prevention technologies, Nissan has been inspired, this time, by nature, and especially bees.
The Japanese company has created a robot that, for example, the flight of bees, knows how to avoid accidents.
The Bio-mimimetic Car Robot Drive, or BR23C, the first step towards collision prevention technologies.
Engineers at Nissan Motor Co.’s Advanced Technical Centre developed this small robot in collaboration with the Center for Scientific and Technological Research at the prestigious University of Tokyo in Japan.
Kazuhiro Doi, Director-General of Public Relations for Technology and Research and the Development of Brand Management, the BR23C forms an extension of Nissan’s four-area Safety Shield.
“This robot is designed to improve the ability to prevent collisions in the manufacturer’s vehicles.
During flight, each bee creates its own oval-shaped personal space that is very similar to Nissan’s safety shield.
But the most important thing is bee-composite eyes, able to see in all directions at an angle greater than 300 degrees, and that allow the insect to fly without interruption in its personal space.
To re-encreate this visual functionality, the engineers developed what they called a localization laser (Laser Range Finder).
“This mechanism detects obstacles in front of the BR23C for a radius within two metres and with a maximum amplitude of 180 degrees, calculates the distance from the object and sends a signal to an on-board micro-processor that immediately prevents collision.
“At the moment it detects an obstacle, the little robot mimics the movements of a bee and immediately changes direction by turning on the wheels at a right or greater angle to avoid the collision.
“The most noticeable difference with any assisted-assisted system is the evasion manoeuvre is totally instinctive.
“Had that wasn’t, the robot wouldn’t be able to react as quickly enough to avoid obstacles,” explains Toshiyuki Andoh, Mobilibilità Laboratory director and chief engineer of this project.
Unlike a bee, the robot cannot deviate upwards or downwards, not even diagonally; it can move only in two dimensions and in the direction in which they can turn its reversals and does not take advantage of infinite directions and ways like bees do.
Because of this, the Nissan used a rotation function, in addition to acceleration and deceleration, so that the small robot can avoid collisions.
"This device only needs to process the information every few seconds, and to act from this data.
It doesn’t require the storage of information or the intuitive logic of previous manoeuvres, so it can work without interruption and with only a couple of dozen KB of memory.
“That may be surprising, but we’re not talking gigabytes of memorabilia, or even mega.”
“It’s the first step towards the development of new technologies for instantaneous collision prevention, a technology that Nissan hopes will be standard in cars within a ten-year.
The robot uses lithium-polypolypolymer batteries, which are lighter and more durable than lithium-ion-ion type.
Another potential future application of this technology could be the integration of the units with a GPS satellite navigation system to bring the driver to the destination avoiding the obstacles present in the route.
Tremble before applying for a loan
We need to recognize that the U.S. Department of Treasury, in addition to owning a lot of capital to intervene, is certainly not devoid of ingenuity.
Faced with the crisis and to prevent the Americans from committing to garbage mortgages in banks to dubious insolvency insolvency, they have created a hi-destroyed and instructive game for the users of the network: "Bad Credit Hotel".
In other words, the "Break credit hotel" ... or problems.
The blemiturbious aspect of this arrangement and, in particular, of its receptionist is used to trick you into thinking not one, but two or even three times before applying for a loan.
And, above all, where to do it, which is probably the primary goal.
Of course the information that the game provides is useful, but it’s in undeveloped.
It’s more a page for teens than it’s a site for the general public.
What Happens If You Complete the Game?
Well, there's a songo room inside the hotel.
It’s still something, because to buy a better house not if he doesn’t even talk...
Morgan Stanley opens its capital to MUFG
The Morgan Stanley has announced the signing of an agreement with the Mitsubishi UFJ Financial Group (MUFG), the first bank in Japan, that it will invest nine billion dollars in a 21% shareholding in the Company, news received following a sharp decline in its shares on the Stock Exchange.
A week after a tentaitable agreement, the two banks explained that MUFG would buy 9.9 percent of Morgan Stanley’s equi-equities at an individual cost of $ 25.25 at an individual cost of $2.55.
Excluded price is 19% lower than the book value of securities at 31 August.
MUFG will also invest US$6 billion in purchasing convertible securities at a conversion price of $31.25, ensuring a 10% return.
The Morgan Stanley has clarlarified that the global operation would be carried out on the base of an average price of 29 dollars in stock, or a percentage lower than its current course of 28%.
Around 7.5 a.m. Morgan Stanley stock fell 6.79% to $23.07.
"This strategic alliance is an important opportunity to accelerate the transition of Morgan Stanley as a bank holding company," explained John Mack, General Manager of the U.S. Group.
The Morgan Stanley adopted this new statute last week, which should allow it to differentiate its actions by making them go under the control of the Federal Reserve.
Its alliance with MUFG also confirms that the current financial crisis is forcing Wall Street’s biggest names to adopt a much more cautious stance than previously assumed.
The modalities defined on Monday also show that in the last few days the agreement has been modified: last Monday, Morgan had simply announced the sale of 20% of its shares to the Japanese giant for a sum of 8.5 billion dollars.
"A week ago, in Tokyo, Toshihide Mizuno, MUFG's executive director, explained: "We were thinking that our participation fee would be exclusively composed of ordinary shares.
“Decising the current situation of the world economy and the market, we have chosen to minimise risks and protect ourselves.”
On the basis of weighted average price, MUFG will obtain Morgan Stanley securities at a price lower than its 7% inrecourish.
“ And the transaction would result in an investment of at least 20 percent of equity on diluted basis.”
The agreement stipulates that MUFG will be able to convict half of its preferential securities into ordinary shares in one year if, in the course of a given period, the latter are traded more than 50% below the fixed conversion price, i.e. at about $ 47.
Morgan Stanley inquires that MUFG’s capital would allow it to seize investment opportunities, strengthen its balance sheet and increase its liquidity.
A spokeswowoman for the group, however, refused to provide clarification on the strategic projects of the two new allies.
Following MUFG’s investment, Morgan Stanley is therefore expected to establish a Tier One solvency coefficient of approximately 15%, one of the best in the industry.
Morgan has clarlarified to have "clearly" lightened its budget from the end of August.
The last few few weeks have put a strain on the group, which has seen the value of its shares halved while the cost of risk-insurrender has soared.
Cost erefluencing on Monday while remaining at a high level, at around 12%.
Last week the Goldman Sachs, the only other "survivor" among Wall Street's major investment banks after the collapse of Bear Stearns and Lehman Brothers and the take-up of Merrill Lynch, announced it had collected $$15 billion, in part at Berkshire Hathaway.
- Rafael Correa à Quito, ceundi.
Determine a republic on socialism in the 21st century.
This is the co-protinuous project of the Venezuelan Hugo Chavez, of the Bolivian Evo Morales et dell'ecuadorian Rafael Correa.
Sunday, following the example of colleagues and friends, it was the latter who gave voice to the draft of a new Constitution.
Mission carried out since, according to the official results, 64% of the electorate voted "yes" in the referendum, on a voting basis equal to 80%.
According to these results, the "no" were 28%, while 7% of the votes were zero and 0.7% blank ballots.
In order for the draft constitution to be adopted, it would have to obtain half of the votes, plus one.
On Sunday, two polls carried out on polling stations and an estimation of a non-governing organization had heralded a crushing "yes" victory, placing it between 63% et 70%.
Rafael Correa had also re-proclaimed in the night between Sunday and Monday the victory of his draft Constitution.
“Constitution triumphed gloriously,” he assured, congratulating the Ecuadorians within Guayaquil’s governorate, 280 kilometers southwest of Quito.
As always, Chavez and Morales congratulated Rafael Correa, as did his Chilean counterpart Michelle Bachelet.
The scrutiny, which took place calmly according to the electoral observation mission of the Organization of American States (OEA), was based on a text of 444 points to consolidate the "new socialism" defended by the president.
“This draft Constitution consecrates the state’s power over the economy, reimbuing it with the “planning of the development” of a country that essentially lives on the oil extraction carried out by large foreign companies and their currency.
Conceived by Correa, elected in 2006, the project also granted greater power to the head of state, who can be elected for two consecutive terms of four years, will have the possibility of dissolving the assembly.
Correa has already announced its intention to exploit this amendment and re-propose its candidacy for a re-entry in February 2009.
The Constitution also affirms the gratuitousness of health and educational services, which the president has begun to promote 13.9 million inhabitants in this country, where 50% of the population lives below the poverty line.
It also forbade the presence of foreign trouvries, which will put an end to the agreement between Quito and Washington for the utilization of an Ecuadorian base as a starting point for American anti-drug operations.
Deployment Released in Chad
An Egyptian commando launched an insecution of the kidnappers of the eleven tourists and their eight accompaniers abducted ten days ago.
- I'm in Cairo.
The Eleven European Tourists and Their Eight Egyptian Pumpanied Troubled in the Rider for Ten Days were Remarried on Monday afternoon in the Egyptian-Self-Business-Mount.
In the morning, they were freed in Chad from an Egyptian commando.
Appointantly fit, the hostages arrived at the military base in Almaza, in the vicinity of the Cairo International Airport, at about 3.30 p.m. a.m. a.m.
On board a helicopter, they were transferred immediately, without being able to give any interview to the press, at the hospital of Maadi, a residential suburb of Cairo, to be subjected to analysis.
They enjoy "good health" and no ransom has been paid "to kidnappers," Egyptian Tourism Minister Zoheir Garanna said on the airscruited runway.
Recruited on Sept. 19 during a 4x4-hour safari at the foot of Mount Ouanat, bordering Egypt, Sudan and Libya, this group of hostages had been tossed by an undehisigned kidnapper at each other.
The group consisted of 11 tourists - five Italians, five Germans and one Romanian - and from 8 Egyptians: two guides, four drivers, a border guard and the director of Aegyptous, the safari organizing agency.
An Egyptian security official claimed that 30 members of the special forces, aboard two-helicopters, had launched an assault at night, shortly before dawn.
“There have been gunfire, half of the kidnappers have been killed while the others have escaped,” the perpetrator claimed to remain anonymised.
He explained that 150 members of the Egyptian special forces of the "flash" unit were sent to Sudan, where German and Italian commandos would support them.
The Italian foreign minister Franco Frattini stressed, from Belgrade, the importance of the role of Italian secret agents and special forces.
“We have to admit that if we have achieved such an outcome it has been thanks to the professionalism and efficiency of the men of our secret services, the Special Forces,” he said, without adding any other details.
He also reproached a ransom.
“On the day before, the Sudanese pattull army had said it had intercepted a 4x4 vehicle in which the kidnappers were and that they had killed six, including the chadiano-ruck leader of the kidnappers, and to have captured two.
According to the army the kidnappers are linked to a rebel organization in Darfur, the movement for the Liberation of Sudan (SLAU), an affirmation immediately refuted by the latter.
The Silent Majority of Culture
On the first page a debate on the financing of the culture on which the current election campaign is focused.
All the better.
But a part of our cultural life always remains in the shadows.
Who pronounces to denounce the meavy sums granted to small museums, archives, archeological excavations or national historical sites that starve?
Which politician will dam remind the federal government that it is neglecting monuments and patrimonial buildings?
That in Quebec, like in Canada, we do not have real laws that actually preserve our assets?
Did you know that the French government pours three and a half million euros only for the restoration of the castle of Chinon in the Loire valley?
Among our American neighbors, it is the Constitution that affirms that the protection of heritage is part of national culture and that the heritage itself must be protected by every citizen, by every political authority and by every government department, and all this by mutual agreement.
In Québec, at Québec’s Federation of Historical Societies, there are at least 40,000 volunteers who, grouped in 211 companies for the protection of the historical, genealogical heritage, archives and assets of assets preserve, with four dollars, private archives and archaeological sites.
It’s the ones who often defend our heritage, who protest with the energy of desperation when real estate contractors and decision-making bodies attack their bulldo-own remains and cemeteries.
When will the right space be reserved for history and heritage?
Benelux Government Nationalize Part of Fortis Bank
Benelux states help the Belgian-Dutch bank Fortis through partial nationalization, which first ended up in difficulties in Europe due to the crisis of the American credit market: the three nations will provide 11.2 billion euros to the financial-insurance institution with interests also in Hungary.
The Governments of Belgium, Luxembourg and the Netherlands over the weekend agreed at the highest level, also involving the President of the European Central Bank and the European Commissioner for Competitiveness.
In the euro area the first major crisis in the context of the difficulties faced by more than a year the international financial market is that of Fortis bank, and from a certain point of view the decisions taken in this regard can constitute a precedent.
Pursuant to the decision made on Sunday night, all three states will hold almost half (49%) of the bank’s share in the country.
“The bank will almost certainly sell some of its interests, including first and foremost the assets, especially insurance, of the Dutch ABN Amro acquired a year ago a year ago.
Last week Fortis’ actions began with a vertical collapse, serious signs of the institute’s crisis had then occurred in the second half of the week.
Analysts, however, agree that the bank with 85,000 employees is too big to let it go bankrupt.
The bank’s shares on Friday fell nearly 12 per cent, the lowest point in 14 years.
Since January the value of shares has decreased by more than two-thirds.
Considering the current share prices, the group’s entire capital value is around 14 billion euros, but according to the bank’s executives this value is not real.
“The top of the company undersrates the sluggish of Fortis’ sluggish stock of extra-European markets due to accepting the $700 billion U.S. plan.
“Yesterday the title slowly started to rise again.
Filip Dierckx was named the bank’s new chief executive.
The financial institution has also been looking for private buyers but so far no one showed up with a defiable offer.
“Belbourg’s government has previously ensured investors don’t have to be afraid they’ll lose their money.
There was no quarrel among the bank’s customers, the branches have not susmanded.
Fortis has its own autonomous subsidiaries in Hungary and has also purchased leasing companies.
The fox in chicken coop
In the United States, insurressiers about life and health, according to personal medicinal purchasing data, often refuse to enter into an insurance contract.
“Privacy experts fear that the data market becomes uncontrollable.
“There is a privacy program according to which the use of drug pre-prescription data in any case depends on the approval of the person concerned.
“This agenda must be in independent hands, otherwise it’s like entrusting the coop to the fox” – writes the Washington Post citing Richard Dick author of the program to follow the prescriptions of the medicines.
Insurveance companies subordinate the insurance rate and the amount due in the event of claims to the state of health of any customer and if they consider too high the risk do not take out insurance.
Some time ago the customer had to undergo a medical examination and the contract was stipulated only after the outcome of the examination.
Dick 10 years ago invented a much more economical procedure: according to the identification code of the customer you can easily get information from the pharmacies on what medicines he has bought in the last year and a half and from this the program shows what diseases he suffers and in what health conditions it is found.
For example, if it regularly acquires large amounts of cholesterol reducers this means that the level of fat in the blood is in practice inaccuriturbably high and is categorized into the higher risk category.
On the market there are various versions of the program, some also determine the risk multiplier, the insurer therefore in addition to paper work does not remain much, even if there are small difficulties.
Of the cons there is that some medicines can be usable for multiple purposes, e.g. some compounds can be used against migraines or hot flaps, but they are also effective against depression.
The latter, from an insured-compulsory point of view, counts as a risk factor, the first two does not.
According to the request and data processing, separate companies were formed and these, before obtaining the necessary information from the pharmacies, they ask for the approval of the patient.
Now the authorities oblige them to do so even if so far they have not inflicted fines for negligence.
A number of companies recently also process the result of laboratory examinations and connect them to medical consumption data in order to be able to provide a more precise picture of the state of health of patients.
More and more companies have access to the data and at the same time controlling the use will be more and more difficult.
There’s a non-privacy-by-privacy law but its validity only extends to health and insurance services.
In front of the Congress there is a bill that gives the supervisory competence authorities to companies specializing in-tasted service.
Richard Dick admits that it is not enough: for this reason he has developed a program that connects the submission of data with the approval expressed by the person concerned.
Another question is that the person concerned can not so much denoil the approval because otherwise insurers do not stipulate the contract.
Then at the end the hens are entrusted to fox clemency.
Gake garsigliese global menu
The European Union and India Doubling to Trade
Given the fact that the European Union and 'Ediland are partners who trade mainly on each other, the agenda of the 9th meeting at the summit has also been dominated by this theme, in addition to all the other global problems.
Today there will be a Franco-Indian summit that will deal primarily with cooperation on atomic energy.
"The European Union recognises the fact that India is becoming a great democratic power that should be given more voice in international affairs, but the member countries have not yet managed to decide whether or not to support New Delhi as a permanent member in the UN Security Council.
So there is no insistence on this issue at the ninth summit organized yesterday in Marseilles.
The French President Nicolas Sarkozy, acting president of the Union, José Manuel Barroso, chairman of the committee and Javier Solana high-retisign representative received Indian Prime Minister Manmohan Singh, with whom they found an agreement of doububling in five years, i.e. increasing trade by up to €100 billion.
Considering that between 2000 and 2007 the exchange of goods has risen from 25 to 55 billion, this is not an over-ambitious goal.
As a result legally unified the 26 bilateral co-revenue agreements of civil air, so air traffic can also start in the future.
India by the end of 2009 would like to sign a free trade agreement with the Union.
Sarkozy has vowed to speed up the deal.
The objective is to balance it because while the EU is India’s first trading partner, New Delhi instead is only in ninth place among the EU’s partners.
The summit paid attention to global chores.
To the situation in Afghanistan and Pakistan and terrorism, the latter condemned in all its forms by both sides, and have called for the convocation of a UN conference.
“Hacked the conclusion of the commercial Doha Round, even if both sides played a role in the failure of this.
“The EU has confirmed that it persists in the energy and climate programme, i.e. it would reduce emissions of harmful substances by at least 20% by 2020.
Even India agrees on this, as well as that a global pact should be stipulated at a climate conference scheduled for next year and reduce greenhouse gas production by 50% by 2050.
They also want to reinvigotiate the increase in the prices of food products and supported the convening of an international meeting to examine the financial crisis.
The Indian Prime Minister today will travel to the French-Breaks capital where at a bilateral meeting he is preparing to sign a treaty on the peaceful use of atomic energy.
It is hoped that to build the Indian nuclear reactors the French companies will receive an order worth 20 billion euros.
According to information from our news agency the agreement would last 15 years.
In Frankfurt over three hundred Italian publishers
A strong presence of Italian publishers at the Frankfurt International Book Fair.
There will be more than three hundred Italian publishers present at the 60th edition Buchmesse, the most important international event for the exchange of rights.
The Frankfurt International Book Fair awaits more than 7,000 exhibitors from 101 different countries who will occupy 171,790 square meters of the Fair with more than 403 thousand titles on display and with Turkey as a guest of honor.
The Under-Secretary of the Ministry of Cultural Assets and Activities Francesco Maria Giro will represent the Italian Government in the inauguration ceremony of the Italian Pavilion: Italy will in fact be present institutionally with a Punto Italia - 264 square meters of exhibition space.
It will follow the meeting with the press at Room Struktur in Hall 5.0 of Buchmesse: this will be an opportunity to present figures, trends and perspectives on the state of publishing in Italy.
According to the data, the weight of foreign author’s books progressively decreases on the total Italian production, and in particular on that for adults and young people.
Steve Fossett's Plane Redistaped Billionaire Missed a Year ago
The relishment of Steve Fossett's plane, the billionaire who died on September 3, 2007 while flying over the Nevada desert, was found.
Screws have been found on a plateau at an altitude of 3000 meters in the Sierra Nevada area of Mammoth Lakes, on the California-Nevada border.
There were no human remnants inside the aircraft.
“The Madera County sheriff John Anderson dispelled doubts: “The plane has been localized, we sent a team, and now we’ve confirmed that it’s exactly what Steve Fossett was flying the day he disappeared.”
The sheriff clarified that no human remains were unearthed either in the plane or in the surrounding area.
The 63-year-year-old billionaire was killed dead in February.
The U. U. U.S. Office for Transportation (Ntsb) has announced that a team of investigators has been dispatched a few hours after the sighting of the retrieval, which then identified the device: it is the Bellanca 8kcab, dispersed since September 3, 2007, when Fossett ousted from Yerington in Nevada for a three-hour flight.
Yesterday, also in California, not far from the border of Nevada, Fossett’s personal belongings had been unearthed by a couple near their home in Mammoth Lakes.
These are two Fossett-make documents, both issued by the Federal Aviation Administration of Illinois with cash and a sweatshirt.
Fossett’s research was discontinued a month after his disappearance.
The billionaire had earned a place in history thanks to a long series of primates.
In 2002, on his 6th installment, he had become the first man to round the world on an aero-static balloon: a two-week looter flight.
Three years later he had traveled around the world by plane and without a port of call.
Among his many records, also to have flown at 15,445 meters in height, above the Andes, but with a co-driver.
Glk, the publicity you don't expect
An undeveloped SUV with an original and well-determined design by strong lines, large surfaces and sharp corners.
It is this, in summary, Glk is the last born among the "complicated" off-roads of the house with which Mercedes-Benz has tried to give a breath of fresh air in this sector.
Precisely due to its contents out of traditional canons, it will be unexpected and unrequiquited also the communication that will accompany the launch of Suv Glk, available at the Mercedes-Benz showrooms from October 17.
Thus the advertising battage that will accompany the debut of the new car will start an unprecedented mode of communication also through a futuristic 3D billboard campaign, used for the first time in Italy by an automotive brand.
A maxi-ensecration project, articulated in three different phases, which will dominate the very central Milan shopping street, Corso Como, until November 15.
The first phase of this new type of communication will begin with the presentation of the car in stereoscopic vision and thanks to special glasses distributed near Corso Como it will be possible to see the new Suv in an almost real and three dimensional format.
In fact, looking at the image you will have the impression that the car comes out of the poster.
Subsequently, through the use of the innovative Elumina8 technology the new Glk will be illuminated at different times in all its details, and then recompose into a single image.
Undoubtedly Mercedes with this publicity is trying to introduce something new in the stereotypical field of automotive communication.
Will you be able to tantalize the interest of future buyers with this formula? We will see.
That's who Italian hooligans are
Del Triveneto, the Daspo risks.
But who are those 150-200 boys and girls of which the whole of Italy is now embarrassed? They are part of the group "Ultras Italy" that has been following for years the Italian national team and that so far, for the truth, had never created excessive problems.
Nor had he ever clashed with opposing fans.
Traction of the group is on the right.
Promoters come from the Triveneto.
From Verona, Padua, Trieste and Udine.
To these in Sofia were added groups (few units, in reality) from Campania and Puglia.
They have tricolor flags where the cities of origin of the militants appear: on Saturday evening they have been removed so as unidentified.
They are inspired by English fans.
In Bulgaria they have found a fans of real-ungists, that of Levski.
The Figc had made 144 tickets available to the Italian fans for the match: all nominative, therefore easily controllable.
And the Viminal in fact had checked them all: among those parties for Sofia there was no one with a Daspo in progress, no one who had been inhibited by attending a stadium.
The four Azzurri fans, who had a history of stadium crimes, had in fact been denied the ticket and prevented the trip.
Now Viminale is waiting to read the acts that will arrive from the Bulgarian police then take measures: in this case, it is possible to give the Daspo for five years at least to the fans who have been arrested or to those who have been identified in the riots.
An international Daspo that prevents you from attending not only the Italian stadiums but of the whole of Europe.
Our hooligans, in short, will no longer set foot in a stadium.
Luckily.
But now there is the fear-emulation: that those just over a hundred and fiftious are added to others.
"We have to extinguish this fire immediately and do not legitimize those who behave in this way", they argue from Viminale.
So, "ready eyes open especially in view of Wednesday's national team's match in Lecce".
In Apulia in fact there is a small nucleus of supporters of Ultras Italy.
The observatory gathers tomorrow, the Casms which can also count on a section of the Aise, i.e. the secret services, which deals precisely with stadium problems.
"The Duce-Duce choruses and the outstretched arm during Mameli's anthem? In Bulgaria it's no crime..."
Domenico Mazzilli thought (unexpressed in an unsatisfactory way) by Domenico Mazzilli for a few weeks, director of the Viminale Observatory (it took the place that first was by Francesco Tagliente and then by Felice Ferlizzi).
Mazzilli had previously been quaesecutor of Trieste where there is a nucleus of supporters of the Ultras Italia group, founded in 2002.
It’s true, as Mazzilli says, that in Bulgaria it is not a crime to praise the Duce but of course the behavior of those 150-200 fans was disgraceful.
"I don't be a sociologist - adds the n.1 of the Observatory - the crimes must be attributed in the country in which the fact takes place.
“Until now this group has remained in line, now we’re going to see what’s going to happen and we’re going to evaluate for the future.
“We are also talking about the whistles of Mameli’s anthem: even those are not a crime, but if you allow me it is not education.
