The populist right triumph in Austria, together they make up 29 per cent
The early elections to the Austrian parliament have resulted in the initial results, a noticeable weakening of both parties from today's grand coalition and an exhilarating strengthening of the populist right-wing party.
Strong and special losses have been suffered by the Austrian People's Party (OVP), where the position of the current president, Wilhelm Molterer, is seriously shaking.
On the contrary, the leader of the Alliance for the Future of Austria (BZO), the head of the government of the state of Carintia, J.rg Haider, is preparing his triumphant return to national politics.
According to the approximate results, the social-democracy (SP) remains the strongest party in the country with 29.8 per cent of the vote, losing 5.5 per cent of the vote compared to the last elections in 2006.
Worse is the OVP that loses 25.6 per cent, almost nine per per cent of the vote.
They are the worst, literally cassumphant results in the history of these two major Austrian parties since the post-war period and especially for the people who convened these early elections.
Even at the beginning of July, when the OVP came out of the coalition, the people had a considerable advantage when it came to the SPO.
It is clear, however, that the voters punished them for letting the government shipwreck.
Already in the early reactions to the results there were speculations about the resignation of the president of the party and, until today, vice-chancellor, Wilhelm Molterer.
The observers believe that as early as Monday it could be achieved at the exceptional meeting of the party's presidency.
Such an evolution would evidently facilitate the path of the constant and approximate starting point of the electoral results, i.e. the renewal of the grand coalition between SPO and OVP.
In view of the fact that the reinforcement of both parties of the populist right - the Liberals (FPOs) have won approximately 18 per cent and the BZO, eleven per cent of the vote - at the same time expressed their fears that the same would be repeated in 1999 when the popular negotiated with the populists (then FPO was a unit, but in 2005 it dismembered from BZO) for a coalition government that came to generate a sanction by the European Union.
Haider has clearly bet on this evolution who has already announced that he is prepared to collaborate with any party and who already assumes his return to Vienna, to national politics.
The Green Party has also managed to reach parliament although it has lost slightly and fell from third to fifth place among the Austrian political parties.
Neither other party clearly surpassed the four-per-per-century limit and is therefore not part of parliament.
Schwarzenberg: relations with India can cool
If it is not possible to solve the problem of the Czech scientists who have been accused in India of illegally collecting beetles could result in cooling Czech-Indian relations, according to Foreign Minister Karel Schwarzenberg.
This was stated by the minister in New York, after today's meeting with his Indian counterpart, Pranab Mukherjee.
"If this would not be solved then yes, then this cooling would surely be achieved," he said after the meeting that was organized on the Czech initiative.
Mukherjee said, after the meeting, that the executive can hardly mess with legal matters.
However, he stated that in the case of Petr Evácha, who was exempt from prosecution and punished with a fine, the government can negotiate with Darjiling's local government under whose jurisdiction the matter falls.
"Your problem could be solved," the minister said.
According to Mukherjee, who would appeal to the highest number of instances, sentenced to three years &apos; p.m. in a prison sentence, according to Mukherjee.
You can then apply for exoneration from the case and await the sentence released, he explained.
Schwarzenberg confirmed that his colleague expressed himself on the same terms during the meeting.
"He advises appealing to the High Court and then a pardon would be possible," the head of Czech diplomacy said.
"The only way in which the Czech party can get into the matter is to get the convicted person a "competent legal support," the Indian minister said.
On the other hand he said that such a kind of support is already achieved by the Indian part.
"We have the greatest interest in maintaining with India the best relations, which have a long tradition.
The Indians also recognize it," Schwarzenberg said.
On the other hand, as the TK put it before his colleague, he insisted that the Czech Republic regards the problem of Czech entomologists of great importance.
"We really consider imprisoning and condemning these Czech scientists," he said.
The minister evaded the answer to the question of whether he received from the Indian side a promise that he would deal with the matter.
"I've received plenty of promises," he just said.
A Czech arbitrates a fight on the seabed
I'm approaching an e-wall-eye-walled map, it depicts Australia surrounded by sea.
He does not, however, be interested in the mainland but a small point lost in the blue ocean.
"The island belongs to Australia and next to it also the seabed that surrounds it.
At the same time the region is as large as a single continent," says Italian lawyer Luigi Santosuosso, who belongs to the thirty-member team working in the UN Division for Ocean Law Affairs and the Sea.
Its boss, Director of the Division, the Czech lawyer Václav Mikulka, follows the exhibition and, at times, completes it.
It governs this mood and enthusiast of work.
The seafloor hides so far a little-kept world, rich in natural sources.
You can find oil and other mineral raw materials, but also unknown organisms until today that bear the key to the development of anti-cancer drugs.
The background is larger than the mainland.
Coastal countries have today begun to vehemently dispute the new territories under the sea.
According to the U.N. Treaty they take advantage of the rights they agreed in 1982 at Montego Bay in Jamaica.
It's mainly the so-called mainland brand that sometimes extends a few hundred kilometers from the coast of the given country.
According to the Treaty, it has exclusive rights in all the resources of the mainland bank.
Simply put, continental Borde means the part of the seafloor and its surface, which is a natural continuation of the continent underwater.
It gets to the edge of the sea coast, and often to the border of the two-hundred nautical miles, i.e. pure an economic zone," Mikulka explains.
The country &apos; s request to the Commission, for the delimitation of the outer limits of the Continent Edge, must be delivered with scientific technical documentation based on investigations and measures.
It's the result of a series of years of job preparation.
"One of our tasks is to organize a technical and legal specialist aid commission.
The commission has so far processed five applications from Russia, Brazil, Australia, Ireland and New Zealand.
For the time being, only those in the last three countries mentioned have gone ahead," Mikulka adds.
Not very long ago, Australia's success had a global repercussion because it was the first to essentially expand its marine dominance.
New Zealand, however, also succeeded - the seabed surface granted by the commission last week it is 1.6 million square kilometers - almost six times the size of the state itself.
Both countries reversed millions of pain for their study.
The gain that will result from the use of the seabed will, as they promise, be priceless.
Also other states are gradually submitting their applications.
They can do so up to ten years from the time they ratified the "Treaty of Montego Bay."
Where the mainland bank ends the region of the ocean floor declared by the Treaty as "common inheritance of humanity."
Already here no nation has an exclusive position.
The right of exploitation in these areas is administered by the Treaties established by international institutions.
"The seaflomere, however, isn't any gold mine," director Mikulka says with emphasis, adding "that their separate areas are legally and clearly restricted and their contract-defined regime."
The Czechs in the Pacific
And today, a part of the seafloor also belongs to the Czech Republic.
It is distributed to other countries of the then Eastern Bloc within the common organization "Interoceanmetal."
This was achieved in 1991 with a treaty as investors the same as a few other states, so-called "the pioneering investor."
It has the power to explode in the ClarionClipperton area of the Pacific Ocean, between Mexico, the Hawaii Islands and Kiribati.
The area to be investigated by the investor is somewhat larger than the former Czechoslovakia.
The background there is rugged, it's something of a marine replica of the Tatras.
"An area of a total 75,000-square-kilometre area can be exploited.
"The area is rich in polymetallic concreciation deposits containing nickel, copper, cobalt and manganese," adds Indian lawyer Pakshi Rajan.
A Macedonian Division employee, Rober Sandev, brings us a sample of that kind of concretion.
It reminds us of a small potato or with a little fantasy, the Shem, which according to legend revived Golem.
The German Special Forces Command was at the site of action during the release of the hostages
To resolve the hostage-shocking crisis, Egypt's government had asked for the help of Germany - the practitioners came.
When the situation became serious, the Special Forces Command was ready, but the operation was not carried out.
More and more details are being known about the circumstances of the release of 11 European tourists in Egypt.
According to the data of the Ministry of Defense and the Ministry of the Interior in the salvation action, the German special forces also participated indirectly.
As well as GSG 9, federal police aircraft squad from the Federal Criminal Investigative Bureau of the Federal Criminal Investigative Office was therefore at the release site, the logistics experts of the charity technical charity.
As ministry spokespersons reported on Monday night, German forces were not needed because kidnappers, realizing a violent liberation, let their prisoners go and escaped.
Egypt's government has accepted Germany's help to use it as on-site support.
"Thankfully it didn't come that moment," said a spokesman for the Federal Ministry of the Interior.
Assailants had kidnapped a group of travelers consisting of five Germans, 5 Italians, a Romanian as well as their 8 Egyptian companions in southern Egypt in southern Egypt, had kidnapped a group of travellers.
After the abduction in the desert region of southern Egypt the hostages were deported from one side to the other in the border area between Egypt, Libya, the Sudan and Chad.
The identity of the kidnappers became unfamiliar to the end as well as the details of the release or possible ransom payments.
In thewhelming, healthy and brilliant people arrived in Cairo.
Steinmeier said the liberated hostages were under German embassy.
He didn't say a word on the details of the release.
At first in Berlin there had been no information about their return to Germany.
According to "Bild" newspaper, five tourists and special forces have to return on Airbus from Germany's air forces and arrive in Germany on Tuesday.
U.S. House of Representatives Doesn't Paste Salvation Package
U.S. the first chamber of the U.S. congresswo to fail with little $700-billion-dollar salvation package for the financial markets.
The Dow Jones fell very drastically.
The U.S. House of Representatives rejected with 227 votes against 206 the government's package to salvage the financial markets.
Despite all calls from President George W. Bush and former politicians of both parties, he did not reach a majority for the program with which disorder in the financial markets should be limited.
With dramatic action, desperate defenders had still tried to persuade critics to accept the big $700-billion-dollar package.
Barney Frank, the leader of the Democratic negotiations, had asked MPs to make a vote although the plan isn't as popular.
"It's hard to receive political approval to avoid something that hasn't yet happened," he admitted.
Already during the vote the Dow Jones fell to more than 6 per cent or to 600 points.
The cause of this was investors" worries that the state's Salvation package might fail.
He rested at the end of the vote and after the failure was made public, he fell again.
Investigators have other severe turbulence in international financial markets.
Leaving the program into effect it is necessary to have the approval of both the House of Representatives and the Senate.
Organizers record an increase in the number of bookings
It seems to be a good winter for German travel organizers:
According to one study, the sales volume of travel bookings over the next few months increased compared to last year - even the winter season by more than 30 per cent.
According to one study, in spite of the weakened conjuncture the desire to travel of the Germans remains as before.
Germany's (DVR) Journey Association (DVR) reported on Monday, with travel bookings for the Winter Preseason travel agencies recorded a sales volume that is 31 per cent higher compared to the same period last year.
According to research by market research institute GfK, bookings for the Autumn Stakes had already risen in numbers.
Thus the sales volume of travel agencies in October was almost eleven per cent higher compared to 2007, the DVR reported.
The basis of the results are GfK figures that are the information analyzed on bookings at 1,200 travel agencies and roughly computerized for the entire market.
The data collected are the travel bookings made until the end of August 2008.
Due to the weakened course of the dollar especially travels to the United States are in high demand, the DRV reported.
In this case the number of bookings increased by almost a third.
Germany's favourite points of destination are not only Spain, Turkey and Greece but also the regions of Germany.
Especially organized tours are very favorite, explains Klaus Laepple, the president of the DRV.
In view of the fact that energy and food prices increase, in this case travel costs are "better calculable for the customer than during an individual trip."
Among the other things, consumers can save money with pre-reserve discounts or All-Inclusive offers, Laepple explained.
Also in the summer's months, trips were well booked, so the volume of sales compared to last year rose again - although according to another study the number of Germans taking a trip, compared to last year, dropped.
My First Oktoberfest
Holidays of parties beneath the blizzard at the end-to-flopping spa, one liter garnish beer and celebrities dressed in traditional Bavarian designer costumes.
A tent debut.
Actually Susanne Kronzucker and I don't have much in common.
She's blonde, the moderator on TV and wears a bespoke traditional Bavarian costume.
I've got dark-coloured cleavage, I'm a student and my dress is worn.
But there's one thing that unites us: we're barely in the tent, the photographers already rushed towards us and they filled their memory cards with the photos - it's very lyrtile especially because I'm first at Oktoberfest.
That's how he gets friends.
Cheap traditional Baavarian costumes seem to fulfill its function.
Actually as a tourist at the Oktoberfest from northern Germany my sense of well-being in traditional Bavarian costume to this day was still limited.
But after you get to Teresa Prado, it's not that much.
Almost everyone wears traditional Bavarian costume or leather trousers; none of them seem to be the case or feel unpleasant - everything is absolutely normal.
Only my apron receives weird glimpses next to a banana booth in chocolate.
An muniquesa draws my attention to my apron who had wrong-shirt dressed: "The left side is single, the middle is the virgin, on the right side it is compromised, behind is a widow."
Or God, now I buckle from behind to the left.
"It's okay," he says laughing.
The others don't care much about the subtle methods of flirting and we wear caps where it's written "To drink to get dressed" and they show, without asking them, their knot.
A young kid who beshaves in an exhibitionist way is called Bob, he's from England and he's also for the first time at the Oktoberfest.
He seems "gorgeous," which he utters with a very long "or."
He's telling me after putting his glass next to a liter of beer he's just been drunk.
He put it right next to the fire-breaker, most of them think that's a garbage bin.
Then Bob is one of the celebrities who know how to drink a lot.
The others don't get very lucky and can't consuming so much alcohol.
At about eight o'clock in the evening the health care groups run through the party place and have to worry about poor drunks.
The toilets appear every time in a group - suddenly it's always four people who bring the decks from one tent to the next.
That works as with most visitors: They arrive sober, they return drunk.
You don't see who's suffering the levels of alcoholemia and it's on the rides.
"They are the ones who "can't anymore," a toilet gave me the answer answer to my question and disappeared in tumult.
Shock victim identified by police
The 63-year-old pedestrian who died in hospital after being hit by a vehicle in Essex County has been identified.
Carole Paulson, of Chelmsford Road in Brentwood city, was involved in the crash which happened on Shenfield Road on Friday afternoon.
The woman was rushed to Queen's Hospital in Romford but later died.
After the accident, a 51-year-old man was arrested on suspicion of negligent driving.
He has since been released on bail.
Turkey widens its diplomatic horizons
Long before Turkey began to become a member of the European Union, the European powers nested the desire to penetrate the interior.
In the eastern part of the Bosphorus, perhaps just 20 steps into Asia, there is one of the most interesting relics of the disastrous imperial ambition.
The Hydarpasha train station was designed by two German architects, Otto Ritter and Helmut Conu, in neo-Renaissance style.
At the very least, here's what the guides say.
The building's set at the end of the platform and has two towers in front, one for each corner, all looking like a typical German town hall.
The stone's dirty.
Location in your complex is a little decaying.
"But once the vault locker is gone, there's no doubt about what was the company's greatness that this was the westernmost gate.
The station was inaugurated in August 1908 by the German consortium Anatolia-Bagdad Corporation.
Germany, an "latecomer" in the imperial gambling, had the ambition to dominate the Middle East through this railway that was healed to Damascus, Baghdad, and beyond in what is now Saudi Arabia.
However, the ambitions of this imperial Germany failed during the First World War.
Its railway tracks were attacked by Lawrence of Arabia and its irregular Arabs.
Due to the relative isolation of the surrounding regions, generated by Frozen Frozen Cold War borders, it fell low
British dominance and when the forces advanced in Egypt, they pushed the Turks and their German allies out of Palestine and Syria.
The news was too bad for Hyderpasha station.
In 1917 an ammunition train exploded destroying its elaborate roof.
Turkish sources commented that it was sabotage.
Ever since then the station has fallen and stayed out of history.
"But today, this railway, the gateway to Anatolia and all the eastern centers, serves - at least symbolically - to highlight Turkey's willingness to expand its diplomatic horizons.
The Justice-Development and Development Party - the AKP - has planned a new foreign policy for the country.
Relative insolation of the surrounding regions, generated by the Frozen Borders of the Cold War, has disappeared.
Now there's a new policy of collaboration.
The Turkish Government maintains excellent good relations with Israel and Syria, both the Palestinian factions of Hamas and Fatah, with Iraq and Iran and, of course, with the European Union and the United States.
To skip the parameters of this new foreign policy, I climbed into a bunk bed and went to the Turkish capital Ankara, in order to visit one of the leaders of the AKP, an expert on foreign policy, Turkish Prime Minister Suat Kiniklioglu.
The next morning - about ten-and-a-half hours later - after a shaking trip, which produced the cadences of the ancient world in the famous documentary The Night Mail, I arrived in the Turkish capital - a new city, designed to govern a secular new state, far from the Ottoman past.
However, the AKP, with its clear Islamist roots, represents a paradigmatic change in the Turkish consensus.
which has aroused some suspicions in the West and, especially, in Washington.
A taxi takes me to the headquarters of the AKP, an ultra-modern stone-and-steel structure - built ad hoc - in a developing suburb, surrounded by half-built shopping malls and "power cavalries" where middle-class managers in a business gown - men and women - gather early in the morning to agree/make business.
Suat Kiniklioglu could be a centre-right politician of almost every party in Europe.
I brought, tie, I'm sure he'll still have a blackberry.
"The party's foreign policy objective is to re-integrate Turkey into its immediate vicinity.
The Cold War was an an anomaly," he tells me.
Turkey has been severed in relations with its interior.
Today it has to look at the same time to the East and the West.
It's not a case if it isn't towards one or the other.
You've got to do both.
"But surely at some point," I ask, "Should Turkey be forced to choose?"
"Turkey," he replies, "doesn't wanna affront that election."
He then stresses one point that almost everyone I've talked to until that point had recited almost by heart: Turkey's relations not only with the Middle East, but with the Caucasus region, and with the entire Black Sea, represent a boon for Europe and the United States as for Turkey itself.
The message seems to be: with Turkey on board, Europe in its complex can metaphorically mount those railway lines that open the world to eastern Asia and the Middle East.
Again to Hydarpasha station, after a second night without sleep, my thought returns to the two German lords, Herr Ritter and Herr Conu, who had attended the construction of this building, 100 years ago.
How much would they have been surprised to learn that Europe's ambitions in the Middle East, in large part, would be in the hands of Turkey today?
And waiting for the terminal the ferry that will take me back through the Bosphorus, I remember that in those days Turkey was considered "the sick man of Europe."
Then there's not a lot of doubt in what the mainland will be because this fascinating country must claim.
Remembrance Lives: Vernon Handley and William Woodruff
Mark Brown writes: Which Guildford music director since 1962, Vernon "Tod" Handley (esquela, September 11) was responsible for the Guildford Philharmonic Orchestra and the Choir.
As part of the musical project for the city, in the following year it founded its magnificent chorus of young people, Proteus.
It's supposed to be for under-21s, but by the time the Proteus sang its final in 1979, several of us were finishing their 20s - let's just refuse to give even the choir.
The name "Proteus" (the mythological being changing forms) represented the will of the choir and the ability to execute any music that is presented to it, whether madrigal or Messiaen, indifferent if unaccompanied or with complete orchestra.
The musical versatility produced by this chorus of young people was often surprising, always exciting, and it was all due to the inspiration of that man and the excitement for the music that remained absolutely constant throughout the years.
Frequently Tod told us of "leave the music to speak for itself."
He'd say: "The composer knows what he wants.
It's all right there in the music.
That's the way you just have to sing."
His wand was always absolutely clear and precise, though never tax-a-vicious, or too flowery.
Either it's the squeeze, it's always ended up at an even higher level.
John Frayn Turner writes:
"If any driver should have been a gentleman," this is Vernon Handley.
I've known him very well during the two decades he led the Guildford Philharmonic from 1962 to 1982.
Especially over the last 40 years, I've reviewed more than 100 of your concerts and I can honestly say that I've never, for none, been let down - otherwise I've often been inspired by them.
Tod Handley there was that odd combination of greatness and extreme personal modesty.
He hated the drivers who, in his words, simply "sold one or two well-knowledged warhorses around the world."
We'll miss a lot.
- William Woodruff
Professor John Beckett writes:
William Woodruff's sequela (September 25 (September 25) you claim that "in 1946 the studies of economic history were resumed at Oxford and in 1950 he won a Houblon-Norman research scholarship ... at the same time he was studying for a bachelor's degree, a master's degree and a doctoral degree."
It's learned from Woodruff's author's note in Beyond Nab End, but it's not entirely correct.
From 1946 to 1953 he was a professor of economic history at the University of Nottingham, during which he completed a doctoral thesis on the British rubber industry, supervised by Professor J.D. Chambers, and later published in 1958 under the title The British Rubber Industry.
He spent the years between 1950 and 51 in the United States, enjoying a Houblon-Norman scholarship, and the summer of 1952 at the universities of Illinois, Harvard and New York.
In 1953 he definitively left Nottingham for Illinois.
The Reason Because Woodruff opted to miss this part of his career remains unknown.
J. Vicente Resino in Faculty of Philology
"I recommend José Vicente Resino's exhibition "Flamenco y vida" because his black-and-white photographs, documentary style, are fantastic.
They drew my attention for its simplicity and for the force they convey, always treating the protagonists with great respect.
An exposition that shows plenty of feeling.
Resino knows how to capture magical moments."
Second assault for Honda's best-selling
Honda will start marketing the second-generation jazz in November.
If its presbytress already had a wide habitability, this new monovolume presents an even wider interior space.
To all this are refined mechanics, which increase the comfort of driving and save more fuel.
Evolution in the face of revolution.
That's the Honda Jazz second generation.
Although aesthetical aesthetical the new jazz presents a line very similar to the model that happens, the changes introduced in this monovolume are numerous.
Among others, it is worth mentioning an innovative design, a new platform, larger dimensions and new mechanics.
However, before analyzing the new model it must be noted that this new Jazz arrives six years after introducing the first generation into the market.
Therefore, a first observation is that Honda has renovated this model in a shorter term than that used by other manufacturers.
Although Jazz is less well-known in Europe, in other markets this model is a sales phenomenon.
This is the case of Japan, where Jazz has been the most commercialized car in 2002 and also during 2008.
About one million Jazz units have been sold in Japan since its launch.
The second market has been that of the Old Continent, with about half a million units in six years.
However, Honda intends that this new jazz will increase sales within the segment.
Thus, while in 2007 the Japanese firm marketed a total of 83,000 Jazz units, in 2009 the estimates point to 100,000 cars, which would represent a 17% growth in the European market.
With regard to the Spanish market, Honda has marketed a total of 8,000 Jazz units since 2002, representing 6.7% of Honda's total sales in Spain.
In terms of the new generation, those responsible for the Spanish subsidiary hope to sell 2,000 Jazz units in a full year.
Precisely the arrival of the new Jazz will allow Honda to greatly alleviate the decline in sales in Spain.
In fact, those responsible for the brand hope to end the year with a total of 22,000 units marketed, which represents 4,000 less than in 2007, a 16 per cent decrease.
Despite this increase in Honda sales it has increased its market share in Spain, reaching 1.8%, compared to 1.6% last year.
The Japanese firm also expects to achieve 2 per cent in 2010.
To achieve this quota Honda relies on the arrival of another new model.
It's the Insight, a five-door, compact-size hybrid - 4.37 meters in length - of which the Japanese company expects to market about 200,000 units a year around the world.
By markets and according to the estimates of the Japanese manufacturer, 50% of Insight's sales will occur in the United States, while the remaining percentage will be distributed between the Old Continent and Japan.
The commercial launch of the Insight is planned for the first months of the year, once it is presented in society in the month of January in Valencia.
Regarding the first generation, the new jazz grows at all its heights.
Its length rises to 3.90 meters (five centimeters more), the width to 1.69 meters (two centimeters more) and the distance between axis up to 2.50 meters, representing an increase of five centimeters.
The height, on the other hand, does not change and remains at 1.52 meters.
Along with the increase in dimensions, the inner habitability also grows.
On the one hand to the inclusion of a new platform and, on the one hand, to the introduction of the fuel tank in a central position, a solution also adopted in the previous Jazz.
In addition, the trunk capacity - which has a double bottom system - amounts up to 399 litres, 19 litres more capacity of the trunk of the first generation trunk.
It should be pointed out that these measures are of the version with engine 1.4, since the trunk capacity of Honda Jazz 1.2 is 379 liters.
Other improvements - in addition to outdoor elements such as rear LEDs or the possibility to mount panoramic glass - is an improvement in access to the rear squares.
The gates that give access to the second row have an 80-degree opening angle, compared to the 67-degree of the first jazz.
There are also new engines in this second-generation jazz generation.
At the beginning of its commercialization, this small model will have two gasoline propellants of 1.2 and 1.4 liters.
Both mechanics incorporate the i-VTEC technology that achieves lower consumption, emits less carbon dioxide, achieves excellent mechanical refinement and at the same time achieves a high pair throughout the engine speed.
The first 1,2-litre mechanic gets a power of 90 horses at 6,000 revolutions with a maximum torque of 114 Nm. to 4,900 laps.
This propellant - which in previous Jazz reached 78 horses - has an expenditure of 5.3 liters and emissions of 125 grams of CO2.
Compared to the previous propellant, which in the previous generation achieved 83 horses, it now happens to be 100.
This jazz 1.4 of 100 horsepower achieves a combined consumption of 5.4 litres and 128 grams of CO2.
The 'bee car' that avoids collisions
In order to advance the development of technologies for the prevention of accidents Nissan has been inspired, this time, in nature, in particular bees.
The Japanese company has created a robot that, based on the flight of bees, prevents accidents.
This is the Bio-mimetic Car Robot Drive, or BR23C that is the first step in collision prevention technologies.
The engineers of Nissan Motor Co.'s Advanced Technical Center have developed this small robot in collaboration with the Center for Advanced Science and Technology Research of the prestigious University of Tokyo in Japan.
According to Kazuhiro Doi, Director General of Public Relations for Technology and Research and Brand Management Development, the BR23C is presented as an extension of Nissan Security Shield.
This robot is intended to strengthen the collision prevention capacity of branded vehicles.
During their flight, each bee creates its own oval-shaped personal space that looks a lot like Nissan Security Shield.
But the most important thing are bee-composite eyes, capable of seeing with an angle of more than 300 degrees in all directions, allowing it to fly uninterrupted within its own personal space.
To recreate this visual function, the engineers designed what they have called a laser locator (Laser Range Finder).
It detects obstacles up to two meters away within a 180-degree radius in front of the BR23C, calculates the distance to that object and sends a signal to an on-board microprocessor that immediately results in the prevention of the collision.
"When it detects a hurdle, the tiny robot will mimic the movements of a bee and will immediately change direction by rotating its wheels at a straight or greater angle to prevent the collision.
The biggest difference with any existing system is that the evasion maneuver is totally instinctive.
If that were not the case, the robot wouldn't be able to react quickly enough to avoid obstacles," explains Toshiyuki Andoh, director of the Mobility Laboratory and chief engineer of this project.
Unlike a bee, the robot can't deflect up or down, or diagonally; it can only be moved in two dimensions and in the direction that allows it to rotate its wheels and not in infinite directions and ways like bees.
For this reason, Nissan has used a rotating function, in addition to acceleration and deceleration, so that the small robot avoids collisions.
"This device only needs to process information every few seconds, and act according to that data.
You don't need to steal intuitive information or intuitive logic of previous maneuvers, so it can work continuously with only a couple dozen KB of memory.
Maybe it'll be surprising, but we're not talking about gigas of memory, not even megas.'
It's the first step to developing new instant collision prevention technologies, a technology Nissan predicts will be introduced in serial cars within ten years.
The robot uses lithium-polymer batteries, which are lighter and last longer than the lithium ion variety.
Another possible future application of this technology could be the integration of the unit with a GPS satellite navigation system to guide the driver to their destination by avoiding obstacles along the way.
Tiemble Before Mortgage
It must be recognized that the U.S. Treasury Department, in addition to having plenty of fluid to make injections, isn't uningenuable.
Faced with the crisis, and in order to prevent U.S. from embarking on garbage mortgages on questionable solvency banks, they have created a pleasant and informative game for the browser: 'Bad Credit Hotel'.
Either it's the 'Hotel of Bad Credits'... or the messes.
The tedious aspect of this accommodation and especially of its receptionist is to think one, two and up to three times if it is time to ask for a credit.
Especially where to do it, which is probably his goal.
True, he's got useful information, but little detail.
It's more of a teen page than a place for all audiences.
What's going on if the game's completed?
Well, there's a dwarf room inside the hotel.
Something's a thing, 'cause we can't buy a better house.
Morgan Stanley Sells Spploy to Japanese MUFG
Morgan Stanley announced the entry of Mitsubishi UFJ Financial Group (MUFG), the first Japanese bank, which will disburse nine billion dollars to acquire 21 per cent of its capital, a news that has been accepted with a sharp decline in its stock exchange listing.
A week after undiscovering an interim agreement, the two banks explained that MUFG would buy 9.9 per cent of Morgan Stanley's ordinary shares at the $25.25-a-strong-dollar price.
The agreed price is less than 19 per cent of the book value of the securities as at August 31.
MUFG will invest an additional six billion dollars with the purchase of convertible securities, which will ensure a return of 10 percent and a conversion price of 31.25 dollars.
Morgan Stanley specified that the global operation would be carried out on the basis of a unit price of $29, or 28 per cent above its current change.
The Morgan Stanley stock lost 6.79 per cent to $23.07 each at 17:00 GMT.
"This strategic alliance constitutes an important opportunity to accelerate Morgan Stanley's transition to banking holding status," explained Juan Mack, the CEO of the American group.
Morgan Stanley adopted this new statute last week, which would have to allow him to diversify his activities but he moves under the authority of the Federal Reserve.
His alliance with MUFG also confirms that the current financial crisis forces Wall Street's biggest names to adopt much more cautious behavior than before.
Polls presented last Monday also show that the agreement has been modified over the last few days: Last Monday, Morgan had announced that it would sell as much as 20 per cent of its shares to Japanese for almost $8.5bn.
A week ago, Toshihide Mizuno, the chief executive of MUFG, explained in Tokyo, "we thought the stake would have consisted only of ordinary shares.
But in view of the current situation of the economy and the market, we have wanted to minimize the risks and cover ourselves."
Based on the weighted average price, MUFG will pay its Morgan Stanley securities 7 per cent below its book value.
And the operation will be translated by a dilution of about 20 per cent of profit per share.
The agreement foresees that MUFG will be able to convert within a year to half of its preferred securities into ordinary shares if they are sold at more than 50 per cent above the conversion price, i.e. at $47 or so for a given period.
Morgan Stanley assures that MUFG's capital will allow it to take investment opportunities, strengthen its balance sheet and increase its liquidity.
A spokeswoman for the group, however, refused to give details about the strategic projects of the two new allies.
After MUFG's investment, Morgan Stanley should show a Tier One solvency ratio of about 15 percent, one of the best in the sector.
Morgan said to have greatly eased his balance sheet since the end of August.
In the last few weeks they were gruelling for the group, which saw its stock price fall by half while the cost of security against a risk of defects on its debt took off.
This cost regressed last Monday but remained at a high level of about 12 per cent.
Last week, Goldman Sachs, the only other "survivor" of Wall Street's big investment banks after the bankruptcies of Bear Stearns and Lehman Brothers and the purchase of Merrill Lynch, announced that it had raised $15 billion, in part for Berkshire Hathaway, Warren Buffett's group.
Rafael Correa in Quito on Monday.
Refuse the republic around 21st-century socialism.
This is the common project of the Venezuelan Hugo Chavez, the Bolivian Evo Morales and the Ecuadorian Rafael Correa.
This Sunday, an example of his colleagues and friends, he is the third to vote on a bill for a new Constitution.
Mission fulfilled since 64 per cent of the voters voted "yes" to the referendum, according to the official results referring to 80 per cent of the votes.
According to these results, "no" obtained 28 per cent, 7 per per cent of the votes were null votes and 0.7 per cent were blank votes.
In order for the draft Constitution to be adopted, it had to obtain half the votes plus one.
On Sunday, two polls carried out at the exit of the polling stations and a recount by a non-governmental organization had announced a broad victory to "yes," swindling it between 63 per cent and 70 per cent.
Rafael Correa had also vindicated on the night of Sunday to Monday the victory of his Draft Constitution.
The "Constitution triumphed overwhelmingly ," he had assured, congratulating the Ecuadorians who lead the government of Guayaquil, 280 kilometers south-west of Quito.
Rafael Correa has thus been congratulated by Chavez and Morales but also by his Chilean colleague Micaela Bachelet.
The elections, which will take place in full calm, according to the observer mission of the Organization of American States (OAS), referred to a text of 444 points that consolidated the "new socialism" defended by the president.
The draft Constitution implies an increase in State power over the economy, reserving the "development planning" of a country that lives mainly thanks to the extraction of oil by foreign companies and thanks to foreign exchange sent by their emigrants.
Carried by Correa, elected in 2006, the project also grants strengthened powers to the head of state, who will be able to do up to two consecutive four-year-and-four-year-on-pronged and will be able to dissolve the Assembly.
Correa has already announced that he would use this power and would seek a new mandate in February 2009.
The Constitution also consolidates the principle of free health and educational services that the president began to establish in this country of 13.9 million inhabitants, in which 50 per cent of the population lives below the poverty line.
It finally foresees the interdiction of the presence of foreign troops, which will put an end to the agreement between Quito and Washington for the use of an Ecuadorian base as the starting point for U.S. anti-drug operations.
The 19 people kidnapped have been liberated in Chad
An Egyptian commando threw the assault on the kidnappers of the eleven tourists and their eight companions captured ten days ago.
They're in Cairo.
The eleven European tourists and their eight Egyptian companions kidnapped ten days ago in the desert arrived unharmed in the Egyptian capital after being liberated on Monday afternoon.
By the morning, they had been freed by Egyptian special forces in Chad.
They all looked good on their arrival at 15H30 aboard a special aircraft to the Al Maza military base, adjacent to Cairo International Airport.
Helicopters immediately transported them to Maadi Hospital, a residential suburb of Cairo, to undergo medical tests, so they have not been able to speak to the press.
"They are in good health" and "no ransom has been paid" to the kidnappers, Egyptian Tourism Minister Zoheir Garana said at the airport.
On September 19, these hostages fell to 35 unknown kidnappers while enjoying safari in a desert area at the foot of Mount Ouanat, in the confines of Egypt, Sudan and Libya, and have since moved from one juice to another.
The group consisted of eleven tourists - five Italians, five Germans and one Romanian - and eight Egyptians: two guides, four drivers, a border guard and the director of the Aegyptous travel agency, in charge of the safari organization.
An Egyptian security official said that 30 members of the special forces, transported aboard two helicopters, had launched the assault over the night before dawn.
"An exchange of gunshots took place, killing half of the kidnappers, the others have escaped," said this manager who kept the anonymous.
According to him, he was sent to 150 members of the Egyptian special forces from the "wilight" unit to Sudan, where they were supported by German and Italian commandos.
Italian Foreign Minister Franco Frattini mentioned in Belgrade the role played by secret agents and members of the Italian special forces.
"It must be recognized that we have achieved this result thanks to the professionalism and effectiveness of our men from the secret services, of the special forces," he said without going into details.
In addition, he denied the payment of a ransom.
On the previous day the Sudanese army claimed to have intercepted an SUV during a patrol aboard the kidnarinkers, of which it killed six, including the Chadian boss and arrested two.
He also stated that they were related to a rebel group in Darfur, the Sudan-Unity Liberation Movement (SLA-U), a statement immediately denied by this group.
Letters - Silent Majority of Culture
A debate about the financing of the truffles culture and occupies the current electoral campaign.
That's better.
But an area of our cultural life always remains forgotten.
Who will stand up to denounce the miserable sums given to small museums, archives, archaeological excavations or national historical sites that are starving?
Which politician will dare to remind the federal government to neglect its monuments and heritage buildings?
"Why don't we have any true laws that effectively preserve our patrimony like in Canada and in Quebec?"
Did you know that the French government dedicates three-and-a-half millions of euros to restore only Chinon Castle in the Loire Valley?
In the U.S., it is written in its Constitution that the protection of the heritage is part of the culture of the United States and that this heritage needs to be protected by all the citizens, all the elected and all government departments, and all in consultation.
In Québec, at the Quebec Federation of History Societies, at least 40,000 benevolent people rejoicing in 211 historical, heritage, archives and genealogy societies are worried about searching in the history, keeping piles of private archives with little money and preserving archaeological vestiges.
It's these that are often the watchdogs of our heritage, who protest with energetically and desperation when promoters and managers launch their bulldozers against our old stones and our forgotten cemeteries.
By the time, a memorial for history and patrimony?
The governments of the Netherlands are nationalizing part of the Fortis Bank.
The States of the Netherlands - being the first in Europe - will help with a nationalisation the Belgian-Dutch bank Fortis that is struggling because of the effect of the mortgage crisis of the US market: the three countries will support in total with 11.2bn euros this financial and insurance institution that also has businesses in Hungary.
This weekend the governments of Belgium, Luxembourg and the Netherlands held consultations at a higher level with the President of the European Central Bank and responsible for economic competence of the European Commission.
The Fortis Bank is the first to suffer the crisis in the euro area in the context of the international financial crisis taking place in several waves more than a year ago, therefore the decisions taken with regard to the Bank, in a sense can be regarded as precedent.
According to Sunday's decision, the three states will buy about half (49 per cent) of the bank's property in their area.
The bank will certainly sell a portion of its businesses, including mainly the activities - mainly of insurance - purchased last year by the Dutch ABN Amró.
Fortis shares began a sharp decline last week and in the second half of the week there were already significant signs of crisis in the institution.
Analysts, however, agree to point out that with its 85,000 employees this bank is too big to allow it to break.
The company's shares were down 12 per cent on Friday alone, the lowest point in the past 14 years.
Since January the value of the shares has fallen by more than two-thirds.
Observing current share prices, the group's total capital value on the market is around 14 billion euros, but according to company executives this isn't real.
The bank's management imputed the sharp drop in Fortis's shares to U.S. insecurities over the approval of the $700-billion $US700-billion U.S. package plan.
On Monday the shares already showed a slight increase.
Filip Dierckx was appointed the bank's new CEO on Friday.
The Bank also searched for private investors, but so far no one has given a specific offer.
The Belgian government had previously assured that investors didn't have to worry, they won't lose their money.
Among the bank's clients so far there was no panic, they didn't invade the banking offices to withdraw their money.
The Fortis has its own branch in Hungary and has also bought leasing companies.
Zorro in the henhouse
In the U.S., life-and-health insurance companies by looking at drug purchase data often refuse to sign an insurance contract.
Privacy policy pundits fear that the personal data market will become uncontrollable.
"There are personal data protection programmes, which in the use of recipe data in all cases is linked to the approval of the given person.
It must be in independent hands, because if we don't, "confy the hen to the fox" - the Washington Post quote Richard Dick, designer of the medical prescription follow-up program.
Insured companies make the price of the insurance and the amount of compensating of the customer's state of health and if they believe that the risk is excessive, they simply don't make the contract.
Earlier they shipped the client to a medical control and signed the contract with him knowing the outcome of the control.
Dick ten years ago invented a much cheaper procedure: with the customer's identification number he easily gets the list of medications purchased in the last year and a half and the program itself draws the conclusion about the customer's diseases and state of health.
For example, by systematically taking large doses of cholesterol-lowering pills, it indicates that the level of fat in the blood is almost incurably high, thus being immediately included in a higher-than-at-at-at-risk category.
Numerous versions of the program circulate, some even establish a number of risk, so the insurance company in addition to the administration has little to do, although there are small difficulties in this regard.
Disadvantages of the program include that some medicines are multi-purpose, for example certain substances serve both to treat headache and heatwaves and even anti-depressants.
The latter is an important risk-imbursing factor for non-insurance companies while the former aren't.
Special companies have been set up to consult and process this data, which before purchasing the necessary information from the pharmacies, request the patient's approval.
The authorities have already forced them into this, although they did not receive a fine for the negligence until now.
Lately, some of the companies have also developed the results of lab exams and linking them with drug use data they obtain more accurate information about the patient's state of health.
More and more companies are gaining access to this data and it's becoming increasingly difficult to control its use.
There is an exclusive law for the protection of personal health data, but it is applied only to insurance companies and those providing health services.
There is already before Congress the bill that provides the right of the authority for the control of specialized companies for the provision of personal data.
Dick Richard admits that this is insufficient: therefore he developed his program, which will require the specific approval of the person for the provision of his own personal data.
It's another issue that such a person couldn't deny his approval, because otherwise the insurance companies won't sign the contract with him.
So the hens, in spite of everything, are exposed to the fox's goodwill.
Marseille Global Menu
The European Union Douizes Its Trade with India
As the European Union and India are mutually trading partners, this issue in addition to the other mostly global problems dominated the agenda for the ninth summit.
There will now also be a Franco-Indian summit to deal mainly with cooperation in nuclear energy.
Although the European Union recognizes that India is a great democratic power in development that should have a greater voice and vote in international affairs but the member countries have not yet been able to reach a common denominator on whether they should support New Delhi as a permanent member of the U.N. Security Council.
This issue has not been dealt with at the ninth summit in Marseille yesterday.
The French President Nicolas Sarkozy, current president of the EU, José Manuel Barroso President of the Commission and Javier Solana as the main representative of the foreign policy, received Manmohan Singh, Prime Minister of India with whom they reached an agreement to double in five years, i.e. an increase of more than 100 billion euros, their commercial exchange.
Given that between 2000 and 2007, merchandise trading increased from $25bn to $55 billion, this is not an excessively ambitious target.
Thus they legally harmonized the twenty-six existing bilateral civil aviation agreements with India, so air transport will also be able to fly in the future.
By the end of 2009, India wants to sign the free-to-trade agreement with the Union.
Sarkozy has vowed to accelerate negotiations.
The objective is the balance, because while the EU is India &apos; s first trading partner, New Delhi only ranks ninth among the Union's trading partners.
The summit turned its attention to global issues.
Both sides condemned the Afghan and Pakistani situation and terrorism - all forms of the latter - and pressed the convening of a U.N. conference.
The conclusion of the Doha round of trade liberalization was also welcomed, although both sides have a great responsibility for their failure.
The EU confirmed that it will cling to its energy and climate program, i.e. until 2020 it wants to reduce polluting emissions by at least 20 percent.
India also agrees with this, just as at next year's climate conference a global agreement should be reached and the production of greenhouse gases reduced by 50 per per cent by 50 per per cent.
They also wanted to hinder the rise in food prices and supported the convening of an international conference to review the financial crisis.
India's head of government will travel to the French capital today, where - at a bilateral meeting - he will sign an agreement on the peaceful use of nuclear energy.
Paris is confident that the French companies will receive assignments worth 20 billion euros to build nuclear reactors.
According to news agency information, the agreement would be for a period of 15 years.
In Frankfurt more than 300 Italian publishers
Strong presence of Italian publishers at the international exhibition of the Frankfurt book.
There will be more than three hundred Italian publishers present to the 60th edition of the Buchmesse, the most important international meeting for the exchange of rights.
The International Exhibition of the Frankfurt book awaits for this edition more than 7 thousand exhibitors from 102 different countries that will occupy the 171,790 square meters of the exhibition with more than 403 thousand titles on display and with Turkey as a guest of honor.
It will be the undersecretary of the Ministry of Cultural Property and Activities Francisco Maria Giro to represent the Italian government at the inauguration ceremony of the Italian pavilion: Italy will institutionally and effectively be present with a point Italy - 264 square meters of exhibition space.
There will be an encounter with the print at the Room Struktur in pavilion 5.0 of the Buchmesse: this will be the opportunity to present numbers, trends and forward-to-does about the status of publishers in Italy.
According to the data, the weight of the books of foreign authors gradually decreases over the total of Italian production, and in particular that for adults and adolescents for adults and adolescents.
Found Steve Fossett's jet the missing millionaire a year ago
The wreckage of Steve Fossett's plane, the millionaire who vanished on September 3, 2007 while flying over the Nevada Desert, has been found.
The rubble has been stunned on a 3,000-foo-footer in the Nevada mountain area of Mammoth Lakes, on the border between California and Nevada.
There was no human wreckage inside the plane.
Wood County Sheriff's commissioner, John Anderson, has dissipated the doubts that remained: "The plane has been located, we've sent a squad, and now we've got the confirmation that it's typical of what Steve Fossett was flying on the day of his demise," he said at a print conference.
The commissioner has specified that no human wreckage has been found either on the plane or in the surrounding area.
The billionaire, 63, has been pronounced dead on Feb.
The U.S. Office for Transport Safety(Ntsb has made it known that a few hours after the sighting of the wreckage has been sent a squadron of investigators who has identified the device: it is Bellanca 8kcab, dispersed since September 3, 2007, when Fossett took off from Yerington in Nevada for a three-hour flight.
Yesterday, always in California, not far from Nevada's confidance, some Fossett personal remains have been found by a couple near their Mammoth Lakes home.
These are two documents called Fossett, the two issued by the Illinois Federal Aviation Administration, cash and a sweatshirt.
Search for Fossett had been disrupted a month after his disappearance.
The millionaire had conquered a place in history thanks to a series of scops.
In 2002, at the sixth, he had become the first man to complete the world's spin on a hot air balloon: two lone-flying weeks.
Thirty-three years later he had turned the world by airplane and non-stop.
Among his records, also for having flown to 15,445 meters of height, over the Andes, but with a co-pilot.
Glk, advertising you don't expect
A Suv outside the schemas with an original and well-established layout design with defined lines and specific angles.
It's this, in a nutshell, Glk the last one born among the "compacted" all-terrain vans of the star's house with which Mercedes-Benz has sought to give a window of novelty in this sector.
Proceeded by the out-of-the-traditional content, it will be unconfidant and unconfidential, the communication that will accompany the release of the suv Glk, available in the Mercedes-Benz exhibition halls from October 17.
The advertising campaign that will accompany the debut of the new car launched an unpublished form of communication through a 3D advertising campaign, used for the first time in Italy by a car brand.
A project with maxi-posters, articulated in three different phases, that dominates the central street of Milanese shopping, Como Avenue, until November 15.
The premium phase of this new type of communication will begin with the presentation of the car in stereoscopic version and thanks to special goggles distributed on the Avenida.It will be possible to see the new suv in almost real dimensions and in three-dimensional format.
Indeed, looking at the footage you'll get the impression that the car's coming out of the poster.
Subsequently, through the use of the innovated Elumina8 tech The new Glk will be illuminated at different times in all its details, to recompose into a single image.
Undoubtedly Mercedes with this advertising is trying to introduce something new into the stereotype of automotive communication.
Will you be able with this formula to attract the interest of future buyers?
It's clear who the Italian hooligans are
In the Triveneto, the prohibition of access to sports demonstrations is played.
But who are those 150-200 girls and guys of whom Italy is now embarrassing?They are part of the group "Ultras Italia" that has been following the Italian National for years and who until now, to tell the truth, had never created too many problems.
And they've never met each other's fans of the rival either.
Removing from the group is on the right.
The promoters come from the Triveneto.
From Verona, Padova, Trieste e Udine.
A small group (few units, in fact) of the Campaign and Apulia have been added to those of Sofia.
They have three-coloured banners where the city of origin of the militants appears: Sabbath night they have been removed so that they will not be identified.
English fans are inspired.
In Bulgaria they've found a bunch of true Nazi fanatics, Levski.
The Figc had made 144 tickets available to Italian fans for the match: all already with the names, so easily controllable.
And the interior's minister had already controlled them all: among what they had left for Sofia there was none with a Daspo (prohibition of access to sporting events) at that time, none who had banned him from frequenting a stadium.
Four Italian fanatics, who had a history of crime in stadiums, have been refused the ticket and also the trip.
The interior ministry is now waiting to read the acts that arrive from the Bulgarian police to take action: in this case, it is possible to give the Daspo (prohibition of access to sporting events) for at least five years the fanatics who have been arrested or those who have been identified in messes.
An international Daspo (prohibition of access to sporting events) that prevents it from frequenting not only the Italian stadiums but those from all over Europe.
Our hooligans, they won't set foot in a stadium anymore.
Fortunate.
But now there is the fear of imitation: that to those a few fifties others should be added.
"We just have to put out this fire right away and not legitimize who behaves in this way," they say of the Ministry of the Interior.
That's why "beautifully opened eyes" especially in view of Wednesday's National party in Lecce."
In Apulia there is also a small nucleus of Ultras Italia bras.
Tomorrow the observatory meets on Tuesday the Cams which can also count on a section of the Aise (information agency and external security, i.e. the secret service, which deals with problems in the stadiums.
"The choirs of Duce-Duce and arm raised during Mameli's anthem? In Bulgaria it's a reato ...."
This is Domenico Mazzilli's (unhappy exciting) thought for a few weeks the Director of the Observatory of the Ministry of the Interior (she has taken the position formerly of Francesco Tagliente and after Felice Ferlizzi).
Mazzilli had been head of Trieste of public safety where there is a nucleus of bras from the Ultras Italia group, founded in 2002.
It is true, as Mazzilli puts it that in Bulgaria it's not reato to celebrate the Duce but yes, the behavior of those 150-200 fans that has been embarrassing.
"I don't do the sociologist," he adds the No.1 of the Observatory - the reats are attributed in the countries in which the event happens.
Until now this group had behaved well now we will see what has happened and we will take it into account for the future.
But let's also talk about the whistles of Mameli's anthem: they'ren't also a reato, but if they allow they're neither of education...."
